Archive member included to satisfy reference by file (symbol)

/Applications/MCUXpressoIDE_11.2.1_4149/ide/plugins/com.nxp.mcuxpresso.tools.macosx_11.2.0.202001021529/tools/bin/../lib/gcc/arm-none-eabi/9.2.1/../../../../arm-none-eabi/lib/thumb/v7e-m+fp/hard/libcr_semihost_nf.a(_cr__main.o)
                              ./startup/startup_mk64f12.o (__main)
/Applications/MCUXpressoIDE_11.2.1_4149/ide/plugins/com.nxp.mcuxpresso.tools.macosx_11.2.0.202001021529/tools/bin/../lib/gcc/arm-none-eabi/9.2.1/../../../../arm-none-eabi/lib/thumb/v7e-m+fp/hard/libcr_semihost_nf.a(_cr_assert.o)
                              ./utilities/fsl_debug_console.o (__assertion_failed)
/Applications/MCUXpressoIDE_11.2.1_4149/ide/plugins/com.nxp.mcuxpresso.tools.macosx_11.2.0.202001021529/tools/bin/../lib/gcc/arm-none-eabi/9.2.1/../../../../arm-none-eabi/lib/thumb/v7e-m+fp/hard/libcr_semihost_nf.a(__ciob.o)
                              /Applications/MCUXpressoIDE_11.2.1_4149/ide/plugins/com.nxp.mcuxpresso.tools.macosx_11.2.0.202001021529/tools/bin/../lib/gcc/arm-none-eabi/9.2.1/../../../../arm-none-eabi/lib/thumb/v7e-m+fp/hard/libcr_semihost_nf.a(_cr_assert.o) (__Ciob)
/Applications/MCUXpressoIDE_11.2.1_4149/ide/plugins/com.nxp.mcuxpresso.tools.macosx_11.2.0.202001021529/tools/bin/../lib/gcc/arm-none-eabi/9.2.1/../../../../arm-none-eabi/lib/thumb/v7e-m+fp/hard/libcr_semihost_nf.a(__sys_appexit.o)
                              /Applications/MCUXpressoIDE_11.2.1_4149/ide/plugins/com.nxp.mcuxpresso.tools.macosx_11.2.0.202001021529/tools/bin/../lib/gcc/arm-none-eabi/9.2.1/../../../../arm-none-eabi/lib/thumb/v7e-m+fp/hard/libcr_semihost_nf.a(_cr_assert.o) (__sys_appexit)
/Applications/MCUXpressoIDE_11.2.1_4149/ide/plugins/com.nxp.mcuxpresso.tools.macosx_11.2.0.202001021529/tools/bin/../lib/gcc/arm-none-eabi/9.2.1/../../../../arm-none-eabi/lib/thumb/v7e-m+fp/hard/libcr_c.a(memcpy.o)
                              ./utilities/fsl_str.o (memcpy)
/Applications/MCUXpressoIDE_11.2.1_4149/ide/plugins/com.nxp.mcuxpresso.tools.macosx_11.2.0.202001021529/tools/bin/../lib/gcc/arm-none-eabi/9.2.1/../../../../arm-none-eabi/lib/thumb/v7e-m+fp/hard/libcr_c.a(memset.o)
                              ./source/i2c_config.o (memset)
/Applications/MCUXpressoIDE_11.2.1_4149/ide/plugins/com.nxp.mcuxpresso.tools.macosx_11.2.0.202001021529/tools/bin/../lib/gcc/arm-none-eabi/9.2.1/../../../../arm-none-eabi/lib/thumb/v7e-m+fp/hard/libcr_c.a(_deferredlazyseek.o)
                              /Applications/MCUXpressoIDE_11.2.1_4149/ide/plugins/com.nxp.mcuxpresso.tools.macosx_11.2.0.202001021529/tools/bin/../lib/gcc/arm-none-eabi/9.2.1/../../../../arm-none-eabi/lib/thumb/v7e-m+fp/hard/libcr_semihost_nf.a(_cr_assert.o) (__flsbuf)
/Applications/MCUXpressoIDE_11.2.1_4149/ide/plugins/com.nxp.mcuxpresso.tools.macosx_11.2.0.202001021529/tools/bin/../lib/gcc/arm-none-eabi/9.2.1/../../../../arm-none-eabi/lib/thumb/v7e-m+fp/hard/libcr_c.a(_fflush.o)
                              /Applications/MCUXpressoIDE_11.2.1_4149/ide/plugins/com.nxp.mcuxpresso.tools.macosx_11.2.0.202001021529/tools/bin/../lib/gcc/arm-none-eabi/9.2.1/../../../../arm-none-eabi/lib/thumb/v7e-m+fp/hard/libcr_c.a(_deferredlazyseek.o) (_fflush)
/Applications/MCUXpressoIDE_11.2.1_4149/ide/plugins/com.nxp.mcuxpresso.tools.macosx_11.2.0.202001021529/tools/bin/../lib/gcc/arm-none-eabi/9.2.1/../../../../arm-none-eabi/lib/thumb/v7e-m+fp/hard/libcr_c.a(_writebuf.o)
                              /Applications/MCUXpressoIDE_11.2.1_4149/ide/plugins/com.nxp.mcuxpresso.tools.macosx_11.2.0.202001021529/tools/bin/../lib/gcc/arm-none-eabi/9.2.1/../../../../arm-none-eabi/lib/thumb/v7e-m+fp/hard/libcr_c.a(_deferredlazyseek.o) (_Cwritebuf)
/Applications/MCUXpressoIDE_11.2.1_4149/ide/plugins/com.nxp.mcuxpresso.tools.macosx_11.2.0.202001021529/tools/bin/../lib/gcc/arm-none-eabi/9.2.1/../../../../arm-none-eabi/lib/thumb/v7e-m+fp/hard/libcr_c.a(alloc.o)
                              ./drivers/fsl_common.o (malloc)
/Applications/MCUXpressoIDE_11.2.1_4149/ide/plugins/com.nxp.mcuxpresso.tools.macosx_11.2.0.202001021529/tools/bin/../lib/gcc/arm-none-eabi/9.2.1/../../../../arm-none-eabi/lib/thumb/v7e-m+fp/hard/libcr_c.a(fputs.o)
                              /Applications/MCUXpressoIDE_11.2.1_4149/ide/plugins/com.nxp.mcuxpresso.tools.macosx_11.2.0.202001021529/tools/bin/../lib/gcc/arm-none-eabi/9.2.1/../../../../arm-none-eabi/lib/thumb/v7e-m+fp/hard/libcr_semihost_nf.a(_cr_assert.o) (fputs)
/Applications/MCUXpressoIDE_11.2.1_4149/ide/plugins/com.nxp.mcuxpresso.tools.macosx_11.2.0.202001021529/tools/bin/../lib/gcc/arm-none-eabi/9.2.1/../../../../arm-none-eabi/lib/thumb/v7e-m+fp/hard/libcr_c.a(fseek.o)
                              /Applications/MCUXpressoIDE_11.2.1_4149/ide/plugins/com.nxp.mcuxpresso.tools.macosx_11.2.0.202001021529/tools/bin/../lib/gcc/arm-none-eabi/9.2.1/../../../../arm-none-eabi/lib/thumb/v7e-m+fp/hard/libcr_c.a(_deferredlazyseek.o) (fseek)
[...]
Memory Configuration

Name             Origin             Length             Attributes
PROGRAM_FLASH    0x0000000000000000 0x0000000000100000 xr
SRAM_UPPER       0x0000000020000000 0x0000000000030000 xrw
SRAM_LOWER       0x000000001fff0000 0x0000000000010000 xrw
FLEX_RAM         0x0000000014000000 0x0000000000001000 xrw
*default*        0x0000000000000000 0xffffffffffffffff

Linker script and memory map

LOAD ./utilities/fsl_debug_console.o
LOAD ./utilities/fsl_str.o
LOAD ./startup/startup_mk64f12.o
LOAD ./source/algorithm.o
LOAD ./source/fever.o
LOAD ./source/gpio.o
LOAD ./source/i2c_config.o
LOAD ./source/o2.o
LOAD ./source/pit.o
LOAD ./source/semihost_hardfault.o
LOAD ./source/sensores.o
LOAD ./drivers/fsl_adc16.o
LOAD ./drivers/fsl_clock.o
LOAD ./drivers/fsl_common.o
LOAD ./drivers/fsl_gpio.o
LOAD ./drivers/fsl_i2c.o
LOAD ./drivers/fsl_pit.o
LOAD ./drivers/fsl_smc.o
LOAD ./drivers/fsl_uart.o
LOAD ./device/system_MK64F12.o
LOAD ./component/uart/uart_adapter.o
LOAD ./component/serial_manager/serial_manager.o
LOAD ./component/serial_manager/serial_port_uart.o
LOAD ./component/lists/generic_list.o
LOAD ./board/board.o
LOAD ./board/clock_config.o
LOAD ./board/peripherals.o
LOAD ./board/pin_mux.o
START GROUP
LOAD /Applications/MCUXpressoIDE_11.2.1_4149/ide/plugins/com.nxp.mcuxpresso.tools.macosx_11.2.0.202001021529/tools/bin/../lib/gcc/arm-none-eabi/9.2.1/../../../../arm-none-eabi/lib/thumb/v7e-m+fp/hard/libcr_semihost_nf.a
LOAD /Applications/MCUXpressoIDE_11.2.1_4149/ide/plugins/com.nxp.mcuxpresso.tools.macosx_11.2.0.202001021529/tools/bin/../lib/gcc/arm-none-eabi/9.2.1/../../../../arm-none-eabi/lib/thumb/v7e-m+fp/hard/libcr_c.a
LOAD /Applications/MCUXpressoIDE_11.2.1_4149/ide/plugins/com.nxp.mcuxpresso.tools.macosx_11.2.0.202001021529/tools/bin/../lib/gcc/arm-none-eabi/9.2.1/thumb/v7e-m+fp/hard/libcr_eabihelpers.a
LOAD /Applications/MCUXpressoIDE_11.2.1_4149/ide/plugins/com.nxp.mcuxpresso.tools.macosx_11.2.0.202001021529/tools/bin/../lib/gcc/arm-none-eabi/9.2.1/thumb/v7e-m+fp/hard/libgcc.a
END GROUP
                0x0000000000000000                __base_PROGRAM_FLASH = 0x0
                0x0000000000000000                __base_Flash = 0x0
                0x0000000000100000                __top_PROGRAM_FLASH = 0x100000
                0x0000000000100000                __top_Flash = 0x100000
                0x0000000020000000                __base_SRAM_UPPER = 0x20000000
                0x0000000020000000                __base_RAM = 0x20000000
                0x0000000020030000                __top_SRAM_UPPER = 0x20030000
                0x0000000020030000                __top_RAM = 0x20030000
                0x000000001fff0000                __base_SRAM_LOWER = 0x1fff0000
                0x000000001fff0000                __base_RAM2 = 0x1fff0000
                0x0000000020000000                __top_SRAM_LOWER = 0x20000000
                0x0000000020000000                __top_RAM2 = 0x20000000
                0x0000000014000000                __base_FLEX_RAM = 0x14000000
                0x0000000014000000                __base_RAM3 = 0x14000000
                0x0000000014001000                __top_FLEX_RAM = 0x14001000
                0x0000000014001000                __top_RAM3 = 0x14001000

.text           0x0000000000000000     0x6050
 FILL mask 0xff
                0x0000000000000000                __vectors_start__ = ABSOLUTE (.)
 *(SORT_BY_ALIGNMENT(.isr_vector))
 .isr_vector    0x0000000000000000      0x198 ./startup/startup_mk64f12.o
                0x0000000000000000                __Vectors
                0x0000000000000000                g_pfnVectors
                0x0000000000000198                . = ALIGN (0x4)
                0x0000000000000198                __section_table_start = .
                0x0000000000000198                __data_section_table = .
                0x0000000000000198        0x4 LONG 0x6050 LOADADDR (.data)
                0x000000000000019c        0x4 LONG 0x20000000 ADDR (.data)
                0x00000000000001a0        0x4 LONG 0x58 SIZEOF (.data)
                0x00000000000001a4        0x4 LONG 0x6050 LOADADDR (.data_RAM2)
                0x00000000000001a8        0x4 LONG 0x1fff0000 ADDR (.data_RAM2)
                0x00000000000001ac        0x4 LONG 0x0 SIZEOF (.data_RAM2)
                0x00000000000001b0        0x4 LONG 0x6050 LOADADDR (.data_RAM3)
                0x00000000000001b4        0x4 LONG 0x14000000 ADDR (.data_RAM3)
                0x00000000000001b8        0x4 LONG 0x0 SIZEOF (.data_RAM3)
                0x00000000000001bc                __data_section_table_end = .
                0x00000000000001bc                __bss_section_table = .
                0x00000000000001bc        0x4 LONG 0x20000058 ADDR (.bss)
                0x00000000000001c0        0x4 LONG 0x700 SIZEOF (.bss)
                0x00000000000001c4        0x4 LONG 0x1fff0000 ADDR (.bss_RAM2)
                0x00000000000001c8        0x4 LONG 0x0 SIZEOF (.bss_RAM2)
                0x00000000000001cc        0x4 LONG 0x14000000 ADDR (.bss_RAM3)
                0x00000000000001d0        0x4 LONG 0x0 SIZEOF (.bss_RAM3)
                0x00000000000001d4                __bss_section_table_end = .
                0x00000000000001d4                __section_table_end = .
 *(SORT_BY_ALIGNMENT(.after_vectors*))
 .after_vectors.reset
                0x00000000000001d4       0x4c ./startup/startup_mk64f12.o
                0x00000000000001d4                ResetISR
 .after_vectors.init_data
                0x0000000000000220       0x1e ./startup/startup_mk64f12.o
                0x0000000000000220                data_init
 .after_vectors.init_bss
                0x000000000000023e       0x12 ./startup/startup_mk64f12.o
                0x000000000000023e                bss_init
 .after_vectors
                0x0000000000000250       0x14 ./startup/startup_mk64f12.o
                0x0000000000000250                NMI_Handler
                0x0000000000000254                MemManage_Handler
                0x0000000000000256                BusFault_Handler
                0x0000000000000258                UsageFault_Handler
                0x000000000000025a                SVC_Handler
                0x000000000000025c                DebugMon_Handler
                0x000000000000025e                PendSV_Handler
                0x0000000000000260                SysTick_Handler
                0x0000000000000262                FTM2_DriverIRQHandler
                0x0000000000000262                PIT2_DriverIRQHandler
                0x0000000000000262                SDHC_DriverIRQHandler
                0x0000000000000262                I2S0_Tx_DriverIRQHandler
                0x0000000000000262                RTC_Seconds_DriverIRQHandler
                0x0000000000000262                DMA6_DriverIRQHandler
                0x0000000000000262                LLWU_DriverIRQHandler
                0x0000000000000262                MCM_DriverIRQHandler
                0x0000000000000262                MCG_DriverIRQHandler
                0x0000000000000262                ENET_1588_Timer_DriverIRQHandler
                0x0000000000000262                DAC1_DriverIRQHandler
                0x0000000000000262                CMP1_DriverIRQHandler
                0x0000000000000262                FTM0_DriverIRQHandler
                0x0000000000000262                IntDefaultHandler
                0x0000000000000262                USB0_DriverIRQHandler
                0x0000000000000262                UART5_ERR_DriverIRQHandler
                0x0000000000000262                PORTC_DriverIRQHandler
                0x0000000000000262                DMA11_DriverIRQHandler
                0x0000000000000262                DAC0_DriverIRQHandler
                0x0000000000000262                DMA10_DriverIRQHandler
                0x0000000000000262                CMP2_DriverIRQHandler
                0x0000000000000262                UART2_ERR_DriverIRQHandler
                0x0000000000000262                SPI2_DriverIRQHandler
                0x0000000000000262                LVD_LVW_DriverIRQHandler
                0x0000000000000262                PIT0_DriverIRQHandler
                0x0000000000000262                RNG_DriverIRQHandler
                0x0000000000000262                DMA5_DriverIRQHandler
                0x0000000000000262                DMA4_DriverIRQHandler
                0x0000000000000262                USBDCD_DriverIRQHandler
                0x0000000000000262                UART3_ERR_DriverIRQHandler
                0x0000000000000262                DMA3_DriverIRQHandler
                0x0000000000000262                DMA8_DriverIRQHandler
                0x0000000000000262                DMA9_DriverIRQHandler
                0x0000000000000262                UART0_ERR_DriverIRQHandler
                0x0000000000000262                CMT_DriverIRQHandler
                0x0000000000000262                Reserved71_DriverIRQHandler
                0x0000000000000262                ADC1_DriverIRQHandler
                0x0000000000000262                PORTA_DriverIRQHandler
                0x0000000000000262                DMA14_DriverIRQHandler
                0x0000000000000262                PIT3_DriverIRQHandler
                0x0000000000000262                PIT1_DriverIRQHandler
                0x0000000000000262                WDOG_EWM_DriverIRQHandler
                0x0000000000000262                PDB0_DriverIRQHandler
                0x0000000000000262                RTC_DriverIRQHandler
                0x0000000000000262                I2S0_Rx_DriverIRQHandler
                0x0000000000000262                Read_Collision_DriverIRQHandler
                0x0000000000000262                SWI_DriverIRQHandler
                0x0000000000000262                UART4_ERR_DriverIRQHandler
                0x0000000000000262                UART0_LON_DriverIRQHandler
                0x0000000000000262                DMA1_DriverIRQHandler
                0x0000000000000262                ENET_Receive_DriverIRQHandler
                0x0000000000000262                DMA13_DriverIRQHandler
                0x0000000000000262                ENET_Error_DriverIRQHandler
                0x0000000000000262                DMA15_DriverIRQHandler
                0x0000000000000262                SPI0_DriverIRQHandler
                0x0000000000000262                ADC0_DriverIRQHandler
                0x0000000000000262                CMP0_DriverIRQHandler
                0x0000000000000262                CAN0_DriverIRQHandler
                0x0000000000000262                FTM3_DriverIRQHandler
                0x0000000000000262                UART1_ERR_DriverIRQHandler
                0x0000000000000262                DMA2_DriverIRQHandler
                0x0000000000000262                ENET_Transmit_DriverIRQHandler
                0x0000000000000262                PORTD_DriverIRQHandler
                0x0000000000000262                PORTE_DriverIRQHandler
                0x0000000000000262                FTFE_DriverIRQHandler
                0x0000000000000262                DMA7_DriverIRQHandler
                0x0000000000000262                DMA0_DriverIRQHandler
                0x0000000000000262                PORTB_DriverIRQHandler
                0x0000000000000262                DMA12_DriverIRQHandler
                0x0000000000000262                SPI1_DriverIRQHandler
                0x0000000000000262                LPTMR0_DriverIRQHandler
                0x0000000000000262                DMA_Error_DriverIRQHandler
                0x0000000000000262                FTM1_DriverIRQHandler
                0x0000000000000400                . = 0x400
 *fill*         0x0000000000000264      0x19c ff
                0x0000000000000400                PROVIDE (__FLASH_CONFIG_START__ = .)
 *(SORT_BY_ALIGNMENT(.FlashConfig))
 .FlashConfig   0x0000000000000400       0x10 ./startup/startup_mk64f12.o
                0x0000000000000400                Flash_Config
                0x0000000000000410                PROVIDE (__FLASH_CONFIG_END__ = .)
                0x0000000000000001                ASSERT (! ((__FLASH_CONFIG_START__ == __FLASH_CONFIG_END__)), Linker Flash Config Support Enabled, but no .FlashConfig section provided within application)
 *(SORT_BY_ALIGNMENT(.text*))
 .text.rf_heart_rate_and_oxygen_saturation
                0x0000000000000410      0x490 ./source/algorithm.o
                0x0000000000000410                rf_heart_rate_and_oxygen_saturation
 .text.sqrt     0x00000000000008a0      0x114 /Applications/MCUXpressoIDE_11.2.1_4149/ide/plugins/com.nxp.mcuxpresso.tools.macosx_11.2.0.202001021529/tools/bin/../lib/gcc/arm-none-eabi/9.2.1/../../../../arm-none-eabi/lib/thumb/v7e-m+fp/hard/libcr_c.a(sqrt.o)
                0x00000000000008a0                sqrt
 .text.fever_temp_meassurement
                0x00000000000009b4       0x18 ./source/fever.o
                0x00000000000009b4                fever_temp_meassurement
 .text.fever_get_temperature
                0x00000000000009cc       0x58 ./source/fever.o
                0x00000000000009cc                fever_get_temperature
 .text.PORTD_IRQHandler
                0x0000000000000a24       0x64 ./source/gpio.o
                0x0000000000000a24                PORTD_IRQHandler
 .text.PORTA_IRQHandler
                0x0000000000000a88       0x5c ./source/gpio.o
                0x0000000000000a88                PORTA_IRQHandler
 .text.PORTB_IRQHandler
                0x0000000000000ae4       0x64 ./source/gpio.o
                0x0000000000000ae4                PORTB_IRQHandler
 .text.PORTE_IRQHandler
                0x0000000000000b48       0x64 ./source/gpio.o
                0x0000000000000b48                PORTE_IRQHandler
 .text.PORTC_IRQHandler
                0x0000000000000bac       0x64 ./source/gpio.o
                0x0000000000000bac                PORTC_IRQHandler
 .text.gpioMode
                0x0000000000000c10      0x174 ./source/gpio.o
                0x0000000000000c10                gpioMode
 .text.gpioRead
                0x0000000000000d84       0x5c ./source/gpio.o
                0x0000000000000d84                gpioRead
 .text.PORT_ClearInterruptFlag
                0x0000000000000de0       0x48 ./source/gpio.o
                0x0000000000000de0                PORT_ClearInterruptFlag
 .text.PORT_SetPinConfig
                0x0000000000000e28       0x38 ./source/i2c_config.o
 .text.i2cInit  0x0000000000000e60       0xbc ./source/i2c_config.o
                0x0000000000000e60                i2cInit
 .text.i2cReadMsg
                0x0000000000000f1c       0x80 ./source/i2c_config.o
                0x0000000000000f1c                i2cReadMsg
 .text.i2cReadMsgBlocking
                0x0000000000000f9c       0xb4 ./source/i2c_config.o
                0x0000000000000f9c                i2cReadMsgBlocking
 .text.i2cWriteMsgBlocking
                0x0000000000001050       0xb4 ./source/i2c_config.o
                0x0000000000001050                i2cWriteMsgBlocking
 .text.i2cgetCompletition
                0x0000000000001104       0x18 ./source/i2c_config.o
                0x0000000000001104                i2cgetCompletition
 .text.i2c_master_callback
                0x000000000000111c       0x48 ./source/i2c_config.o
 .text.maxim_max30102_read_fifoNB
                0x0000000000001164      0x110 ./source/o2.o
                0x0000000000001164                maxim_max30102_read_fifoNB
 .text.__NVIC_EnableIRQ
                0x0000000000001274       0x3c ./source/pit.o
 .text.PIT_GetDefaultConfig
                0x00000000000012b0       0x28 ./source/pit.o
 .text.init_pit
                0x00000000000012d8       0x94 ./source/pit.o
                0x00000000000012d8                init_pit
 .text.PIT0_IRQHandler
                0x000000000000136c       0x28 ./source/pit.o
                0x000000000000136c                PIT0_IRQHandler
 .text.main     0x0000000000001394       0x78 ./source/sensores.o
                0x0000000000001394                main
 .text.callback_pin
                0x000000000000140c       0xc8 ./source/sensores.o
                0x000000000000140c                callback_pin
 .text.callback_pit
                0x00000000000014d4       0x28 ./source/sensores.o
                0x00000000000014d4                callback_pit
 .text.CLOCK_SetEr32kClock
                0x00000000000014fc       0x30 ./drivers/fsl_clock.o
 .text.CLOCK_SetPllFllSelClock
                0x000000000000152c       0x3c ./drivers/fsl_clock.o
 .text.CLOCK_GetMcgExtClkFreq
                0x0000000000001568       0x7c ./drivers/fsl_clock.o
 .text.CLOCK_GetFllExtRefClkFreq
                0x00000000000015e4       0xb0 ./drivers/fsl_clock.o
 .text.CLOCK_GetInternalRefClkSelectFreq
                0x0000000000001694       0x4c ./drivers/fsl_clock.o
 .text.CLOCK_GetFllRefClkFreq
                0x00000000000016e0       0x34 ./drivers/fsl_clock.o
 .text.CLOCK_GetOscRangeFromFreq
                0x0000000000001714       0x3c ./drivers/fsl_clock.o
 .text.CLOCK_GetOsc0ErClkFreq
                0x0000000000001750       0x44 ./drivers/fsl_clock.o
                0x0000000000001750                CLOCK_GetOsc0ErClkFreq
 .text.CLOCK_GetEr32kClkFreq
                0x0000000000001794       0x74 ./drivers/fsl_clock.o
                0x0000000000001794                CLOCK_GetEr32kClkFreq
 .text.CLOCK_GetPllFllSelClkFreq
                0x0000000000001808       0x58 ./drivers/fsl_clock.o
                0x0000000000001808                CLOCK_GetPllFllSelClkFreq
 .text.CLOCK_GetCoreSysClkFreq
                0x0000000000001860       0x28 ./drivers/fsl_clock.o
                0x0000000000001860                CLOCK_GetCoreSysClkFreq
 .text.CLOCK_GetFreq
                0x0000000000001888      0x148 ./drivers/fsl_clock.o
                0x0000000000001888                CLOCK_GetFreq
 .text.CLOCK_SetSimConfig
                0x00000000000019d0       0x38 ./drivers/fsl_clock.o
                0x00000000000019d0                CLOCK_SetSimConfig
 .text.CLOCK_EnableUsbfs0Clock
                0x0000000000001a08      0x110 ./drivers/fsl_clock.o
                0x0000000000001a08                CLOCK_EnableUsbfs0Clock
 .text.CLOCK_GetOutClkFreq
                0x0000000000001b18       0x64 ./drivers/fsl_clock.o
                0x0000000000001b18                CLOCK_GetOutClkFreq
 .text.CLOCK_GetFllFreq
                0x0000000000001b7c       0x84 ./drivers/fsl_clock.o
                0x0000000000001b7c                CLOCK_GetFllFreq
 .text.CLOCK_GetInternalRefClkFreq
                0x0000000000001c00       0x30 ./drivers/fsl_clock.o
                0x0000000000001c00                CLOCK_GetInternalRefClkFreq
 .text.CLOCK_GetPll0Freq
                0x0000000000001c30       0x78 ./drivers/fsl_clock.o
                0x0000000000001c30                CLOCK_GetPll0Freq
 .text.CLOCK_SetExternalRefClkConfig
                0x0000000000001ca8       0x6c ./drivers/fsl_clock.o
                0x0000000000001ca8                CLOCK_SetExternalRefClkConfig
 .text.CLOCK_SetInternalRefClkConfig
                0x0000000000001d14      0x104 ./drivers/fsl_clock.o
                0x0000000000001d14                CLOCK_SetInternalRefClkConfig
 .text.CLOCK_EnablePll0
                0x0000000000001e18       0x88 ./drivers/fsl_clock.o
                0x0000000000001e18                CLOCK_EnablePll0
 .text.CLOCK_InitOsc0
                0x0000000000001ea0       0x8c ./drivers/fsl_clock.o
                0x0000000000001ea0                CLOCK_InitOsc0
 .text.CLOCK_SetPbeMode
                0x0000000000001f2c       0xa8 ./drivers/fsl_clock.o
                0x0000000000001f2c                CLOCK_SetPbeMode
 .text.CLOCK_BootToPeeMode
                0x0000000000001fd4       0x64 ./drivers/fsl_clock.o
                0x0000000000001fd4                CLOCK_BootToPeeMode
 .text.__NVIC_EnableIRQ
                0x0000000000002038       0x3c ./drivers/fsl_i2c.o
 .text.I2C_GetInstance
                0x0000000000002074       0x4c ./drivers/fsl_i2c.o
                0x0000000000002074                I2C_GetInstance
 .text.I2C_MasterTransferRunStateMachine
                0x00000000000020c0      0x25c ./drivers/fsl_i2c.o
 .text.I2C_TransferCommonIRQHandler
                0x000000000000231c       0x58 ./drivers/fsl_i2c.o
 .text.I2C_MasterInit
                0x0000000000002374       0xe4 ./drivers/fsl_i2c.o
                0x0000000000002374                I2C_MasterInit
 .text.I2C_MasterGetDefaultConfig
                0x0000000000002458       0x48 ./drivers/fsl_i2c.o
                0x0000000000002458                I2C_MasterGetDefaultConfig
 .text.I2C_MasterSetBaudRate
                0x00000000000024a0       0xe8 ./drivers/fsl_i2c.o
                0x00000000000024a0                I2C_MasterSetBaudRate
 .text.I2C_MasterTransferCreateHandle
                0x0000000000002588       0x74 ./drivers/fsl_i2c.o
                0x0000000000002588                I2C_MasterTransferCreateHandle
 .text.I2C_MasterTransferNonBlocking
                0x00000000000025fc       0x64 ./drivers/fsl_i2c.o
                0x00000000000025fc                I2C_MasterTransferNonBlocking
 .text.I2C_MasterTransferHandleIRQ
                0x0000000000002660       0xb4 ./drivers/fsl_i2c.o
                0x0000000000002660                I2C_MasterTransferHandleIRQ
 .text.I2C0_DriverIRQHandler
                0x0000000000002714       0x1c ./drivers/fsl_i2c.o
                0x0000000000002714                I2C0_DriverIRQHandler
 .text.I2C1_DriverIRQHandler
                0x0000000000002730       0x1c ./drivers/fsl_i2c.o
                0x0000000000002730                I2C1_DriverIRQHandler
 .text.I2C2_DriverIRQHandler
                0x000000000000274c       0x1c ./drivers/fsl_i2c.o
                0x000000000000274c                I2C2_DriverIRQHandler
 .text.PIT_GetInstance
                0x0000000000002768       0x44 ./drivers/fsl_pit.o
 .text.PIT_Init
                0x00000000000027ac       0x94 ./drivers/fsl_pit.o
                0x00000000000027ac                PIT_Init
 .text.UART0_DriverIRQHandler
                0x0000000000002840       0x28 ./drivers/fsl_uart.o
                0x0000000000002840                UART0_DriverIRQHandler
 .text.UART1_DriverIRQHandler
                0x0000000000002868       0x28 ./drivers/fsl_uart.o
                0x0000000000002868                UART1_DriverIRQHandler
 .text.UART2_DriverIRQHandler
                0x0000000000002890       0x28 ./drivers/fsl_uart.o
                0x0000000000002890                UART2_DriverIRQHandler
 .text.UART3_DriverIRQHandler
                0x00000000000028b8       0x28 ./drivers/fsl_uart.o
                0x00000000000028b8                UART3_DriverIRQHandler
 .text.UART4_DriverIRQHandler
                0x00000000000028e0       0x28 ./drivers/fsl_uart.o
                0x00000000000028e0                UART4_DriverIRQHandler
 .text.UART5_DriverIRQHandler
                0x0000000000002908       0x28 ./drivers/fsl_uart.o
                0x0000000000002908                UART5_DriverIRQHandler
 .text.SystemInit
                0x0000000000002930       0x3c ./device/system_MK64F12.o
                0x0000000000002930                SystemInit
 .text.CLOCK_SetSdhc0Clock
                0x000000000000296c       0x3c ./board/clock_config.o
 .text.CLOCK_SetEnetTime0Clock
                0x00000000000029a8       0x3c ./board/clock_config.o
 .text.CLOCK_SetRmii0Clock
                0x00000000000029e4       0x3c ./board/clock_config.o
 .text.CLOCK_SetTraceClock
                0x0000000000002a20       0x3c ./board/clock_config.o
 .text.CLOCK_SetClkOutClock
                0x0000000000002a5c       0x38 ./board/clock_config.o
 .text.CLOCK_SetSimSafeDivs
                0x0000000000002a94       0x20 ./board/clock_config.o
 .text.CLOCK_SetXtal0Freq
                0x0000000000002ab4       0x20 ./board/clock_config.o
 .text.CLOCK_CONFIG_SetFllExtRefDiv
                0x0000000000002ad4       0x3c ./board/clock_config.o
 .text.BOARD_BootClockRUN
                0x0000000000002b10       0x88 ./board/clock_config.o
                0x0000000000002b10                BOARD_BootClockRUN
 .text.PORT_SetPinConfig
                0x0000000000002b98       0x38 ./board/pin_mux.o
 .text.BOARD_InitPins
                0x0000000000002bd0       0x30 ./board/pin_mux.o
                0x0000000000002bd0                BOARD_InitPins
 .text.BOARD_InitDEBUG_UARTPins
                0x0000000000002c00       0x6c ./board/pin_mux.o
                0x0000000000002c00                BOARD_InitDEBUG_UARTPins
 .text.__assertion_failed
                0x0000000000002c6c       0x4c /Applications/MCUXpressoIDE_11.2.1_4149/ide/plugins/com.nxp.mcuxpresso.tools.macosx_11.2.0.202001021529/tools/bin/../lib/gcc/arm-none-eabi/9.2.1/../../../../arm-none-eabi/lib/thumb/v7e-m+fp/hard/libcr_semihost_nf.a(_cr_assert.o)
                0x0000000000002c6c                __assertion_failed
 .text.__sys_appexit
                0x0000000000002cb8        0xc /Applications/MCUXpressoIDE_11.2.1_4149/ide/plugins/com.nxp.mcuxpresso.tools.macosx_11.2.0.202001021529/tools/bin/../lib/gcc/arm-none-eabi/9.2.1/../../../../arm-none-eabi/lib/thumb/v7e-m+fp/hard/libcr_semihost_nf.a(__sys_appexit.o)
                0x0000000000002cb8                __exit
                0x0000000000002cb8                __sys_appexit
 .text._Cwritebuf
                0x0000000000002cc4       0x6c /Applications/MCUXpressoIDE_11.2.1_4149/ide/plugins/com.nxp.mcuxpresso.tools.macosx_11.2.0.202001021529/tools/bin/../lib/gcc/arm-none-eabi/9.2.1/../../../../arm-none-eabi/lib/thumb/v7e-m+fp/hard/libcr_c.a(_writebuf.o)
                0x0000000000002cc4                _Cwritebuf
 .text.malloc   0x0000000000002d30       0xc8 /Applications/MCUXpressoIDE_11.2.1_4149/ide/plugins/com.nxp.mcuxpresso.tools.macosx_11.2.0.202001021529/tools/bin/../lib/gcc/arm-none-eabi/9.2.1/../../../../arm-none-eabi/lib/thumb/v7e-m+fp/hard/libcr_c.a(alloc.o)
                0x0000000000002d30                malloc
 .text._Csys_alloc
                0x0000000000002df8       0x20 /Applications/MCUXpressoIDE_11.2.1_4149/ide/plugins/com.nxp.mcuxpresso.tools.macosx_11.2.0.202001021529/tools/bin/../lib/gcc/arm-none-eabi/9.2.1/../../../../arm-none-eabi/lib/thumb/v7e-m+fp/hard/libcr_c.a(alloc.o)
                0x0000000000002df8                _Csys_alloc
 .text.fseek    0x0000000000002e18      0x100 /Applications/MCUXpressoIDE_11.2.1_4149/ide/plugins/com.nxp.mcuxpresso.tools.macosx_11.2.0.202001021529/tools/bin/../lib/gcc/arm-none-eabi/9.2.1/../../../../arm-none-eabi/lib/thumb/v7e-m+fp/hard/libcr_c.a(fseek.o)
                0x0000000000002e18                fseek
 .text.ftell    0x0000000000002f18       0x44 /Applications/MCUXpressoIDE_11.2.1_4149/ide/plugins/com.nxp.mcuxpresso.tools.macosx_11.2.0.202001021529/tools/bin/../lib/gcc/arm-none-eabi/9.2.1/../../../../arm-none-eabi/lib/thumb/v7e-m+fp/hard/libcr_c.a(ftell.o)
                0x0000000000002f18                ftell
 .text._initio  0x0000000000002f5c       0x78 /Applications/MCUXpressoIDE_11.2.1_4149/ide/plugins/com.nxp.mcuxpresso.tools.macosx_11.2.0.202001021529/tools/bin/../lib/gcc/arm-none-eabi/9.2.1/../../../../arm-none-eabi/lib/thumb/v7e-m+fp/hard/libcr_c.a(initio.o)
                0x0000000000002f5c                _initio
 .text.__vfprintf
                0x0000000000002fd4      0xce8 /Applications/MCUXpressoIDE_11.2.1_4149/ide/plugins/com.nxp.mcuxpresso.tools.macosx_11.2.0.202001021529/tools/bin/../lib/gcc/arm-none-eabi/9.2.1/../../../../arm-none-eabi/lib/thumb/v7e-m+fp/hard/libcr_c.a(printf.o)
                0x0000000000002fd4                __vfprintf
 .text._vsnprintf
                0x0000000000003cbc       0x68 /Applications/MCUXpressoIDE_11.2.1_4149/ide/plugins/com.nxp.mcuxpresso.tools.macosx_11.2.0.202001021529/tools/bin/../lib/gcc/arm-none-eabi/9.2.1/../../../../arm-none-eabi/lib/thumb/v7e-m+fp/hard/libcr_c.a(printf.o)
                0x0000000000003cbc                _vsnprintf
 .text._printf  0x0000000000003d24       0x54 /Applications/MCUXpressoIDE_11.2.1_4149/ide/plugins/com.nxp.mcuxpresso.tools.macosx_11.2.0.202001021529/tools/bin/../lib/gcc/arm-none-eabi/9.2.1/../../../../arm-none-eabi/lib/thumb/v7e-m+fp/hard/libcr_c.a(printf.o)
                0x0000000000003d24                _printf
 .text._sbrk    0x0000000000003d78       0x3c /Applications/MCUXpressoIDE_11.2.1_4149/ide/plugins/com.nxp.mcuxpresso.tools.macosx_11.2.0.202001021529/tools/bin/../lib/gcc/arm-none-eabi/9.2.1/../../../../arm-none-eabi/lib/thumb/v7e-m+fp/hard/libcr_c.a(_cr_sbrk.o)
                0x0000000000003d78                _sbrk
 .text.fflush   0x0000000000003db4       0x44 /Applications/MCUXpressoIDE_11.2.1_4149/ide/plugins/com.nxp.mcuxpresso.tools.macosx_11.2.0.202001021529/tools/bin/../lib/gcc/arm-none-eabi/9.2.1/../../../../arm-none-eabi/lib/thumb/v7e-m+fp/hard/libcr_c.a(fflush.o)
                0x0000000000003db4                fflush
 .text.__check_heap_overflow
                0x0000000000003df8       0x18 /Applications/MCUXpressoIDE_11.2.1_4149/ide/plugins/com.nxp.mcuxpresso.tools.macosx_11.2.0.202001021529/tools/bin/../lib/gcc/arm-none-eabi/9.2.1/../../../../arm-none-eabi/lib/thumb/v7e-m+fp/hard/libcr_c.a(_cr_check_heap.o)
                0x0000000000003df8                __check_heap_overflow
 .text.__aeabi_dmul
                0x0000000000003e10      0x114 /Applications/MCUXpressoIDE_11.2.1_4149/ide/plugins/com.nxp.mcuxpresso.tools.macosx_11.2.0.202001021529/tools/bin/../lib/gcc/arm-none-eabi/9.2.1/thumb/v7e-m+fp/hard/libcr_eabihelpers.a(double.o)
                0x0000000000003e10                __aeabi_dmul
 .text.__aeabi_ddiv
                0x0000000000003f24      0x144 /Applications/MCUXpressoIDE_11.2.1_4149/ide/plugins/com.nxp.mcuxpresso.tools.macosx_11.2.0.202001021529/tools/bin/../lib/gcc/arm-none-eabi/9.2.1/thumb/v7e-m+fp/hard/libcr_eabihelpers.a(double.o)
                0x0000000000003f24                __aeabi_ddiv
 .text.__aeabi_dsub
                0x0000000000004068      0x1b0 /Applications/MCUXpressoIDE_11.2.1_4149/ide/plugins/com.nxp.mcuxpresso.tools.macosx_11.2.0.202001021529/tools/bin/../lib/gcc/arm-none-eabi/9.2.1/thumb/v7e-m+fp/hard/libcr_eabihelpers.a(double.o)
                0x0000000000004068                __aeabi_dsub
 .text.__aeabi_dadd
                0x0000000000004218      0x114 /Applications/MCUXpressoIDE_11.2.1_4149/ide/plugins/com.nxp.mcuxpresso.tools.macosx_11.2.0.202001021529/tools/bin/../lib/gcc/arm-none-eabi/9.2.1/thumb/v7e-m+fp/hard/libcr_eabihelpers.a(double.o)
                0x0000000000004218                __aeabi_dadd
 .text.__aeabi_d2f
                0x000000000000432c       0x58 /Applications/MCUXpressoIDE_11.2.1_4149/ide/plugins/com.nxp.mcuxpresso.tools.macosx_11.2.0.202001021529/tools/bin/../lib/gcc/arm-none-eabi/9.2.1/thumb/v7e-m+fp/hard/libcr_eabihelpers.a(double.o)
                0x000000000000432c                __aeabi_d2f
 .text.__aeabi_f2d
                0x0000000000004384       0x38 /Applications/MCUXpressoIDE_11.2.1_4149/ide/plugins/com.nxp.mcuxpresso.tools.macosx_11.2.0.202001021529/tools/bin/../lib/gcc/arm-none-eabi/9.2.1/thumb/v7e-m+fp/hard/libcr_eabihelpers.a(float.o)
                0x0000000000004384                __aeabi_f2d
 .text.DMA0_IRQHandler
                0x00000000000043bc        0x8 ./startup/startup_mk64f12.o
                0x00000000000043bc                DMA0_IRQHandler
 .text.DMA1_IRQHandler
                0x00000000000043c4        0x8 ./startup/startup_mk64f12.o
                0x00000000000043c4                DMA1_IRQHandler
 .text.DMA2_IRQHandler
                0x00000000000043cc        0x8 ./startup/startup_mk64f12.o
                0x00000000000043cc                DMA2_IRQHandler
 .text.DMA3_IRQHandler
                0x00000000000043d4        0x8 ./startup/startup_mk64f12.o
                0x00000000000043d4                DMA3_IRQHandler
 .text.DMA4_IRQHandler
                0x00000000000043dc        0x8 ./startup/startup_mk64f12.o
                0x00000000000043dc                DMA4_IRQHandler
 .text.DMA5_IRQHandler
                0x00000000000043e4        0x8 ./startup/startup_mk64f12.o
                0x00000000000043e4                DMA5_IRQHandler
 .text.DMA6_IRQHandler
                0x00000000000043ec        0x8 ./startup/startup_mk64f12.o
                0x00000000000043ec                DMA6_IRQHandler
 .text.DMA7_IRQHandler
                0x00000000000043f4        0x8 ./startup/startup_mk64f12.o
                0x00000000000043f4                DMA7_IRQHandler
 .text.DMA8_IRQHandler
                0x00000000000043fc        0x8 ./startup/startup_mk64f12.o
                0x00000000000043fc                DMA8_IRQHandler
 .text.DMA9_IRQHandler
                0x0000000000004404        0x8 ./startup/startup_mk64f12.o
                0x0000000000004404                DMA9_IRQHandler
 .text.DMA10_IRQHandler
                0x000000000000440c        0x8 ./startup/startup_mk64f12.o
                0x000000000000440c                DMA10_IRQHandler
 .text.DMA11_IRQHandler
                0x0000000000004414        0x8 ./startup/startup_mk64f12.o
                0x0000000000004414                DMA11_IRQHandler
 .text.DMA12_IRQHandler
                0x000000000000441c        0x8 ./startup/startup_mk64f12.o
                0x000000000000441c                DMA12_IRQHandler
 .text.DMA13_IRQHandler
                0x0000000000004424        0x8 ./startup/startup_mk64f12.o
                0x0000000000004424                DMA13_IRQHandler
 .text.DMA14_IRQHandler
                0x000000000000442c        0x8 ./startup/startup_mk64f12.o
                0x000000000000442c                DMA14_IRQHandler
 .text.DMA15_IRQHandler
                0x0000000000004434        0x8 ./startup/startup_mk64f12.o
                0x0000000000004434                DMA15_IRQHandler
 .text.DMA_Error_IRQHandler
                0x000000000000443c        0x8 ./startup/startup_mk64f12.o
                0x000000000000443c                DMA_Error_IRQHandler
 .text.MCM_IRQHandler
                0x0000000000004444        0x8 ./startup/startup_mk64f12.o
                0x0000000000004444                MCM_IRQHandler
 .text.FTFE_IRQHandler
                0x000000000000444c        0x8 ./startup/startup_mk64f12.o
                0x000000000000444c                FTFE_IRQHandler
 .text.Read_Collision_IRQHandler
                0x0000000000004454        0x8 ./startup/startup_mk64f12.o
                0x0000000000004454                Read_Collision_IRQHandler
 .text.LVD_LVW_IRQHandler
                0x000000000000445c        0x8 ./startup/startup_mk64f12.o
                0x000000000000445c                LVD_LVW_IRQHandler
 .text.LLWU_IRQHandler
                0x0000000000004464        0x8 ./startup/startup_mk64f12.o
                0x0000000000004464                LLWU_IRQHandler
 .text.WDOG_EWM_IRQHandler
                0x000000000000446c        0x8 ./startup/startup_mk64f12.o
                0x000000000000446c                WDOG_EWM_IRQHandler
 .text.RNG_IRQHandler
                0x0000000000004474        0x8 ./startup/startup_mk64f12.o
                0x0000000000004474                RNG_IRQHandler
 .text.I2C0_IRQHandler
                0x000000000000447c        0x8 ./startup/startup_mk64f12.o
                0x000000000000447c                I2C0_IRQHandler
 .text.I2C1_IRQHandler
                0x0000000000004484        0x8 ./startup/startup_mk64f12.o
                0x0000000000004484                I2C1_IRQHandler
 .text.SPI0_IRQHandler
                0x000000000000448c        0x8 ./startup/startup_mk64f12.o
                0x000000000000448c                SPI0_IRQHandler
 .text.SPI1_IRQHandler
                0x0000000000004494        0x8 ./startup/startup_mk64f12.o
                0x0000000000004494                SPI1_IRQHandler
 .text.I2S0_Tx_IRQHandler
                0x000000000000449c        0x8 ./startup/startup_mk64f12.o
                0x000000000000449c                I2S0_Tx_IRQHandler
 .text.I2S0_Rx_IRQHandler
                0x00000000000044a4        0x8 ./startup/startup_mk64f12.o
                0x00000000000044a4                I2S0_Rx_IRQHandler
 .text.UART0_LON_IRQHandler
                0x00000000000044ac        0x8 ./startup/startup_mk64f12.o
                0x00000000000044ac                UART0_LON_IRQHandler
 .text.UART0_RX_TX_IRQHandler
                0x00000000000044b4        0x8 ./startup/startup_mk64f12.o
                0x00000000000044b4                UART0_RX_TX_IRQHandler
 .text.UART0_ERR_IRQHandler
                0x00000000000044bc        0x8 ./startup/startup_mk64f12.o
                0x00000000000044bc                UART0_ERR_IRQHandler
 .text.UART1_RX_TX_IRQHandler
                0x00000000000044c4        0x8 ./startup/startup_mk64f12.o
                0x00000000000044c4                UART1_RX_TX_IRQHandler
 .text.UART1_ERR_IRQHandler
                0x00000000000044cc        0x8 ./startup/startup_mk64f12.o
                0x00000000000044cc                UART1_ERR_IRQHandler
 .text.UART2_RX_TX_IRQHandler
                0x00000000000044d4        0x8 ./startup/startup_mk64f12.o
                0x00000000000044d4                UART2_RX_TX_IRQHandler
 .text.UART2_ERR_IRQHandler
                0x00000000000044dc        0x8 ./startup/startup_mk64f12.o
                0x00000000000044dc                UART2_ERR_IRQHandler
 .text.UART3_RX_TX_IRQHandler
                0x00000000000044e4        0x8 ./startup/startup_mk64f12.o
                0x00000000000044e4                UART3_RX_TX_IRQHandler
 .text.UART3_ERR_IRQHandler
                0x00000000000044ec        0x8 ./startup/startup_mk64f12.o
                0x00000000000044ec                UART3_ERR_IRQHandler
 .text.ADC0_IRQHandler
                0x00000000000044f4        0x8 ./startup/startup_mk64f12.o
                0x00000000000044f4                ADC0_IRQHandler
 .text.CMP0_IRQHandler
                0x00000000000044fc        0x8 ./startup/startup_mk64f12.o
                0x00000000000044fc                CMP0_IRQHandler
 .text.CMP1_IRQHandler
                0x0000000000004504        0x8 ./startup/startup_mk64f12.o
                0x0000000000004504                CMP1_IRQHandler
 .text.FTM0_IRQHandler
                0x000000000000450c        0x8 ./startup/startup_mk64f12.o
                0x000000000000450c                FTM0_IRQHandler
 .text.FTM1_IRQHandler
                0x0000000000004514        0x8 ./startup/startup_mk64f12.o
                0x0000000000004514                FTM1_IRQHandler
 .text.FTM2_IRQHandler
                0x000000000000451c        0x8 ./startup/startup_mk64f12.o
                0x000000000000451c                FTM2_IRQHandler
 .text.CMT_IRQHandler
                0x0000000000004524        0x8 ./startup/startup_mk64f12.o
                0x0000000000004524                CMT_IRQHandler
 .text.RTC_IRQHandler
                0x000000000000452c        0x8 ./startup/startup_mk64f12.o
                0x000000000000452c                RTC_IRQHandler
 .text.RTC_Seconds_IRQHandler
                0x0000000000004534        0x8 ./startup/startup_mk64f12.o
                0x0000000000004534                RTC_Seconds_IRQHandler
 .text.PIT1_IRQHandler
                0x000000000000453c        0x8 ./startup/startup_mk64f12.o
                0x000000000000453c                PIT1_IRQHandler
 .text.PIT2_IRQHandler
                0x0000000000004544        0x8 ./startup/startup_mk64f12.o
                0x0000000000004544                PIT2_IRQHandler
 .text.PIT3_IRQHandler
                0x000000000000454c        0x8 ./startup/startup_mk64f12.o
                0x000000000000454c                PIT3_IRQHandler
 .text.PDB0_IRQHandler
                0x0000000000004554        0x8 ./startup/startup_mk64f12.o
                0x0000000000004554                PDB0_IRQHandler
 .text.USB0_IRQHandler
                0x000000000000455c        0x8 ./startup/startup_mk64f12.o
                0x000000000000455c                USB0_IRQHandler
 .text.USBDCD_IRQHandler
                0x0000000000004564        0x8 ./startup/startup_mk64f12.o
                0x0000000000004564                USBDCD_IRQHandler
 .text.Reserved71_IRQHandler
                0x000000000000456c        0x8 ./startup/startup_mk64f12.o
                0x000000000000456c                Reserved71_IRQHandler
 .text.DAC0_IRQHandler
                0x0000000000004574        0x8 ./startup/startup_mk64f12.o
                0x0000000000004574                DAC0_IRQHandler
 .text.MCG_IRQHandler
                0x000000000000457c        0x8 ./startup/startup_mk64f12.o
                0x000000000000457c                MCG_IRQHandler
 .text.LPTMR0_IRQHandler
                0x0000000000004584        0x8 ./startup/startup_mk64f12.o
                0x0000000000004584                LPTMR0_IRQHandler
 .text.SWI_IRQHandler
                0x000000000000458c        0x8 ./startup/startup_mk64f12.o
                0x000000000000458c                SWI_IRQHandler
 .text.SPI2_IRQHandler
                0x0000000000004594        0x8 ./startup/startup_mk64f12.o
                0x0000000000004594                SPI2_IRQHandler
 .text.UART4_RX_TX_IRQHandler
                0x000000000000459c        0x8 ./startup/startup_mk64f12.o
                0x000000000000459c                UART4_RX_TX_IRQHandler
 .text.UART4_ERR_IRQHandler
                0x00000000000045a4        0x8 ./startup/startup_mk64f12.o
                0x00000000000045a4                UART4_ERR_IRQHandler
 .text.UART5_RX_TX_IRQHandler
                0x00000000000045ac        0x8 ./startup/startup_mk64f12.o
                0x00000000000045ac                UART5_RX_TX_IRQHandler
 .text.UART5_ERR_IRQHandler
                0x00000000000045b4        0x8 ./startup/startup_mk64f12.o
                0x00000000000045b4                UART5_ERR_IRQHandler
 .text.CMP2_IRQHandler
                0x00000000000045bc        0x8 ./startup/startup_mk64f12.o
                0x00000000000045bc                CMP2_IRQHandler
 .text.FTM3_IRQHandler
                0x00000000000045c4        0x8 ./startup/startup_mk64f12.o
                0x00000000000045c4                FTM3_IRQHandler
 .text.DAC1_IRQHandler
                0x00000000000045cc        0x8 ./startup/startup_mk64f12.o
                0x00000000000045cc                DAC1_IRQHandler
 .text.ADC1_IRQHandler
                0x00000000000045d4        0x8 ./startup/startup_mk64f12.o
                0x00000000000045d4                ADC1_IRQHandler
 .text.I2C2_IRQHandler
                0x00000000000045dc        0x8 ./startup/startup_mk64f12.o
                0x00000000000045dc                I2C2_IRQHandler
 .text.CAN0_ORed_Message_buffer_IRQHandler
                0x00000000000045e4        0x8 ./startup/startup_mk64f12.o
                0x00000000000045e4                CAN0_ORed_Message_buffer_IRQHandler
 .text.CAN0_Bus_Off_IRQHandler
                0x00000000000045ec        0x8 ./startup/startup_mk64f12.o
                0x00000000000045ec                CAN0_Bus_Off_IRQHandler
 .text.CAN0_Error_IRQHandler
                0x00000000000045f4        0x8 ./startup/startup_mk64f12.o
                0x00000000000045f4                CAN0_Error_IRQHandler
 .text.CAN0_Tx_Warning_IRQHandler
                0x00000000000045fc        0x8 ./startup/startup_mk64f12.o
                0x00000000000045fc                CAN0_Tx_Warning_IRQHandler
 .text.CAN0_Rx_Warning_IRQHandler
                0x0000000000004604        0x8 ./startup/startup_mk64f12.o
                0x0000000000004604                CAN0_Rx_Warning_IRQHandler
 .text.CAN0_Wake_Up_IRQHandler
                0x000000000000460c        0x8 ./startup/startup_mk64f12.o
                0x000000000000460c                CAN0_Wake_Up_IRQHandler
 .text.SDHC_IRQHandler
                0x0000000000004614        0x8 ./startup/startup_mk64f12.o
                0x0000000000004614                SDHC_IRQHandler
 .text.ENET_1588_Timer_IRQHandler
                0x000000000000461c        0x8 ./startup/startup_mk64f12.o
                0x000000000000461c                ENET_1588_Timer_IRQHandler
 .text.ENET_Transmit_IRQHandler
                0x0000000000004624        0x8 ./startup/startup_mk64f12.o
                0x0000000000004624                ENET_Transmit_IRQHandler
 .text.ENET_Receive_IRQHandler
                0x000000000000462c        0x8 ./startup/startup_mk64f12.o
                0x000000000000462c                ENET_Receive_IRQHandler
 .text.ENET_Error_IRQHandler
                0x0000000000004634        0x8 ./startup/startup_mk64f12.o
                0x0000000000004634                ENET_Error_IRQHandler
 .text.rf_linear_regression_beta
                0x000000000000463c       0x88 ./source/algorithm.o
                0x000000000000463c                rf_linear_regression_beta
 .text.rf_autocorrelation
                0x00000000000046c4       0x96 ./source/algorithm.o
                0x00000000000046c4                rf_autocorrelation
 .text.rf_initialize_periodicity_search
                0x000000000000475a       0xfe ./source/algorithm.o
                0x000000000000475a                rf_initialize_periodicity_search
 .text.rf_signal_periodicity
                0x0000000000004858      0x126 ./source/algorithm.o
                0x0000000000004858                rf_signal_periodicity
 .text.rf_rms   0x000000000000497e       0xa0 ./source/algorithm.o
                0x000000000000497e                rf_rms
 .text.rf_Pcorrelation
                0x0000000000004a1e       0x84 ./source/algorithm.o
                0x0000000000004a1e                rf_Pcorrelation
 .text.CLOCK_EnableClock
                0x0000000000004aa2       0x34 ./source/i2c_config.o
 .text.maxim_max30102_write_reg_blocking
                0x0000000000004ad6       0x26 ./source/o2.o
                0x0000000000004ad6                maxim_max30102_write_reg_blocking
 .text.maxim_max30102_read_reg_blocking
                0x0000000000004afc       0x22 ./source/o2.o
                0x0000000000004afc                maxim_max30102_read_reg_blocking
 .text.maxim_max30102_init
                0x0000000000004b1e      0x15a ./source/o2.o
                0x0000000000004b1e                maxim_max30102_init
 .text.maxim_max30102_reset
                0x0000000000004c78       0x22 ./source/o2.o
                0x0000000000004c78                maxim_max30102_reset
 .text.maxim_max30102_read_block
                0x0000000000004c9a       0x26 ./source/o2.o
                0x0000000000004c9a                maxim_max30102_read_block
 .text.EnableIRQ
                0x0000000000004cc0       0x2c ./source/pit.o
 .text.PIT_EnableInterrupts
                0x0000000000004cec       0x3a ./source/pit.o
 .text.PIT_ClearStatusFlags
                0x0000000000004d26       0x2a ./source/pit.o
 .text.PIT_SetTimerPeriod
                0x0000000000004d50       0x28 ./source/pit.o
 .text.PIT_StartTimer
                0x0000000000004d78       0x38 ./source/pit.o
 .text.HardFault_Handler
                0x0000000000004db0       0x2c ./source/semihost_hardfault.o
                0x0000000000004db0                HardFault_Handler
 .text.CLOCK_EnableClock
                0x0000000000004ddc       0x34 ./drivers/fsl_clock.o
 .text.CLOCK_DisableClock
                0x0000000000004e10       0x38 ./drivers/fsl_clock.o
 .text.OSC_SetExtRefClkConfig
                0x0000000000004e48       0x34 ./drivers/fsl_clock.o
 .text.OSC_SetCapLoad
                0x0000000000004e7c       0x34 ./drivers/fsl_clock.o
 .text.CLOCK_GetPll0RefFreq
                0x0000000000004eb0        0xe ./drivers/fsl_clock.o
 .text.CLOCK_GetFixedFreqClkFreq
                0x0000000000004ebe       0x34 ./drivers/fsl_clock.o
                0x0000000000004ebe                CLOCK_GetFixedFreqClkFreq
 .text.CLOCK_EnableClock
                0x0000000000004ef2       0x34 ./drivers/fsl_i2c.o
 .text.EnableIRQ
                0x0000000000004f26       0x2c ./drivers/fsl_i2c.o
 .text.I2C_MasterClearStatusFlags
                0x0000000000004f52       0x5a ./drivers/fsl_i2c.o
 .text.I2C_InitTransferStateMachine
                0x0000000000004fac       0xd4 ./drivers/fsl_i2c.o
 .text.I2C_CheckAndClearError
                0x0000000000005080       0x44 ./drivers/fsl_i2c.o
 .text.I2C_EnableInterrupts
                0x00000000000050c4       0x56 ./drivers/fsl_i2c.o
                0x00000000000050c4                I2C_EnableInterrupts
 .text.I2C_DisableInterrupts
                0x000000000000511a       0x4a ./drivers/fsl_i2c.o
                0x000000000000511a                I2C_DisableInterrupts
 .text.I2C_MasterStart
                0x0000000000005164       0x62 ./drivers/fsl_i2c.o
                0x0000000000005164                I2C_MasterStart
 .text.I2C_MasterRepeatedStart
                0x00000000000051c6       0x9a ./drivers/fsl_i2c.o
                0x00000000000051c6                I2C_MasterRepeatedStart
 .text.I2C_MasterStop
                0x0000000000005260       0x3a ./drivers/fsl_i2c.o
                0x0000000000005260                I2C_MasterStop
 .text.I2C_MasterGetStatusFlags
                0x000000000000529a       0x4a ./drivers/fsl_i2c.o
                0x000000000000529a                I2C_MasterGetStatusFlags
 .text.CLOCK_EnableClock
                0x00000000000052e4       0x34 ./drivers/fsl_pit.o
 .text.UART0_RX_TX_DriverIRQHandler
                0x0000000000005318       0x12 ./drivers/fsl_uart.o
                0x0000000000005318                UART0_RX_TX_DriverIRQHandler
 .text.UART1_RX_TX_DriverIRQHandler
                0x000000000000532a       0x12 ./drivers/fsl_uart.o
                0x000000000000532a                UART1_RX_TX_DriverIRQHandler
 .text.UART2_RX_TX_DriverIRQHandler
                0x000000000000533c       0x12 ./drivers/fsl_uart.o
                0x000000000000533c                UART2_RX_TX_DriverIRQHandler
 .text.UART3_RX_TX_DriverIRQHandler
                0x000000000000534e       0x12 ./drivers/fsl_uart.o
                0x000000000000534e                UART3_RX_TX_DriverIRQHandler
 .text.UART4_RX_TX_DriverIRQHandler
                0x0000000000005360       0x12 ./drivers/fsl_uart.o
                0x0000000000005360                UART4_RX_TX_DriverIRQHandler
 .text.UART5_RX_TX_DriverIRQHandler
                0x0000000000005372       0x12 ./drivers/fsl_uart.o
                0x0000000000005372                UART5_RX_TX_DriverIRQHandler
 .text.SystemInitHook
                0x0000000000005384        0xe ./device/system_MK64F12.o
                0x0000000000005384                SystemInitHook
 .text.DbgConsole_Init
                0x0000000000005392       0x20 ./board/board.o
 .text.BOARD_InitDebugConsole
                0x00000000000053b2       0x22 ./board/board.o
                0x00000000000053b2                BOARD_InitDebugConsole
 .text.BOARD_InitBootClocks
                0x00000000000053d4        0xc ./board/clock_config.o
                0x00000000000053d4                BOARD_InitBootClocks
 .text.BOARD_InitPeripherals
                0x00000000000053e0        0xe ./board/peripherals.o
                0x00000000000053e0                BOARD_InitPeripherals
 .text.BOARD_InitBootPeripherals
                0x00000000000053ee        0xc ./board/peripherals.o
                0x00000000000053ee                BOARD_InitBootPeripherals
 .text.CLOCK_EnableClock
                0x00000000000053fa       0x34 ./board/pin_mux.o
 .text.PORT_SetPinMux
                0x000000000000542e       0x3a ./board/pin_mux.o
 .text.BOARD_InitBootPins
                0x0000000000005468       0x10 ./board/pin_mux.o
                0x0000000000005468                BOARD_InitBootPins
 .text.__main   0x0000000000005478        0xe /Applications/MCUXpressoIDE_11.2.1_4149/ide/plugins/com.nxp.mcuxpresso.tools.macosx_11.2.0.202001021529/tools/bin/../lib/gcc/arm-none-eabi/9.2.1/../../../../arm-none-eabi/lib/thumb/v7e-m+fp/hard/libcr_semihost_nf.a(_cr__main.o)
                0x0000000000005478                __main
                0x0000000000005478                __CR_SEMIHOST
 .text.memset   0x0000000000005486        0x4 /Applications/MCUXpressoIDE_11.2.1_4149/ide/plugins/com.nxp.mcuxpresso.tools.macosx_11.2.0.202001021529/tools/bin/../lib/gcc/arm-none-eabi/9.2.1/../../../../arm-none-eabi/lib/thumb/v7e-m+fp/hard/libcr_c.a(memset.o)
                0x0000000000005486                memset
 .text._deferredlazyseek
                0x000000000000548a       0x40 /Applications/MCUXpressoIDE_11.2.1_4149/ide/plugins/com.nxp.mcuxpresso.tools.macosx_11.2.0.202001021529/tools/bin/../lib/gcc/arm-none-eabi/9.2.1/../../../../arm-none-eabi/lib/thumb/v7e-m+fp/hard/libcr_c.a(_deferredlazyseek.o)
                0x000000000000548a                _deferredlazyseek
 .text.__flsbuf
                0x00000000000054ca      0x140 /Applications/MCUXpressoIDE_11.2.1_4149/ide/plugins/com.nxp.mcuxpresso.tools.macosx_11.2.0.202001021529/tools/bin/../lib/gcc/arm-none-eabi/9.2.1/../../../../arm-none-eabi/lib/thumb/v7e-m+fp/hard/libcr_c.a(_deferredlazyseek.o)
                0x00000000000054ca                __flsbuf
 .text._fflush  0x000000000000560a       0x52 /Applications/MCUXpressoIDE_11.2.1_4149/ide/plugins/com.nxp.mcuxpresso.tools.macosx_11.2.0.202001021529/tools/bin/../lib/gcc/arm-none-eabi/9.2.1/../../../../arm-none-eabi/lib/thumb/v7e-m+fp/hard/libcr_c.a(_fflush.o)
                0x000000000000560a                _fflush
 .text.free     0x000000000000565c       0x30 /Applications/MCUXpressoIDE_11.2.1_4149/ide/plugins/com.nxp.mcuxpresso.tools.macosx_11.2.0.202001021529/tools/bin/../lib/gcc/arm-none-eabi/9.2.1/../../../../arm-none-eabi/lib/thumb/v7e-m+fp/hard/libcr_c.a(alloc.o)
                0x000000000000565c                free
 .text.fputs    0x000000000000568c       0x2c /Applications/MCUXpressoIDE_11.2.1_4149/ide/plugins/com.nxp.mcuxpresso.tools.macosx_11.2.0.202001021529/tools/bin/../lib/gcc/arm-none-eabi/9.2.1/../../../../arm-none-eabi/lib/thumb/v7e-m+fp/hard/libcr_c.a(fputs.o)
                0x000000000000568c                fputs
 .text.no_fp_display
                0x00000000000056b8        0x4 /Applications/MCUXpressoIDE_11.2.1_4149/ide/plugins/com.nxp.mcuxpresso.tools.macosx_11.2.0.202001021529/tools/bin/../lib/gcc/arm-none-eabi/9.2.1/../../../../arm-none-eabi/lib/thumb/v7e-m+fp/hard/libcr_c.a(printf.o)
 .text.setvbuf  0x00000000000056bc       0x3e /Applications/MCUXpressoIDE_11.2.1_4149/ide/plugins/com.nxp.mcuxpresso.tools.macosx_11.2.0.202001021529/tools/bin/../lib/gcc/arm-none-eabi/9.2.1/../../../../arm-none-eabi/lib/thumb/v7e-m+fp/hard/libcr_c.a(setvbuf.o)
                0x00000000000056bc                setvbuf
 .text.strlen   0x00000000000056fa       0x4c /Applications/MCUXpressoIDE_11.2.1_4149/ide/plugins/com.nxp.mcuxpresso.tools.macosx_11.2.0.202001021529/tools/bin/../lib/gcc/arm-none-eabi/9.2.1/../../../../arm-none-eabi/lib/thumb/v7e-m+fp/hard/libcr_c.a(strlen.o)
                0x00000000000056fa                strlen
 .text._fdopen  0x0000000000005746       0x68 /Applications/MCUXpressoIDE_11.2.1_4149/ide/plugins/com.nxp.mcuxpresso.tools.macosx_11.2.0.202001021529/tools/bin/../lib/gcc/arm-none-eabi/9.2.1/../../../../arm-none-eabi/lib/thumb/v7e-m+fp/hard/libcr_c.a(_fdopen.o)
                0x0000000000005746                _fdopen
 .text.fclose   0x00000000000057ae       0x58 /Applications/MCUXpressoIDE_11.2.1_4149/ide/plugins/com.nxp.mcuxpresso.tools.macosx_11.2.0.202001021529/tools/bin/../lib/gcc/arm-none-eabi/9.2.1/../../../../arm-none-eabi/lib/thumb/v7e-m+fp/hard/libcr_c.a(fclose.o)
                0x00000000000057ae                fclose
 .text.remove   0x0000000000005806       0x14 /Applications/MCUXpressoIDE_11.2.1_4149/ide/plugins/com.nxp.mcuxpresso.tools.macosx_11.2.0.202001021529/tools/bin/../lib/gcc/arm-none-eabi/9.2.1/../../../../arm-none-eabi/lib/thumb/v7e-m+fp/hard/libcr_c.a(remove.o)
                0x0000000000005806                remove
 .text._do_fflush
                0x000000000000581a       0x40 /Applications/MCUXpressoIDE_11.2.1_4149/ide/plugins/com.nxp.mcuxpresso.tools.macosx_11.2.0.202001021529/tools/bin/../lib/gcc/arm-none-eabi/9.2.1/../../../../arm-none-eabi/lib/thumb/v7e-m+fp/hard/libcr_c.a(_do_fflush.o)
                0x000000000000581a                _do_fflush
 .text.__aeabi_division_uldivmod
                0x000000000000585a      0x174 /Applications/MCUXpressoIDE_11.2.1_4149/ide/plugins/com.nxp.mcuxpresso.tools.macosx_11.2.0.202001021529/tools/bin/../lib/gcc/arm-none-eabi/9.2.1/thumb/v7e-m+fp/hard/libcr_eabihelpers.a(division_64.o)
                0x000000000000585a                __aeabi_uldivmod
                0x000000000000585e                __bhs_ldivmod1
 .text.__aeabi_division_idiv0
                0x00000000000059ce        0x2 /Applications/MCUXpressoIDE_11.2.1_4149/ide/plugins/com.nxp.mcuxpresso.tools.macosx_11.2.0.202001021529/tools/bin/../lib/gcc/arm-none-eabi/9.2.1/thumb/v7e-m+fp/hard/libcr_eabihelpers.a(division_idiv0.o)
                0x00000000000059ce                __aeabi_idiv0
 .text.__aeabi_dcmplt
                0x00000000000059d0       0x56 /Applications/MCUXpressoIDE_11.2.1_4149/ide/plugins/com.nxp.mcuxpresso.tools.macosx_11.2.0.202001021529/tools/bin/../lib/gcc/arm-none-eabi/9.2.1/thumb/v7e-m+fp/hard/libcr_eabihelpers.a(double.o)
                0x00000000000059d0                __aeabi_dcmplt
 .text.__aeabi_dcmpgt
                0x0000000000005a26       0x56 /Applications/MCUXpressoIDE_11.2.1_4149/ide/plugins/com.nxp.mcuxpresso.tools.macosx_11.2.0.202001021529/tools/bin/../lib/gcc/arm-none-eabi/9.2.1/thumb/v7e-m+fp/hard/libcr_eabihelpers.a(double.o)
                0x0000000000005a26                __aeabi_dcmpgt
 .text.__aeabi_dcmple
                0x0000000000005a7c       0x56 /Applications/MCUXpressoIDE_11.2.1_4149/ide/plugins/com.nxp.mcuxpresso.tools.macosx_11.2.0.202001021529/tools/bin/../lib/gcc/arm-none-eabi/9.2.1/thumb/v7e-m+fp/hard/libcr_eabihelpers.a(double.o)
                0x0000000000005a7c                __aeabi_dcmple
 .text.__aeabi_memset_lowlevel
                0x0000000000005ad2       0x32 /Applications/MCUXpressoIDE_11.2.1_4149/ide/plugins/com.nxp.mcuxpresso.tools.macosx_11.2.0.202001021529/tools/bin/../lib/gcc/arm-none-eabi/9.2.1/thumb/v7e-m+fp/hard/libcr_eabihelpers.a(memcpy.o)
                0x0000000000005ad2                __aeabi_lowlevel_memset
 .text.__sys_close
                0x0000000000005b04        0xc /Applications/MCUXpressoIDE_11.2.1_4149/ide/plugins/com.nxp.mcuxpresso.tools.macosx_11.2.0.202001021529/tools/bin/../lib/gcc/arm-none-eabi/9.2.1/../../../../arm-none-eabi/lib/thumb/v7e-m+fp/hard/libcr_semihost_nf.a(__sys_close.o)
                0x0000000000005b04                __sys_close
 .text.__sys_flen
                0x0000000000005b10        0xc /Applications/MCUXpressoIDE_11.2.1_4149/ide/plugins/com.nxp.mcuxpresso.tools.macosx_11.2.0.202001021529/tools/bin/../lib/gcc/arm-none-eabi/9.2.1/../../../../arm-none-eabi/lib/thumb/v7e-m+fp/hard/libcr_semihost_nf.a(__sys_flen.o)
                0x0000000000005b10                __sys_flen
 .text.__sys_istty
                0x0000000000005b1c        0xc /Applications/MCUXpressoIDE_11.2.1_4149/ide/plugins/com.nxp.mcuxpresso.tools.macosx_11.2.0.202001021529/tools/bin/../lib/gcc/arm-none-eabi/9.2.1/../../../../arm-none-eabi/lib/thumb/v7e-m+fp/hard/libcr_semihost_nf.a(__sys_istty.o)
                0x0000000000005b1c                __sys_istty
 .text.__sys_remove
                0x0000000000005b28        0xc /Applications/MCUXpressoIDE_11.2.1_4149/ide/plugins/com.nxp.mcuxpresso.tools.macosx_11.2.0.202001021529/tools/bin/../lib/gcc/arm-none-eabi/9.2.1/../../../../arm-none-eabi/lib/thumb/v7e-m+fp/hard/libcr_semihost_nf.a(__sys_remove.o)
                0x0000000000005b28                __sys_remove
 .text.__sys_seek
                0x0000000000005b34        0xc /Applications/MCUXpressoIDE_11.2.1_4149/ide/plugins/com.nxp.mcuxpresso.tools.macosx_11.2.0.202001021529/tools/bin/../lib/gcc/arm-none-eabi/9.2.1/../../../../arm-none-eabi/lib/thumb/v7e-m+fp/hard/libcr_semihost_nf.a(__sys_seek.o)
                0x0000000000005b34                __sys_seek
 .text.__sys_tmpnam
                0x0000000000005b40        0xc /Applications/MCUXpressoIDE_11.2.1_4149/ide/plugins/com.nxp.mcuxpresso.tools.macosx_11.2.0.202001021529/tools/bin/../lib/gcc/arm-none-eabi/9.2.1/../../../../arm-none-eabi/lib/thumb/v7e-m+fp/hard/libcr_semihost_nf.a(__sys_tmpnam.o)
                0x0000000000005b40                __sys_tmpnam
 .text.__sys_write
                0x0000000000005b4c        0xc /Applications/MCUXpressoIDE_11.2.1_4149/ide/plugins/com.nxp.mcuxpresso.tools.macosx_11.2.0.202001021529/tools/bin/../lib/gcc/arm-none-eabi/9.2.1/../../../../arm-none-eabi/lib/thumb/v7e-m+fp/hard/libcr_semihost_nf.a(__sys_write.o)
                0x0000000000005b4c                __sys_write
 *(SORT_BY_ALIGNMENT(.rodata) SORT_BY_ALIGNMENT(.rodata.*) SORT_BY_ALIGNMENT(.constdata) SORT_BY_ALIGNMENT(.constdata.*))
 .rodata.PORT_SetPinConfig.str1.4
                0x0000000000005b58       0x6b ./source/i2c_config.o
 *fill*         0x0000000000005bc3        0x1 ff
 .rodata.PIT_GetDefaultConfig.str1.4
                0x0000000000005bc4       0x72 ./source/pit.o
 *fill*         0x0000000000005c36        0x2 ff
 .rodata.main.str1.4
                0x0000000000005c38        0xd ./source/sensores.o
 *fill*         0x0000000000005c45        0x3 ff
 .rodata.callback_pin.str1.4
                0x0000000000005c48       0x24 ./source/sensores.o
 .rodata.callback_pit.str1.4
                0x0000000000005c6c        0xc ./source/sensores.o
 .rodata.CLOCK_GetMcgExtClkFreq.str1.4
                0x0000000000005c78       0x4e ./drivers/fsl_clock.o
 *fill*         0x0000000000005cc6        0x2 ff
 .rodata.CLOCK_GetOsc0ErClkFreq.str1.4
                0x0000000000005cc8       0x1f ./drivers/fsl_clock.o
 *fill*         0x0000000000005ce7        0x1 ff
 .rodata.CLOCK_GetEr32kClkFreq.str1.4
                0x0000000000005ce8       0x20 ./drivers/fsl_clock.o
 .rodata.CLOCK_GetPll0Freq.str1.4
                0x0000000000005d08       0x1e ./drivers/fsl_clock.o
 *fill*         0x0000000000005d26        0x2 ff
 .rodata.CLOCK_EnablePll0.str1.4
                0x0000000000005d28       0x1b ./drivers/fsl_clock.o
 *fill*         0x0000000000005d43        0x1 ff
 .rodata.CLOCK_SetPbeMode.str1.4
                0x0000000000005d44       0x1b ./drivers/fsl_clock.o
 *fill*         0x0000000000005d5f        0x1 ff
 .rodata.CLOCK_BootToPeeMode.str1.4
                0x0000000000005d60       0x1b ./drivers/fsl_clock.o
 *fill*         0x0000000000005d7b        0x1 ff
 .rodata.fllFactorTable.7941
                0x0000000000005d7c       0x10 ./drivers/fsl_clock.o
 .rodata.s_i2cDividerTable
                0x0000000000005d8c       0x80 ./drivers/fsl_i2c.o
 .rodata.s_i2cIrqs
                0x0000000000005e0c        0x3 ./drivers/fsl_i2c.o
 *fill*         0x0000000000005e0f        0x1 ff
 .rodata.s_i2cClocks
                0x0000000000005e10        0xc ./drivers/fsl_i2c.o
 .rodata.s_i2cBases
                0x0000000000005e1c        0xc ./drivers/fsl_i2c.o
 .rodata.I2C_GetInstance.str1.4
                0x0000000000005e28       0x33 ./drivers/fsl_i2c.o
 *fill*         0x0000000000005e5b        0x1 ff
 .rodata.I2C_MasterTransferRunStateMachine.str1.4
                0x0000000000005e5c       0x17 ./drivers/fsl_i2c.o
 *fill*         0x0000000000005e73        0x1 ff
 .rodata.I2C_MasterInit.str1.4
                0x0000000000005e74       0x4b ./drivers/fsl_i2c.o
 *fill*         0x0000000000005ebf        0x1 ff
 .rodata.I2C_MasterGetDefaultConfig.str1.4
                0x0000000000005ec0       0x26 ./drivers/fsl_i2c.o
 *fill*         0x0000000000005ee6        0x2 ff
 .rodata.I2C_MasterTransferCreateHandle.str1.4
                0x0000000000005ee8       0x21 ./drivers/fsl_i2c.o
 *fill*         0x0000000000005f09        0x3 ff
 .rodata.I2C_MasterTransferNonBlocking.str1.4
                0x0000000000005f0c       0x43 ./drivers/fsl_i2c.o
 *fill*         0x0000000000005f4f        0x1 ff
 .rodata.I2C_MasterTransferHandleIRQ.str1.4
                0x0000000000005f50       0x24 ./drivers/fsl_i2c.o
 .rodata.PIT_GetInstance.str1.4
                0x0000000000005f74       0x32 ./drivers/fsl_pit.o
 *fill*         0x0000000000005fa6        0x2 ff
 .rodata.PIT_Init.str1.4
                0x0000000000005fa8       0x1f ./drivers/fsl_pit.o
 *fill*         0x0000000000005fc7        0x1 ff
 .rodata.mcgConfig_BOARD_BootClockRUN
                0x0000000000005fc8        0xb ./board/clock_config.o
                0x0000000000005fc8                mcgConfig_BOARD_BootClockRUN
 *fill*         0x0000000000005fd3        0x1 ff
 .rodata.simConfig_BOARD_BootClockRUN
                0x0000000000005fd4        0x8 ./board/clock_config.o
                0x0000000000005fd4                simConfig_BOARD_BootClockRUN
 .rodata.oscConfig_BOARD_BootClockRUN
                0x0000000000005fdc        0x8 ./board/clock_config.o
                0x0000000000005fdc                oscConfig_BOARD_BootClockRUN
 .rodata.PORT_SetPinConfig.str1.4
                0x0000000000005fe4       0x6b ./board/pin_mux.o
 .rodata.__num_Ciob_streams
                0x0000000000005fe4        0x4 /Applications/MCUXpressoIDE_11.2.1_4149/ide/plugins/com.nxp.mcuxpresso.tools.macosx_11.2.0.202001021529/tools/bin/../lib/gcc/arm-none-eabi/9.2.1/../../../../arm-none-eabi/lib/thumb/v7e-m+fp/hard/libcr_semihost_nf.a(__ciob.o)
                0x0000000000005fe4                __num_Ciob_streams
 .rodata.__assertion_failed.str1.1
                0x0000000000005fe8       0x15 /Applications/MCUXpressoIDE_11.2.1_4149/ide/plugins/com.nxp.mcuxpresso.tools.macosx_11.2.0.202001021529/tools/bin/../lib/gcc/arm-none-eabi/9.2.1/../../../../arm-none-eabi/lib/thumb/v7e-m+fp/hard/libcr_semihost_nf.a(_cr_assert.o)
 .rodata._Csys_alloc.str1.1
                0x0000000000005ffd       0x18 /Applications/MCUXpressoIDE_11.2.1_4149/ide/plugins/com.nxp.mcuxpresso.tools.macosx_11.2.0.202001021529/tools/bin/../lib/gcc/arm-none-eabi/9.2.1/../../../../arm-none-eabi/lib/thumb/v7e-m+fp/hard/libcr_c.a(alloc.o)
 .rodata._initio.str1.1
                0x0000000000006015        0x4 /Applications/MCUXpressoIDE_11.2.1_4149/ide/plugins/com.nxp.mcuxpresso.tools.macosx_11.2.0.202001021529/tools/bin/../lib/gcc/arm-none-eabi/9.2.1/../../../../arm-none-eabi/lib/thumb/v7e-m+fp/hard/libcr_c.a(initio.o)
 .rodata.__vfprintf.str1.1
                0x0000000000006019       0x35 /Applications/MCUXpressoIDE_11.2.1_4149/ide/plugins/com.nxp.mcuxpresso.tools.macosx_11.2.0.202001021529/tools/bin/../lib/gcc/arm-none-eabi/9.2.1/../../../../arm-none-eabi/lib/thumb/v7e-m+fp/hard/libcr_c.a(printf.o)
                                         0x38 (size before relaxing)
                0x0000000000006050                . = ALIGN (0x8)
 *fill*         0x000000000000604e        0x2 ff

.glue_7         0x0000000000006050        0x0
 .glue_7        0x0000000000006050        0x0 linker stubs

.glue_7t        0x0000000000006050        0x0
 .glue_7t       0x0000000000006050        0x0 linker stubs

.vfp11_veneer   0x0000000000006050        0x0
 .vfp11_veneer  0x0000000000006050        0x0 linker stubs

.v4_bx          0x0000000000006050        0x0
 .v4_bx         0x0000000000006050        0x0 linker stubs

.iplt           0x0000000000006050        0x0
 .iplt          0x0000000000006050        0x0 ./startup/startup_mk64f12.o

.rel.dyn        0x0000000000006050        0x0
 .rel.iplt      0x0000000000006050        0x0 ./startup/startup_mk64f12.o

.ARM.extab
 *(SORT_BY_ALIGNMENT(.ARM.extab*) SORT_BY_ALIGNMENT(.gnu.linkonce.armextab.*))

.ARM.exidx      0x0000000000006050        0x0
                0x0000000000006050                __exidx_start = .
 *(SORT_BY_ALIGNMENT(.ARM.exidx*) SORT_BY_ALIGNMENT(.gnu.linkonce.armexidx.*))
                0x0000000000006050                __exidx_end = .
                0x0000000000006050                _etext = .

.m_usb_data
 *(SORT_BY_ALIGNMENT(m_usb_bdt))

.data_RAM2      0x000000001fff0000        0x0 load address 0x0000000000006050
 FILL mask 0xff
                [!provide]                        PROVIDE (__start_data_RAM2 = .)
                [!provide]                        PROVIDE (__start_data_SRAM_LOWER = .)
 *(SORT_BY_ALIGNMENT(.ramfunc.$RAM2))
 *(SORT_BY_ALIGNMENT(.ramfunc.$SRAM_LOWER))
 *(SORT_BY_ALIGNMENT(.data.$RAM2))
 *(SORT_BY_ALIGNMENT(.data.$SRAM_LOWER))
 *(SORT_BY_ALIGNMENT(.data.$RAM2.*))
 *(SORT_BY_ALIGNMENT(.data.$SRAM_LOWER.*))
                0x000000001fff0000                . = ALIGN (0x8)
                [!provide]                        PROVIDE (__end_data_RAM2 = .)
                [!provide]                        PROVIDE (__end_data_SRAM_LOWER = .)

.data_RAM3      0x0000000014000000        0x0 load address 0x0000000000006050
 FILL mask 0xff
                [!provide]                        PROVIDE (__start_data_RAM3 = .)
                [!provide]                        PROVIDE (__start_data_FLEX_RAM = .)
 *(SORT_BY_ALIGNMENT(.ramfunc.$RAM3))
 *(SORT_BY_ALIGNMENT(.ramfunc.$FLEX_RAM))
 *(SORT_BY_ALIGNMENT(.data.$RAM3))
 *(SORT_BY_ALIGNMENT(.data.$FLEX_RAM))
 *(SORT_BY_ALIGNMENT(.data.$RAM3.*))
 *(SORT_BY_ALIGNMENT(.data.$FLEX_RAM.*))
                0x0000000014000000                . = ALIGN (0x8)
                [!provide]                        PROVIDE (__end_data_RAM3 = .)
                [!provide]                        PROVIDE (__end_data_FLEX_RAM = .)

.uninit_RESERVED
                0x0000000020000000        0x0
                0x0000000020000000                _start_uninit_RESERVED = .
 *(SORT_BY_ALIGNMENT(.bss.$RESERVED*))
                0x0000000020000000                . = ALIGN (0x8)
                0x0000000020000000                _end_uninit_RESERVED = .

.data           0x0000000020000000       0x58 load address 0x0000000000006050
 FILL mask 0xff
                0x0000000020000000                _data = .
                [!provide]                        PROVIDE (__start_data_RAM = .)
                [!provide]                        PROVIDE (__start_data_SRAM_UPPER = .)
 *(SORT_BY_ALIGNMENT(vtable))
 *(SORT_BY_ALIGNMENT(.ramfunc*))
 *(SORT_BY_ALIGNMENT(CodeQuickAccess))
 *(SORT_BY_ALIGNMENT(DataQuickAccess))
 *(SORT_BY_ALIGNMENT(RamFunction))
 *(SORT_BY_ALIGNMENT(.data*))
 .data.n_last_peak_interval.5396
                0x0000000020000000        0x4 ./source/algorithm.o
 .data.gpioPtrs
                0x0000000020000004       0x14 ./source/gpio.o
 .data.portPtrs
                0x0000000020000018       0x14 ./source/gpio.o
 .data.simMasks
                0x000000002000002c       0x14 ./source/gpio.o
 .data.sim_ptr  0x0000000020000040        0x4 ./source/gpio.o
 .data.s_slowIrcFreq
                0x0000000020000044        0x4 ./drivers/fsl_clock.o
 .data.s_fastIrcFreq
                0x0000000020000048        0x4 ./drivers/fsl_clock.o
 .data.SystemCoreClock
                0x000000002000004c        0x4 ./device/system_MK64F12.o
                0x000000002000004c                SystemCoreClock
 .data.completionFlag
                0x0000000020000050        0x1 ./source/i2c_config.o
                0x0000000020000050                completionFlag
                0x0000000020000058                . = ALIGN (0x8)
 *fill*         0x0000000020000051        0x7 ff
                0x0000000020000058                _edata = .
                [!provide]                        PROVIDE (__end_data_RAM = .)
                [!provide]                        PROVIDE (__end_data_SRAM_UPPER = .)

.igot.plt       0x0000000020000058        0x0 load address 0x00000000000060a8
 .igot.plt      0x0000000020000058        0x0 ./startup/startup_mk64f12.o

.bss_RAM2       0x000000001fff0000        0x0
                [!provide]                        PROVIDE (__start_bss_RAM2 = .)
                [!provide]                        PROVIDE (__start_bss_SRAM_LOWER = .)
 *(SORT_BY_ALIGNMENT(.bss.$RAM2))
 *(SORT_BY_ALIGNMENT(.bss.$SRAM_LOWER))
 *(SORT_BY_ALIGNMENT(.bss.$RAM2.*))
 *(SORT_BY_ALIGNMENT(.bss.$SRAM_LOWER.*))
                0x000000001fff0000                . = ALIGN ((. != 0x0)?0x8:0x1)
                [!provide]                        PROVIDE (__end_bss_RAM2 = .)
                [!provide]                        PROVIDE (__end_bss_SRAM_LOWER = .)

.bss_RAM3       0x0000000014000000        0x0
                [!provide]                        PROVIDE (__start_bss_RAM3 = .)
                [!provide]                        PROVIDE (__start_bss_FLEX_RAM = .)
 *(SORT_BY_ALIGNMENT(.bss.$RAM3))
 *(SORT_BY_ALIGNMENT(.bss.$FLEX_RAM))
 *(SORT_BY_ALIGNMENT(.bss.$RAM3.*))
 *(SORT_BY_ALIGNMENT(.bss.$FLEX_RAM.*))
                0x0000000014000000                . = ALIGN ((. != 0x0)?0x8:0x1)
                [!provide]                        PROVIDE (__end_bss_RAM3 = .)
                [!provide]                        PROVIDE (__end_bss_FLEX_RAM = .)

.bss            0x0000000020000058      0x700
                0x0000000020000058                _bss = .
                [!provide]                        PROVIDE (__start_bss_RAM = .)
                [!provide]                        PROVIDE (__start_bss_SRAM_UPPER = .)
 *(SORT_BY_ALIGNMENT(.bss*))
 .bss.rawTempRead
                0x0000000020000058        0x2 ./source/fever.o
                0x0000000020000058                rawTempRead
 *fill*         0x000000002000005a        0x2 
 .bss.temperature
                0x000000002000005c        0x4 ./source/fever.o
                0x000000002000005c                temperature
 .bss.isr_Matrix
                0x0000000020000060      0x280 ./source/gpio.o
 .bss.masterConfig
                0x00000000200002e0        0xc ./source/i2c_config.o
                0x00000000200002e0                masterConfig
 .bss.g_m_handle
                0x00000000200002ec       0x28 ./source/i2c_config.o
                0x00000000200002ec                g_m_handle
 .bss.sourceClock
                0x0000000020000314        0x4 ./source/i2c_config.o
                0x0000000020000314                sourceClock
 .bss.ach_i2c_data.5261
                0x0000000020000318        0x6 ./source/o2.o
 *fill*         0x000000002000031e        0x2 
 .bss.un_temp.5260
                0x0000000020000320        0x4 ./source/o2.o
 .bss.this_callback
                0x0000000020000324        0x4 ./source/pit.o
                0x0000000020000324                this_callback
 .bss.aun_ir_buffer
                0x0000000020000328      0x190 ./source/sensores.o
                0x0000000020000328                aun_ir_buffer
 .bss.aun_red_buffer
                0x00000000200004b8      0x190 ./source/sensores.o
                0x00000000200004b8                aun_red_buffer
 .bss.n_spo2    0x0000000020000648        0x4 ./source/sensores.o
                0x0000000020000648                n_spo2
 .bss.ratio     0x000000002000064c        0x4 ./source/sensores.o
                0x000000002000064c                ratio
 .bss.correl    0x0000000020000650        0x4 ./source/sensores.o
                0x0000000020000650                correl
 .bss.n_heart_rate
                0x0000000020000654        0x4 ./source/sensores.o
                0x0000000020000654                n_heart_rate
 .bss.k.8432    0x0000000020000658        0x4 ./source/sensores.o
 .bss.g_xtal0Freq
                0x000000002000065c        0x4 ./drivers/fsl_clock.o
                0x000000002000065c                g_xtal0Freq
 .bss.g_xtal32Freq
                0x0000000020000660        0x4 ./drivers/fsl_clock.o
                0x0000000020000660                g_xtal32Freq
 .bss.s_i2cHandle
                0x0000000020000664        0xc ./drivers/fsl_i2c.o
 .bss.s_i2cMasterIsr
                0x0000000020000670        0x4 ./drivers/fsl_i2c.o
 .bss.s_i2cSlaveIsr
                0x0000000020000674        0x4 ./drivers/fsl_i2c.o
 .bss.s_uartHandle
                0x0000000020000678       0x18 ./drivers/fsl_uart.o
 .bss.s_uartIsr
                0x0000000020000690        0x4 ./drivers/fsl_uart.o
 .bss.__Ciob    0x0000000020000694       0xb4 /Applications/MCUXpressoIDE_11.2.1_4149/ide/plugins/com.nxp.mcuxpresso.tools.macosx_11.2.0.202001021529/tools/bin/../lib/gcc/arm-none-eabi/9.2.1/../../../../arm-none-eabi/lib/thumb/v7e-m+fp/hard/libcr_semihost_nf.a(__ciob.o)
                0x0000000020000694                __Ciob
 .bss.__end_of_heap
                0x0000000020000748        0x4 /Applications/MCUXpressoIDE_11.2.1_4149/ide/plugins/com.nxp.mcuxpresso.tools.macosx_11.2.0.202001021529/tools/bin/../lib/gcc/arm-none-eabi/9.2.1/../../../../arm-none-eabi/lib/thumb/v7e-m+fp/hard/libcr_c.a(__init_alloc.o)
                0x0000000020000748                __end_of_heap
 .bss.__heaps   0x000000002000074c        0x4 /Applications/MCUXpressoIDE_11.2.1_4149/ide/plugins/com.nxp.mcuxpresso.tools.macosx_11.2.0.202001021529/tools/bin/../lib/gcc/arm-none-eabi/9.2.1/../../../../arm-none-eabi/lib/thumb/v7e-m+fp/hard/libcr_c.a(__init_alloc.o)
                0x000000002000074c                __heaps
 .bss.errno     0x0000000020000750        0x4 /Applications/MCUXpressoIDE_11.2.1_4149/ide/plugins/com.nxp.mcuxpresso.tools.macosx_11.2.0.202001021529/tools/bin/../lib/gcc/arm-none-eabi/9.2.1/../../../../arm-none-eabi/lib/thumb/v7e-m+fp/hard/libcr_c.a(errno.o)
                0x0000000020000750                errno
 .bss.nakFlag   0x0000000020000754        0x1 ./source/i2c_config.o
                0x0000000020000754                nakFlag
 .bss.a         0x0000000020000755        0x1 ./source/sensores.o
                0x0000000020000755                a
 .bss.ch_spo2_valid
                0x0000000020000756        0x1 ./source/sensores.o
                0x0000000020000756                ch_spo2_valid
 .bss.ch_hr_valid
                0x0000000020000757        0x1 ./source/sensores.o
                0x0000000020000757                ch_hr_valid
 *(SORT_BY_ALIGNMENT(COMMON))
                0x0000000020000758                . = ALIGN (0x8)
                0x0000000020000758                _ebss = .
                [!provide]                        PROVIDE (__end_bss_RAM = .)
                [!provide]                        PROVIDE (__end_bss_SRAM_UPPER = .)
                [!provide]                        PROVIDE (end = .)

.noinit_RAM2    0x000000001fff0000        0x0
                [!provide]                        PROVIDE (__start_noinit_RAM2 = .)
                [!provide]                        PROVIDE (__start_noinit_SRAM_LOWER = .)
 *(SORT_BY_ALIGNMENT(.noinit.$RAM2))
 *(SORT_BY_ALIGNMENT(.noinit.$SRAM_LOWER))
 *(SORT_BY_ALIGNMENT(.noinit.$RAM2.*))
 *(SORT_BY_ALIGNMENT(.noinit.$SRAM_LOWER.*))
                0x000000001fff0000                . = ALIGN (0x8)
                [!provide]                        PROVIDE (__end_noinit_RAM2 = .)
                [!provide]                        PROVIDE (__end_noinit_SRAM_LOWER = .)

.noinit_RAM3    0x0000000014000000        0x0
                [!provide]                        PROVIDE (__start_noinit_RAM3 = .)
                [!provide]                        PROVIDE (__start_noinit_FLEX_RAM = .)
 *(SORT_BY_ALIGNMENT(.noinit.$RAM3))
 *(SORT_BY_ALIGNMENT(.noinit.$FLEX_RAM))
 *(SORT_BY_ALIGNMENT(.noinit.$RAM3.*))
 *(SORT_BY_ALIGNMENT(.noinit.$FLEX_RAM.*))
                0x0000000014000000                . = ALIGN (0x8)
                [!provide]                        PROVIDE (__end_noinit_RAM3 = .)
                [!provide]                        PROVIDE (__end_noinit_FLEX_RAM = .)

.noinit         0x0000000020000758        0x0
                0x0000000020000758                _noinit = .
                [!provide]                        PROVIDE (__start_noinit_RAM = .)
                [!provide]                        PROVIDE (__start_noinit_SRAM_UPPER = .)
 *(SORT_BY_ALIGNMENT(.noinit*))
                0x0000000020000758                . = ALIGN (0x8)
                0x0000000020000758                _end_noinit = .
                [!provide]                        PROVIDE (__end_noinit_RAM = .)
                [!provide]                        PROVIDE (__end_noinit_SRAM_UPPER = .)
                0x0000000000001000                _HeapSize = 0x1000

.heap           0x0000000020000758     0x1000
                0x0000000020000758                _pvHeapStart = .
                0x0000000020001758                . = (. + _HeapSize)
 *fill*         0x0000000020000758     0x1000 
                0x0000000020001758                . = ALIGN (0x8)
                0x0000000020001758                _pvHeapLimit = .
                0x0000000000001000                _StackSize = 0x1000

.heap2stackfill
                0x0000000020001758     0x1000
                0x0000000020002758                . = (. + _StackSize)
 *fill*         0x0000000020001758     0x1000 

.stack          0x000000002002f000        0x0
                0x000000002002f000                _vStackBase = .
                0x000000002002f000                . = ALIGN (0x8)
                0x0000000020030000                _vStackTop = (. + _StackSize)
                0x0000000000000000                _image_start = LOADADDR (.text)
                0x00000000000060a8                _image_end = (LOADADDR (.data) + SIZEOF (.data))
                0x00000000000060a8                _image_size = (_image_end - _image_start)
OUTPUT(MK64FN1M0xxx12_Project.axf elf32-littlearm)

.debug_info     0x0000000000000000     0xcef3
 .debug_info    0x0000000000000000      0x92e ./startup/startup_mk64f12.o
 .debug_info    0x000000000000092e      0x6c1 ./source/algorithm.o
 .debug_info    0x0000000000000fef      0x137 ./source/fever.o
 .debug_info    0x0000000000001126      0x79b ./source/gpio.o
 .debug_info    0x00000000000018c1      0xf0d ./source/i2c_config.o
 .debug_info    0x00000000000027ce      0x294 ./source/o2.o
 .debug_info    0x0000000000002a62      0xe97 ./source/pit.o
 .debug_info    0x00000000000038f9       0x3c ./source/semihost_hardfault.o
 .debug_info    0x0000000000003935      0x98c ./source/sensores.o
 .debug_info    0x00000000000042c1     0x21ca ./drivers/fsl_clock.o
 .debug_info    0x000000000000648b     0x1f08 ./drivers/fsl_i2c.o
 .debug_info    0x0000000000008393      0x7a9 ./drivers/fsl_pit.o
 .debug_info    0x0000000000008b3c     0x1cbb ./drivers/fsl_uart.o
 .debug_info    0x000000000000a7f7      0x69f ./device/system_MK64F12.o
 .debug_info    0x000000000000ae96      0x672 ./board/board.o
 .debug_info    0x000000000000b508      0xcf0 ./board/clock_config.o
 .debug_info    0x000000000000c1f8       0x4e ./board/peripherals.o
 .debug_info    0x000000000000c246      0xcad ./board/pin_mux.o

.debug_abbrev   0x0000000000000000     0x22b2
 .debug_abbrev  0x0000000000000000      0x17a ./startup/startup_mk64f12.o
 .debug_abbrev  0x000000000000017a      0x135 ./source/algorithm.o
 .debug_abbrev  0x00000000000002af       0xe5 ./source/fever.o
 .debug_abbrev  0x0000000000000394      0x1d0 ./source/gpio.o
 .debug_abbrev  0x0000000000000564      0x2a0 ./source/i2c_config.o
 .debug_abbrev  0x0000000000000804      0x101 ./source/o2.o
 .debug_abbrev  0x0000000000000905      0x281 ./source/pit.o
 .debug_abbrev  0x0000000000000b86       0x31 ./source/semihost_hardfault.o
 .debug_abbrev  0x0000000000000bb7      0x1eb ./source/sensores.o
 .debug_abbrev  0x0000000000000da2      0x371 ./drivers/fsl_clock.o
 .debug_abbrev  0x0000000000001113      0x395 ./drivers/fsl_i2c.o
 .debug_abbrev  0x00000000000014a8      0x21d ./drivers/fsl_pit.o
 .debug_abbrev  0x00000000000016c5      0x358 ./drivers/fsl_uart.o
 .debug_abbrev  0x0000000000001a1d      0x170 ./device/system_MK64F12.o
 .debug_abbrev  0x0000000000001b8d      0x1a0 ./board/board.o
 .debug_abbrev  0x0000000000001d2d      0x265 ./board/clock_config.o
 .debug_abbrev  0x0000000000001f92       0x4b ./board/peripherals.o
 .debug_abbrev  0x0000000000001fdd      0x2d5 ./board/pin_mux.o

.debug_aranges  0x0000000000000000      0xc40
 .debug_aranges
                0x0000000000000000      0x330 ./startup/startup_mk64f12.o
 .debug_aranges
                0x0000000000000330       0x50 ./source/algorithm.o
 .debug_aranges
                0x0000000000000380       0x28 ./source/fever.o
 .debug_aranges
                0x00000000000003a8       0x70 ./source/gpio.o
 .debug_aranges
                0x0000000000000418       0x60 ./source/i2c_config.o
 .debug_aranges
                0x0000000000000478       0x58 ./source/o2.o
 .debug_aranges
                0x00000000000004d0       0x60 ./source/pit.o
 .debug_aranges
                0x0000000000000530       0x20 ./source/semihost_hardfault.o
 .debug_aranges
                0x0000000000000550       0x30 ./source/sensores.o
 .debug_aranges
                0x0000000000000580      0x1f8 ./drivers/fsl_clock.o
 .debug_aranges
                0x0000000000000778      0x180 ./drivers/fsl_i2c.o
 .debug_aranges
                0x00000000000008f8       0x40 ./drivers/fsl_pit.o
 .debug_aranges
                0x0000000000000938      0x180 ./drivers/fsl_uart.o
 .debug_aranges
                0x0000000000000ab8       0x30 ./device/system_MK64F12.o
 .debug_aranges
                0x0000000000000ae8       0x28 ./board/board.o
 .debug_aranges
                0x0000000000000b10       0x80 ./board/clock_config.o
 .debug_aranges
                0x0000000000000b90       0x28 ./board/peripherals.o
 .debug_aranges
                0x0000000000000bb8       0x88 ./board/pin_mux.o

.debug_ranges   0x0000000000000000      0xb20
 .debug_ranges  0x0000000000000000      0x320 ./startup/startup_mk64f12.o
 .debug_ranges  0x0000000000000320       0x40 ./source/algorithm.o
 .debug_ranges  0x0000000000000360       0x18 ./source/fever.o
 .debug_ranges  0x0000000000000378       0x60 ./source/gpio.o
 .debug_ranges  0x00000000000003d8       0x50 ./source/i2c_config.o
 .debug_ranges  0x0000000000000428       0x48 ./source/o2.o
 .debug_ranges  0x0000000000000470       0x50 ./source/pit.o
 .debug_ranges  0x00000000000004c0       0x10 ./source/semihost_hardfault.o
 .debug_ranges  0x00000000000004d0       0x20 ./source/sensores.o
 .debug_ranges  0x00000000000004f0      0x1e8 ./drivers/fsl_clock.o
 .debug_ranges  0x00000000000006d8      0x170 ./drivers/fsl_i2c.o
 .debug_ranges  0x0000000000000848       0x30 ./drivers/fsl_pit.o
 .debug_ranges  0x0000000000000878      0x170 ./drivers/fsl_uart.o
 .debug_ranges  0x00000000000009e8       0x20 ./device/system_MK64F12.o
 .debug_ranges  0x0000000000000a08       0x18 ./board/board.o
 .debug_ranges  0x0000000000000a20       0x70 ./board/clock_config.o
 .debug_ranges  0x0000000000000a90       0x18 ./board/peripherals.o
 .debug_ranges  0x0000000000000aa8       0x78 ./board/pin_mux.o

.debug_macro    0x0000000000000000     0x1679
 .debug_macro   0x0000000000000000       0x29 ./startup/startup_mk64f12.o
 .debug_macro   0x0000000000000029       0x5d ./source/algorithm.o
 .debug_macro   0x0000000000000086       0x1c ./source/algorithm.o
 .debug_macro   0x00000000000000a2       0xc4 ./source/algorithm.o
 .debug_macro   0x0000000000000166       0x7c ./source/fever.o
 .debug_macro   0x00000000000001e2       0x28 ./source/fever.o
 .debug_macro   0x000000000000020a       0xb4 ./source/gpio.o
 .debug_macro   0x00000000000002be       0x58 ./source/gpio.o
 .debug_macro   0x0000000000000316      0x12c ./source/i2c_config.o
 .debug_macro   0x0000000000000442       0x22 ./source/i2c_config.o
 .debug_macro   0x0000000000000464       0x1c ./source/i2c_config.o
 .debug_macro   0x0000000000000480       0x16 ./source/i2c_config.o
 .debug_macro   0x0000000000000496      0x1ce ./source/i2c_config.o
 .debug_macro   0x0000000000000664       0x5d ./source/o2.o
 .debug_macro   0x00000000000006c1       0xa6 ./source/o2.o
 .debug_macro   0x0000000000000767      0x126 ./source/pit.o
 .debug_macro   0x000000000000088d       0x2e ./source/pit.o
 .debug_macro   0x00000000000008bb       0x16 ./source/pit.o
 .debug_macro   0x00000000000008d1       0x11 ./source/semihost_hardfault.o
 .debug_macro   0x00000000000008e2      0x1c6 ./source/sensores.o
 .debug_macro   0x0000000000000aa8       0x1c ./source/sensores.o
 .debug_macro   0x0000000000000ac4       0x16 ./source/sensores.o
 .debug_macro   0x0000000000000ada      0x1a4 ./source/sensores.o
 .debug_macro   0x0000000000000c7e       0x16 ./source/sensores.o
 .debug_macro   0x0000000000000c94       0x34 ./source/sensores.o
 .debug_macro   0x0000000000000cc8       0x2e ./source/sensores.o
 .debug_macro   0x0000000000000cf6       0x22 ./source/sensores.o
 .debug_macro   0x0000000000000d18      0x1ba ./drivers/fsl_clock.o
 .debug_macro   0x0000000000000ed2      0x103 ./drivers/fsl_i2c.o
 .debug_macro   0x0000000000000fd5      0x104 ./drivers/fsl_pit.o
 .debug_macro   0x00000000000010d9      0x109 ./drivers/fsl_uart.o
 .debug_macro   0x00000000000011e2       0x10 ./drivers/fsl_uart.o
 .debug_macro   0x00000000000011f2       0x98 ./device/system_MK64F12.o
 .debug_macro   0x000000000000128a      0x16c ./board/board.o
 .debug_macro   0x00000000000013f6      0x15f ./board/clock_config.o
 .debug_macro   0x0000000000001555       0x1b ./board/peripherals.o
 .debug_macro   0x0000000000001570      0x109 ./board/pin_mux.o

.debug_line     0x0000000000000000     0x807b
 .debug_line    0x0000000000000000      0x90e ./startup/startup_mk64f12.o
 .debug_line    0x000000000000090e      0x5fc ./source/algorithm.o
 .debug_line    0x0000000000000f0a      0x1da ./source/fever.o
 .debug_line    0x00000000000010e4      0x55a ./source/gpio.o
 .debug_line    0x000000000000163e      0x5da ./source/i2c_config.o
 .debug_line    0x0000000000001c18      0x36e ./source/o2.o
 .debug_line    0x0000000000001f86      0x4fa ./source/pit.o
 .debug_line    0x0000000000002480       0x59 ./source/semihost_hardfault.o
 .debug_line    0x00000000000024d9      0x637 ./source/sensores.o
 .debug_line    0x0000000000002b10     0x14d6 ./drivers/fsl_clock.o
 .debug_line    0x0000000000003fe6     0x1409 ./drivers/fsl_i2c.o
 .debug_line    0x00000000000053ef      0x40f ./drivers/fsl_pit.o
 .debug_line    0x00000000000057fe     0x1350 ./drivers/fsl_uart.o
 .debug_line    0x0000000000006b4e      0x400 ./device/system_MK64F12.o
 .debug_line    0x0000000000006f4e      0x522 ./board/board.o
 .debug_line    0x0000000000007470      0x53c ./board/clock_config.o
 .debug_line    0x00000000000079ac       0x71 ./board/peripherals.o
 .debug_line    0x0000000000007a1d      0x65e ./board/pin_mux.o

.debug_str      0x0000000000000000    0x81e30
 .debug_str     0x0000000000000000     0x36af ./startup/startup_mk64f12.o
                                       0x377b (size before relaxing)
 .debug_str     0x00000000000036af     0x1ec8 ./source/algorithm.o
                                       0x4e51 (size before relaxing)
 .debug_str     0x0000000000005577      0x19f ./source/fever.o
                                       0x47d2 (size before relaxing)
 .debug_str     0x0000000000005716    0x73e98 ./source/gpio.o
                                      0x78545 (size before relaxing)
 .debug_str     0x00000000000795ae     0x2c6f ./source/i2c_config.o
                                      0x7aff8 (size before relaxing)
 .debug_str     0x000000000007c21d      0x33f ./source/o2.o
                                       0x4a42 (size before relaxing)
 .debug_str     0x000000000007c55c      0xb99 ./source/pit.o
                                      0x7a907 (size before relaxing)
 .debug_str     0x000000000007d0f5       0x1f ./source/semihost_hardfault.o
                                       0x2f0c (size before relaxing)
 .debug_str     0x000000000007d114     0x14f2 ./source/sensores.o
                                      0x7c09e (size before relaxing)
 .debug_str     0x000000000007e606     0x166b ./drivers/fsl_clock.o
                                      0x7b97d (size before relaxing)
 .debug_str     0x000000000007fc71      0x8a6 ./drivers/fsl_i2c.o
                                      0x7b08b (size before relaxing)
 .debug_str     0x0000000000080517       0x78 ./drivers/fsl_pit.o
                                      0x79e49 (size before relaxing)
 .debug_str     0x000000000008058f      0xe0f ./drivers/fsl_uart.o
                                      0x7b1f1 (size before relaxing)
 .debug_str     0x000000000008139e      0x117 ./device/system_MK64F12.o
                                      0x783bd (size before relaxing)
 .debug_str     0x00000000000814b5       0xc4 ./board/board.o
                                      0x7ad69 (size before relaxing)
 .debug_str     0x0000000000081579      0x455 ./board/clock_config.o
                                      0x7a48b (size before relaxing)
 .debug_str     0x00000000000819ce       0x47 ./board/peripherals.o
                                       0x2f33 (size before relaxing)
 .debug_str     0x0000000000081a15      0x41b ./board/pin_mux.o
                                      0x7a4d0 (size before relaxing)

.comment        0x0000000000000000       0x79
 .comment       0x0000000000000000       0x79 ./startup/startup_mk64f12.o
                                         0x7a (size before relaxing)
 .comment       0x0000000000000079       0x7a ./source/algorithm.o
 .comment       0x0000000000000079       0x7a ./source/fever.o
 .comment       0x0000000000000079       0x7a ./source/gpio.o
 .comment       0x0000000000000079       0x7a ./source/i2c_config.o
 .comment       0x0000000000000079       0x7a ./source/o2.o
 .comment       0x0000000000000079       0x7a ./source/pit.o
 .comment       0x0000000000000079       0x7a ./source/semihost_hardfault.o
 .comment       0x0000000000000079       0x7a ./source/sensores.o
 .comment       0x0000000000000079       0x7a ./drivers/fsl_clock.o
 .comment       0x0000000000000079       0x7a ./drivers/fsl_i2c.o
 .comment       0x0000000000000079       0x7a ./drivers/fsl_pit.o
 .comment       0x0000000000000079       0x7a ./drivers/fsl_uart.o
 .comment       0x0000000000000079       0x7a ./device/system_MK64F12.o
 .comment       0x0000000000000079       0x7a ./board/board.o
 .comment       0x0000000000000079       0x7a ./board/clock_config.o
 .comment       0x0000000000000079       0x7a ./board/peripherals.o
 .comment       0x0000000000000079       0x7a ./board/pin_mux.o
 .comment       0x0000000000000079       0x7a /Applications/MCUXpressoIDE_11.2.1_4149/ide/plugins/com.nxp.mcuxpresso.tools.macosx_11.2.0.202001021529/tools/bin/../lib/gcc/arm-none-eabi/9.2.1/../../../../arm-none-eabi/lib/thumb/v7e-m+fp/hard/libcr_semihost_nf.a(_cr__main.o)