Archive member included to satisfy reference by file (symbol)

/Applications/MCUXpressoIDE_11.2.1_4149/ide/plugins/com.nxp.mcuxpresso.tools.macosx_11.2.0.202001021529/tools/bin/../lib/gcc/arm-none-eabi/9.2.1/../../../../arm-none-eabi/lib/thumb/v7e-m+fp/hard/libcr_semihost_nf.a(_cr__main.o)
                              ./startup/startup_mk64f12.o (__main)
/Applications/MCUXpressoIDE_11.2.1_4149/ide/plugins/com.nxp.mcuxpresso.tools.macosx_11.2.0.202001021529/tools/bin/../lib/gcc/arm-none-eabi/9.2.1/../../../../arm-none-eabi/lib/thumb/v7e-m+fp/hard/libcr_semihost_nf.a(_cr_assert.o)
                              ./utilities/fsl_debug_console.o (__assertion_failed)
/Applications/MCUXpressoIDE_11.2.1_4149/ide/plugins/com.nxp.mcuxpresso.tools.macosx_11.2.0.202001021529/tools/bin/../lib/gcc/arm-none-eabi/9.2.1/../../../../arm-none-eabi/lib/thumb/v7e-m+fp/hard/libcr_semihost_nf.a(__ciob.o)
                              /Applications/MCUXpressoIDE_11.2.1_4149/ide/plugins/com.nxp.mcuxpresso.tools.macosx_11.2.0.202001021529/tools/bin/../lib/gcc/arm-none-eabi/9.2.1/../../../../arm-none-eabi/lib/thumb/v7e-m+fp/hard/libcr_semihost_nf.a(_cr_assert.o) (__Ciob)
/Applications/MCUXpressoIDE_11.2.1_4149/ide/plugins/com.nxp.mcuxpresso.tools.macosx_11.2.0.202001021529/tools/bin/../lib/gcc/arm-none-eabi/9.2.1/../../../../arm-none-eabi/lib/thumb/v7e-m+fp/hard/libcr_semihost_nf.a(__sys_appexit.o)
                              /Applications/MCUXpressoIDE_11.2.1_4149/ide/plugins/com.nxp.mcuxpresso.tools.macosx_11.2.0.202001021529/tools/bin/../lib/gcc/arm-none-eabi/9.2.1/../../../../arm-none-eabi/lib/thumb/v7e-m+fp/hard/libcr_semihost_nf.a(_cr_assert.o) (__sys_appexit)
/Applications/MCUXpressoIDE_11.2.1_4149/ide/plugins/com.nxp.mcuxpresso.tools.macosx_11.2.0.202001021529/tools/bin/../lib/gcc/arm-none-eabi/9.2.1/../../../../arm-none-eabi/lib/thumb/v7e-m+fp/hard/libcr_c.a(memcpy.o)
                              ./utilities/fsl_str.o (memcpy)
/Applications/MCUXpressoIDE_11.2.1_4149/ide/plugins/com.nxp.mcuxpresso.tools.macosx_11.2.0.202001021529/tools/bin/../lib/gcc/arm-none-eabi/9.2.1/../../../../arm-none-eabi/lib/thumb/v7e-m+fp/hard/libcr_c.a(memset.o)
                              ./source/i2c_config.o (memset)
/Applications/MCUXpressoIDE_11.2.1_4149/ide/plugins/com.nxp.mcuxpresso.tools.macosx_11.2.0.202001021529/tools/bin/../lib/gcc/arm-none-eabi/9.2.1/../../../../arm-none-eabi/lib/thumb/v7e-m+fp/hard/libcr_c.a(_deferredlazyseek.o)
                              /Applications/MCUXpressoIDE_11.2.1_4149/ide/plugins/com.nxp.mcuxpresso.tools.macosx_11.2.0.202001021529/tools/bin/../lib/gcc/arm-none-eabi/9.2.1/../../../../arm-none-eabi/lib/thumb/v7e-m+fp/hard/libcr_semihost_nf.a(_cr_assert.o) (__flsbuf)
/Applications/MCUXpressoIDE_11.2.1_4149/ide/plugins/com.nxp.mcuxpresso.tools.macosx_11.2.0.202001021529/tools/bin/../lib/gcc/arm-none-eabi/9.2.1/../../../../arm-none-eabi/lib/thumb/v7e-m+fp/hard/libcr_c.a(_fflush.o)
                              /Applications/MCUXpressoIDE_11.2.1_4149/ide/plugins/com.nxp.mcuxpresso.tools.macosx_11.2.0.202001021529/tools/bin/../lib/gcc/arm-none-eabi/9.2.1/../../../../arm-none-eabi/lib/thumb/v7e-m+fp/hard/libcr_c.a(_deferredlazyseek.o) (_fflush)
/Applications/MCUXpressoIDE_11.2.1_4149/ide/plugins/com.nxp.mcuxpresso.tools.macosx_11.2.0.202001021529/tools/bin/../lib/gcc/arm-none-eabi/9.2.1/../../../../arm-none-eabi/lib/thumb/v7e-m+fp/hard/libcr_c.a(_writebuf.o)
                              /Applications/MCUXpressoIDE_11.2.1_4149/ide/plugins/com.nxp.mcuxpresso.tools.macosx_11.2.0.202001021529/tools/bin/../lib/gcc/arm-none-eabi/9.2.1/../../../../arm-none-eabi/lib/thumb/v7e-m+fp/hard/libcr_c.a(_deferredlazyseek.o) (_Cwritebuf)
/Applications/MCUXpressoIDE_11.2.1_4149/ide/plugins/com.nxp.mcuxpresso.tools.macosx_11.2.0.202001021529/tools/bin/../lib/gcc/arm-none-eabi/9.2.1/../../../../arm-none-eabi/lib/thumb/v7e-m+fp/hard/libcr_c.a(alloc.o)
                              ./drivers/fsl_common.o (malloc)
/Applications/MCUXpressoIDE_11.2.1_4149/ide/plugins/com.nxp.mcuxpresso.tools.macosx_11.2.0.202001021529/tools/bin/../lib/gcc/arm-none-eabi/9.2.1/../../../../arm-none-eabi/lib/thumb/v7e-m+fp/hard/libcr_c.a(fputs.o)
                              /Applications/MCUXpressoIDE_11.2.1_4149/ide/plugins/com.nxp.mcuxpresso.tools.macosx_11.2.0.202001021529/tools/bin/../lib/gcc/arm-none-eabi/9.2.1/../../../../arm-none-eabi/lib/thumb/v7e-m+fp/hard/libcr_semihost_nf.a(_cr_assert.o) (fputs)
/Applications/MCUXpressoIDE_11.2.1_4149/ide/plugins/com.nxp.mcuxpresso.tools.macosx_11.2.0.202001021529/tools/bin/../lib/gcc/arm-none-eabi/9.2.1/../../../../arm-none-eabi/lib/thumb/v7e-m+fp/hard/libcr_c.a(fseek.o)
                              /Applications/MCUXpressoIDE_11.2.1_4149/ide/plugins/com.nxp.mcuxpresso.tools.macosx_11.2.0.202001021529/tools/bin/../lib/gcc/arm-none-eabi/9.2.1/../../../../arm-none-eabi/lib/thumb/v7e-m+fp/hard/libcr_c.a(_deferredlazyseek.o) (fseek)
[...]
Memory Configuration

Name             Origin             Length             Attributes
PROGRAM_FLASH    0x0000000000000000 0x0000000000100000 xr
SRAM_UPPER       0x0000000020000000 0x0000000000030000 xrw
SRAM_LOWER       0x000000001fff0000 0x0000000000010000 xrw
FLEX_RAM         0x0000000014000000 0x0000000000001000 xrw
*default*        0x0000000000000000 0xffffffffffffffff

Linker script and memory map

LOAD ./utilities/fsl_debug_console.o
LOAD ./utilities/fsl_str.o
LOAD ./startup/startup_mk64f12.o
LOAD ./source/algorithm.o
LOAD ./source/ecg.o
LOAD ./source/fever.o
LOAD ./source/gpio.o
LOAD ./source/i2c_config.o
LOAD ./source/o2.o
LOAD ./source/pit.o
LOAD ./source/semihost_hardfault.o
LOAD ./source/sensores.o
LOAD ./drivers/fsl_adc16.o
LOAD ./drivers/fsl_clock.o
LOAD ./drivers/fsl_common.o
LOAD ./drivers/fsl_gpio.o
LOAD ./drivers/fsl_i2c.o
LOAD ./drivers/fsl_pit.o
LOAD ./drivers/fsl_smc.o
LOAD ./drivers/fsl_uart.o
LOAD ./device/system_MK64F12.o
LOAD ./component/uart/uart_adapter.o
LOAD ./component/serial_manager/serial_manager.o
LOAD ./component/serial_manager/serial_port_uart.o
LOAD ./component/lists/generic_list.o
LOAD ./board/board.o
LOAD ./board/clock_config.o
LOAD ./board/peripherals.o
LOAD ./board/pin_mux.o
START GROUP
LOAD /Applications/MCUXpressoIDE_11.2.1_4149/ide/plugins/com.nxp.mcuxpresso.tools.macosx_11.2.0.202001021529/tools/bin/../lib/gcc/arm-none-eabi/9.2.1/../../../../arm-none-eabi/lib/thumb/v7e-m+fp/hard/libcr_semihost_nf.a
LOAD /Applications/MCUXpressoIDE_11.2.1_4149/ide/plugins/com.nxp.mcuxpresso.tools.macosx_11.2.0.202001021529/tools/bin/../lib/gcc/arm-none-eabi/9.2.1/../../../../arm-none-eabi/lib/thumb/v7e-m+fp/hard/libcr_c.a
LOAD /Applications/MCUXpressoIDE_11.2.1_4149/ide/plugins/com.nxp.mcuxpresso.tools.macosx_11.2.0.202001021529/tools/bin/../lib/gcc/arm-none-eabi/9.2.1/thumb/v7e-m+fp/hard/libcr_eabihelpers.a
LOAD /Applications/MCUXpressoIDE_11.2.1_4149/ide/plugins/com.nxp.mcuxpresso.tools.macosx_11.2.0.202001021529/tools/bin/../lib/gcc/arm-none-eabi/9.2.1/thumb/v7e-m+fp/hard/libgcc.a
END GROUP
                0x0000000000000000                __base_PROGRAM_FLASH = 0x0
                0x0000000000000000                __base_Flash = 0x0
                0x0000000000100000                __top_PROGRAM_FLASH = 0x100000
                0x0000000000100000                __top_Flash = 0x100000
                0x0000000020000000                __base_SRAM_UPPER = 0x20000000
                0x0000000020000000                __base_RAM = 0x20000000
                0x0000000020030000                __top_SRAM_UPPER = 0x20030000
                0x0000000020030000                __top_RAM = 0x20030000
                0x000000001fff0000                __base_SRAM_LOWER = 0x1fff0000
                0x000000001fff0000                __base_RAM2 = 0x1fff0000
                0x0000000020000000                __top_SRAM_LOWER = 0x20000000
                0x0000000020000000                __top_RAM2 = 0x20000000
                0x0000000014000000                __base_FLEX_RAM = 0x14000000
                0x0000000014000000                __base_RAM3 = 0x14000000
                0x0000000014001000                __top_FLEX_RAM = 0x14001000
                0x0000000014001000                __top_RAM3 = 0x14001000

.text           0x0000000000000000     0x3a68
 FILL mask 0xff
                0x0000000000000000                __vectors_start__ = ABSOLUTE (.)
 *(SORT_BY_ALIGNMENT(.isr_vector))
 .isr_vector    0x0000000000000000      0x198 ./startup/startup_mk64f12.o
                0x0000000000000000                __Vectors
                0x0000000000000000                g_pfnVectors
                0x0000000000000198                . = ALIGN (0x4)
                0x0000000000000198                __section_table_start = .
                0x0000000000000198                __data_section_table = .
                0x0000000000000198        0x4 LONG 0x3a68 LOADADDR (.data)
                0x000000000000019c        0x4 LONG 0x20000000 ADDR (.data)
                0x00000000000001a0        0x4 LONG 0x28 SIZEOF (.data)
                0x00000000000001a4        0x4 LONG 0x3a68 LOADADDR (.data_RAM2)
                0x00000000000001a8        0x4 LONG 0x1fff0000 ADDR (.data_RAM2)
                0x00000000000001ac        0x4 LONG 0x0 SIZEOF (.data_RAM2)
                0x00000000000001b0        0x4 LONG 0x3a68 LOADADDR (.data_RAM3)
                0x00000000000001b4        0x4 LONG 0x14000000 ADDR (.data_RAM3)
                0x00000000000001b8        0x4 LONG 0x0 SIZEOF (.data_RAM3)
                0x00000000000001bc                __data_section_table_end = .
                0x00000000000001bc                __bss_section_table = .
                0x00000000000001bc        0x4 LONG 0x20000028 ADDR (.bss)
                0x00000000000001c0        0x4 LONG 0x3e0 SIZEOF (.bss)
                0x00000000000001c4        0x4 LONG 0x1fff0000 ADDR (.bss_RAM2)
                0x00000000000001c8        0x4 LONG 0x0 SIZEOF (.bss_RAM2)
                0x00000000000001cc        0x4 LONG 0x14000000 ADDR (.bss_RAM3)
                0x00000000000001d0        0x4 LONG 0x0 SIZEOF (.bss_RAM3)
                0x00000000000001d4                __bss_section_table_end = .
                0x00000000000001d4                __section_table_end = .
 *(SORT_BY_ALIGNMENT(.after_vectors*))
 .after_vectors.reset
                0x00000000000001d4       0x4c ./startup/startup_mk64f12.o
                0x00000000000001d4                ResetISR
 .after_vectors.init_data
                0x0000000000000220       0x1e ./startup/startup_mk64f12.o
                0x0000000000000220                data_init
 .after_vectors.init_bss
                0x000000000000023e       0x12 ./startup/startup_mk64f12.o
                0x000000000000023e                bss_init
 .after_vectors
                0x0000000000000250       0x14 ./startup/startup_mk64f12.o
                0x0000000000000250                NMI_Handler
                0x0000000000000254                MemManage_Handler
                0x0000000000000256                BusFault_Handler
                0x0000000000000258                UsageFault_Handler
                0x000000000000025a                SVC_Handler
                0x000000000000025c                DebugMon_Handler
                0x000000000000025e                PendSV_Handler
                0x0000000000000260                SysTick_Handler
                0x0000000000000262                FTM2_DriverIRQHandler
                0x0000000000000262                PIT2_DriverIRQHandler
                0x0000000000000262                SDHC_DriverIRQHandler
                0x0000000000000262                I2S0_Tx_DriverIRQHandler
                0x0000000000000262                RTC_Seconds_DriverIRQHandler
                0x0000000000000262                DMA6_DriverIRQHandler
                0x0000000000000262                LLWU_DriverIRQHandler
                0x0000000000000262                MCM_DriverIRQHandler
                0x0000000000000262                MCG_DriverIRQHandler
                0x0000000000000262                ENET_1588_Timer_DriverIRQHandler
                0x0000000000000262                DAC1_DriverIRQHandler
                0x0000000000000262                CMP1_DriverIRQHandler
                0x0000000000000262                FTM0_DriverIRQHandler
                0x0000000000000262                IntDefaultHandler
                0x0000000000000262                USB0_DriverIRQHandler
                0x0000000000000262                UART5_ERR_DriverIRQHandler
                0x0000000000000262                PORTC_DriverIRQHandler
                0x0000000000000262                DMA11_DriverIRQHandler
                0x0000000000000262                DAC0_DriverIRQHandler
                0x0000000000000262                DMA10_DriverIRQHandler
                0x0000000000000262                CMP2_DriverIRQHandler
                0x0000000000000262                UART2_ERR_DriverIRQHandler
                0x0000000000000262                SPI2_DriverIRQHandler
                0x0000000000000262                LVD_LVW_DriverIRQHandler
                0x0000000000000262                PIT0_DriverIRQHandler
                0x0000000000000262                RNG_DriverIRQHandler
                0x0000000000000262                DMA5_DriverIRQHandler
                0x0000000000000262                DMA4_DriverIRQHandler
                0x0000000000000262                USBDCD_DriverIRQHandler
                0x0000000000000262                UART3_ERR_DriverIRQHandler
                0x0000000000000262                DMA3_DriverIRQHandler
                0x0000000000000262                DMA8_DriverIRQHandler
                0x0000000000000262                DMA9_DriverIRQHandler
                0x0000000000000262                UART0_ERR_DriverIRQHandler
                0x0000000000000262                CMT_DriverIRQHandler
                0x0000000000000262                Reserved71_DriverIRQHandler
                0x0000000000000262                ADC1_DriverIRQHandler
                0x0000000000000262                PORTA_DriverIRQHandler
                0x0000000000000262                DMA14_DriverIRQHandler
                0x0000000000000262                PIT3_DriverIRQHandler
                0x0000000000000262                PIT1_DriverIRQHandler
                0x0000000000000262                WDOG_EWM_DriverIRQHandler
                0x0000000000000262                PDB0_DriverIRQHandler
                0x0000000000000262                RTC_DriverIRQHandler
                0x0000000000000262                I2S0_Rx_DriverIRQHandler
                0x0000000000000262                Read_Collision_DriverIRQHandler
                0x0000000000000262                SWI_DriverIRQHandler
                0x0000000000000262                UART4_ERR_DriverIRQHandler
                0x0000000000000262                UART0_LON_DriverIRQHandler
                0x0000000000000262                DMA1_DriverIRQHandler
                0x0000000000000262                ENET_Receive_DriverIRQHandler
                0x0000000000000262                DMA13_DriverIRQHandler
                0x0000000000000262                ENET_Error_DriverIRQHandler
                0x0000000000000262                DMA15_DriverIRQHandler
                0x0000000000000262                SPI0_DriverIRQHandler
                0x0000000000000262                ADC0_DriverIRQHandler
                0x0000000000000262                CMP0_DriverIRQHandler
                0x0000000000000262                CAN0_DriverIRQHandler
                0x0000000000000262                FTM3_DriverIRQHandler
                0x0000000000000262                UART1_ERR_DriverIRQHandler
                0x0000000000000262                DMA2_DriverIRQHandler
                0x0000000000000262                ENET_Transmit_DriverIRQHandler
                0x0000000000000262                PORTD_DriverIRQHandler
                0x0000000000000262                PORTE_DriverIRQHandler
                0x0000000000000262                FTFE_DriverIRQHandler
                0x0000000000000262                DMA7_DriverIRQHandler
                0x0000000000000262                DMA0_DriverIRQHandler
                0x0000000000000262                PORTB_DriverIRQHandler
                0x0000000000000262                DMA12_DriverIRQHandler
                0x0000000000000262                SPI1_DriverIRQHandler
                0x0000000000000262                LPTMR0_DriverIRQHandler
                0x0000000000000262                DMA_Error_DriverIRQHandler
                0x0000000000000262                FTM1_DriverIRQHandler
                0x0000000000000400                . = 0x400
 *fill*         0x0000000000000264      0x19c ff
                0x0000000000000400                PROVIDE (__FLASH_CONFIG_START__ = .)
 *(SORT_BY_ALIGNMENT(.FlashConfig))
 .FlashConfig   0x0000000000000400       0x10 ./startup/startup_mk64f12.o
                0x0000000000000400                Flash_Config
                0x0000000000000410                PROVIDE (__FLASH_CONFIG_END__ = .)
                0x0000000000000001                ASSERT (! ((__FLASH_CONFIG_START__ == __FLASH_CONFIG_END__)), Linker Flash Config Support Enabled, but no .FlashConfig section provided within application)
 *(SORT_BY_ALIGNMENT(.text*))
 .text.__NVIC_EnableIRQ
                0x0000000000000410       0x3c ./source/ecg.o
 .text.ADC16_GetChannelConversionValue
                0x000000000000044c       0x2c ./source/ecg.o
 .text.ecg_init
                0x0000000000000478       0x2c ./source/ecg.o
                0x0000000000000478                ecg_init
 .text.ecg_get_samples
                0x00000000000004a4       0x74 ./source/ecg.o
                0x00000000000004a4                ecg_get_samples
 .text.ADC0_IRQHandler
                0x0000000000000518       0xa0 ./source/ecg.o
                0x0000000000000518                ADC0_IRQHandler
 .text.PORTD_IRQHandler
                0x00000000000005b8       0x64 ./source/gpio.o
                0x00000000000005b8                PORTD_IRQHandler
 .text.PORTA_IRQHandler
                0x000000000000061c       0x5c ./source/gpio.o
                0x000000000000061c                PORTA_IRQHandler
 .text.PORTB_IRQHandler
                0x0000000000000678       0x64 ./source/gpio.o
                0x0000000000000678                PORTB_IRQHandler
 .text.PORTE_IRQHandler
                0x00000000000006dc       0x64 ./source/gpio.o
                0x00000000000006dc                PORTE_IRQHandler
 .text.PORTC_IRQHandler
                0x0000000000000740       0x64 ./source/gpio.o
                0x0000000000000740                PORTC_IRQHandler
 .text.PORT_ClearInterruptFlag
                0x00000000000007a4       0x48 ./source/gpio.o
                0x00000000000007a4                PORT_ClearInterruptFlag
 .text.PIT0_IRQHandler
                0x00000000000007ec       0x28 ./source/pit.o
                0x00000000000007ec                PIT0_IRQHandler
 .text.PIT1_IRQHandler
                0x0000000000000814       0x28 ./source/pit.o
                0x0000000000000814                PIT1_IRQHandler
 .text.PIT2_IRQHandler
                0x000000000000083c       0x28 ./source/pit.o
                0x000000000000083c                PIT2_IRQHandler
 .text.main     0x0000000000000864       0x3c ./source/sensores.o
                0x0000000000000864                main
 .text.ecg_callback
                0x00000000000008a0       0x44 ./source/sensores.o
                0x00000000000008a0                ecg_callback
 .text.ADC16_GetInstance
                0x00000000000008e4       0x4c ./drivers/fsl_adc16.o
 .text.ADC16_Init
                0x0000000000000930      0x10c ./drivers/fsl_adc16.o
                0x0000000000000930                ADC16_Init
 .text.ADC16_SetChannelConfig
                0x0000000000000a3c       0x68 ./drivers/fsl_adc16.o
                0x0000000000000a3c                ADC16_SetChannelConfig
 .text.CLOCK_SetEr32kClock
                0x0000000000000aa4       0x30 ./drivers/fsl_clock.o
 .text.CLOCK_SetPllFllSelClock
                0x0000000000000ad4       0x3c ./drivers/fsl_clock.o
 .text.CLOCK_GetMcgExtClkFreq
                0x0000000000000b10       0x7c ./drivers/fsl_clock.o
 .text.CLOCK_GetFllExtRefClkFreq
                0x0000000000000b8c       0xb0 ./drivers/fsl_clock.o
 .text.CLOCK_GetInternalRefClkSelectFreq
                0x0000000000000c3c       0x4c ./drivers/fsl_clock.o
 .text.CLOCK_GetFllRefClkFreq
                0x0000000000000c88       0x34 ./drivers/fsl_clock.o
 .text.CLOCK_GetOscRangeFromFreq
                0x0000000000000cbc       0x3c ./drivers/fsl_clock.o
 .text.CLOCK_GetCoreSysClkFreq
                0x0000000000000cf8       0x28 ./drivers/fsl_clock.o
                0x0000000000000cf8                CLOCK_GetCoreSysClkFreq
 .text.CLOCK_SetSimConfig
                0x0000000000000d20       0x38 ./drivers/fsl_clock.o
                0x0000000000000d20                CLOCK_SetSimConfig
 .text.CLOCK_EnableUsbfs0Clock
                0x0000000000000d58      0x110 ./drivers/fsl_clock.o
                0x0000000000000d58                CLOCK_EnableUsbfs0Clock
 .text.CLOCK_GetOutClkFreq
                0x0000000000000e68       0x64 ./drivers/fsl_clock.o
                0x0000000000000e68                CLOCK_GetOutClkFreq
 .text.CLOCK_GetFllFreq
                0x0000000000000ecc       0x84 ./drivers/fsl_clock.o
                0x0000000000000ecc                CLOCK_GetFllFreq
 .text.CLOCK_GetPll0Freq
                0x0000000000000f50       0x78 ./drivers/fsl_clock.o
                0x0000000000000f50                CLOCK_GetPll0Freq
 .text.CLOCK_SetExternalRefClkConfig
                0x0000000000000fc8       0x6c ./drivers/fsl_clock.o
                0x0000000000000fc8                CLOCK_SetExternalRefClkConfig
 .text.CLOCK_SetInternalRefClkConfig
                0x0000000000001034      0x104 ./drivers/fsl_clock.o
                0x0000000000001034                CLOCK_SetInternalRefClkConfig
 .text.CLOCK_EnablePll0
                0x0000000000001138       0x88 ./drivers/fsl_clock.o
                0x0000000000001138                CLOCK_EnablePll0
 .text.CLOCK_InitOsc0
                0x00000000000011c0       0x8c ./drivers/fsl_clock.o
                0x00000000000011c0                CLOCK_InitOsc0
 .text.CLOCK_SetPbeMode
                0x000000000000124c       0xa8 ./drivers/fsl_clock.o
                0x000000000000124c                CLOCK_SetPbeMode
 .text.CLOCK_BootToPeeMode
                0x00000000000012f4       0x64 ./drivers/fsl_clock.o
                0x00000000000012f4                CLOCK_BootToPeeMode
 .text.I2C_TransferCommonIRQHandler
                0x0000000000001358       0x58 ./drivers/fsl_i2c.o
 .text.I2C0_DriverIRQHandler
                0x00000000000013b0       0x1c ./drivers/fsl_i2c.o
                0x00000000000013b0                I2C0_DriverIRQHandler
 .text.I2C1_DriverIRQHandler
                0x00000000000013cc       0x1c ./drivers/fsl_i2c.o
                0x00000000000013cc                I2C1_DriverIRQHandler
 .text.I2C2_DriverIRQHandler
                0x00000000000013e8       0x1c ./drivers/fsl_i2c.o
                0x00000000000013e8                I2C2_DriverIRQHandler
 .text.PIT_GetInstance
                0x0000000000001404       0x44 ./drivers/fsl_pit.o
 .text.PIT_Init
                0x0000000000001448       0x94 ./drivers/fsl_pit.o
                0x0000000000001448                PIT_Init
 .text.UART0_DriverIRQHandler
                0x00000000000014dc       0x28 ./drivers/fsl_uart.o
                0x00000000000014dc                UART0_DriverIRQHandler
 .text.UART1_DriverIRQHandler
                0x0000000000001504       0x28 ./drivers/fsl_uart.o
                0x0000000000001504                UART1_DriverIRQHandler
 .text.UART2_DriverIRQHandler
                0x000000000000152c       0x28 ./drivers/fsl_uart.o
                0x000000000000152c                UART2_DriverIRQHandler
 .text.UART3_DriverIRQHandler
                0x0000000000001554       0x28 ./drivers/fsl_uart.o
                0x0000000000001554                UART3_DriverIRQHandler
 .text.UART4_DriverIRQHandler
                0x000000000000157c       0x28 ./drivers/fsl_uart.o
                0x000000000000157c                UART4_DriverIRQHandler
 .text.UART5_DriverIRQHandler
                0x00000000000015a4       0x28 ./drivers/fsl_uart.o
                0x00000000000015a4                UART5_DriverIRQHandler
 .text.SystemInit
                0x00000000000015cc       0x3c ./device/system_MK64F12.o
                0x00000000000015cc                SystemInit
 .text.CLOCK_SetSdhc0Clock
                0x0000000000001608       0x3c ./board/clock_config.o
 .text.CLOCK_SetEnetTime0Clock
                0x0000000000001644       0x3c ./board/clock_config.o
 .text.CLOCK_SetRmii0Clock
                0x0000000000001680       0x3c ./board/clock_config.o
 .text.CLOCK_SetTraceClock
                0x00000000000016bc       0x3c ./board/clock_config.o
 .text.CLOCK_SetClkOutClock
                0x00000000000016f8       0x38 ./board/clock_config.o
 .text.CLOCK_SetSimSafeDivs
                0x0000000000001730       0x20 ./board/clock_config.o
 .text.CLOCK_SetXtal0Freq
                0x0000000000001750       0x20 ./board/clock_config.o
 .text.CLOCK_CONFIG_SetFllExtRefDiv
                0x0000000000001770       0x3c ./board/clock_config.o
 .text.BOARD_BootClockRUN
                0x00000000000017ac       0x88 ./board/clock_config.o
                0x00000000000017ac                BOARD_BootClockRUN
 .text.__NVIC_EnableIRQ
                0x0000000000001834       0x3c ./board/peripherals.o
 .text.ADC0_init
                0x0000000000001870       0x48 ./board/peripherals.o
 .text.PIT_init
                0x00000000000018b8       0x28 ./board/peripherals.o
 .text.PORT_SetPinConfig
                0x00000000000018e0       0x38 ./board/pin_mux.o
 .text.BOARD_InitPins
                0x0000000000001918       0x50 ./board/pin_mux.o
                0x0000000000001918                BOARD_InitPins
 .text.BOARD_InitDEBUG_UARTPins
                0x0000000000001968       0x6c ./board/pin_mux.o
                0x0000000000001968                BOARD_InitDEBUG_UARTPins
 .text.__assertion_failed
                0x00000000000019d4       0x4c /Applications/MCUXpressoIDE_11.2.1_4149/ide/plugins/com.nxp.mcuxpresso.tools.macosx_11.2.0.202001021529/tools/bin/../lib/gcc/arm-none-eabi/9.2.1/../../../../arm-none-eabi/lib/thumb/v7e-m+fp/hard/libcr_semihost_nf.a(_cr_assert.o)
                0x00000000000019d4                __assertion_failed
 .text.__sys_appexit
                0x0000000000001a20        0xc /Applications/MCUXpressoIDE_11.2.1_4149/ide/plugins/com.nxp.mcuxpresso.tools.macosx_11.2.0.202001021529/tools/bin/../lib/gcc/arm-none-eabi/9.2.1/../../../../arm-none-eabi/lib/thumb/v7e-m+fp/hard/libcr_semihost_nf.a(__sys_appexit.o)
                0x0000000000001a20                __exit
                0x0000000000001a20                __sys_appexit
 .text._Cwritebuf
                0x0000000000001a2c       0x6c /Applications/MCUXpressoIDE_11.2.1_4149/ide/plugins/com.nxp.mcuxpresso.tools.macosx_11.2.0.202001021529/tools/bin/../lib/gcc/arm-none-eabi/9.2.1/../../../../arm-none-eabi/lib/thumb/v7e-m+fp/hard/libcr_c.a(_writebuf.o)
                0x0000000000001a2c                _Cwritebuf
 .text.malloc   0x0000000000001a98       0xc8 /Applications/MCUXpressoIDE_11.2.1_4149/ide/plugins/com.nxp.mcuxpresso.tools.macosx_11.2.0.202001021529/tools/bin/../lib/gcc/arm-none-eabi/9.2.1/../../../../arm-none-eabi/lib/thumb/v7e-m+fp/hard/libcr_c.a(alloc.o)
                0x0000000000001a98                malloc
 .text._Csys_alloc
                0x0000000000001b60       0x20 /Applications/MCUXpressoIDE_11.2.1_4149/ide/plugins/com.nxp.mcuxpresso.tools.macosx_11.2.0.202001021529/tools/bin/../lib/gcc/arm-none-eabi/9.2.1/../../../../arm-none-eabi/lib/thumb/v7e-m+fp/hard/libcr_c.a(alloc.o)
                0x0000000000001b60                _Csys_alloc
 .text.fseek    0x0000000000001b80      0x100 /Applications/MCUXpressoIDE_11.2.1_4149/ide/plugins/com.nxp.mcuxpresso.tools.macosx_11.2.0.202001021529/tools/bin/../lib/gcc/arm-none-eabi/9.2.1/../../../../arm-none-eabi/lib/thumb/v7e-m+fp/hard/libcr_c.a(fseek.o)
                0x0000000000001b80                fseek
 .text.ftell    0x0000000000001c80       0x44 /Applications/MCUXpressoIDE_11.2.1_4149/ide/plugins/com.nxp.mcuxpresso.tools.macosx_11.2.0.202001021529/tools/bin/../lib/gcc/arm-none-eabi/9.2.1/../../../../arm-none-eabi/lib/thumb/v7e-m+fp/hard/libcr_c.a(ftell.o)
                0x0000000000001c80                ftell
 .text._initio  0x0000000000001cc4       0x78 /Applications/MCUXpressoIDE_11.2.1_4149/ide/plugins/com.nxp.mcuxpresso.tools.macosx_11.2.0.202001021529/tools/bin/../lib/gcc/arm-none-eabi/9.2.1/../../../../arm-none-eabi/lib/thumb/v7e-m+fp/hard/libcr_c.a(initio.o)
                0x0000000000001cc4                _initio
 .text.__vfprintf
                0x0000000000001d3c      0xce8 /Applications/MCUXpressoIDE_11.2.1_4149/ide/plugins/com.nxp.mcuxpresso.tools.macosx_11.2.0.202001021529/tools/bin/../lib/gcc/arm-none-eabi/9.2.1/../../../../arm-none-eabi/lib/thumb/v7e-m+fp/hard/libcr_c.a(printf.o)
                0x0000000000001d3c                __vfprintf
 .text._vsnprintf
                0x0000000000002a24       0x68 /Applications/MCUXpressoIDE_11.2.1_4149/ide/plugins/com.nxp.mcuxpresso.tools.macosx_11.2.0.202001021529/tools/bin/../lib/gcc/arm-none-eabi/9.2.1/../../../../arm-none-eabi/lib/thumb/v7e-m+fp/hard/libcr_c.a(printf.o)
                0x0000000000002a24                _vsnprintf
 .text._printf  0x0000000000002a8c       0x54 /Applications/MCUXpressoIDE_11.2.1_4149/ide/plugins/com.nxp.mcuxpresso.tools.macosx_11.2.0.202001021529/tools/bin/../lib/gcc/arm-none-eabi/9.2.1/../../../../arm-none-eabi/lib/thumb/v7e-m+fp/hard/libcr_c.a(printf.o)
                0x0000000000002a8c                _printf
 .text._sbrk    0x0000000000002ae0       0x3c /Applications/MCUXpressoIDE_11.2.1_4149/ide/plugins/com.nxp.mcuxpresso.tools.macosx_11.2.0.202001021529/tools/bin/../lib/gcc/arm-none-eabi/9.2.1/../../../../arm-none-eabi/lib/thumb/v7e-m+fp/hard/libcr_c.a(_cr_sbrk.o)
                0x0000000000002ae0                _sbrk
 .text.fflush   0x0000000000002b1c       0x44 /Applications/MCUXpressoIDE_11.2.1_4149/ide/plugins/com.nxp.mcuxpresso.tools.macosx_11.2.0.202001021529/tools/bin/../lib/gcc/arm-none-eabi/9.2.1/../../../../arm-none-eabi/lib/thumb/v7e-m+fp/hard/libcr_c.a(fflush.o)
                0x0000000000002b1c                fflush
 .text.__check_heap_overflow
                0x0000000000002b60       0x18 /Applications/MCUXpressoIDE_11.2.1_4149/ide/plugins/com.nxp.mcuxpresso.tools.macosx_11.2.0.202001021529/tools/bin/../lib/gcc/arm-none-eabi/9.2.1/../../../../arm-none-eabi/lib/thumb/v7e-m+fp/hard/libcr_c.a(_cr_check_heap.o)
                0x0000000000002b60                __check_heap_overflow
 .text.DMA0_IRQHandler
                0x0000000000002b78        0x8 ./startup/startup_mk64f12.o
                0x0000000000002b78                DMA0_IRQHandler
 .text.DMA1_IRQHandler
                0x0000000000002b80        0x8 ./startup/startup_mk64f12.o
                0x0000000000002b80                DMA1_IRQHandler
 .text.DMA2_IRQHandler
                0x0000000000002b88        0x8 ./startup/startup_mk64f12.o
                0x0000000000002b88                DMA2_IRQHandler
 .text.DMA3_IRQHandler
                0x0000000000002b90        0x8 ./startup/startup_mk64f12.o
                0x0000000000002b90                DMA3_IRQHandler
 .text.DMA4_IRQHandler
                0x0000000000002b98        0x8 ./startup/startup_mk64f12.o
                0x0000000000002b98                DMA4_IRQHandler
 .text.DMA5_IRQHandler
                0x0000000000002ba0        0x8 ./startup/startup_mk64f12.o
                0x0000000000002ba0                DMA5_IRQHandler
 .text.DMA6_IRQHandler
                0x0000000000002ba8        0x8 ./startup/startup_mk64f12.o
                0x0000000000002ba8                DMA6_IRQHandler
 .text.DMA7_IRQHandler
                0x0000000000002bb0        0x8 ./startup/startup_mk64f12.o
                0x0000000000002bb0                DMA7_IRQHandler
 .text.DMA8_IRQHandler
                0x0000000000002bb8        0x8 ./startup/startup_mk64f12.o
                0x0000000000002bb8                DMA8_IRQHandler
 .text.DMA9_IRQHandler
                0x0000000000002bc0        0x8 ./startup/startup_mk64f12.o
                0x0000000000002bc0                DMA9_IRQHandler
 .text.DMA10_IRQHandler
                0x0000000000002bc8        0x8 ./startup/startup_mk64f12.o
                0x0000000000002bc8                DMA10_IRQHandler
 .text.DMA11_IRQHandler
                0x0000000000002bd0        0x8 ./startup/startup_mk64f12.o
                0x0000000000002bd0                DMA11_IRQHandler
 .text.DMA12_IRQHandler
                0x0000000000002bd8        0x8 ./startup/startup_mk64f12.o
                0x0000000000002bd8                DMA12_IRQHandler
 .text.DMA13_IRQHandler
                0x0000000000002be0        0x8 ./startup/startup_mk64f12.o
                0x0000000000002be0                DMA13_IRQHandler
 .text.DMA14_IRQHandler
                0x0000000000002be8        0x8 ./startup/startup_mk64f12.o
                0x0000000000002be8                DMA14_IRQHandler
 .text.DMA15_IRQHandler
                0x0000000000002bf0        0x8 ./startup/startup_mk64f12.o
                0x0000000000002bf0                DMA15_IRQHandler
 .text.DMA_Error_IRQHandler
                0x0000000000002bf8        0x8 ./startup/startup_mk64f12.o
                0x0000000000002bf8                DMA_Error_IRQHandler
 .text.MCM_IRQHandler
                0x0000000000002c00        0x8 ./startup/startup_mk64f12.o
                0x0000000000002c00                MCM_IRQHandler
 .text.FTFE_IRQHandler
                0x0000000000002c08        0x8 ./startup/startup_mk64f12.o
                0x0000000000002c08                FTFE_IRQHandler
 .text.Read_Collision_IRQHandler
                0x0000000000002c10        0x8 ./startup/startup_mk64f12.o
                0x0000000000002c10                Read_Collision_IRQHandler
 .text.LVD_LVW_IRQHandler
                0x0000000000002c18        0x8 ./startup/startup_mk64f12.o
                0x0000000000002c18                LVD_LVW_IRQHandler
 .text.LLWU_IRQHandler
                0x0000000000002c20        0x8 ./startup/startup_mk64f12.o
                0x0000000000002c20                LLWU_IRQHandler
 .text.WDOG_EWM_IRQHandler
                0x0000000000002c28        0x8 ./startup/startup_mk64f12.o
                0x0000000000002c28                WDOG_EWM_IRQHandler
 .text.RNG_IRQHandler
                0x0000000000002c30        0x8 ./startup/startup_mk64f12.o
                0x0000000000002c30                RNG_IRQHandler
 .text.I2C0_IRQHandler
                0x0000000000002c38        0x8 ./startup/startup_mk64f12.o
                0x0000000000002c38                I2C0_IRQHandler
 .text.I2C1_IRQHandler
                0x0000000000002c40        0x8 ./startup/startup_mk64f12.o
                0x0000000000002c40                I2C1_IRQHandler
 .text.SPI0_IRQHandler
                0x0000000000002c48        0x8 ./startup/startup_mk64f12.o
                0x0000000000002c48                SPI0_IRQHandler
 .text.SPI1_IRQHandler
                0x0000000000002c50        0x8 ./startup/startup_mk64f12.o
                0x0000000000002c50                SPI1_IRQHandler
 .text.I2S0_Tx_IRQHandler
                0x0000000000002c58        0x8 ./startup/startup_mk64f12.o
                0x0000000000002c58                I2S0_Tx_IRQHandler
 .text.I2S0_Rx_IRQHandler
                0x0000000000002c60        0x8 ./startup/startup_mk64f12.o
                0x0000000000002c60                I2S0_Rx_IRQHandler
 .text.UART0_LON_IRQHandler
                0x0000000000002c68        0x8 ./startup/startup_mk64f12.o
                0x0000000000002c68                UART0_LON_IRQHandler
 .text.UART0_RX_TX_IRQHandler
                0x0000000000002c70        0x8 ./startup/startup_mk64f12.o
                0x0000000000002c70                UART0_RX_TX_IRQHandler
 .text.UART0_ERR_IRQHandler
                0x0000000000002c78        0x8 ./startup/startup_mk64f12.o
                0x0000000000002c78                UART0_ERR_IRQHandler
 .text.UART1_RX_TX_IRQHandler
                0x0000000000002c80        0x8 ./startup/startup_mk64f12.o
                0x0000000000002c80                UART1_RX_TX_IRQHandler
 .text.UART1_ERR_IRQHandler
                0x0000000000002c88        0x8 ./startup/startup_mk64f12.o
                0x0000000000002c88                UART1_ERR_IRQHandler
 .text.UART2_RX_TX_IRQHandler
                0x0000000000002c90        0x8 ./startup/startup_mk64f12.o
                0x0000000000002c90                UART2_RX_TX_IRQHandler
 .text.UART2_ERR_IRQHandler
                0x0000000000002c98        0x8 ./startup/startup_mk64f12.o
                0x0000000000002c98                UART2_ERR_IRQHandler
 .text.UART3_RX_TX_IRQHandler
                0x0000000000002ca0        0x8 ./startup/startup_mk64f12.o
                0x0000000000002ca0                UART3_RX_TX_IRQHandler
 .text.UART3_ERR_IRQHandler
                0x0000000000002ca8        0x8 ./startup/startup_mk64f12.o
                0x0000000000002ca8                UART3_ERR_IRQHandler
 .text.CMP0_IRQHandler
                0x0000000000002cb0        0x8 ./startup/startup_mk64f12.o
                0x0000000000002cb0                CMP0_IRQHandler
 .text.CMP1_IRQHandler
                0x0000000000002cb8        0x8 ./startup/startup_mk64f12.o
                0x0000000000002cb8                CMP1_IRQHandler
 .text.FTM0_IRQHandler
                0x0000000000002cc0        0x8 ./startup/startup_mk64f12.o
                0x0000000000002cc0                FTM0_IRQHandler
 .text.FTM1_IRQHandler
                0x0000000000002cc8        0x8 ./startup/startup_mk64f12.o
                0x0000000000002cc8                FTM1_IRQHandler
 .text.FTM2_IRQHandler
                0x0000000000002cd0        0x8 ./startup/startup_mk64f12.o
                0x0000000000002cd0                FTM2_IRQHandler
 .text.CMT_IRQHandler
                0x0000000000002cd8        0x8 ./startup/startup_mk64f12.o
                0x0000000000002cd8                CMT_IRQHandler
 .text.RTC_IRQHandler
                0x0000000000002ce0        0x8 ./startup/startup_mk64f12.o
                0x0000000000002ce0                RTC_IRQHandler
 .text.RTC_Seconds_IRQHandler
                0x0000000000002ce8        0x8 ./startup/startup_mk64f12.o
                0x0000000000002ce8                RTC_Seconds_IRQHandler
 .text.PIT3_IRQHandler
                0x0000000000002cf0        0x8 ./startup/startup_mk64f12.o
                0x0000000000002cf0                PIT3_IRQHandler
 .text.PDB0_IRQHandler
                0x0000000000002cf8        0x8 ./startup/startup_mk64f12.o
                0x0000000000002cf8                PDB0_IRQHandler
 .text.USB0_IRQHandler
                0x0000000000002d00        0x8 ./startup/startup_mk64f12.o
                0x0000000000002d00                USB0_IRQHandler
 .text.USBDCD_IRQHandler
                0x0000000000002d08        0x8 ./startup/startup_mk64f12.o
                0x0000000000002d08                USBDCD_IRQHandler
 .text.Reserved71_IRQHandler
                0x0000000000002d10        0x8 ./startup/startup_mk64f12.o
                0x0000000000002d10                Reserved71_IRQHandler
 .text.DAC0_IRQHandler
                0x0000000000002d18        0x8 ./startup/startup_mk64f12.o
                0x0000000000002d18                DAC0_IRQHandler
 .text.MCG_IRQHandler
                0x0000000000002d20        0x8 ./startup/startup_mk64f12.o
                0x0000000000002d20                MCG_IRQHandler
 .text.LPTMR0_IRQHandler
                0x0000000000002d28        0x8 ./startup/startup_mk64f12.o
                0x0000000000002d28                LPTMR0_IRQHandler
 .text.SWI_IRQHandler
                0x0000000000002d30        0x8 ./startup/startup_mk64f12.o
                0x0000000000002d30                SWI_IRQHandler
 .text.SPI2_IRQHandler
                0x0000000000002d38        0x8 ./startup/startup_mk64f12.o
                0x0000000000002d38                SPI2_IRQHandler
 .text.UART4_RX_TX_IRQHandler
                0x0000000000002d40        0x8 ./startup/startup_mk64f12.o
                0x0000000000002d40                UART4_RX_TX_IRQHandler
 .text.UART4_ERR_IRQHandler
                0x0000000000002d48        0x8 ./startup/startup_mk64f12.o
                0x0000000000002d48                UART4_ERR_IRQHandler
 .text.UART5_RX_TX_IRQHandler
                0x0000000000002d50        0x8 ./startup/startup_mk64f12.o
                0x0000000000002d50                UART5_RX_TX_IRQHandler
 .text.UART5_ERR_IRQHandler
                0x0000000000002d58        0x8 ./startup/startup_mk64f12.o
                0x0000000000002d58                UART5_ERR_IRQHandler
 .text.CMP2_IRQHandler
                0x0000000000002d60        0x8 ./startup/startup_mk64f12.o
                0x0000000000002d60                CMP2_IRQHandler
 .text.FTM3_IRQHandler
                0x0000000000002d68        0x8 ./startup/startup_mk64f12.o
                0x0000000000002d68                FTM3_IRQHandler
 .text.DAC1_IRQHandler
                0x0000000000002d70        0x8 ./startup/startup_mk64f12.o
                0x0000000000002d70                DAC1_IRQHandler
 .text.ADC1_IRQHandler
                0x0000000000002d78        0x8 ./startup/startup_mk64f12.o
                0x0000000000002d78                ADC1_IRQHandler
 .text.I2C2_IRQHandler
                0x0000000000002d80        0x8 ./startup/startup_mk64f12.o
                0x0000000000002d80                I2C2_IRQHandler
 .text.CAN0_ORed_Message_buffer_IRQHandler
                0x0000000000002d88        0x8 ./startup/startup_mk64f12.o
                0x0000000000002d88                CAN0_ORed_Message_buffer_IRQHandler
 .text.CAN0_Bus_Off_IRQHandler
                0x0000000000002d90        0x8 ./startup/startup_mk64f12.o
                0x0000000000002d90                CAN0_Bus_Off_IRQHandler
 .text.CAN0_Error_IRQHandler
                0x0000000000002d98        0x8 ./startup/startup_mk64f12.o
                0x0000000000002d98                CAN0_Error_IRQHandler
 .text.CAN0_Tx_Warning_IRQHandler
                0x0000000000002da0        0x8 ./startup/startup_mk64f12.o
                0x0000000000002da0                CAN0_Tx_Warning_IRQHandler
 .text.CAN0_Rx_Warning_IRQHandler
                0x0000000000002da8        0x8 ./startup/startup_mk64f12.o
                0x0000000000002da8                CAN0_Rx_Warning_IRQHandler
 .text.CAN0_Wake_Up_IRQHandler
                0x0000000000002db0        0x8 ./startup/startup_mk64f12.o
                0x0000000000002db0                CAN0_Wake_Up_IRQHandler
 .text.SDHC_IRQHandler
                0x0000000000002db8        0x8 ./startup/startup_mk64f12.o
                0x0000000000002db8                SDHC_IRQHandler
 .text.ENET_1588_Timer_IRQHandler
                0x0000000000002dc0        0x8 ./startup/startup_mk64f12.o
                0x0000000000002dc0                ENET_1588_Timer_IRQHandler
 .text.ENET_Transmit_IRQHandler
                0x0000000000002dc8        0x8 ./startup/startup_mk64f12.o
                0x0000000000002dc8                ENET_Transmit_IRQHandler
 .text.ENET_Receive_IRQHandler
                0x0000000000002dd0        0x8 ./startup/startup_mk64f12.o
                0x0000000000002dd0                ENET_Receive_IRQHandler
 .text.ENET_Error_IRQHandler
                0x0000000000002dd8        0x8 ./startup/startup_mk64f12.o
                0x0000000000002dd8                ENET_Error_IRQHandler
 .text.PIT_StartTimer
                0x0000000000002de0       0x38 ./source/ecg.o
 .text.PIT_ClearStatusFlags
                0x0000000000002e18       0x2a ./source/pit.o
 .text.HardFault_Handler
                0x0000000000002e42       0x2c ./source/semihost_hardfault.o
                0x0000000000002e42                HardFault_Handler
 .text.CLOCK_EnableClock
                0x0000000000002e6e       0x34 ./drivers/fsl_adc16.o
 .text.ADC16_SetChannelMuxMode
                0x0000000000002ea2       0x38 ./drivers/fsl_adc16.o
                0x0000000000002ea2                ADC16_SetChannelMuxMode
 .text.ADC16_SetHardwareAverage
                0x0000000000002eda       0x3e ./drivers/fsl_adc16.o
                0x0000000000002eda                ADC16_SetHardwareAverage
 .text.CLOCK_EnableClock
                0x0000000000002f18       0x34 ./drivers/fsl_clock.o
 .text.CLOCK_DisableClock
                0x0000000000002f4c       0x38 ./drivers/fsl_clock.o
 .text.OSC_SetExtRefClkConfig
                0x0000000000002f84       0x34 ./drivers/fsl_clock.o
 .text.OSC_SetCapLoad
                0x0000000000002fb8       0x34 ./drivers/fsl_clock.o
 .text.CLOCK_GetPll0RefFreq
                0x0000000000002fec        0xe ./drivers/fsl_clock.o
 .text.CLOCK_EnableClock
                0x0000000000002ffa       0x34 ./drivers/fsl_pit.o
 .text.UART0_RX_TX_DriverIRQHandler
                0x000000000000302e       0x12 ./drivers/fsl_uart.o
                0x000000000000302e                UART0_RX_TX_DriverIRQHandler
 .text.UART1_RX_TX_DriverIRQHandler
                0x0000000000003040       0x12 ./drivers/fsl_uart.o
                0x0000000000003040                UART1_RX_TX_DriverIRQHandler
 .text.UART2_RX_TX_DriverIRQHandler
                0x0000000000003052       0x12 ./drivers/fsl_uart.o
                0x0000000000003052                UART2_RX_TX_DriverIRQHandler
 .text.UART3_RX_TX_DriverIRQHandler
                0x0000000000003064       0x12 ./drivers/fsl_uart.o
                0x0000000000003064                UART3_RX_TX_DriverIRQHandler
 .text.UART4_RX_TX_DriverIRQHandler
                0x0000000000003076       0x12 ./drivers/fsl_uart.o
                0x0000000000003076                UART4_RX_TX_DriverIRQHandler
 .text.UART5_RX_TX_DriverIRQHandler
                0x0000000000003088       0x12 ./drivers/fsl_uart.o
                0x0000000000003088                UART5_RX_TX_DriverIRQHandler
 .text.SystemInitHook
                0x000000000000309a        0xe ./device/system_MK64F12.o
                0x000000000000309a                SystemInitHook
 .text.DbgConsole_Init
                0x00000000000030a8       0x20 ./board/board.o
 .text.BOARD_InitDebugConsole
                0x00000000000030c8       0x22 ./board/board.o
                0x00000000000030c8                BOARD_InitDebugConsole
 .text.BOARD_InitBootClocks
                0x00000000000030ea        0xc ./board/clock_config.o
                0x00000000000030ea                BOARD_InitBootClocks
 .text.EnableIRQ
                0x00000000000030f6       0x2c ./board/peripherals.o
 .text.ADC16_EnableHardwareTrigger
                0x0000000000003122       0x38 ./board/peripherals.o
 .text.PIT_SetTimerPeriod
                0x000000000000315a       0x28 ./board/peripherals.o
 .text.BOARD_InitPeripherals
                0x0000000000003182       0x10 ./board/peripherals.o
                0x0000000000003182                BOARD_InitPeripherals
 .text.BOARD_InitBootPeripherals
                0x0000000000003192        0xc ./board/peripherals.o
                0x0000000000003192                BOARD_InitBootPeripherals
 .text.CLOCK_EnableClock
                0x000000000000319e       0x34 ./board/pin_mux.o
 .text.PORT_SetPinMux
                0x00000000000031d2       0x3a ./board/pin_mux.o
 .text.BOARD_InitBootPins
                0x000000000000320c       0x10 ./board/pin_mux.o
                0x000000000000320c                BOARD_InitBootPins
 .text.__main   0x000000000000321c        0xe /Applications/MCUXpressoIDE_11.2.1_4149/ide/plugins/com.nxp.mcuxpresso.tools.macosx_11.2.0.202001021529/tools/bin/../lib/gcc/arm-none-eabi/9.2.1/../../../../arm-none-eabi/lib/thumb/v7e-m+fp/hard/libcr_semihost_nf.a(_cr__main.o)
                0x000000000000321c                __main
                0x000000000000321c                __CR_SEMIHOST
 .text.memset   0x000000000000322a        0x4 /Applications/MCUXpressoIDE_11.2.1_4149/ide/plugins/com.nxp.mcuxpresso.tools.macosx_11.2.0.202001021529/tools/bin/../lib/gcc/arm-none-eabi/9.2.1/../../../../arm-none-eabi/lib/thumb/v7e-m+fp/hard/libcr_c.a(memset.o)
                0x000000000000322a                memset
 .text._deferredlazyseek
                0x000000000000322e       0x40 /Applications/MCUXpressoIDE_11.2.1_4149/ide/plugins/com.nxp.mcuxpresso.tools.macosx_11.2.0.202001021529/tools/bin/../lib/gcc/arm-none-eabi/9.2.1/../../../../arm-none-eabi/lib/thumb/v7e-m+fp/hard/libcr_c.a(_deferredlazyseek.o)
                0x000000000000322e                _deferredlazyseek
 .text.__flsbuf
                0x000000000000326e      0x140 /Applications/MCUXpressoIDE_11.2.1_4149/ide/plugins/com.nxp.mcuxpresso.tools.macosx_11.2.0.202001021529/tools/bin/../lib/gcc/arm-none-eabi/9.2.1/../../../../arm-none-eabi/lib/thumb/v7e-m+fp/hard/libcr_c.a(_deferredlazyseek.o)
                0x000000000000326e                __flsbuf
 .text._fflush  0x00000000000033ae       0x52 /Applications/MCUXpressoIDE_11.2.1_4149/ide/plugins/com.nxp.mcuxpresso.tools.macosx_11.2.0.202001021529/tools/bin/../lib/gcc/arm-none-eabi/9.2.1/../../../../arm-none-eabi/lib/thumb/v7e-m+fp/hard/libcr_c.a(_fflush.o)
                0x00000000000033ae                _fflush
 .text.free     0x0000000000003400       0x30 /Applications/MCUXpressoIDE_11.2.1_4149/ide/plugins/com.nxp.mcuxpresso.tools.macosx_11.2.0.202001021529/tools/bin/../lib/gcc/arm-none-eabi/9.2.1/../../../../arm-none-eabi/lib/thumb/v7e-m+fp/hard/libcr_c.a(alloc.o)
                0x0000000000003400                free
 .text.fputs    0x0000000000003430       0x2c /Applications/MCUXpressoIDE_11.2.1_4149/ide/plugins/com.nxp.mcuxpresso.tools.macosx_11.2.0.202001021529/tools/bin/../lib/gcc/arm-none-eabi/9.2.1/../../../../arm-none-eabi/lib/thumb/v7e-m+fp/hard/libcr_c.a(fputs.o)
                0x0000000000003430                fputs
 .text.no_fp_display
                0x000000000000345c        0x4 /Applications/MCUXpressoIDE_11.2.1_4149/ide/plugins/com.nxp.mcuxpresso.tools.macosx_11.2.0.202001021529/tools/bin/../lib/gcc/arm-none-eabi/9.2.1/../../../../arm-none-eabi/lib/thumb/v7e-m+fp/hard/libcr_c.a(printf.o)
 .text.setvbuf  0x0000000000003460       0x3e /Applications/MCUXpressoIDE_11.2.1_4149/ide/plugins/com.nxp.mcuxpresso.tools.macosx_11.2.0.202001021529/tools/bin/../lib/gcc/arm-none-eabi/9.2.1/../../../../arm-none-eabi/lib/thumb/v7e-m+fp/hard/libcr_c.a(setvbuf.o)
                0x0000000000003460                setvbuf
 .text.strlen   0x000000000000349e       0x4c /Applications/MCUXpressoIDE_11.2.1_4149/ide/plugins/com.nxp.mcuxpresso.tools.macosx_11.2.0.202001021529/tools/bin/../lib/gcc/arm-none-eabi/9.2.1/../../../../arm-none-eabi/lib/thumb/v7e-m+fp/hard/libcr_c.a(strlen.o)
                0x000000000000349e                strlen
 .text._fdopen  0x00000000000034ea       0x68 /Applications/MCUXpressoIDE_11.2.1_4149/ide/plugins/com.nxp.mcuxpresso.tools.macosx_11.2.0.202001021529/tools/bin/../lib/gcc/arm-none-eabi/9.2.1/../../../../arm-none-eabi/lib/thumb/v7e-m+fp/hard/libcr_c.a(_fdopen.o)
                0x00000000000034ea                _fdopen
 .text.fclose   0x0000000000003552       0x58 /Applications/MCUXpressoIDE_11.2.1_4149/ide/plugins/com.nxp.mcuxpresso.tools.macosx_11.2.0.202001021529/tools/bin/../lib/gcc/arm-none-eabi/9.2.1/../../../../arm-none-eabi/lib/thumb/v7e-m+fp/hard/libcr_c.a(fclose.o)
                0x0000000000003552                fclose
 .text.remove   0x00000000000035aa       0x14 /Applications/MCUXpressoIDE_11.2.1_4149/ide/plugins/com.nxp.mcuxpresso.tools.macosx_11.2.0.202001021529/tools/bin/../lib/gcc/arm-none-eabi/9.2.1/../../../../arm-none-eabi/lib/thumb/v7e-m+fp/hard/libcr_c.a(remove.o)
                0x00000000000035aa                remove
 .text._do_fflush
                0x00000000000035be       0x40 /Applications/MCUXpressoIDE_11.2.1_4149/ide/plugins/com.nxp.mcuxpresso.tools.macosx_11.2.0.202001021529/tools/bin/../lib/gcc/arm-none-eabi/9.2.1/../../../../arm-none-eabi/lib/thumb/v7e-m+fp/hard/libcr_c.a(_do_fflush.o)
                0x00000000000035be                _do_fflush
 .text.__aeabi_memset_lowlevel
                0x00000000000035fe       0x32 /Applications/MCUXpressoIDE_11.2.1_4149/ide/plugins/com.nxp.mcuxpresso.tools.macosx_11.2.0.202001021529/tools/bin/../lib/gcc/arm-none-eabi/9.2.1/thumb/v7e-m+fp/hard/libcr_eabihelpers.a(memcpy.o)
                0x00000000000035fe                __aeabi_lowlevel_memset
 .text.__sys_close
                0x0000000000003630        0xc /Applications/MCUXpressoIDE_11.2.1_4149/ide/plugins/com.nxp.mcuxpresso.tools.macosx_11.2.0.202001021529/tools/bin/../lib/gcc/arm-none-eabi/9.2.1/../../../../arm-none-eabi/lib/thumb/v7e-m+fp/hard/libcr_semihost_nf.a(__sys_close.o)
                0x0000000000003630                __sys_close
 .text.__sys_flen
                0x000000000000363c        0xc /Applications/MCUXpressoIDE_11.2.1_4149/ide/plugins/com.nxp.mcuxpresso.tools.macosx_11.2.0.202001021529/tools/bin/../lib/gcc/arm-none-eabi/9.2.1/../../../../arm-none-eabi/lib/thumb/v7e-m+fp/hard/libcr_semihost_nf.a(__sys_flen.o)
                0x000000000000363c                __sys_flen
 .text.__sys_istty
                0x0000000000003648        0xc /Applications/MCUXpressoIDE_11.2.1_4149/ide/plugins/com.nxp.mcuxpresso.tools.macosx_11.2.0.202001021529/tools/bin/../lib/gcc/arm-none-eabi/9.2.1/../../../../arm-none-eabi/lib/thumb/v7e-m+fp/hard/libcr_semihost_nf.a(__sys_istty.o)
                0x0000000000003648                __sys_istty
 .text.__sys_remove
                0x0000000000003654        0xc /Applications/MCUXpressoIDE_11.2.1_4149/ide/plugins/com.nxp.mcuxpresso.tools.macosx_11.2.0.202001021529/tools/bin/../lib/gcc/arm-none-eabi/9.2.1/../../../../arm-none-eabi/lib/thumb/v7e-m+fp/hard/libcr_semihost_nf.a(__sys_remove.o)
                0x0000000000003654                __sys_remove
 .text.__sys_seek
                0x0000000000003660        0xc /Applications/MCUXpressoIDE_11.2.1_4149/ide/plugins/com.nxp.mcuxpresso.tools.macosx_11.2.0.202001021529/tools/bin/../lib/gcc/arm-none-eabi/9.2.1/../../../../arm-none-eabi/lib/thumb/v7e-m+fp/hard/libcr_semihost_nf.a(__sys_seek.o)
                0x0000000000003660                __sys_seek
 .text.__sys_tmpnam
                0x000000000000366c        0xc /Applications/MCUXpressoIDE_11.2.1_4149/ide/plugins/com.nxp.mcuxpresso.tools.macosx_11.2.0.202001021529/tools/bin/../lib/gcc/arm-none-eabi/9.2.1/../../../../arm-none-eabi/lib/thumb/v7e-m+fp/hard/libcr_semihost_nf.a(__sys_tmpnam.o)
                0x000000000000366c                __sys_tmpnam
 .text.__sys_write
                0x0000000000003678        0xc /Applications/MCUXpressoIDE_11.2.1_4149/ide/plugins/com.nxp.mcuxpresso.tools.macosx_11.2.0.202001021529/tools/bin/../lib/gcc/arm-none-eabi/9.2.1/../../../../arm-none-eabi/lib/thumb/v7e-m+fp/hard/libcr_semihost_nf.a(__sys_write.o)
                0x0000000000003678                __sys_write
 *(SORT_BY_ALIGNMENT(.rodata) SORT_BY_ALIGNMENT(.rodata.*) SORT_BY_ALIGNMENT(.constdata) SORT_BY_ALIGNMENT(.constdata.*))
 .rodata.ADC16_GetChannelConversionValue.str1.4
                0x0000000000003684       0xc2 ./source/ecg.o
 *fill*         0x0000000000003746        0x2 ff
 .rodata.main.str1.4
                0x0000000000003748        0xd ./source/sensores.o
 *fill*         0x0000000000003755        0x3 ff
 .rodata.ecg_callback.str1.4
                0x0000000000003758        0x7 ./source/sensores.o
 *fill*         0x000000000000375f        0x1 ff
 .rodata.s_adc16Bases
                0x0000000000003760        0x8 ./drivers/fsl_adc16.o
 .rodata.s_adc16Clocks
                0x0000000000003768        0x8 ./drivers/fsl_adc16.o
 .rodata.ADC16_GetInstance.str1.4
                0x0000000000003770       0x36 ./drivers/fsl_adc16.o
 *fill*         0x00000000000037a6        0x2 ff
 .rodata.ADC16_Init.str1.4
                0x00000000000037a8       0x21 ./drivers/fsl_adc16.o
 *fill*         0x00000000000037c9        0x3 ff
 .rodata.ADC16_SetChannelConfig.str1.4
                0x00000000000037cc       0x52 ./drivers/fsl_adc16.o
 *fill*         0x000000000000381e        0x2 ff
 .rodata.CLOCK_GetMcgExtClkFreq.str1.4
                0x0000000000003820       0x4e ./drivers/fsl_clock.o
 *fill*         0x000000000000386e        0x2 ff
 .rodata.CLOCK_GetPll0Freq.str1.4
                0x0000000000003870       0x1e ./drivers/fsl_clock.o
 *fill*         0x000000000000388e        0x2 ff
 .rodata.CLOCK_EnablePll0.str1.4
                0x0000000000003890       0x1b ./drivers/fsl_clock.o
 *fill*         0x00000000000038ab        0x1 ff
 .rodata.CLOCK_SetPbeMode.str1.4
                0x00000000000038ac       0x1b ./drivers/fsl_clock.o
 *fill*         0x00000000000038c7        0x1 ff
 .rodata.CLOCK_BootToPeeMode.str1.4
                0x00000000000038c8       0x1b ./drivers/fsl_clock.o
 *fill*         0x00000000000038e3        0x1 ff
 .rodata.fllFactorTable.7941
                0x00000000000038e4       0x10 ./drivers/fsl_clock.o
 .rodata.PIT_GetInstance.str1.4
                0x00000000000038f4       0x32 ./drivers/fsl_pit.o
 *fill*         0x0000000000003926        0x2 ff
 .rodata.PIT_Init.str1.4
                0x0000000000003928       0x1f ./drivers/fsl_pit.o
 *fill*         0x0000000000003947        0x1 ff
 .rodata.mcgConfig_BOARD_BootClockRUN
                0x0000000000003948        0xb ./board/clock_config.o
                0x0000000000003948                mcgConfig_BOARD_BootClockRUN
 *fill*         0x0000000000003953        0x1 ff
 .rodata.simConfig_BOARD_BootClockRUN
                0x0000000000003954        0x8 ./board/clock_config.o
                0x0000000000003954                simConfig_BOARD_BootClockRUN
 .rodata.oscConfig_BOARD_BootClockRUN
                0x000000000000395c        0x8 ./board/clock_config.o
                0x000000000000395c                oscConfig_BOARD_BootClockRUN
 .rodata.ADC0_config
                0x0000000000003964        0x9 ./board/peripherals.o
                0x0000000000003964                ADC0_config
 *fill*         0x000000000000396d        0x3 ff
 .rodata.PIT_config
                0x0000000000003970        0x1 ./board/peripherals.o
                0x0000000000003970                PIT_config
 *fill*         0x0000000000003971        0x3 ff
 .rodata.PORT_SetPinConfig.str1.4
                0x0000000000003974       0x84 ./board/pin_mux.o
 .rodata.__num_Ciob_streams
                0x00000000000039f8        0x4 /Applications/MCUXpressoIDE_11.2.1_4149/ide/plugins/com.nxp.mcuxpresso.tools.macosx_11.2.0.202001021529/tools/bin/../lib/gcc/arm-none-eabi/9.2.1/../../../../arm-none-eabi/lib/thumb/v7e-m+fp/hard/libcr_semihost_nf.a(__ciob.o)
                0x00000000000039f8                __num_Ciob_streams
 .rodata.__assertion_failed.str1.1
                0x00000000000039fc       0x15 /Applications/MCUXpressoIDE_11.2.1_4149/ide/plugins/com.nxp.mcuxpresso.tools.macosx_11.2.0.202001021529/tools/bin/../lib/gcc/arm-none-eabi/9.2.1/../../../../arm-none-eabi/lib/thumb/v7e-m+fp/hard/libcr_semihost_nf.a(_cr_assert.o)
 .rodata._Csys_alloc.str1.1
                0x0000000000003a11       0x18 /Applications/MCUXpressoIDE_11.2.1_4149/ide/plugins/com.nxp.mcuxpresso.tools.macosx_11.2.0.202001021529/tools/bin/../lib/gcc/arm-none-eabi/9.2.1/../../../../arm-none-eabi/lib/thumb/v7e-m+fp/hard/libcr_c.a(alloc.o)
 .rodata._initio.str1.1
                0x0000000000003a29        0x4 /Applications/MCUXpressoIDE_11.2.1_4149/ide/plugins/com.nxp.mcuxpresso.tools.macosx_11.2.0.202001021529/tools/bin/../lib/gcc/arm-none-eabi/9.2.1/../../../../arm-none-eabi/lib/thumb/v7e-m+fp/hard/libcr_c.a(initio.o)
 .rodata.__vfprintf.str1.1
                0x0000000000003a2d       0x35 /Applications/MCUXpressoIDE_11.2.1_4149/ide/plugins/com.nxp.mcuxpresso.tools.macosx_11.2.0.202001021529/tools/bin/../lib/gcc/arm-none-eabi/9.2.1/../../../../arm-none-eabi/lib/thumb/v7e-m+fp/hard/libcr_c.a(printf.o)
                                         0x38 (size before relaxing)
                0x0000000000003a68                . = ALIGN (0x8)
 *fill*         0x0000000000003a62        0x6 ff

.glue_7         0x0000000000003a68        0x0
 .glue_7        0x0000000000003a68        0x0 linker stubs

.glue_7t        0x0000000000003a68        0x0
 .glue_7t       0x0000000000003a68        0x0 linker stubs

.vfp11_veneer   0x0000000000003a68        0x0
 .vfp11_veneer  0x0000000000003a68        0x0 linker stubs

.v4_bx          0x0000000000003a68        0x0
 .v4_bx         0x0000000000003a68        0x0 linker stubs

.iplt           0x0000000000003a68        0x0
 .iplt          0x0000000000003a68        0x0 ./startup/startup_mk64f12.o

.rel.dyn        0x0000000000003a68        0x0
 .rel.iplt      0x0000000000003a68        0x0 ./startup/startup_mk64f12.o

.ARM.extab
 *(SORT_BY_ALIGNMENT(.ARM.extab*) SORT_BY_ALIGNMENT(.gnu.linkonce.armextab.*))

.ARM.exidx      0x0000000000003a68        0x0
                0x0000000000003a68                __exidx_start = .
 *(SORT_BY_ALIGNMENT(.ARM.exidx*) SORT_BY_ALIGNMENT(.gnu.linkonce.armexidx.*))
                0x0000000000003a68                __exidx_end = .
                0x0000000000003a68                _etext = .

.m_usb_data
 *(SORT_BY_ALIGNMENT(m_usb_bdt))

.data_RAM2      0x000000001fff0000        0x0 load address 0x0000000000003a68
 FILL mask 0xff
                [!provide]                        PROVIDE (__start_data_RAM2 = .)
                [!provide]                        PROVIDE (__start_data_SRAM_LOWER = .)
 *(SORT_BY_ALIGNMENT(.ramfunc.$RAM2))
 *(SORT_BY_ALIGNMENT(.ramfunc.$SRAM_LOWER))
 *(SORT_BY_ALIGNMENT(.data.$RAM2))
 *(SORT_BY_ALIGNMENT(.data.$SRAM_LOWER))
 *(SORT_BY_ALIGNMENT(.data.$RAM2.*))
 *(SORT_BY_ALIGNMENT(.data.$SRAM_LOWER.*))
                0x000000001fff0000                . = ALIGN (0x8)
                [!provide]                        PROVIDE (__end_data_RAM2 = .)
                [!provide]                        PROVIDE (__end_data_SRAM_LOWER = .)

.data_RAM3      0x0000000014000000        0x0 load address 0x0000000000003a68
 FILL mask 0xff
                [!provide]                        PROVIDE (__start_data_RAM3 = .)
                [!provide]                        PROVIDE (__start_data_FLEX_RAM = .)
 *(SORT_BY_ALIGNMENT(.ramfunc.$RAM3))
 *(SORT_BY_ALIGNMENT(.ramfunc.$FLEX_RAM))
 *(SORT_BY_ALIGNMENT(.data.$RAM3))
 *(SORT_BY_ALIGNMENT(.data.$FLEX_RAM))
 *(SORT_BY_ALIGNMENT(.data.$RAM3.*))
 *(SORT_BY_ALIGNMENT(.data.$FLEX_RAM.*))
                0x0000000014000000                . = ALIGN (0x8)
                [!provide]                        PROVIDE (__end_data_RAM3 = .)
                [!provide]                        PROVIDE (__end_data_FLEX_RAM = .)

.uninit_RESERVED
                0x0000000020000000        0x0
                0x0000000020000000                _start_uninit_RESERVED = .
 *(SORT_BY_ALIGNMENT(.bss.$RESERVED*))
                0x0000000020000000                . = ALIGN (0x8)
                0x0000000020000000                _end_uninit_RESERVED = .

.data           0x0000000020000000       0x28 load address 0x0000000000003a68
 FILL mask 0xff
                0x0000000020000000                _data = .
                [!provide]                        PROVIDE (__start_data_RAM = .)
                [!provide]                        PROVIDE (__start_data_SRAM_UPPER = .)
 *(SORT_BY_ALIGNMENT(vtable))
 *(SORT_BY_ALIGNMENT(.ramfunc*))
 *(SORT_BY_ALIGNMENT(CodeQuickAccess))
 *(SORT_BY_ALIGNMENT(DataQuickAccess))
 *(SORT_BY_ALIGNMENT(RamFunction))
 *(SORT_BY_ALIGNMENT(.data*))
 .data.portPtrs
                0x0000000020000000       0x14 ./source/gpio.o
 .data.s_slowIrcFreq
                0x0000000020000014        0x4 ./drivers/fsl_clock.o
 .data.s_fastIrcFreq
                0x0000000020000018        0x4 ./drivers/fsl_clock.o
 .data.SystemCoreClock
                0x000000002000001c        0x4 ./device/system_MK64F12.o
                0x000000002000001c                SystemCoreClock
 .data.ADC0_channelsConfig
                0x0000000020000020        0x8 ./board/peripherals.o
                0x0000000020000020                ADC0_channelsConfig
                0x0000000020000028                . = ALIGN (0x8)
                0x0000000020000028                _edata = .
                [!provide]                        PROVIDE (__end_data_RAM = .)
                [!provide]                        PROVIDE (__end_data_SRAM_UPPER = .)

.igot.plt       0x0000000020000028        0x0 load address 0x0000000000003a90
 .igot.plt      0x0000000020000028        0x0 ./startup/startup_mk64f12.o

.bss_RAM2       0x000000001fff0000        0x0
                [!provide]                        PROVIDE (__start_bss_RAM2 = .)
                [!provide]                        PROVIDE (__start_bss_SRAM_LOWER = .)
 *(SORT_BY_ALIGNMENT(.bss.$RAM2))
 *(SORT_BY_ALIGNMENT(.bss.$SRAM_LOWER))
 *(SORT_BY_ALIGNMENT(.bss.$RAM2.*))
 *(SORT_BY_ALIGNMENT(.bss.$SRAM_LOWER.*))
                0x000000001fff0000                . = ALIGN ((. != 0x0)?0x8:0x1)
                [!provide]                        PROVIDE (__end_bss_RAM2 = .)
                [!provide]                        PROVIDE (__end_bss_SRAM_LOWER = .)

.bss_RAM3       0x0000000014000000        0x0
                [!provide]                        PROVIDE (__start_bss_RAM3 = .)
                [!provide]                        PROVIDE (__start_bss_FLEX_RAM = .)
 *(SORT_BY_ALIGNMENT(.bss.$RAM3))
 *(SORT_BY_ALIGNMENT(.bss.$FLEX_RAM))
 *(SORT_BY_ALIGNMENT(.bss.$RAM3.*))
 *(SORT_BY_ALIGNMENT(.bss.$FLEX_RAM.*))
                0x0000000014000000                . = ALIGN ((. != 0x0)?0x8:0x1)
                [!provide]                        PROVIDE (__end_bss_RAM3 = .)
                [!provide]                        PROVIDE (__end_bss_FLEX_RAM = .)

.bss            0x0000000020000028      0x3e0
                0x0000000020000028                _bss = .
                [!provide]                        PROVIDE (__start_bss_RAM = .)
                [!provide]                        PROVIDE (__start_bss_SRAM_UPPER = .)
 *(SORT_BY_ALIGNMENT(.bss*))
 .bss.ecgValues
                0x0000000020000028       0x28 ./source/ecg.o
 .bss.ecgValues1
                0x0000000020000050       0x28 ./source/ecg.o
 .bss.samplesReadyCallback
                0x0000000020000078        0x4 ./source/ecg.o
                0x0000000020000078                samplesReadyCallback
 .bss.isr_Matrix
                0x000000002000007c      0x280 ./source/gpio.o
 .bss.callback_0
                0x00000000200002fc        0x4 ./source/pit.o
                0x00000000200002fc                callback_0
 .bss.callback_1
                0x0000000020000300        0x4 ./source/pit.o
                0x0000000020000300                callback_1
 .bss.callback_2
                0x0000000020000304        0x4 ./source/pit.o
                0x0000000020000304                callback_2
 .bss.k.8642    0x0000000020000308        0x4 ./source/sensores.o
 .bss.g_xtal0Freq
                0x000000002000030c        0x4 ./drivers/fsl_clock.o
                0x000000002000030c                g_xtal0Freq
 .bss.g_xtal32Freq
                0x0000000020000310        0x4 ./drivers/fsl_clock.o
                0x0000000020000310                g_xtal32Freq
 .bss.s_i2cHandle
                0x0000000020000314        0xc ./drivers/fsl_i2c.o
 .bss.s_i2cMasterIsr
                0x0000000020000320        0x4 ./drivers/fsl_i2c.o
 .bss.s_i2cSlaveIsr
                0x0000000020000324        0x4 ./drivers/fsl_i2c.o
 .bss.s_uartHandle
                0x0000000020000328       0x18 ./drivers/fsl_uart.o
 .bss.s_uartIsr
                0x0000000020000340        0x4 ./drivers/fsl_uart.o
 .bss.__Ciob    0x0000000020000344       0xb4 /Applications/MCUXpressoIDE_11.2.1_4149/ide/plugins/com.nxp.mcuxpresso.tools.macosx_11.2.0.202001021529/tools/bin/../lib/gcc/arm-none-eabi/9.2.1/../../../../arm-none-eabi/lib/thumb/v7e-m+fp/hard/libcr_semihost_nf.a(__ciob.o)
                0x0000000020000344                __Ciob
 .bss.__end_of_heap
                0x00000000200003f8        0x4 /Applications/MCUXpressoIDE_11.2.1_4149/ide/plugins/com.nxp.mcuxpresso.tools.macosx_11.2.0.202001021529/tools/bin/../lib/gcc/arm-none-eabi/9.2.1/../../../../arm-none-eabi/lib/thumb/v7e-m+fp/hard/libcr_c.a(__init_alloc.o)
                0x00000000200003f8                __end_of_heap
 .bss.__heaps   0x00000000200003fc        0x4 /Applications/MCUXpressoIDE_11.2.1_4149/ide/plugins/com.nxp.mcuxpresso.tools.macosx_11.2.0.202001021529/tools/bin/../lib/gcc/arm-none-eabi/9.2.1/../../../../arm-none-eabi/lib/thumb/v7e-m+fp/hard/libcr_c.a(__init_alloc.o)
                0x00000000200003fc                __heaps
 .bss.errno     0x0000000020000400        0x4 /Applications/MCUXpressoIDE_11.2.1_4149/ide/plugins/com.nxp.mcuxpresso.tools.macosx_11.2.0.202001021529/tools/bin/../lib/gcc/arm-none-eabi/9.2.1/../../../../arm-none-eabi/lib/thumb/v7e-m+fp/hard/libcr_c.a(errno.o)
                0x0000000020000400                errno
 .bss.sample_ptr
                0x0000000020000404        0x1 ./source/ecg.o
 .bss.pingpong  0x0000000020000405        0x1 ./source/ecg.o
                0x0000000020000405                pingpong
 *(SORT_BY_ALIGNMENT(COMMON))
                0x0000000020000408                . = ALIGN (0x8)
 *fill*         0x0000000020000406        0x2 
                0x0000000020000408                _ebss = .
                [!provide]                        PROVIDE (__end_bss_RAM = .)
                [!provide]                        PROVIDE (__end_bss_SRAM_UPPER = .)
                [!provide]                        PROVIDE (end = .)

.noinit_RAM2    0x000000001fff0000        0x0
                [!provide]                        PROVIDE (__start_noinit_RAM2 = .)
                [!provide]                        PROVIDE (__start_noinit_SRAM_LOWER = .)
 *(SORT_BY_ALIGNMENT(.noinit.$RAM2))
 *(SORT_BY_ALIGNMENT(.noinit.$SRAM_LOWER))
 *(SORT_BY_ALIGNMENT(.noinit.$RAM2.*))
 *(SORT_BY_ALIGNMENT(.noinit.$SRAM_LOWER.*))
                0x000000001fff0000                . = ALIGN (0x8)
                [!provide]                        PROVIDE (__end_noinit_RAM2 = .)
                [!provide]                        PROVIDE (__end_noinit_SRAM_LOWER = .)

.noinit_RAM3    0x0000000014000000        0x0
                [!provide]                        PROVIDE (__start_noinit_RAM3 = .)
                [!provide]                        PROVIDE (__start_noinit_FLEX_RAM = .)
 *(SORT_BY_ALIGNMENT(.noinit.$RAM3))
 *(SORT_BY_ALIGNMENT(.noinit.$FLEX_RAM))
 *(SORT_BY_ALIGNMENT(.noinit.$RAM3.*))
 *(SORT_BY_ALIGNMENT(.noinit.$FLEX_RAM.*))
                0x0000000014000000                . = ALIGN (0x8)
                [!provide]                        PROVIDE (__end_noinit_RAM3 = .)
                [!provide]                        PROVIDE (__end_noinit_FLEX_RAM = .)

.noinit         0x0000000020000408        0x0
                0x0000000020000408                _noinit = .
                [!provide]                        PROVIDE (__start_noinit_RAM = .)
                [!provide]                        PROVIDE (__start_noinit_SRAM_UPPER = .)
 *(SORT_BY_ALIGNMENT(.noinit*))
                0x0000000020000408                . = ALIGN (0x8)
                0x0000000020000408                _end_noinit = .
                [!provide]                        PROVIDE (__end_noinit_RAM = .)
                [!provide]                        PROVIDE (__end_noinit_SRAM_UPPER = .)
                0x0000000000001000                _HeapSize = 0x1000

.heap           0x0000000020000408     0x1000
                0x0000000020000408                _pvHeapStart = .
                0x0000000020001408                . = (. + _HeapSize)
 *fill*         0x0000000020000408     0x1000 
                0x0000000020001408                . = ALIGN (0x8)
                0x0000000020001408                _pvHeapLimit = .
                0x0000000000001000                _StackSize = 0x1000

.heap2stackfill
                0x0000000020001408     0x1000
                0x0000000020002408                . = (. + _StackSize)
 *fill*         0x0000000020001408     0x1000 

.stack          0x000000002002f000        0x0
                0x000000002002f000                _vStackBase = .
                0x000000002002f000                . = ALIGN (0x8)
                0x0000000020030000                _vStackTop = (. + _StackSize)
                0x0000000000000000                _image_start = LOADADDR (.text)
                0x0000000000003a90                _image_end = (LOADADDR (.data) + SIZEOF (.data))
                0x0000000000003a90                _image_size = (_image_end - _image_start)
OUTPUT(MK64FN1M0xxx12_Project.axf elf32-littlearm)

.debug_info     0x0000000000000000     0xe4ef
 .debug_info    0x0000000000000000      0x92e ./startup/startup_mk64f12.o
 .debug_info    0x000000000000092e      0xf9e ./source/ecg.o
 .debug_info    0x00000000000018cc      0x79b ./source/gpio.o
 .debug_info    0x0000000000002067      0xecb ./source/pit.o
 .debug_info    0x0000000000002f32       0x3c ./source/semihost_hardfault.o
 .debug_info    0x0000000000002f6e      0xcb0 ./source/sensores.o
 .debug_info    0x0000000000003c1e      0xe87 ./drivers/fsl_adc16.o
 .debug_info    0x0000000000004aa5     0x21ca ./drivers/fsl_clock.o
 .debug_info    0x0000000000006c6f     0x1f08 ./drivers/fsl_i2c.o
 .debug_info    0x0000000000008b77      0x7a9 ./drivers/fsl_pit.o
 .debug_info    0x0000000000009320     0x1cbb ./drivers/fsl_uart.o
 .debug_info    0x000000000000afdb      0x69f ./device/system_MK64F12.o
 .debug_info    0x000000000000b67a      0x672 ./board/board.o
 .debug_info    0x000000000000bcec      0xcf0 ./board/clock_config.o
 .debug_info    0x000000000000c9dc      0xe65 ./board/peripherals.o
 .debug_info    0x000000000000d841      0xcae ./board/pin_mux.o

.debug_abbrev   0x0000000000000000     0x23c5
 .debug_abbrev  0x0000000000000000      0x17a ./startup/startup_mk64f12.o
 .debug_abbrev  0x000000000000017a      0x255 ./source/ecg.o
 .debug_abbrev  0x00000000000003cf      0x1d0 ./source/gpio.o
 .debug_abbrev  0x000000000000059f      0x263 ./source/pit.o
 .debug_abbrev  0x0000000000000802       0x31 ./source/semihost_hardfault.o
 .debug_abbrev  0x0000000000000833      0x1eb ./source/sensores.o
 .debug_abbrev  0x0000000000000a1e      0x299 ./drivers/fsl_adc16.o
 .debug_abbrev  0x0000000000000cb7      0x371 ./drivers/fsl_clock.o
 .debug_abbrev  0x0000000000001028      0x395 ./drivers/fsl_i2c.o
 .debug_abbrev  0x00000000000013bd      0x21d ./drivers/fsl_pit.o
 .debug_abbrev  0x00000000000015da      0x358 ./drivers/fsl_uart.o
 .debug_abbrev  0x0000000000001932      0x170 ./device/system_MK64F12.o
 .debug_abbrev  0x0000000000001aa2      0x1a0 ./board/board.o
 .debug_abbrev  0x0000000000001c42      0x265 ./board/clock_config.o
 .debug_abbrev  0x0000000000001ea7      0x238 ./board/peripherals.o
 .debug_abbrev  0x00000000000020df      0x2e6 ./board/pin_mux.o

.debug_aranges  0x0000000000000000      0xc28
 .debug_aranges
                0x0000000000000000      0x330 ./startup/startup_mk64f12.o
 .debug_aranges
                0x0000000000000330       0x48 ./source/ecg.o
 .debug_aranges
                0x0000000000000378       0x70 ./source/gpio.o
 .debug_aranges
                0x00000000000003e8       0x70 ./source/pit.o
 .debug_aranges
                0x0000000000000458       0x20 ./source/semihost_hardfault.o
 .debug_aranges
                0x0000000000000478       0x38 ./source/sensores.o
 .debug_aranges
                0x00000000000004b0       0x88 ./drivers/fsl_adc16.o
 .debug_aranges
                0x0000000000000538      0x1f8 ./drivers/fsl_clock.o
 .debug_aranges
                0x0000000000000730      0x180 ./drivers/fsl_i2c.o
 .debug_aranges
                0x00000000000008b0       0x40 ./drivers/fsl_pit.o
 .debug_aranges
                0x00000000000008f0      0x180 ./drivers/fsl_uart.o
 .debug_aranges
                0x0000000000000a70       0x30 ./device/system_MK64F12.o
 .debug_aranges
                0x0000000000000aa0       0x28 ./board/board.o
 .debug_aranges
                0x0000000000000ac8       0x80 ./board/clock_config.o
 .debug_aranges
                0x0000000000000b48       0x58 ./board/peripherals.o
 .debug_aranges
                0x0000000000000ba0       0x88 ./board/pin_mux.o

.debug_ranges   0x0000000000000000      0xb28
 .debug_ranges  0x0000000000000000      0x320 ./startup/startup_mk64f12.o
 .debug_ranges  0x0000000000000320       0x38 ./source/ecg.o
 .debug_ranges  0x0000000000000358       0x60 ./source/gpio.o
 .debug_ranges  0x00000000000003b8       0x60 ./source/pit.o
 .debug_ranges  0x0000000000000418       0x10 ./source/semihost_hardfault.o
 .debug_ranges  0x0000000000000428       0x28 ./source/sensores.o
 .debug_ranges  0x0000000000000450       0x78 ./drivers/fsl_adc16.o
 .debug_ranges  0x00000000000004c8      0x1e8 ./drivers/fsl_clock.o
 .debug_ranges  0x00000000000006b0      0x170 ./drivers/fsl_i2c.o
 .debug_ranges  0x0000000000000820       0x30 ./drivers/fsl_pit.o
 .debug_ranges  0x0000000000000850      0x170 ./drivers/fsl_uart.o
 .debug_ranges  0x00000000000009c0       0x20 ./device/system_MK64F12.o
 .debug_ranges  0x00000000000009e0       0x18 ./board/board.o
 .debug_ranges  0x00000000000009f8       0x70 ./board/clock_config.o
 .debug_ranges  0x0000000000000a68       0x48 ./board/peripherals.o
 .debug_ranges  0x0000000000000ab0       0x78 ./board/pin_mux.o

.debug_macro    0x0000000000000000     0x1502
 .debug_macro   0x0000000000000000       0x29 ./startup/startup_mk64f12.o
 .debug_macro   0x0000000000000029      0x153 ./source/ecg.o
 .debug_macro   0x000000000000017c       0xd8 ./source/ecg.o
 .debug_macro   0x0000000000000254       0x16 ./source/ecg.o
 .debug_macro   0x000000000000026a       0x58 ./source/ecg.o
 .debug_macro   0x00000000000002c2       0x22 ./source/ecg.o
 .debug_macro   0x00000000000002e4       0x10 ./source/ecg.o
 .debug_macro   0x00000000000002f4       0x40 ./source/ecg.o
 .debug_macro   0x0000000000000334       0xb4 ./source/gpio.o
 .debug_macro   0x00000000000003e8      0x126 ./source/pit.o
 .debug_macro   0x000000000000050e       0x10 ./source/pit.o
 .debug_macro   0x000000000000051e       0x16 ./source/pit.o
 .debug_macro   0x0000000000000534       0x11 ./source/semihost_hardfault.o
 .debug_macro   0x0000000000000545      0x1e6 ./source/sensores.o
 .debug_macro   0x000000000000072b       0x1c ./source/sensores.o
 .debug_macro   0x0000000000000747       0x16 ./source/sensores.o
 .debug_macro   0x000000000000075d      0x1a4 ./source/sensores.o
 .debug_macro   0x0000000000000901       0x10 ./source/sensores.o
 .debug_macro   0x0000000000000911       0x16 ./source/sensores.o
 .debug_macro   0x0000000000000927       0x16 ./source/sensores.o
 .debug_macro   0x000000000000093d       0x2e ./source/sensores.o
 .debug_macro   0x000000000000096b       0x22 ./source/sensores.o
 .debug_macro   0x000000000000098d       0x1c ./source/sensores.o
 .debug_macro   0x00000000000009a9      0x104 ./drivers/fsl_adc16.o
 .debug_macro   0x0000000000000aad      0x1ba ./drivers/fsl_clock.o
 .debug_macro   0x0000000000000c67      0x103 ./drivers/fsl_i2c.o
 .debug_macro   0x0000000000000d6a      0x104 ./drivers/fsl_pit.o
 .debug_macro   0x0000000000000e6e      0x109 ./drivers/fsl_uart.o
 .debug_macro   0x0000000000000f77       0x10 ./drivers/fsl_uart.o
 .debug_macro   0x0000000000000f87       0x98 ./device/system_MK64F12.o
 .debug_macro   0x000000000000101f      0x16c ./board/board.o
 .debug_macro   0x000000000000118b      0x15f ./board/clock_config.o
 .debug_macro   0x00000000000012ea      0x10f ./board/peripherals.o
 .debug_macro   0x00000000000013f9      0x109 ./board/pin_mux.o

.debug_line     0x0000000000000000     0x844c
 .debug_line    0x0000000000000000      0x90e ./startup/startup_mk64f12.o
 .debug_line    0x000000000000090e      0x59f ./source/ecg.o
 .debug_line    0x0000000000000ead      0x58c ./source/gpio.o
 .debug_line    0x0000000000001439      0x5c3 ./source/pit.o
 .debug_line    0x00000000000019fc       0x59 ./source/semihost_hardfault.o
 .debug_line    0x0000000000001a55      0x740 ./source/sensores.o
 .debug_line    0x0000000000002195      0x6cd ./drivers/fsl_adc16.o
 .debug_line    0x0000000000002862     0x1508 ./drivers/fsl_clock.o
 .debug_line    0x0000000000003d6a     0x143b ./drivers/fsl_i2c.o
 .debug_line    0x00000000000051a5      0x441 ./drivers/fsl_pit.o
 .debug_line    0x00000000000055e6     0x1382 ./drivers/fsl_uart.o
 .debug_line    0x0000000000006968      0x419 ./device/system_MK64F12.o
 .debug_line    0x0000000000006d81      0x5b8 ./board/board.o
 .debug_line    0x0000000000007339      0x587 ./board/clock_config.o
 .debug_line    0x00000000000078c0      0x4ce ./board/peripherals.o
 .debug_line    0x0000000000007d8e      0x6be ./board/pin_mux.o

.debug_str      0x0000000000000000    0x824e2
 .debug_str     0x0000000000000000     0x36c8 ./startup/startup_mk64f12.o
                                       0x3794 (size before relaxing)
 .debug_str     0x00000000000036c8    0x77db2 ./source/ecg.o
                                      0x7ae1e (size before relaxing)
 .debug_str     0x000000000007b47a      0x1c0 ./source/gpio.o
                                      0x7855e (size before relaxing)
 .debug_str     0x000000000007b63a      0x6c6 ./source/pit.o
                                      0x7a824 (size before relaxing)
 .debug_str     0x000000000007bd00       0x1f ./source/semihost_hardfault.o
                                       0x2f25 (size before relaxing)
 .debug_str     0x000000000007bd1f     0x2257 ./source/sensores.o
                                      0x7cdfe (size before relaxing)
 .debug_str     0x000000000007df76      0x5db ./drivers/fsl_adc16.o
                                      0x7a7b3 (size before relaxing)
 .debug_str     0x000000000007e551     0x1658 ./drivers/fsl_clock.o
                                      0x7b996 (size before relaxing)
 .debug_str     0x000000000007fba9      0xce5 ./drivers/fsl_i2c.o
                                      0x7b0a4 (size before relaxing)
 .debug_str     0x000000000008088e       0x78 ./drivers/fsl_pit.o
                                      0x79e62 (size before relaxing)
 .debug_str     0x0000000000080906      0xe20 ./drivers/fsl_uart.o
                                      0x7b20a (size before relaxing)
 .debug_str     0x0000000000081726      0x10f ./device/system_MK64F12.o
                                      0x783d6 (size before relaxing)
 .debug_str     0x0000000000081835       0xc4 ./board/board.o
                                      0x7ad82 (size before relaxing)
 .debug_str     0x00000000000818f9      0x455 ./board/clock_config.o
                                      0x7a4a4 (size before relaxing)
 .debug_str     0x0000000000081d4e       0x76 ./board/peripherals.o
                                      0x7a9ef (size before relaxing)
 .debug_str     0x0000000000081dc4      0x71e ./board/pin_mux.o
                                      0x7aa9d (size before relaxing)

.comment        0x0000000000000000       0x79
 .comment       0x0000000000000000       0x79 ./startup/startup_mk64f12.o
                                         0x7a (size before relaxing)
 .comment       0x0000000000000079       0x7a ./source/ecg.o
 .comment       0x0000000000000079       0x7a ./source/gpio.o
 .comment       0x0000000000000079       0x7a ./source/pit.o
 .comment       0x0000000000000079       0x7a ./source/semihost_hardfault.o
 .comment       0x0000000000000079       0x7a ./source/sensores.o
 .comment       0x0000000000000079       0x7a ./drivers/fsl_adc16.o
 .comment       0x0000000000000079       0x7a ./drivers/fsl_clock.o
 .comment       0x0000000000000079       0x7a ./drivers/fsl_i2c.o
 .comment       0x0000000000000079       0x7a ./drivers/fsl_pit.o
 .comment       0x0000000000000079       0x7a ./drivers/fsl_uart.o
 .comment       0x0000000000000079       0x7a ./device/system_MK64F12.o
 .comment       0x0000000000000079       0x7a ./board/board.o
 .comment       0x0000000000000079       0x7a ./board/clock_config.o
 .comment       0x0000000000000079       0x7a ./board/peripherals.o
 .comment       0x0000000000000079       0x7a ./board/pin_mux.o
 .comment       0x0000000000000079       0x7a /Applications/MCUXpressoIDE_11.2.1_4149/ide/plugins/com.nxp.mcuxpresso.tools.macosx_11.2.0.202001021529/tools/bin/../lib/gcc/arm-none-eabi/9.2.1/../../../../arm-none-eabi/lib/thumb/v7e-m+fp/hard/libcr_semihost_nf.a(_cr__main.o)
 .comment       0x0000000000000079       0x7a /Applications/MCUXpressoIDE_11.2.1_4149/ide/plugins/com.nxp.mcuxpresso.tools.macosx_11.2.0.202001021529/tools/bin/../lib/gcc/arm-none-eabi/9.2.1/../../../../arm-none-eabi/lib/thumb/v7e-m+fp/hard/libcr_semihost_nf.a(_cr_assert.o)
 .comment       0x0000000000000079       0x7a /Applications/MCUXpressoIDE_11.2.1_4149/ide/plugins/com.nxp.mcuxpresso.tools.macosx_11.2.0.202001021529/tools/bin/../lib/gcc/arm-none-eabi/9.2.1/../../../../arm-none-eabi/lib/thumb/v7e-m+fp/hard/libcr_semihost_nf.a(__ciob.o)
 .comment       0x0000000000000079       0x7a /Applications/MCUXpressoIDE_11.2.1_4149/ide/plugins/com.nxp.mcuxpresso.tools.macosx_11.2.0.202001021529/tools/bin/../lib/gcc/arm-none-eabi/9.2.1/../../../../arm-none-eabi/lib/thumb/v7e-m+fp/hard/libcr_c.a(memset.o)
 .comment       0x0000000000000079       0x7a /Applications/MCUXpressoIDE_11.2.1_4149/ide/plugins/com.nxp.mcuxpresso.tools.macosx_11.2.0.202001021529/tools/bin/../lib/gcc/arm-none-eabi/9.2.1/../../../../arm-none-eabi/lib/thumb/v7e-m+fp/hard/libcr_c.a(_deferredlazyseek.o)
 .comment       0x0000000000000079       0x7a /Applications/MCUXpressoIDE_11.2.1_4149/ide/plugins/com.nxp.mcuxpresso.tools.macosx_11.2.0.202001021529/tools/bin/../lib/gcc/arm-none-eabi/9.2.1/../../../../arm-none-eabi/lib/thumb/v7e-m+fp/hard/libcr_c.a(_fflush.o)
 .comment       0x0000000000000079       0x7a /Applications/MCUXpressoIDE_11.2.1_4149/ide/plugins/com.nxp.mcuxpresso.tools.macosx_11.2.0.202001021529/tools/bin/../lib/gcc/arm-none-eabi/9.2.1/../../../../arm-none-eabi/lib/thumb/v7e-m+fp/hard/libcr_c.a(_writebuf.o)
 .comment       0x0000000000000079       0x7a /Applications/MCUXpressoIDE_11.2.1_4149/ide/plugins/com.nxp.mcuxpresso.tools.macosx_11.2.0.202001021529/tools/bin/../lib/gcc/arm-none-eabi/9.2.1/../../../../arm-none-eabi/lib/thumb/v7e-m+fp/hard/libcr_c.a(alloc.o)
 .comment       0x0000000000000079       0x7a /Applications/MCUXpressoIDE_11.2.1_4149/ide/plugins/com.nxp.mcuxpresso.tools.macosx_11.2.0.202001021529/tools/bin/../lib/gcc/arm-none-eabi/9.2.1/../../../../arm-none-eabi/lib/thumb/v7e-m+fp/hard/libcr_c.a(fputs.o)
 .comment       0x0000000000000079       0x7a /Applications/MCUXpressoIDE_11.2.1_4149/ide/plugins/com.nxp.mcuxpresso.tools.macosx_11.2.0.202001021529/tools/bin/../lib/gcc/arm-none-eabi/9.2.1/../../../../arm-none-eabi/lib/thumb/v7e-m+fp/hard/libcr_c.a(fseek.o)
 .comment       0x0000000000000079       0x7a /Applications/MCUXpressoIDE_11.2.1_4149/ide/plugins/com.nxp.mcuxpresso.tools.macosx_11.2.0.202001021529/tools/bin/../lib/gcc/arm-none-eabi/9.2.1/../../../../arm-none-eabi/lib/thumb/v7e-m+fp/hard/libcr_c.a(ftell.o)
 .comment       0x0000000000000079       0x7a /Applications/MCUXpressoIDE_11.2.1_4149/ide/plugins/com.nxp.mcuxpresso.tools.macosx_11.2.0.202001021529/tools/bin/../lib/gcc/arm-none-eabi/9.2.1/../../../../arm-none-eabi/lib/thumb/v7e-m+fp/hard/libcr_c.a(initio.o)
 .comment       0x0000000000000079       0x7a /Applications/MCUXpressoIDE_11.2.1_4149/ide/plugins/com.nxp.mcuxpresso.tools.macosx_11.2.0.202001021529/tools/bin/../lib/gcc/arm-none-eabi/9.2.1/../../../../arm-none-eabi/lib/thumb/v7e-m+fp/hard/libcr_c.a(printf.o)
 .comment       0x0000000000000079       0x7a /Applications/MCUXpressoIDE_11.2.1_4149/ide/plugins/com.nxp.mcuxpresso.tools.macosx_11.2.0.202001021529/tools/bin/../lib/gcc/arm-none-eabi/9.2.1/../../../../arm-none-eabi/lib/thumb/v7e-m+fp/hard/libcr_c.a(setvbuf.o)
 .comment       0x0000000000000079       0x7a /Applications/MCUXpressoIDE_11.2.1_4149/ide/plugins/com.nxp.mcuxpresso.tools.macosx_11.2.0.202001021529/tools/bin/../lib/gcc/arm-none-eabi/9.2.1/../../../../arm-none-eabi/lib/thumb/v7e-m+fp/hard/libcr_c.a(strlen.o)
 .comment       0x0000000000000079       0x7a /Applications/MCUXpressoIDE_11.2.1_4149/ide/plugins/com.nxp.mcuxpresso.tools.macosx_11.2.0.202001021529/tools/bin/../lib/gcc/arm-none-eabi/9.2.1/../../../../arm-none-eabi/lib/thumb/v7e-m+fp/hard/libcr_c.a(__init_alloc.o)
 .comment       0x0000000000000079       0x7a /Applications/MCUXpressoIDE_11.2.1_4149/ide/plugins/com.nxp.mcuxpresso.tools.macosx_11.2.0.202001021529/tools/bin/../lib/gcc/arm-none-eabi/9.2.1/../../../../arm-none-eabi/lib/thumb/v7e-m+fp/hard/libcr_c.a(_cr_sbrk.o)
 .comment       0x0000000000000079       0x7a /Applications/MCUXpressoIDE_11.2.1_4149/ide/plugins/com.nxp.mcuxpresso.tools.macosx_11.2.0.202001021529/tools/bin/../lib/gcc/arm-none-eabi/9.2.1/../../../../arm-none-eabi/lib/thumb/v7e-m+fp/hard/libcr_c.a(_fdopen.o)
 .comment       0x0000000000000079       0x7a /Applications/MCUXpressoIDE_11.2.1_4149/ide/plugins/com.nxp.mcuxpresso.tools.macosx_11.2.0.202001021529/tools/bin/../lib/gcc/arm-none-eabi/9.2.1/../../../../arm-none-eabi/lib/thumb/v7e-m+fp/hard/libcr_c.a(errno.o)
 .comment       0x0000000000000079       0x7a /Applications/MCUXpressoIDE_11.2.1_4149/ide/plugins/com.nxp.mcuxpresso.tools.macosx_11.2.0.202001021529/tools/bin/../lib/gcc/arm-none-eabi/9.2.1/../../../../arm-none-eabi/lib/thumb/v7e-m+fp/hard/libcr_c.a(fclose.o)
 .comment       0x0000000000000079       0x7a /Applications/MCUXpressoIDE_11.2.1_4149/ide/plugins/com.nxp.mcuxpresso.tools.macosx_11.2.0.202001021529/tools/bin/../lib/gcc/arm-none-eabi/9.2.1/../../../../arm-none-eabi/lib/thumb/v7e-m+fp/hard/libcr_c.a(fflush.o)
 .comment       0x0000000000000079       0x7a /Applications/MCUXpressoIDE_11.2.1_4149/ide/plugins/com.nxp.mcuxpresso.tools.macosx_11.2.0.202001021529/tools/bin/../lib/gcc/arm-none-eabi/9.2.1/../../../../arm-none-eabi/lib/thumb/v7e-m+fp/hard/libcr_c.a(remove.o)
 .comment       0x0000000000000079       0x7a /Applications/MCUXpressoIDE_11.2.1_4149/ide/plugins/com.nxp.mcuxpresso.tools.macosx_11.2.0.202001021529/tools/bin/../lib/gcc/arm-none-eabi/9.2.1/../../../../arm-none-eabi/lib/thumb/v7e-m+fp/hard/libcr_c.a(_cr_check_heap.o)
 .comment       0x0000000000000079       0x7a /Applications/MCUXpressoIDE_11.2.1_4149/ide/plugins/com.nxp.mcuxpresso.tools.macosx_11.2.0.202001021529/tools/bin/../lib/gcc/arm-none-eabi/9.2.1/../../../../arm-none-eabi/lib/thumb/v7e-m+fp/hard/libcr_c.a(_do_fflush.o)

.ARM.attributes
                0x0000000000000000       0x32
 .ARM.attributes
                0x0000000000000000       0x34 ./startup/startup_mk64f12.o
 .ARM.attributes
                0x0000000000000034       0x34 ./source/ecg.o
 .ARM.attributes
                0x0000000000000068       0x34 ./source/gpio.o
 .ARM.attributes
                0x000000000000009c       0x34 ./source/pit.o
 .ARM.attributes
                0x00000000000000d0       0x34 ./source/semihost_hardfault.o
 .ARM.attributes
                0x0000000000000104       0x34 ./source/sensores.o
 .ARM.attributes
                0x0000000000000138       0x34 ./drivers/fsl_adc16.o
 .ARM.attributes
                0x000000000000016c       0x34 ./drivers/fsl_clock.o
 .ARM.attributes
                0x00000000000001a0       0x34 ./drivers/fsl_i2c.o
 .ARM.attributes
                0x00000000000001d4       0x34 ./drivers/fsl_pit.o
 .ARM.attributes
                0x0000000000000208       0x34 ./drivers/fsl_uart.o
 .ARM.attributes
                0x000000000000023c       0x34 ./device/system_MK64F12.o
 .ARM.attributes
                0x0000000000000270       0x34 ./board/board.o
 .ARM.attributes
                0x00000000000002a4       0x34 ./board/clock_config.o
 .ARM.attributes
                0x00000000000002d8       0x34 ./board/peripherals.o
 .ARM.attributes
                0x000000000000030c       0x34 ./board/pin_mux.o
 .ARM.attributes
                0x0000000000000340       0x34 /Applications/MCUXpressoIDE_11.2.1_4149/ide/plugins/com.nxp.mcuxpresso.tools.macosx_11.2.0.202001021529/tools/bin/../lib/gcc/arm-none-eabi/9.2.1/../../../../arm-none-eabi/lib/thumb/v7e-m+fp/hard/libcr_semihost_nf.a(_cr__main.o)
 .ARM.attributes
                0x0000000000000374       0x34 /Applications/MCUXpressoIDE_11.2.1_4149/ide/plugins/com.nxp.mcuxpresso.tools.macosx_11.2.0.202001021529/tools/bin/../lib/gcc/arm-none-eabi/9.2.1/../../../../arm-none-eabi/lib/thumb/v7e-m+fp/hard/libcr_semihost_nf.a(_cr_assert.o)
 .ARM.attributes
                0x00000000000003a8       0x39 /Applications/MCUXpressoIDE_11.2.1_4149/ide/plugins/com.nxp.mcuxpresso.tools.macosx_11.2.0.202001021529/tools/bin/../lib/gcc/arm-none-eabi/9.2.1/../../../../arm-none-eabi/lib/thumb/v7e-m+fp/hard/libcr_semihost_nf.a(__ciob.o)
 .ARM.attributes
                0x00000000000003e1       0x20 /Applications/MCUXpressoIDE_11.2.1_4149/ide/plugins/com.nxp.mcuxpresso.tools.macosx_11.2.0.202001021529/tools/bin/../lib/gcc/arm-none-eabi/9.2.1/../../../../arm-none-eabi/lib/thumb/v7e-m+fp/hard/libcr_semihost_nf.a(__sys_appexit.o)
 .ARM.attributes
                0x0000000000000401       0x34 /Applications/MCUXpressoIDE_11.2.1_4149/ide/plugins/com.nxp.mcuxpresso.tools.macosx_11.2.0.202001021529/tools/bin/../lib/gcc/arm-none-eabi/9.2.1/../../../../arm-none-eabi/lib/thumb/v7e-m+fp/hard/libcr_c.a(memset.o)
 .ARM.attributes
                0x0000000000000435       0x34 /Applications/MCUXpressoIDE_11.2.1_4149/ide/plugins/com.nxp.mcuxpresso.tools.macosx_11.2.0.202001021529/tools/bin/../lib/gcc/arm-none-eabi/9.2.1/../../../../arm-none-eabi/lib/thumb/v7e-m+fp/hard/libcr_c.a(_deferredlazyseek.o)
 .ARM.attributes
                0x0000000000000469       0x34 /Applications/MCUXpressoIDE_11.2.1_4149/ide/plugins/com.nxp.mcuxpresso.tools.macosx_11.2.0.202001021529/tools/bin/../lib/gcc/arm-none-eabi/9.2.1/../../../../arm-none-eabi/lib/thumb/v7e-m+fp/hard/libcr_c.a(_fflush.o)
 .ARM.attributes
                0x000000000000049d       0x34 /Applications/MCUXpressoIDE_11.2.1_4149/ide/plugins/com.nxp.mcuxpresso.tools.macosx_11.2.0.202001021529/tools/bin/../lib/gcc/arm-none-eabi/9.2.1/../../../../arm-none-eabi/lib/thumb/v7e-m+fp/hard/libcr_c.a(_writebuf.o)
 .ARM.attributes
                0x00000000000004d1       0x34 /Applications/MCUXpressoIDE_11.2.1_4149/ide/plugins/com.nxp.mcuxpresso.tools.macosx_11.2.0.202001021529/tools/bin/../lib/gcc/arm-none-eabi/9.2.1/../../../../arm-none-eabi/lib/thumb/v7e-m+fp/hard/libcr_c.a(alloc.o)
 .ARM.attributes
                0x0000000000000505       0x34 /Applications/MCUXpressoIDE_11.2.1_4149/ide/plugins/com.nxp.mcuxpresso.tools.macosx_11.2.0.202001021529/tools/bin/../lib/gcc/arm-none-eabi/9.2.1/../../../../arm-none-eabi/lib/thumb/v7e-m+fp/hard/libcr_c.a(fputs.o)
 .ARM.attributes
                0x0000000000000539       0x34 /Applications/MCUXpressoIDE_11.2.1_4149/ide/plugins/com.nxp.mcuxpresso.tools.macosx_11.2.0.202001021529/tools/bin/../lib/gcc/arm-none-eabi/9.2.1/../../../../arm-none-eabi/lib/thumb/v7e-m+fp/hard/libcr_c.a(fseek.o)
 .ARM.attributes
                0x000000000000056d       0x34 /Applications/MCUXpressoIDE_11.2.1_4149/ide/plugins/com.nxp.mcuxpresso.tools.macosx_11.2.0.202001021529/tools/bin/../lib/gcc/arm-none-eabi/9.2.1/../../../../arm-none-eabi/lib/thumb/v7e-m+fp/hard/libcr_c.a(ftell.o)
 .ARM.attributes
                0x00000000000005a1       0x34 /Applications/MCUXpressoIDE_11.2.1_4149/ide/plugins/com.nxp.mcuxpresso.tools.macosx_11.2.0.202001021529/tools/bin/../lib/gcc/arm-none-eabi/9.2.1/../../../../arm-none-eabi/lib/thumb/v7e-m+fp/hard/libcr_c.a(initio.o)
 .ARM.attributes
                0x00000000000005d5       0x34 /Applications/MCUXpressoIDE_11.2.1_4149/ide/plugins/com.nxp.mcuxpresso.tools.macosx_11.2.0.202001021529/tools/bin/../lib/gcc/arm-none-eabi/9.2.1/../../../../arm-none-eabi/lib/thumb/v7e-m+fp/hard/libcr_c.a(printf.o)
 .ARM.attributes
                0x0000000000000609       0x34 /Applications/MCUXpressoIDE_11.2.1_4149/ide/plugins/com.nxp.mcuxpresso.tools.macosx_11.2.0.202001021529/tools/bin/../lib/gcc/arm-none-eabi/9.2.1/../../../../arm-none-eabi/lib/thumb/v7e-m+fp/hard/libcr_c.a(setvbuf.o)
 .ARM.attributes
                0x000000000000063d       0x34 /Applications/MCUXpressoIDE_11.2.1_4149/ide/plugins/com.nxp.mcuxpresso.tools.macosx_11.2.0.202001021529/tools/bin/../lib/gcc/arm-none-eabi/9.2.1/../../../../arm-none-eabi/lib/thumb/v7e-m+fp/hard/libcr_c.a(strlen.o)
 .ARM.attributes
                0x0000000000000671       0x34 /Applications/MCUXpressoIDE_11.2.1_4149/ide/plugins/com.nxp.mcuxpresso.tools.macosx_11.2.0.202001021529/tools/bin/../lib/gcc/arm-none-eabi/9.2.1/../../../../arm-none-eabi/lib/thumb/v7e-m+fp/hard/libcr_c.a(__init_alloc.o)
 .ARM.attributes
                0x00000000000006a5       0x34 /Applications/MCUXpressoIDE_11.2.1_4149/ide/plugins/com.nxp.mcuxpresso.tools.macosx_11.2.0.202001021529/tools/bin/../lib/gcc/arm-none-eabi/9.2.1/../../../../arm-none-eabi/lib/thumb/v7e-m+fp/hard/libcr_c.a(_cr_sbrk.o)
 .ARM.attributes
                0x00000000000006d9       0x34 /Applications/MCUXpressoIDE_11.2.1_4149/ide/plugins/com.nxp.mcuxpresso.tools.macosx_11.2.0.202001021529/tools/bin/../lib/gcc/arm-none-eabi/9.2.1/../../../../arm-none-eabi/lib/thumb/v7e-m+fp/hard/libcr_c.a(_fdopen.o)
 .ARM.attributes
                0x000000000000070d       0x39 /Applications/MCUXpressoIDE_11.2.1_4149/ide/plugins/com.nxp.mcuxpresso.tools.macosx_11.2.0.202001021529/tools/bin/../lib/gcc/arm-none-eabi/9.2.1/../../../../arm-none-eabi/lib/thumb/v7e-m+fp/hard/libcr_c.a(errno.o)
 .ARM.attributes
                0x0000000000000746       0x34 /Applications/MCUXpressoIDE_11.2.1_4149/ide/plugins/com.nxp.mcuxpresso.tools.macosx_11.2.0.202001021529/tools/bin/../lib/gcc/arm-none-eabi/9.2.1/../../../../arm-none-eabi/lib/thumb/v7e-m+fp/hard/libcr_c.a(fclose.o)
 .ARM.attributes
                0x000000000000077a       0x34 /Applications/MCUXpressoIDE_11.2.1_4149/ide/plugins/com.nxp.mcuxpresso.tools.macosx_11.2.0.202001021529/tools/bin/../lib/gcc/arm-none-eabi/9.2.1/../../../../arm-none-eabi/lib/thumb/v7e-m+fp/hard/libcr_c.a(fflush.o)
 .ARM.attributes
                0x00000000000007ae       0x34 /Applications/MCUXpressoIDE_11.2.1_4149/ide/plugins/com.nxp.mcuxpresso.tools.macosx_11.2.0.202001021529/tools/bin/../lib/gcc/arm-none-eabi/9.2.1/../../../../arm-none-eabi/lib/thumb/v7e-m+fp/hard/libcr_c.a(remove.o)
 .ARM.attributes
                0x00000000000007e2       0x34 /Applications/MCUXpressoIDE_11.2.1_4149/ide/plugins/com.nxp.mcuxpresso.tools.macosx_11.2.0.202001021529/tools/bin/../lib/gcc/arm-none-eabi/9.2.1/../../../../arm-none-eabi/lib/thumb/v7e-m+fp/hard/libcr_c.a(_cr_check_heap.o)
 .ARM.attributes
                0x0000000000000816       0x34 /Applications/MCUXpressoIDE_11.2.1_4149/ide/plugins/com.nxp.mcuxpresso.tools.macosx_11.2.0.202001021529/tools/bin/../lib/gcc/arm-none-eabi/9.2.1/../../../../arm-none-eabi/lib/thumb/v7e-m+fp/hard/libcr_c.a(_do_fflush.o)
 .ARM.attributes