14:35:02 **** Clean-only build of configuration Debug for project MK64FN1M0xxx12_Project ****
make -r -j3 clean 
rm -rf  ./utilities/fsl_debug_console.o ./utilities/fsl_str.o  ./startup/startup_mk64f12.o  ./source/adc.o ./source/algorithm.o ./source/ecg.o ./source/fever.o ./source/gpio.o ./source/i2c_config.o ./source/o2.o ./source/pit.o ./source/semihost_hardfault.o ./source/sensores.o  ./drivers/fsl_adc16.o ./drivers/fsl_clock.o ./drivers/fsl_common.o ./drivers/fsl_gpio.o ./drivers/fsl_i2c.o ./drivers/fsl_pit.o ./drivers/fsl_smc.o ./drivers/fsl_uart.o  ./device/system_MK64F12.o  ./component/uart/uart_adapter.o  ./component/serial_manager/serial_manager.o ./component/serial_manager/serial_port_uart.o  ./component/lists/generic_list.o  ./board/board.o ./board/clock_config.o ./board/peripherals.o ./board/pin_mux.o  ./utilities/fsl_debug_console.d ./utilities/fsl_str.d  ./startup/startup_mk64f12.d  ./source/adc.d ./source/algorithm.d ./source/ecg.d ./source/fever.d ./source/gpio.d ./source/i2c_config.d ./source/o2.d ./source/pit.d ./source/semihost_hardfault.d ./source/sensores.d  ./drivers/fsl_adc16.d ./drivers/fsl_clock.d ./drivers/fsl_common.d ./drivers/fsl_gpio.d ./drivers/fsl_i2c.d ./drivers/fsl_pit.d ./drivers/fsl_smc.d ./drivers/fsl_uart.d  ./device/system_MK64F12.d  ./component/uart/uart_adapter.d  ./component/serial_manager/serial_manager.d ./component/serial_manager/serial_port_uart.d  ./component/lists/generic_list.d  ./board/board.d ./board/clock_config.d ./board/peripherals.d ./board/pin_mux.d  MK64FN1M0xxx12_Project.axf
 
14:35:26 **** Build of configuration Debug for project MK64FN1M0xxx12_Project ****
make -r -j3 all 
Building file: ../utilities/fsl_debug_console.c
Building file: ../utilities/fsl_str.c
Building file: ../startup/startup_mk64f12.c
Invoking: MCU C Compiler
arm-none-eabi-gcc -D__REDLIB__ -DCPU_MK64FN1M0VLL12 -DCPU_MK64FN1M0VLL12_cm4 -DFSL_RTOS_BM -DSDK_OS_BAREMETAL -DSERIAL_PORT_TYPE_UART=1 -DSDK_DEBUGCONSOLE=0 -DCR_INTEGER_PRINTF -DPRINTF_FLOAT_ENABLE=0 -D__MCUXPRESSO -D__USE_CMSIS -DDEBUG -I"/Users/martinamaspero/Desktop/labo-de-micros-tpf/Martu/micros_ANDA/workspace/MK64FN1M0xxx12_Project/board" -I"/Users/martinamaspero/Desktop/labo-de-micros-tpf/Martu/micros_ANDA/workspace/MK64FN1M0xxx12_Project/source" -I"/Users/martinamaspero/Desktop/labo-de-micros-tpf/Martu/micros_ANDA/workspace/MK64FN1M0xxx12_Project" -I"/Users/martinamaspero/Desktop/labo-de-micros-tpf/Martu/micros_ANDA/workspace/MK64FN1M0xxx12_Project/drivers" -I"/Users/martinamaspero/Desktop/labo-de-micros-tpf/Martu/micros_ANDA/workspace/MK64FN1M0xxx12_Project/device" -I"/Users/martinamaspero/Desktop/labo-de-micros-tpf/Martu/micros_ANDA/workspace/MK64FN1M0xxx12_Project/CMSIS" -I"/Users/martinamaspero/Desktop/labo-de-micros-tpf/Martu/micros_ANDA/workspace/MK64FN1M0xxx12_Project/component/uart" -I"/Users/martinamaspero/Desktop/labo-de-micros-tpf/Martu/micros_ANDA/workspace/MK64FN1M0xxx12_Project/utilities" -I"/Users/martinamaspero/Desktop/labo-de-micros-tpf/Martu/micros_ANDA/workspace/MK64FN1M0xxx12_Project/component/serial_manager" -I"/Users/martinamaspero/Desktop/labo-de-micros-tpf/Martu/micros_ANDA/workspace/MK64FN1M0xxx12_Project/component/lists" -O0 -fno-common -g3 -Wall -c -ffunction-sections -fdata-sections -ffreestanding -fno-builtin -fmerge-constants -fmacro-prefix-map="../utilities/"=. -mcpu=cortex-m4 -mfpu=fpv4-sp-d16 -mfloat-abi=hard -mthumb -D__REDLIB__ -fstack-usage -specs=redlib.specs -MMD -MP -MF"utilities/fsl_debug_console.d" -MT"utilities/fsl_debug_console.o" -MT"utilities/fsl_debug_console.d" -o "utilities/fsl_debug_console.o" "../utilities/fsl_debug_console.c"
Invoking: MCU C Compiler
Invoking: MCU C Compiler
arm-none-eabi-gcc -D__REDLIB__ -DCPU_MK64FN1M0VLL12 -DCPU_MK64FN1M0VLL12_cm4 -DFSL_RTOS_BM -DSDK_OS_BAREMETAL -DSERIAL_PORT_TYPE_UART=1 -DSDK_DEBUGCONSOLE=0 -DCR_INTEGER_PRINTF -DPRINTF_FLOAT_ENABLE=0 -D__MCUXPRESSO -D__USE_CMSIS -DDEBUG -I"/Users/martinamaspero/Desktop/labo-de-micros-tpf/Martu/micros_ANDA/workspace/MK64FN1M0xxx12_Project/board" -I"/Users/martinamaspero/Desktop/labo-de-micros-tpf/Martu/micros_ANDA/workspace/MK64FN1M0xxx12_Project/source" -I"/Users/martinamaspero/Desktop/labo-de-micros-tpf/Martu/micros_ANDA/workspace/MK64FN1M0xxx12_Project" -I"/Users/martinamaspero/Desktop/labo-de-micros-tpf/Martu/micros_ANDA/workspace/MK64FN1M0xxx12_Project/drivers" -I"/Users/martinamaspero/Desktop/labo-de-micros-tpf/Martu/micros_ANDA/workspace/MK64FN1M0xxx12_Project/device" -I"/Users/martinamaspero/Desktop/labo-de-micros-tpf/Martu/micros_ANDA/workspace/MK64FN1M0xxx12_Project/CMSIS" -I"/Users/martinamaspero/Desktop/labo-de-micros-tpf/Martu/micros_ANDA/workspace/MK64FN1M0xxx12_Project/component/uart" -I"/Users/martinamaspero/Desktop/labo-de-micros-tpf/Martu/micros_ANDA/workspace/MK64FN1M0xxx12_Project/utilities" -I"/Users/martinamaspero/Desktop/labo-de-micros-tpf/Martu/micros_ANDA/workspace/MK64FN1M0xxx12_Project/component/serial_manager" -I"/Users/martinamaspero/Desktop/labo-de-micros-tpf/Martu/micros_ANDA/workspace/MK64FN1M0xxx12_Project/component/lists" -O0 -fno-common -g3 -Wall -c -ffunction-sections -fdata-sections -ffreestanding -fno-builtin -fmerge-constants -fmacro-prefix-map="../startup/"=. -mcpu=cortex-m4 -mfpu=fpv4-sp-d16 -mfloat-abi=hard -mthumb -D__REDLIB__ -fstack-usage -specs=redlib.specs -MMD -MP -MF"startup/startup_mk64f12.d" -MT"startup/startup_mk64f12.o" -MT"startup/startup_mk64f12.d" -o "startup/startup_mk64f12.o" "../startup/startup_mk64f12.c"
arm-none-eabi-gcc -D__REDLIB__ -DCPU_MK64FN1M0VLL12 -DCPU_MK64FN1M0VLL12_cm4 -DFSL_RTOS_BM -DSDK_OS_BAREMETAL -DSERIAL_PORT_TYPE_UART=1 -DSDK_DEBUGCONSOLE=0 -DCR_INTEGER_PRINTF -DPRINTF_FLOAT_ENABLE=0 -D__MCUXPRESSO -D__USE_CMSIS -DDEBUG -I"/Users/martinamaspero/Desktop/labo-de-micros-tpf/Martu/micros_ANDA/workspace/MK64FN1M0xxx12_Project/board" -I"/Users/martinamaspero/Desktop/labo-de-micros-tpf/Martu/micros_ANDA/workspace/MK64FN1M0xxx12_Project/source" -I"/Users/martinamaspero/Desktop/labo-de-micros-tpf/Martu/micros_ANDA/workspace/MK64FN1M0xxx12_Project" -I"/Users/martinamaspero/Desktop/labo-de-micros-tpf/Martu/micros_ANDA/workspace/MK64FN1M0xxx12_Project/drivers" -I"/Users/martinamaspero/Desktop/labo-de-micros-tpf/Martu/micros_ANDA/workspace/MK64FN1M0xxx12_Project/device" -I"/Users/martinamaspero/Desktop/labo-de-micros-tpf/Martu/micros_ANDA/workspace/MK64FN1M0xxx12_Project/CMSIS" -I"/Users/martinamaspero/Desktop/labo-de-micros-tpf/Martu/micros_ANDA/workspace/MK64FN1M0xxx12_Project/component/uart" -I"/Users/martinamaspero/Desktop/labo-de-micros-tpf/Martu/micros_ANDA/workspace/MK64FN1M0xxx12_Project/utilities" -I"/Users/martinamaspero/Desktop/labo-de-micros-tpf/Martu/micros_ANDA/workspace/MK64FN1M0xxx12_Project/component/serial_manager" -I"/Users/martinamaspero/Desktop/labo-de-micros-tpf/Martu/micros_ANDA/workspace/MK64FN1M0xxx12_Project/component/lists" -O0 -fno-common -g3 -Wall -c -ffunction-sections -fdata-sections -ffreestanding -fno-builtin -fmerge-constants -fmacro-prefix-map="../utilities/"=. -mcpu=cortex-m4 -mfpu=fpv4-sp-d16 -mfloat-abi=hard -mthumb -D__REDLIB__ -fstack-usage -specs=redlib.specs -MMD -MP -MF"utilities/fsl_str.d" -MT"utilities/fsl_str.o" -MT"utilities/fsl_str.d" -o "utilities/fsl_str.o" "../utilities/fsl_str.c"
Finished building: ../startup/startup_mk64f12.c
 
Building file: ../source/adc.c
Invoking: MCU C Compiler
arm-none-eabi-gcc -D__REDLIB__ -DCPU_MK64FN1M0VLL12 -DCPU_MK64FN1M0VLL12_cm4 -DFSL_RTOS_BM -DSDK_OS_BAREMETAL -DSERIAL_PORT_TYPE_UART=1 -DSDK_DEBUGCONSOLE=0 -DCR_INTEGER_PRINTF -DPRINTF_FLOAT_ENABLE=0 -D__MCUXPRESSO -D__USE_CMSIS -DDEBUG -I"/Users/martinamaspero/Desktop/labo-de-micros-tpf/Martu/micros_ANDA/workspace/MK64FN1M0xxx12_Project/board" -I"/Users/martinamaspero/Desktop/labo-de-micros-tpf/Martu/micros_ANDA/workspace/MK64FN1M0xxx12_Project/source" -I"/Users/martinamaspero/Desktop/labo-de-micros-tpf/Martu/micros_ANDA/workspace/MK64FN1M0xxx12_Project" -I"/Users/martinamaspero/Desktop/labo-de-micros-tpf/Martu/micros_ANDA/workspace/MK64FN1M0xxx12_Project/drivers" -I"/Users/martinamaspero/Desktop/labo-de-micros-tpf/Martu/micros_ANDA/workspace/MK64FN1M0xxx12_Project/device" -I"/Users/martinamaspero/Desktop/labo-de-micros-tpf/Martu/micros_ANDA/workspace/MK64FN1M0xxx12_Project/CMSIS" -I"/Users/martinamaspero/Desktop/labo-de-micros-tpf/Martu/micros_ANDA/workspace/MK64FN1M0xxx12_Project/component/uart" -I"/Users/martinamaspero/Desktop/labo-de-micros-tpf/Martu/micros_ANDA/workspace/MK64FN1M0xxx12_Project/utilities" -I"/Users/martinamaspero/Desktop/labo-de-micros-tpf/Martu/micros_ANDA/workspace/MK64FN1M0xxx12_Project/component/serial_manager" -I"/Users/martinamaspero/Desktop/labo-de-micros-tpf/Martu/micros_ANDA/workspace/MK64FN1M0xxx12_Project/component/lists" -O0 -fno-common -g3 -Wall -c -ffunction-sections -fdata-sections -ffreestanding -fno-builtin -fmerge-constants -fmacro-prefix-map="../source/"=. -mcpu=cortex-m4 -mfpu=fpv4-sp-d16 -mfloat-abi=hard -mthumb -D__REDLIB__ -fstack-usage -specs=redlib.specs -MMD -MP -MF"source/adc.d" -MT"source/adc.o" -MT"source/adc.d" -o "source/adc.o" "../source/adc.c"
Finished building: ../utilities/fsl_debug_console.c
 
Building file: ../source/algorithm.c
Invoking: MCU C Compiler
arm-none-eabi-gcc -D__REDLIB__ -DCPU_MK64FN1M0VLL12 -DCPU_MK64FN1M0VLL12_cm4 -DFSL_RTOS_BM -DSDK_OS_BAREMETAL -DSERIAL_PORT_TYPE_UART=1 -DSDK_DEBUGCONSOLE=0 -DCR_INTEGER_PRINTF -DPRINTF_FLOAT_ENABLE=0 -D__MCUXPRESSO -D__USE_CMSIS -DDEBUG -I"/Users/martinamaspero/Desktop/labo-de-micros-tpf/Martu/micros_ANDA/workspace/MK64FN1M0xxx12_Project/board" -I"/Users/martinamaspero/Desktop/labo-de-micros-tpf/Martu/micros_ANDA/workspace/MK64FN1M0xxx12_Project/source" -I"/Users/martinamaspero/Desktop/labo-de-micros-tpf/Martu/micros_ANDA/workspace/MK64FN1M0xxx12_Project" -I"/Users/martinamaspero/Desktop/labo-de-micros-tpf/Martu/micros_ANDA/workspace/MK64FN1M0xxx12_Project/drivers" -I"/Users/martinamaspero/Desktop/labo-de-micros-tpf/Martu/micros_ANDA/workspace/MK64FN1M0xxx12_Project/device" -I"/Users/martinamaspero/Desktop/labo-de-micros-tpf/Martu/micros_ANDA/workspace/MK64FN1M0xxx12_Project/CMSIS" -I"/Users/martinamaspero/Desktop/labo-de-micros-tpf/Martu/micros_ANDA/workspace/MK64FN1M0xxx12_Project/component/uart" -I"/Users/martinamaspero/Desktop/labo-de-micros-tpf/Martu/micros_ANDA/workspace/MK64FN1M0xxx12_Project/utilities" -I"/Users/martinamaspero/Desktop/labo-de-micros-tpf/Martu/micros_ANDA/workspace/MK64FN1M0xxx12_Project/component/serial_manager" -I"/Users/martinamaspero/Desktop/labo-de-micros-tpf/Martu/micros_ANDA/workspace/MK64FN1M0xxx12_Project/component/lists" -O0 -fno-common -g3 -Wall -c -ffunction-sections -fdata-sections -ffreestanding -fno-builtin -fmerge-constants -fmacro-prefix-map="../source/"=. -mcpu=cortex-m4 -mfpu=fpv4-sp-d16 -mfloat-abi=hard -mthumb -D__REDLIB__ -fstack-usage -specs=redlib.specs -MMD -MP -MF"source/algorithm.d" -MT"source/algorithm.o" -MT"source/algorithm.d" -o "source/algorithm.o" "../source/algorithm.c"
Finished building: ../utilities/fsl_str.c
 
Building file: ../source/ecg.c
Invoking: MCU C Compiler
arm-none-eabi-gcc -D__REDLIB__ -DCPU_MK64FN1M0VLL12 -DCPU_MK64FN1M0VLL12_cm4 -DFSL_RTOS_BM -DSDK_OS_BAREMETAL -DSERIAL_PORT_TYPE_UART=1 -DSDK_DEBUGCONSOLE=0 -DCR_INTEGER_PRINTF -DPRINTF_FLOAT_ENABLE=0 -D__MCUXPRESSO -D__USE_CMSIS -DDEBUG -I"/Users/martinamaspero/Desktop/labo-de-micros-tpf/Martu/micros_ANDA/workspace/MK64FN1M0xxx12_Project/board" -I"/Users/martinamaspero/Desktop/labo-de-micros-tpf/Martu/micros_ANDA/workspace/MK64FN1M0xxx12_Project/source" -I"/Users/martinamaspero/Desktop/labo-de-micros-tpf/Martu/micros_ANDA/workspace/MK64FN1M0xxx12_Project" -I"/Users/martinamaspero/Desktop/labo-de-micros-tpf/Martu/micros_ANDA/workspace/MK64FN1M0xxx12_Project/drivers" -I"/Users/martinamaspero/Desktop/labo-de-micros-tpf/Martu/micros_ANDA/workspace/MK64FN1M0xxx12_Project/device" -I"/Users/martinamaspero/Desktop/labo-de-micros-tpf/Martu/micros_ANDA/workspace/MK64FN1M0xxx12_Project/CMSIS" -I"/Users/martinamaspero/Desktop/labo-de-micros-tpf/Martu/micros_ANDA/workspace/MK64FN1M0xxx12_Project/component/uart" -I"/Users/martinamaspero/Desktop/labo-de-micros-tpf/Martu/micros_ANDA/workspace/MK64FN1M0xxx12_Project/utilities" -I"/Users/martinamaspero/Desktop/labo-de-micros-tpf/Martu/micros_ANDA/workspace/MK64FN1M0xxx12_Project/component/serial_manager" -I"/Users/martinamaspero/Desktop/labo-de-micros-tpf/Martu/micros_ANDA/workspace/MK64FN1M0xxx12_Project/component/lists" -O0 -fno-common -g3 -Wall -c -ffunction-sections -fdata-sections -ffreestanding -fno-builtin -fmerge-constants -fmacro-prefix-map="../source/"=. -mcpu=cortex-m4 -mfpu=fpv4-sp-d16 -mfloat-abi=hard -mthumb -D__REDLIB__ -fstack-usage -specs=redlib.specs -MMD -MP -MF"source/ecg.d" -MT"source/ecg.o" -MT"source/ecg.d" -o "source/ecg.o" "../source/ecg.c"
Finished building: ../source/algorithm.c
 
Building file: ../source/fever.c
Invoking: MCU C Compiler
arm-none-eabi-gcc -D__REDLIB__ -DCPU_MK64FN1M0VLL12 -DCPU_MK64FN1M0VLL12_cm4 -DFSL_RTOS_BM -DSDK_OS_BAREMETAL -DSERIAL_PORT_TYPE_UART=1 -DSDK_DEBUGCONSOLE=0 -DCR_INTEGER_PRINTF -DPRINTF_FLOAT_ENABLE=0 -D__MCUXPRESSO -D__USE_CMSIS -DDEBUG -I"/Users/martinamaspero/Desktop/labo-de-micros-tpf/Martu/micros_ANDA/workspace/MK64FN1M0xxx12_Project/board" -I"/Users/martinamaspero/Desktop/labo-de-micros-tpf/Martu/micros_ANDA/workspace/MK64FN1M0xxx12_Project/source" -I"/Users/martinamaspero/Desktop/labo-de-micros-tpf/Martu/micros_ANDA/workspace/MK64FN1M0xxx12_Project" -I"/Users/martinamaspero/Desktop/labo-de-micros-tpf/Martu/micros_ANDA/workspace/MK64FN1M0xxx12_Project/drivers" -I"/Users/martinamaspero/Desktop/labo-de-micros-tpf/Martu/micros_ANDA/workspace/MK64FN1M0xxx12_Project/device" -I"/Users/martinamaspero/Desktop/labo-de-micros-tpf/Martu/micros_ANDA/workspace/MK64FN1M0xxx12_Project/CMSIS" -I"/Users/martinamaspero/Desktop/labo-de-micros-tpf/Martu/micros_ANDA/workspace/MK64FN1M0xxx12_Project/component/uart" -I"/Users/martinamaspero/Desktop/labo-de-micros-tpf/Martu/micros_ANDA/workspace/MK64FN1M0xxx12_Project/utilities" -I"/Users/martinamaspero/Desktop/labo-de-micros-tpf/Martu/micros_ANDA/workspace/MK64FN1M0xxx12_Project/component/serial_manager" -I"/Users/martinamaspero/Desktop/labo-de-micros-tpf/Martu/micros_ANDA/workspace/MK64FN1M0xxx12_Project/component/lists" -O0 -fno-common -g3 -Wall -c -ffunction-sections -fdata-sections -ffreestanding -fno-builtin -fmerge-constants -fmacro-prefix-map="../source/"=. -mcpu=cortex-m4 -mfpu=fpv4-sp-d16 -mfloat-abi=hard -mthumb -D__REDLIB__ -fstack-usage -specs=redlib.specs -MMD -MP -MF"source/fever.d" -MT"source/fever.o" -MT"source/fever.d" -o "source/fever.o" "../source/fever.c"
Finished building: ../source/fever.c
 
Building file: ../source/gpio.c
Invoking: MCU C Compiler
arm-none-eabi-gcc -D__REDLIB__ -DCPU_MK64FN1M0VLL12 -DCPU_MK64FN1M0VLL12_cm4 -DFSL_RTOS_BM -DSDK_OS_BAREMETAL -DSERIAL_PORT_TYPE_UART=1 -DSDK_DEBUGCONSOLE=0 -DCR_INTEGER_PRINTF -DPRINTF_FLOAT_ENABLE=0 -D__MCUXPRESSO -D__USE_CMSIS -DDEBUG -I"/Users/martinamaspero/Desktop/labo-de-micros-tpf/Martu/micros_ANDA/workspace/MK64FN1M0xxx12_Project/board" -I"/Users/martinamaspero/Desktop/labo-de-micros-tpf/Martu/micros_ANDA/workspace/MK64FN1M0xxx12_Project/source" -I"/Users/martinamaspero/Desktop/labo-de-micros-tpf/Martu/micros_ANDA/workspace/MK64FN1M0xxx12_Project" -I"/Users/martinamaspero/Desktop/labo-de-micros-tpf/Martu/micros_ANDA/workspace/MK64FN1M0xxx12_Project/drivers" -I"/Users/martinamaspero/Desktop/labo-de-micros-tpf/Martu/micros_ANDA/workspace/MK64FN1M0xxx12_Project/device" -I"/Users/martinamaspero/Desktop/labo-de-micros-tpf/Martu/micros_ANDA/workspace/MK64FN1M0xxx12_Project/CMSIS" -I"/Users/martinamaspero/Desktop/labo-de-micros-tpf/Martu/micros_ANDA/workspace/MK64FN1M0xxx12_Project/component/uart" -I"/Users/martinamaspero/Desktop/labo-de-micros-tpf/Martu/micros_ANDA/workspace/MK64FN1M0xxx12_Project/utilities" -I"/Users/martinamaspero/Desktop/labo-de-micros-tpf/Martu/micros_ANDA/workspace/MK64FN1M0xxx12_Project/component/serial_manager" -I"/Users/martinamaspero/Desktop/labo-de-micros-tpf/Martu/micros_ANDA/workspace/MK64FN1M0xxx12_Project/component/lists" -O0 -fno-common -g3 -Wall -c -ffunction-sections -fdata-sections -ffreestanding -fno-builtin -fmerge-constants -fmacro-prefix-map="../source/"=. -mcpu=cortex-m4 -mfpu=fpv4-sp-d16 -mfloat-abi=hard -mthumb -D__REDLIB__ -fstack-usage -specs=redlib.specs -MMD -MP -MF"source/gpio.d" -MT"source/gpio.o" -MT"source/gpio.d" -o "source/gpio.o" "../source/gpio.c"
Finished building: ../source/adc.c
 
Building file: ../source/i2c_config.c
Invoking: MCU C Compiler
arm-none-eabi-gcc -D__REDLIB__ -DCPU_MK64FN1M0VLL12 -DCPU_MK64FN1M0VLL12_cm4 -DFSL_RTOS_BM -DSDK_OS_BAREMETAL -DSERIAL_PORT_TYPE_UART=1 -DSDK_DEBUGCONSOLE=0 -DCR_INTEGER_PRINTF -DPRINTF_FLOAT_ENABLE=0 -D__MCUXPRESSO -D__USE_CMSIS -DDEBUG -I"/Users/martinamaspero/Desktop/labo-de-micros-tpf/Martu/micros_ANDA/workspace/MK64FN1M0xxx12_Project/board" -I"/Users/martinamaspero/Desktop/labo-de-micros-tpf/Martu/micros_ANDA/workspace/MK64FN1M0xxx12_Project/source" -I"/Users/martinamaspero/Desktop/labo-de-micros-tpf/Martu/micros_ANDA/workspace/MK64FN1M0xxx12_Project" -I"/Users/martinamaspero/Desktop/labo-de-micros-tpf/Martu/micros_ANDA/workspace/MK64FN1M0xxx12_Project/drivers" -I"/Users/martinamaspero/Desktop/labo-de-micros-tpf/Martu/micros_ANDA/workspace/MK64FN1M0xxx12_Project/device" -I"/Users/martinamaspero/Desktop/labo-de-micros-tpf/Martu/micros_ANDA/workspace/MK64FN1M0xxx12_Project/CMSIS" -I"/Users/martinamaspero/Desktop/labo-de-micros-tpf/Martu/micros_ANDA/workspace/MK64FN1M0xxx12_Project/component/uart" -I"/Users/martinamaspero/Desktop/labo-de-micros-tpf/Martu/micros_ANDA/workspace/MK64FN1M0xxx12_Project/utilities" -I"/Users/martinamaspero/Desktop/labo-de-micros-tpf/Martu/micros_ANDA/workspace/MK64FN1M0xxx12_Project/component/serial_manager" -I"/Users/martinamaspero/Desktop/labo-de-micros-tpf/Martu/micros_ANDA/workspace/MK64FN1M0xxx12_Project/component/lists" -O0 -fno-common -g3 -Wall -c -ffunction-sections -fdata-sections -ffreestanding -fno-builtin -fmerge-constants -fmacro-prefix-map="../source/"=. -mcpu=cortex-m4 -mfpu=fpv4-sp-d16 -mfloat-abi=hard -mthumb -D__REDLIB__ -fstack-usage -specs=redlib.specs -MMD -MP -MF"source/i2c_config.d" -MT"source/i2c_config.o" -MT"source/i2c_config.d" -o "source/i2c_config.o" "../source/i2c_config.c"
Finished building: ../source/ecg.c
 
Building file: ../source/o2.c
Invoking: MCU C Compiler
arm-none-eabi-gcc -D__REDLIB__ -DCPU_MK64FN1M0VLL12 -DCPU_MK64FN1M0VLL12_cm4 -DFSL_RTOS_BM -DSDK_OS_BAREMETAL -DSERIAL_PORT_TYPE_UART=1 -DSDK_DEBUGCONSOLE=0 -DCR_INTEGER_PRINTF -DPRINTF_FLOAT_ENABLE=0 -D__MCUXPRESSO -D__USE_CMSIS -DDEBUG -I"/Users/martinamaspero/Desktop/labo-de-micros-tpf/Martu/micros_ANDA/workspace/MK64FN1M0xxx12_Project/board" -I"/Users/martinamaspero/Desktop/labo-de-micros-tpf/Martu/micros_ANDA/workspace/MK64FN1M0xxx12_Project/source" -I"/Users/martinamaspero/Desktop/labo-de-micros-tpf/Martu/micros_ANDA/workspace/MK64FN1M0xxx12_Project" -I"/Users/martinamaspero/Desktop/labo-de-micros-tpf/Martu/micros_ANDA/workspace/MK64FN1M0xxx12_Project/drivers" -I"/Users/martinamaspero/Desktop/labo-de-micros-tpf/Martu/micros_ANDA/workspace/MK64FN1M0xxx12_Project/device" -I"/Users/martinamaspero/Desktop/labo-de-micros-tpf/Martu/micros_ANDA/workspace/MK64FN1M0xxx12_Project/CMSIS" -I"/Users/martinamaspero/Desktop/labo-de-micros-tpf/Martu/micros_ANDA/workspace/MK64FN1M0xxx12_Project/component/uart" -I"/Users/martinamaspero/Desktop/labo-de-micros-tpf/Martu/micros_ANDA/workspace/MK64FN1M0xxx12_Project/utilities" -I"/Users/martinamaspero/Desktop/labo-de-micros-tpf/Martu/micros_ANDA/workspace/MK64FN1M0xxx12_Project/component/serial_manager" -I"/Users/martinamaspero/Desktop/labo-de-micros-tpf/Martu/micros_ANDA/workspace/MK64FN1M0xxx12_Project/component/lists" -O0 -fno-common -g3 -Wall -c -ffunction-sections -fdata-sections -ffreestanding -fno-builtin -fmerge-constants -fmacro-prefix-map="../source/"=. -mcpu=cortex-m4 -mfpu=fpv4-sp-d16 -mfloat-abi=hard -mthumb -D__REDLIB__ -fstack-usage -specs=redlib.specs -MMD -MP -MF"source/o2.d" -MT"source/o2.o" -MT"source/o2.d" -o "source/o2.o" "../source/o2.c"
Finished building: ../source/gpio.c
 
Building file: ../source/pit.c
Invoking: MCU C Compiler
arm-none-eabi-gcc -D__REDLIB__ -DCPU_MK64FN1M0VLL12 -DCPU_MK64FN1M0VLL12_cm4 -DFSL_RTOS_BM -DSDK_OS_BAREMETAL -DSERIAL_PORT_TYPE_UART=1 -DSDK_DEBUGCONSOLE=0 -DCR_INTEGER_PRINTF -DPRINTF_FLOAT_ENABLE=0 -D__MCUXPRESSO -D__USE_CMSIS -DDEBUG -I"/Users/martinamaspero/Desktop/labo-de-micros-tpf/Martu/micros_ANDA/workspace/MK64FN1M0xxx12_Project/board" -I"/Users/martinamaspero/Desktop/labo-de-micros-tpf/Martu/micros_ANDA/workspace/MK64FN1M0xxx12_Project/source" -I"/Users/martinamaspero/Desktop/labo-de-micros-tpf/Martu/micros_ANDA/workspace/MK64FN1M0xxx12_Project" -I"/Users/martinamaspero/Desktop/labo-de-micros-tpf/Martu/micros_ANDA/workspace/MK64FN1M0xxx12_Project/drivers" -I"/Users/martinamaspero/Desktop/labo-de-micros-tpf/Martu/micros_ANDA/workspace/MK64FN1M0xxx12_Project/device" -I"/Users/martinamaspero/Desktop/labo-de-micros-tpf/Martu/micros_ANDA/workspace/MK64FN1M0xxx12_Project/CMSIS" -I"/Users/martinamaspero/Desktop/labo-de-micros-tpf/Martu/micros_ANDA/workspace/MK64FN1M0xxx12_Project/component/uart" -I"/Users/martinamaspero/Desktop/labo-de-micros-tpf/Martu/micros_ANDA/workspace/MK64FN1M0xxx12_Project/utilities" -I"/Users/martinamaspero/Desktop/labo-de-micros-tpf/Martu/micros_ANDA/workspace/MK64FN1M0xxx12_Project/component/serial_manager" -I"/Users/martinamaspero/Desktop/labo-de-micros-tpf/Martu/micros_ANDA/workspace/MK64FN1M0xxx12_Project/component/lists" -O0 -fno-common -g3 -Wall -c -ffunction-sections -fdata-sections -ffreestanding -fno-builtin -fmerge-constants -fmacro-prefix-map="../source/"=. -mcpu=cortex-m4 -mfpu=fpv4-sp-d16 -mfloat-abi=hard -mthumb -D__REDLIB__ -fstack-usage -specs=redlib.specs -MMD -MP -MF"source/pit.d" -MT"source/pit.o" -MT"source/pit.d" -o "source/pit.o" "../source/pit.c"
Finished building: ../source/o2.c
 
Building file: ../source/semihost_hardfault.c
Invoking: MCU C Compiler
arm-none-eabi-gcc -D__REDLIB__ -DCPU_MK64FN1M0VLL12 -DCPU_MK64FN1M0VLL12_cm4 -DFSL_RTOS_BM -DSDK_OS_BAREMETAL -DSERIAL_PORT_TYPE_UART=1 -DSDK_DEBUGCONSOLE=0 -DCR_INTEGER_PRINTF -DPRINTF_FLOAT_ENABLE=0 -D__MCUXPRESSO -D__USE_CMSIS -DDEBUG -I"/Users/martinamaspero/Desktop/labo-de-micros-tpf/Martu/micros_ANDA/workspace/MK64FN1M0xxx12_Project/board" -I"/Users/martinamaspero/Desktop/labo-de-micros-tpf/Martu/micros_ANDA/workspace/MK64FN1M0xxx12_Project/source" -I"/Users/martinamaspero/Desktop/labo-de-micros-tpf/Martu/micros_ANDA/workspace/MK64FN1M0xxx12_Project" -I"/Users/martinamaspero/Desktop/labo-de-micros-tpf/Martu/micros_ANDA/workspace/MK64FN1M0xxx12_Project/drivers" -I"/Users/martinamaspero/Desktop/labo-de-micros-tpf/Martu/micros_ANDA/workspace/MK64FN1M0xxx12_Project/device" -I"/Users/martinamaspero/Desktop/labo-de-micros-tpf/Martu/micros_ANDA/workspace/MK64FN1M0xxx12_Project/CMSIS" -I"/Users/martinamaspero/Desktop/labo-de-micros-tpf/Martu/micros_ANDA/workspace/MK64FN1M0xxx12_Project/component/uart" -I"/Users/martinamaspero/Desktop/labo-de-micros-tpf/Martu/micros_ANDA/workspace/MK64FN1M0xxx12_Project/utilities" -I"/Users/martinamaspero/Desktop/labo-de-micros-tpf/Martu/micros_ANDA/workspace/MK64FN1M0xxx12_Project/component/serial_manager" -I"/Users/martinamaspero/Desktop/labo-de-micros-tpf/Martu/micros_ANDA/workspace/MK64FN1M0xxx12_Project/component/lists" -O0 -fno-common -g3 -Wall -c -ffunction-sections -fdata-sections -ffreestanding -fno-builtin -fmerge-constants -fmacro-prefix-map="../source/"=. -mcpu=cortex-m4 -mfpu=fpv4-sp-d16 -mfloat-abi=hard -mthumb -D__REDLIB__ -fstack-usage -specs=redlib.specs -MMD -MP -MF"source/semihost_hardfault.d" -MT"source/semihost_hardfault.o" -MT"source/semihost_hardfault.d" -o "source/semihost_hardfault.o" "../source/semihost_hardfault.c"
Finished building: ../source/semihost_hardfault.c
 
Building file: ../source/sensores.c
Invoking: MCU C Compiler
arm-none-eabi-gcc -D__REDLIB__ -DCPU_MK64FN1M0VLL12 -DCPU_MK64FN1M0VLL12_cm4 -DFSL_RTOS_BM -DSDK_OS_BAREMETAL -DSERIAL_PORT_TYPE_UART=1 -DSDK_DEBUGCONSOLE=0 -DCR_INTEGER_PRINTF -DPRINTF_FLOAT_ENABLE=0 -D__MCUXPRESSO -D__USE_CMSIS -DDEBUG -I"/Users/martinamaspero/Desktop/labo-de-micros-tpf/Martu/micros_ANDA/workspace/MK64FN1M0xxx12_Project/board" -I"/Users/martinamaspero/Desktop/labo-de-micros-tpf/Martu/micros_ANDA/workspace/MK64FN1M0xxx12_Project/source" -I"/Users/martinamaspero/Desktop/labo-de-micros-tpf/Martu/micros_ANDA/workspace/MK64FN1M0xxx12_Project" -I"/Users/martinamaspero/Desktop/labo-de-micros-tpf/Martu/micros_ANDA/workspace/MK64FN1M0xxx12_Project/drivers" -I"/Users/martinamaspero/Desktop/labo-de-micros-tpf/Martu/micros_ANDA/workspace/MK64FN1M0xxx12_Project/device" -I"/Users/martinamaspero/Desktop/labo-de-micros-tpf/Martu/micros_ANDA/workspace/MK64FN1M0xxx12_Project/CMSIS" -I"/Users/martinamaspero/Desktop/labo-de-micros-tpf/Martu/micros_ANDA/workspace/MK64FN1M0xxx12_Project/component/uart" -I"/Users/martinamaspero/Desktop/labo-de-micros-tpf/Martu/micros_ANDA/workspace/MK64FN1M0xxx12_Project/utilities" -I"/Users/martinamaspero/Desktop/labo-de-micros-tpf/Martu/micros_ANDA/workspace/MK64FN1M0xxx12_Project/component/serial_manager" -I"/Users/martinamaspero/Desktop/labo-de-micros-tpf/Martu/micros_ANDA/workspace/MK64FN1M0xxx12_Project/component/lists" -O0 -fno-common -g3 -Wall -c -ffunction-sections -fdata-sections -ffreestanding -fno-builtin -fmerge-constants -fmacro-prefix-map="../source/"=. -mcpu=cortex-m4 -mfpu=fpv4-sp-d16 -mfloat-abi=hard -mthumb -D__REDLIB__ -fstack-usage -specs=redlib.specs -MMD -MP -MF"source/sensores.d" -MT"source/sensores.o" -MT"source/sensores.d" -o "source/sensores.o" "../source/sensores.c"
Finished building: ../source/i2c_config.c
 
Building file: ../drivers/fsl_adc16.c
Invoking: MCU C Compiler
arm-none-eabi-gcc -D__REDLIB__ -DCPU_MK64FN1M0VLL12 -DCPU_MK64FN1M0VLL12_cm4 -DFSL_RTOS_BM -DSDK_OS_BAREMETAL -DSERIAL_PORT_TYPE_UART=1 -DSDK_DEBUGCONSOLE=0 -DCR_INTEGER_PRINTF -DPRINTF_FLOAT_ENABLE=0 -D__MCUXPRESSO -D__USE_CMSIS -DDEBUG -I"/Users/martinamaspero/Desktop/labo-de-micros-tpf/Martu/micros_ANDA/workspace/MK64FN1M0xxx12_Project/board" -I"/Users/martinamaspero/Desktop/labo-de-micros-tpf/Martu/micros_ANDA/workspace/MK64FN1M0xxx12_Project/source" -I"/Users/martinamaspero/Desktop/labo-de-micros-tpf/Martu/micros_ANDA/workspace/MK64FN1M0xxx12_Project" -I"/Users/martinamaspero/Desktop/labo-de-micros-tpf/Martu/micros_ANDA/workspace/MK64FN1M0xxx12_Project/drivers" -I"/Users/martinamaspero/Desktop/labo-de-micros-tpf/Martu/micros_ANDA/workspace/MK64FN1M0xxx12_Project/device" -I"/Users/martinamaspero/Desktop/labo-de-micros-tpf/Martu/micros_ANDA/workspace/MK64FN1M0xxx12_Project/CMSIS" -I"/Users/martinamaspero/Desktop/labo-de-micros-tpf/Martu/micros_ANDA/workspace/MK64FN1M0xxx12_Project/component/uart" -I"/Users/martinamaspero/Desktop/labo-de-micros-tpf/Martu/micros_ANDA/workspace/MK64FN1M0xxx12_Project/utilities" -I"/Users/martinamaspero/Desktop/labo-de-micros-tpf/Martu/micros_ANDA/workspace/MK64FN1M0xxx12_Project/component/serial_manager" -I"/Users/martinamaspero/Desktop/labo-de-micros-tpf/Martu/micros_ANDA/workspace/MK64FN1M0xxx12_Project/component/lists" -O0 -fno-common -g3 -Wall -c -ffunction-sections -fdata-sections -ffreestanding -fno-builtin -fmerge-constants -fmacro-prefix-map="../drivers/"=. -mcpu=cortex-m4 -mfpu=fpv4-sp-d16 -mfloat-abi=hard -mthumb -D__REDLIB__ -fstack-usage -specs=redlib.specs -MMD -MP -MF"drivers/fsl_adc16.d" -MT"drivers/fsl_adc16.o" -MT"drivers/fsl_adc16.d" -o "drivers/fsl_adc16.o" "../drivers/fsl_adc16.c"
Finished building: ../source/pit.c
 
Building file: ../drivers/fsl_clock.c
Invoking: MCU C Compiler
arm-none-eabi-gcc -D__REDLIB__ -DCPU_MK64FN1M0VLL12 -DCPU_MK64FN1M0VLL12_cm4 -DFSL_RTOS_BM -DSDK_OS_BAREMETAL -DSERIAL_PORT_TYPE_UART=1 -DSDK_DEBUGCONSOLE=0 -DCR_INTEGER_PRINTF -DPRINTF_FLOAT_ENABLE=0 -D__MCUXPRESSO -D__USE_CMSIS -DDEBUG -I"/Users/martinamaspero/Desktop/labo-de-micros-tpf/Martu/micros_ANDA/workspace/MK64FN1M0xxx12_Project/board" -I"/Users/martinamaspero/Desktop/labo-de-micros-tpf/Martu/micros_ANDA/workspace/MK64FN1M0xxx12_Project/source" -I"/Users/martinamaspero/Desktop/labo-de-micros-tpf/Martu/micros_ANDA/workspace/MK64FN1M0xxx12_Project" -I"/Users/martinamaspero/Desktop/labo-de-micros-tpf/Martu/micros_ANDA/workspace/MK64FN1M0xxx12_Project/drivers" -I"/Users/martinamaspero/Desktop/labo-de-micros-tpf/Martu/micros_ANDA/workspace/MK64FN1M0xxx12_Project/device" -I"/Users/martinamaspero/Desktop/labo-de-micros-tpf/Martu/micros_ANDA/workspace/MK64FN1M0xxx12_Project/CMSIS" -I"/Users/martinamaspero/Desktop/labo-de-micros-tpf/Martu/micros_ANDA/workspace/MK64FN1M0xxx12_Project/component/uart" -I"/Users/martinamaspero/Desktop/labo-de-micros-tpf/Martu/micros_ANDA/workspace/MK64FN1M0xxx12_Project/utilities" -I"/Users/martinamaspero/Desktop/labo-de-micros-tpf/Martu/micros_ANDA/workspace/MK64FN1M0xxx12_Project/component/serial_manager" -I"/Users/martinamaspero/Desktop/labo-de-micros-tpf/Martu/micros_ANDA/workspace/MK64FN1M0xxx12_Project/component/lists" -O0 -fno-common -g3 -Wall -c -ffunction-sections -fdata-sections -ffreestanding -fno-builtin -fmerge-constants -fmacro-prefix-map="../drivers/"=. -mcpu=cortex-m4 -mfpu=fpv4-sp-d16 -mfloat-abi=hard -mthumb -D__REDLIB__ -fstack-usage -specs=redlib.specs -MMD -MP -MF"drivers/fsl_clock.d" -MT"drivers/fsl_clock.o" -MT"drivers/fsl_clock.d" -o "drivers/fsl_clock.o" "../drivers/fsl_clock.c"
Finished building: ../source/sensores.c
 
Building file: ../drivers/fsl_common.c
Invoking: MCU C Compiler
arm-none-eabi-gcc -D__REDLIB__ -DCPU_MK64FN1M0VLL12 -DCPU_MK64FN1M0VLL12_cm4 -DFSL_RTOS_BM -DSDK_OS_BAREMETAL -DSERIAL_PORT_TYPE_UART=1 -DSDK_DEBUGCONSOLE=0 -DCR_INTEGER_PRINTF -DPRINTF_FLOAT_ENABLE=0 -D__MCUXPRESSO -D__USE_CMSIS -DDEBUG -I"/Users/martinamaspero/Desktop/labo-de-micros-tpf/Martu/micros_ANDA/workspace/MK64FN1M0xxx12_Project/board" -I"/Users/martinamaspero/Desktop/labo-de-micros-tpf/Martu/micros_ANDA/workspace/MK64FN1M0xxx12_Project/source" -I"/Users/martinamaspero/Desktop/labo-de-micros-tpf/Martu/micros_ANDA/workspace/MK64FN1M0xxx12_Project" -I"/Users/martinamaspero/Desktop/labo-de-micros-tpf/Martu/micros_ANDA/workspace/MK64FN1M0xxx12_Project/drivers" -I"/Users/martinamaspero/Desktop/labo-de-micros-tpf/Martu/micros_ANDA/workspace/MK64FN1M0xxx12_Project/device" -I"/Users/martinamaspero/Desktop/labo-de-micros-tpf/Martu/micros_ANDA/workspace/MK64FN1M0xxx12_Project/CMSIS" -I"/Users/martinamaspero/Desktop/labo-de-micros-tpf/Martu/micros_ANDA/workspace/MK64FN1M0xxx12_Project/component/uart" -I"/Users/martinamaspero/Desktop/labo-de-micros-tpf/Martu/micros_ANDA/workspace/MK64FN1M0xxx12_Project/utilities" -I"/Users/martinamaspero/Desktop/labo-de-micros-tpf/Martu/micros_ANDA/workspace/MK64FN1M0xxx12_Project/component/serial_manager" -I"/Users/martinamaspero/Desktop/labo-de-micros-tpf/Martu/micros_ANDA/workspace/MK64FN1M0xxx12_Project/component/lists" -O0 -fno-common -g3 -Wall -c -ffunction-sections -fdata-sections -ffreestanding -fno-builtin -fmerge-constants -fmacro-prefix-map="../drivers/"=. -mcpu=cortex-m4 -mfpu=fpv4-sp-d16 -mfloat-abi=hard -mthumb -D__REDLIB__ -fstack-usage -specs=redlib.specs -MMD -MP -MF"drivers/fsl_common.d" -MT"drivers/fsl_common.o" -MT"drivers/fsl_common.d" -o "drivers/fsl_common.o" "../drivers/fsl_common.c"
Finished building: ../drivers/fsl_adc16.c
 
Building file: ../drivers/fsl_gpio.c
Invoking: MCU C Compiler
arm-none-eabi-gcc -D__REDLIB__ -DCPU_MK64FN1M0VLL12 -DCPU_MK64FN1M0VLL12_cm4 -DFSL_RTOS_BM -DSDK_OS_BAREMETAL -DSERIAL_PORT_TYPE_UART=1 -DSDK_DEBUGCONSOLE=0 -DCR_INTEGER_PRINTF -DPRINTF_FLOAT_ENABLE=0 -D__MCUXPRESSO -D__USE_CMSIS -DDEBUG -I"/Users/martinamaspero/Desktop/labo-de-micros-tpf/Martu/micros_ANDA/workspace/MK64FN1M0xxx12_Project/board" -I"/Users/martinamaspero/Desktop/labo-de-micros-tpf/Martu/micros_ANDA/workspace/MK64FN1M0xxx12_Project/source" -I"/Users/martinamaspero/Desktop/labo-de-micros-tpf/Martu/micros_ANDA/workspace/MK64FN1M0xxx12_Project" -I"/Users/martinamaspero/Desktop/labo-de-micros-tpf/Martu/micros_ANDA/workspace/MK64FN1M0xxx12_Project/drivers" -I"/Users/martinamaspero/Desktop/labo-de-micros-tpf/Martu/micros_ANDA/workspace/MK64FN1M0xxx12_Project/device" -I"/Users/martinamaspero/Desktop/labo-de-micros-tpf/Martu/micros_ANDA/workspace/MK64FN1M0xxx12_Project/CMSIS" -I"/Users/martinamaspero/Desktop/labo-de-micros-tpf/Martu/micros_ANDA/workspace/MK64FN1M0xxx12_Project/component/uart" -I"/Users/martinamaspero/Desktop/labo-de-micros-tpf/Martu/micros_ANDA/workspace/MK64FN1M0xxx12_Project/utilities" -I"/Users/martinamaspero/Desktop/labo-de-micros-tpf/Martu/micros_ANDA/workspace/MK64FN1M0xxx12_Project/component/serial_manager" -I"/Users/martinamaspero/Desktop/labo-de-micros-tpf/Martu/micros_ANDA/workspace/MK64FN1M0xxx12_Project/component/lists" -O0 -fno-common -g3 -Wall -c -ffunction-sections -fdata-sections -ffreestanding -fno-builtin -fmerge-constants -fmacro-prefix-map="../drivers/"=. -mcpu=cortex-m4 -mfpu=fpv4-sp-d16 -mfloat-abi=hard -mthumb -D__REDLIB__ -fstack-usage -specs=redlib.specs -MMD -MP -MF"drivers/fsl_gpio.d" -MT"drivers/fsl_gpio.o" -MT"drivers/fsl_gpio.d" -o "drivers/fsl_gpio.o" "../drivers/fsl_gpio.c"
Finished building: ../drivers/fsl_common.c
 
Building file: ../drivers/fsl_i2c.c
Invoking: MCU C Compiler
arm-none-eabi-gcc -D__REDLIB__ -DCPU_MK64FN1M0VLL12 -DCPU_MK64FN1M0VLL12_cm4 -DFSL_RTOS_BM -DSDK_OS_BAREMETAL -DSERIAL_PORT_TYPE_UART=1 -DSDK_DEBUGCONSOLE=0 -DCR_INTEGER_PRINTF -DPRINTF_FLOAT_ENABLE=0 -D__MCUXPRESSO -D__USE_CMSIS -DDEBUG -I"/Users/martinamaspero/Desktop/labo-de-micros-tpf/Martu/micros_ANDA/workspace/MK64FN1M0xxx12_Project/board" -I"/Users/martinamaspero/Desktop/labo-de-micros-tpf/Martu/micros_ANDA/workspace/MK64FN1M0xxx12_Project/source" -I"/Users/martinamaspero/Desktop/labo-de-micros-tpf/Martu/micros_ANDA/workspace/MK64FN1M0xxx12_Project" -I"/Users/martinamaspero/Desktop/labo-de-micros-tpf/Martu/micros_ANDA/workspace/MK64FN1M0xxx12_Project/drivers" -I"/Users/martinamaspero/Desktop/labo-de-micros-tpf/Martu/micros_ANDA/workspace/MK64FN1M0xxx12_Project/device" -I"/Users/martinamaspero/Desktop/labo-de-micros-tpf/Martu/micros_ANDA/workspace/MK64FN1M0xxx12_Project/CMSIS" -I"/Users/martinamaspero/Desktop/labo-de-micros-tpf/Martu/micros_ANDA/workspace/MK64FN1M0xxx12_Project/component/uart" -I"/Users/martinamaspero/Desktop/labo-de-micros-tpf/Martu/micros_ANDA/workspace/MK64FN1M0xxx12_Project/utilities" -I"/Users/martinamaspero/Desktop/labo-de-micros-tpf/Martu/micros_ANDA/workspace/MK64FN1M0xxx12_Project/component/serial_manager" -I"/Users/martinamaspero/Desktop/labo-de-micros-tpf/Martu/micros_ANDA/workspace/MK64FN1M0xxx12_Project/component/lists" -O0 -fno-common -g3 -Wall -c -ffunction-sections -fdata-sections -ffreestanding -fno-builtin -fmerge-constants -fmacro-prefix-map="../drivers/"=. -mcpu=cortex-m4 -mfpu=fpv4-sp-d16 -mfloat-abi=hard -mthumb -D__REDLIB__ -fstack-usage -specs=redlib.specs -MMD -MP -MF"drivers/fsl_i2c.d" -MT"drivers/fsl_i2c.o" -MT"drivers/fsl_i2c.d" -o "drivers/fsl_i2c.o" "../drivers/fsl_i2c.c"
Finished building: ../drivers/fsl_gpio.c
 
Building file: ../drivers/fsl_pit.c
Invoking: MCU C Compiler
arm-none-eabi-gcc -D__REDLIB__ -DCPU_MK64FN1M0VLL12 -DCPU_MK64FN1M0VLL12_cm4 -DFSL_RTOS_BM -DSDK_OS_BAREMETAL -DSERIAL_PORT_TYPE_UART=1 -DSDK_DEBUGCONSOLE=0 -DCR_INTEGER_PRINTF -DPRINTF_FLOAT_ENABLE=0 -D__MCUXPRESSO -D__USE_CMSIS -DDEBUG -I"/Users/martinamaspero/Desktop/labo-de-micros-tpf/Martu/micros_ANDA/workspace/MK64FN1M0xxx12_Project/board" -I"/Users/martinamaspero/Desktop/labo-de-micros-tpf/Martu/micros_ANDA/workspace/MK64FN1M0xxx12_Project/source" -I"/Users/martinamaspero/Desktop/labo-de-micros-tpf/Martu/micros_ANDA/workspace/MK64FN1M0xxx12_Project" -I"/Users/martinamaspero/Desktop/labo-de-micros-tpf/Martu/micros_ANDA/workspace/MK64FN1M0xxx12_Project/drivers" -I"/Users/martinamaspero/Desktop/labo-de-micros-tpf/Martu/micros_ANDA/workspace/MK64FN1M0xxx12_Project/device" -I"/Users/martinamaspero/Desktop/labo-de-micros-tpf/Martu/micros_ANDA/workspace/MK64FN1M0xxx12_Project/CMSIS" -I"/Users/martinamaspero/Desktop/labo-de-micros-tpf/Martu/micros_ANDA/workspace/MK64FN1M0xxx12_Project/component/uart" -I"/Users/martinamaspero/Desktop/labo-de-micros-tpf/Martu/micros_ANDA/workspace/MK64FN1M0xxx12_Project/utilities" -I"/Users/martinamaspero/Desktop/labo-de-micros-tpf/Martu/micros_ANDA/workspace/MK64FN1M0xxx12_Project/component/serial_manager" -I"/Users/martinamaspero/Desktop/labo-de-micros-tpf/Martu/micros_ANDA/workspace/MK64FN1M0xxx12_Project/component/lists" -O0 -fno-common -g3 -Wall -c -ffunction-sections -fdata-sections -ffreestanding -fno-builtin -fmerge-constants -fmacro-prefix-map="../drivers/"=. -mcpu=cortex-m4 -mfpu=fpv4-sp-d16 -mfloat-abi=hard -mthumb -D__REDLIB__ -fstack-usage -specs=redlib.specs -MMD -MP -MF"drivers/fsl_pit.d" -MT"drivers/fsl_pit.o" -MT"drivers/fsl_pit.d" -o "drivers/fsl_pit.o" "../drivers/fsl_pit.c"
Finished building: ../drivers/fsl_clock.c
 
Building file: ../drivers/fsl_smc.c
Invoking: MCU C Compiler
arm-none-eabi-gcc -D__REDLIB__ -DCPU_MK64FN1M0VLL12 -DCPU_MK64FN1M0VLL12_cm4 -DFSL_RTOS_BM -DSDK_OS_BAREMETAL -DSERIAL_PORT_TYPE_UART=1 -DSDK_DEBUGCONSOLE=0 -DCR_INTEGER_PRINTF -DPRINTF_FLOAT_ENABLE=0 -D__MCUXPRESSO -D__USE_CMSIS -DDEBUG -I"/Users/martinamaspero/Desktop/labo-de-micros-tpf/Martu/micros_ANDA/workspace/MK64FN1M0xxx12_Project/board" -I"/Users/martinamaspero/Desktop/labo-de-micros-tpf/Martu/micros_ANDA/workspace/MK64FN1M0xxx12_Project/source" -I"/Users/martinamaspero/Desktop/labo-de-micros-tpf/Martu/micros_ANDA/workspace/MK64FN1M0xxx12_Project" -I"/Users/martinamaspero/Desktop/labo-de-micros-tpf/Martu/micros_ANDA/workspace/MK64FN1M0xxx12_Project/drivers" -I"/Users/martinamaspero/Desktop/labo-de-micros-tpf/Martu/micros_ANDA/workspace/MK64FN1M0xxx12_Project/device" -I"/Users/martinamaspero/Desktop/labo-de-micros-tpf/Martu/micros_ANDA/workspace/MK64FN1M0xxx12_Project/CMSIS" -I"/Users/martinamaspero/Desktop/labo-de-micros-tpf/Martu/micros_ANDA/workspace/MK64FN1M0xxx12_Project/component/uart" -I"/Users/martinamaspero/Desktop/labo-de-micros-tpf/Martu/micros_ANDA/workspace/MK64FN1M0xxx12_Project/utilities" -I"/Users/martinamaspero/Desktop/labo-de-micros-tpf/Martu/micros_ANDA/workspace/MK64FN1M0xxx12_Project/component/serial_manager" -I"/Users/martinamaspero/Desktop/labo-de-micros-tpf/Martu/micros_ANDA/workspace/MK64FN1M0xxx12_Project/component/lists" -O0 -fno-common -g3 -Wall -c -ffunction-sections -fdata-sections -ffreestanding -fno-builtin -fmerge-constants -fmacro-prefix-map="../drivers/"=. -mcpu=cortex-m4 -mfpu=fpv4-sp-d16 -mfloat-abi=hard -mthumb -D__REDLIB__ -fstack-usage -specs=redlib.specs -MMD -MP -MF"drivers/fsl_smc.d" -MT"drivers/fsl_smc.o" -MT"drivers/fsl_smc.d" -o "drivers/fsl_smc.o" "../drivers/fsl_smc.c"
Finished building: ../drivers/fsl_pit.c
 
Building file: ../drivers/fsl_uart.c
Invoking: MCU C Compiler
arm-none-eabi-gcc -D__REDLIB__ -DCPU_MK64FN1M0VLL12 -DCPU_MK64FN1M0VLL12_cm4 -DFSL_RTOS_BM -DSDK_OS_BAREMETAL -DSERIAL_PORT_TYPE_UART=1 -DSDK_DEBUGCONSOLE=0 -DCR_INTEGER_PRINTF -DPRINTF_FLOAT_ENABLE=0 -D__MCUXPRESSO -D__USE_CMSIS -DDEBUG -I"/Users/martinamaspero/Desktop/labo-de-micros-tpf/Martu/micros_ANDA/workspace/MK64FN1M0xxx12_Project/board" -I"/Users/martinamaspero/Desktop/labo-de-micros-tpf/Martu/micros_ANDA/workspace/MK64FN1M0xxx12_Project/source" -I"/Users/martinamaspero/Desktop/labo-de-micros-tpf/Martu/micros_ANDA/workspace/MK64FN1M0xxx12_Project" -I"/Users/martinamaspero/Desktop/labo-de-micros-tpf/Martu/micros_ANDA/workspace/MK64FN1M0xxx12_Project/drivers" -I"/Users/martinamaspero/Desktop/labo-de-micros-tpf/Martu/micros_ANDA/workspace/MK64FN1M0xxx12_Project/device" -I"/Users/martinamaspero/Desktop/labo-de-micros-tpf/Martu/micros_ANDA/workspace/MK64FN1M0xxx12_Project/CMSIS" -I"/Users/martinamaspero/Desktop/labo-de-micros-tpf/Martu/micros_ANDA/workspace/MK64FN1M0xxx12_Project/component/uart" -I"/Users/martinamaspero/Desktop/labo-de-micros-tpf/Martu/micros_ANDA/workspace/MK64FN1M0xxx12_Project/utilities" -I"/Users/martinamaspero/Desktop/labo-de-micros-tpf/Martu/micros_ANDA/workspace/MK64FN1M0xxx12_Project/component/serial_manager" -I"/Users/martinamaspero/Desktop/labo-de-micros-tpf/Martu/micros_ANDA/workspace/MK64FN1M0xxx12_Project/component/lists" -O0 -fno-common -g3 -Wall -c -ffunction-sections -fdata-sections -ffreestanding -fno-builtin -fmerge-constants -fmacro-prefix-map="../drivers/"=. -mcpu=cortex-m4 -mfpu=fpv4-sp-d16 -mfloat-abi=hard -mthumb -D__REDLIB__ -fstack-usage -specs=redlib.specs -MMD -MP -MF"drivers/fsl_uart.d" -MT"drivers/fsl_uart.o" -MT"drivers/fsl_uart.d" -o "drivers/fsl_uart.o" "../drivers/fsl_uart.c"
Finished building: ../drivers/fsl_smc.c
 
Building file: ../device/system_MK64F12.c
Invoking: MCU C Compiler
arm-none-eabi-gcc -D__REDLIB__ -DCPU_MK64FN1M0VLL12 -DCPU_MK64FN1M0VLL12_cm4 -DFSL_RTOS_BM -DSDK_OS_BAREMETAL -DSERIAL_PORT_TYPE_UART=1 -DSDK_DEBUGCONSOLE=0 -DCR_INTEGER_PRINTF -DPRINTF_FLOAT_ENABLE=0 -D__MCUXPRESSO -D__USE_CMSIS -DDEBUG -I"/Users/martinamaspero/Desktop/labo-de-micros-tpf/Martu/micros_ANDA/workspace/MK64FN1M0xxx12_Project/board" -I"/Users/martinamaspero/Desktop/labo-de-micros-tpf/Martu/micros_ANDA/workspace/MK64FN1M0xxx12_Project/source" -I"/Users/martinamaspero/Desktop/labo-de-micros-tpf/Martu/micros_ANDA/workspace/MK64FN1M0xxx12_Project" -I"/Users/martinamaspero/Desktop/labo-de-micros-tpf/Martu/micros_ANDA/workspace/MK64FN1M0xxx12_Project/drivers" -I"/Users/martinamaspero/Desktop/labo-de-micros-tpf/Martu/micros_ANDA/workspace/MK64FN1M0xxx12_Project/device" -I"/Users/martinamaspero/Desktop/labo-de-micros-tpf/Martu/micros_ANDA/workspace/MK64FN1M0xxx12_Project/CMSIS" -I"/Users/martinamaspero/Desktop/labo-de-micros-tpf/Martu/micros_ANDA/workspace/MK64FN1M0xxx12_Project/component/uart" -I"/Users/martinamaspero/Desktop/labo-de-micros-tpf/Martu/micros_ANDA/workspace/MK64FN1M0xxx12_Project/utilities" -I"/Users/martinamaspero/Desktop/labo-de-micros-tpf/Martu/micros_ANDA/workspace/MK64FN1M0xxx12_Project/component/serial_manager" -I"/Users/martinamaspero/Desktop/labo-de-micros-tpf/Martu/micros_ANDA/workspace/MK64FN1M0xxx12_Project/component/lists" -O0 -fno-common -g3 -Wall -c -ffunction-sections -fdata-sections -ffreestanding -fno-builtin -fmerge-constants -fmacro-prefix-map="../device/"=. -mcpu=cortex-m4 -mfpu=fpv4-sp-d16 -mfloat-abi=hard -mthumb -D__REDLIB__ -fstack-usage -specs=redlib.specs -MMD -MP -MF"device/system_MK64F12.d" -MT"device/system_MK64F12.o" -MT"device/system_MK64F12.d" -o "device/system_MK64F12.o" "../device/system_MK64F12.c"
Finished building: ../drivers/fsl_i2c.c
 
Building file: ../component/uart/uart_adapter.c
Invoking: MCU C Compiler
arm-none-eabi-gcc -D__REDLIB__ -DCPU_MK64FN1M0VLL12 -DCPU_MK64FN1M0VLL12_cm4 -DFSL_RTOS_BM -DSDK_OS_BAREMETAL -DSERIAL_PORT_TYPE_UART=1 -DSDK_DEBUGCONSOLE=0 -DCR_INTEGER_PRINTF -DPRINTF_FLOAT_ENABLE=0 -D__MCUXPRESSO -D__USE_CMSIS -DDEBUG -I"/Users/martinamaspero/Desktop/labo-de-micros-tpf/Martu/micros_ANDA/workspace/MK64FN1M0xxx12_Project/board" -I"/Users/martinamaspero/Desktop/labo-de-micros-tpf/Martu/micros_ANDA/workspace/MK64FN1M0xxx12_Project/source" -I"/Users/martinamaspero/Desktop/labo-de-micros-tpf/Martu/micros_ANDA/workspace/MK64FN1M0xxx12_Project" -I"/Users/martinamaspero/Desktop/labo-de-micros-tpf/Martu/micros_ANDA/workspace/MK64FN1M0xxx12_Project/drivers" -I"/Users/martinamaspero/Desktop/labo-de-micros-tpf/Martu/micros_ANDA/workspace/MK64FN1M0xxx12_Project/device" -I"/Users/martinamaspero/Desktop/labo-de-micros-tpf/Martu/micros_ANDA/workspace/MK64FN1M0xxx12_Project/CMSIS" -I"/Users/martinamaspero/Desktop/labo-de-micros-tpf/Martu/micros_ANDA/workspace/MK64FN1M0xxx12_Project/component/uart" -I"/Users/martinamaspero/Desktop/labo-de-micros-tpf/Martu/micros_ANDA/workspace/MK64FN1M0xxx12_Project/utilities" -I"/Users/martinamaspero/Desktop/labo-de-micros-tpf/Martu/micros_ANDA/workspace/MK64FN1M0xxx12_Project/component/serial_manager" -I"/Users/martinamaspero/Desktop/labo-de-micros-tpf/Martu/micros_ANDA/workspace/MK64FN1M0xxx12_Project/component/lists" -O0 -fno-common -g3 -Wall -c -ffunction-sections -fdata-sections -ffreestanding -fno-builtin -fmerge-constants -fmacro-prefix-map="../component/uart/"=. -mcpu=cortex-m4 -mfpu=fpv4-sp-d16 -mfloat-abi=hard -mthumb -D__REDLIB__ -fstack-usage -specs=redlib.specs -MMD -MP -MF"component/uart/uart_adapter.d" -MT"component/uart/uart_adapter.o" -MT"component/uart/uart_adapter.d" -o "component/uart/uart_adapter.o" "../component/uart/uart_adapter.c"
Finished building: ../device/system_MK64F12.c
 
Building file: ../component/serial_manager/serial_manager.c
Invoking: MCU C Compiler
arm-none-eabi-gcc -D__REDLIB__ -DCPU_MK64FN1M0VLL12 -DCPU_MK64FN1M0VLL12_cm4 -DFSL_RTOS_BM -DSDK_OS_BAREMETAL -DSERIAL_PORT_TYPE_UART=1 -DSDK_DEBUGCONSOLE=0 -DCR_INTEGER_PRINTF -DPRINTF_FLOAT_ENABLE=0 -D__MCUXPRESSO -D__USE_CMSIS -DDEBUG -I"/Users/martinamaspero/Desktop/labo-de-micros-tpf/Martu/micros_ANDA/workspace/MK64FN1M0xxx12_Project/board" -I"/Users/martinamaspero/Desktop/labo-de-micros-tpf/Martu/micros_ANDA/workspace/MK64FN1M0xxx12_Project/source" -I"/Users/martinamaspero/Desktop/labo-de-micros-tpf/Martu/micros_ANDA/workspace/MK64FN1M0xxx12_Project" -I"/Users/martinamaspero/Desktop/labo-de-micros-tpf/Martu/micros_ANDA/workspace/MK64FN1M0xxx12_Project/drivers" -I"/Users/martinamaspero/Desktop/labo-de-micros-tpf/Martu/micros_ANDA/workspace/MK64FN1M0xxx12_Project/device" -I"/Users/martinamaspero/Desktop/labo-de-micros-tpf/Martu/micros_ANDA/workspace/MK64FN1M0xxx12_Project/CMSIS" -I"/Users/martinamaspero/Desktop/labo-de-micros-tpf/Martu/micros_ANDA/workspace/MK64FN1M0xxx12_Project/component/uart" -I"/Users/martinamaspero/Desktop/labo-de-micros-tpf/Martu/micros_ANDA/workspace/MK64FN1M0xxx12_Project/utilities" -I"/Users/martinamaspero/Desktop/labo-de-micros-tpf/Martu/micros_ANDA/workspace/MK64FN1M0xxx12_Project/component/serial_manager" -I"/Users/martinamaspero/Desktop/labo-de-micros-tpf/Martu/micros_ANDA/workspace/MK64FN1M0xxx12_Project/component/lists" -O0 -fno-common -g3 -Wall -c -ffunction-sections -fdata-sections -ffreestanding -fno-builtin -fmerge-constants -fmacro-prefix-map="../component/serial_manager/"=. -mcpu=cortex-m4 -mfpu=fpv4-sp-d16 -mfloat-abi=hard -mthumb -D__REDLIB__ -fstack-usage -specs=redlib.specs -MMD -MP -MF"component/serial_manager/serial_manager.d" -MT"component/serial_manager/serial_manager.o" -MT"component/serial_manager/serial_manager.d" -o "component/serial_manager/serial_manager.o" "../component/serial_manager/serial_manager.c"
Finished building: ../component/uart/uart_adapter.c
 
Finished building: ../drivers/fsl_uart.c
Building file: ../component/serial_manager/serial_port_uart.c
 
Invoking: MCU C Compiler
arm-none-eabi-gcc -D__REDLIB__ -DCPU_MK64FN1M0VLL12 -DCPU_MK64FN1M0VLL12_cm4 -DFSL_RTOS_BM -DSDK_OS_BAREMETAL -DSERIAL_PORT_TYPE_UART=1 -DSDK_DEBUGCONSOLE=0 -DCR_INTEGER_PRINTF -DPRINTF_FLOAT_ENABLE=0 -D__MCUXPRESSO -D__USE_CMSIS -DDEBUG -I"/Users/martinamaspero/Desktop/labo-de-micros-tpf/Martu/micros_ANDA/workspace/MK64FN1M0xxx12_Project/board" -I"/Users/martinamaspero/Desktop/labo-de-micros-tpf/Martu/micros_ANDA/workspace/MK64FN1M0xxx12_Project/source" -I"/Users/martinamaspero/Desktop/labo-de-micros-tpf/Martu/micros_ANDA/workspace/MK64FN1M0xxx12_Project" -I"/Users/martinamaspero/Desktop/labo-de-micros-tpf/Martu/micros_ANDA/workspace/MK64FN1M0xxx12_Project/drivers" -I"/Users/martinamaspero/Desktop/labo-de-micros-tpf/Martu/micros_ANDA/workspace/MK64FN1M0xxx12_Project/device" -I"/Users/martinamaspero/Desktop/labo-de-micros-tpf/Martu/micros_ANDA/workspace/MK64FN1M0xxx12_Project/CMSIS" -I"/Users/martinamaspero/Desktop/labo-de-micros-tpf/Martu/micros_ANDA/workspace/MK64FN1M0xxx12_Project/component/uart" -I"/Users/martinamaspero/Desktop/labo-de-micros-tpf/Martu/micros_ANDA/workspace/MK64FN1M0xxx12_Project/utilities" -I"/Users/martinamaspero/Desktop/labo-de-micros-tpf/Martu/micros_ANDA/workspace/MK64FN1M0xxx12_Project/component/serial_manager" -I"/Users/martinamaspero/Desktop/labo-de-micros-tpf/Martu/micros_ANDA/workspace/MK64FN1M0xxx12_Project/component/lists" -O0 -fno-common -g3 -Wall -c -ffunction-sections -fdata-sections -ffreestanding -fno-builtin -fmerge-constants -fmacro-prefix-map="../component/serial_manager/"=. -mcpu=cortex-m4 -mfpu=fpv4-sp-d16 -mfloat-abi=hard -mthumb -D__REDLIB__ -fstack-usage -specs=redlib.specs -MMD -MP -MF"component/serial_manager/serial_port_uart.d" -MT"component/serial_manager/serial_port_uart.o" -MT"component/serial_manager/serial_port_uart.d" -o "component/serial_manager/serial_port_uart.o" "../component/serial_manager/serial_port_uart.c"
Building file: ../component/lists/generic_list.c
Invoking: MCU C Compiler
arm-none-eabi-gcc -D__REDLIB__ -DCPU_MK64FN1M0VLL12 -DCPU_MK64FN1M0VLL12_cm4 -DFSL_RTOS_BM -DSDK_OS_BAREMETAL -DSERIAL_PORT_TYPE_UART=1 -DSDK_DEBUGCONSOLE=0 -DCR_INTEGER_PRINTF -DPRINTF_FLOAT_ENABLE=0 -D__MCUXPRESSO -D__USE_CMSIS -DDEBUG -I"/Users/martinamaspero/Desktop/labo-de-micros-tpf/Martu/micros_ANDA/workspace/MK64FN1M0xxx12_Project/board" -I"/Users/martinamaspero/Desktop/labo-de-micros-tpf/Martu/micros_ANDA/workspace/MK64FN1M0xxx12_Project/source" -I"/Users/martinamaspero/Desktop/labo-de-micros-tpf/Martu/micros_ANDA/workspace/MK64FN1M0xxx12_Project" -I"/Users/martinamaspero/Desktop/labo-de-micros-tpf/Martu/micros_ANDA/workspace/MK64FN1M0xxx12_Project/drivers" -I"/Users/martinamaspero/Desktop/labo-de-micros-tpf/Martu/micros_ANDA/workspace/MK64FN1M0xxx12_Project/device" -I"/Users/martinamaspero/Desktop/labo-de-micros-tpf/Martu/micros_ANDA/workspace/MK64FN1M0xxx12_Project/CMSIS" -I"/Users/martinamaspero/Desktop/labo-de-micros-tpf/Martu/micros_ANDA/workspace/MK64FN1M0xxx12_Project/component/uart" -I"/Users/martinamaspero/Desktop/labo-de-micros-tpf/Martu/micros_ANDA/workspace/MK64FN1M0xxx12_Project/utilities" -I"/Users/martinamaspero/Desktop/labo-de-micros-tpf/Martu/micros_ANDA/workspace/MK64FN1M0xxx12_Project/component/serial_manager" -I"/Users/martinamaspero/Desktop/labo-de-micros-tpf/Martu/micros_ANDA/workspace/MK64FN1M0xxx12_Project/component/lists" -O0 -fno-common -g3 -Wall -c -ffunction-sections -fdata-sections -ffreestanding -fno-builtin -fmerge-constants -fmacro-prefix-map="../component/lists/"=. -mcpu=cortex-m4 -mfpu=fpv4-sp-d16 -mfloat-abi=hard -mthumb -D__REDLIB__ -fstack-usage -specs=redlib.specs -MMD -MP -MF"component/lists/generic_list.d" -MT"component/lists/generic_list.o" -MT"component/lists/generic_list.d" -o "component/lists/generic_list.o" "../component/lists/generic_list.c"
Finished building: ../component/serial_manager/serial_port_uart.c
 
Building file: ../board/board.c
Invoking: MCU C Compiler
arm-none-eabi-gcc -D__REDLIB__ -DCPU_MK64FN1M0VLL12 -DCPU_MK64FN1M0VLL12_cm4 -DFSL_RTOS_BM -DSDK_OS_BAREMETAL -DSERIAL_PORT_TYPE_UART=1 -DSDK_DEBUGCONSOLE=0 -DCR_INTEGER_PRINTF -DPRINTF_FLOAT_ENABLE=0 -D__MCUXPRESSO -D__USE_CMSIS -DDEBUG -I"/Users/martinamaspero/Desktop/labo-de-micros-tpf/Martu/micros_ANDA/workspace/MK64FN1M0xxx12_Project/board" -I"/Users/martinamaspero/Desktop/labo-de-micros-tpf/Martu/micros_ANDA/workspace/MK64FN1M0xxx12_Project/source" -I"/Users/martinamaspero/Desktop/labo-de-micros-tpf/Martu/micros_ANDA/workspace/MK64FN1M0xxx12_Project" -I"/Users/martinamaspero/Desktop/labo-de-micros-tpf/Martu/micros_ANDA/workspace/MK64FN1M0xxx12_Project/drivers" -I"/Users/martinamaspero/Desktop/labo-de-micros-tpf/Martu/micros_ANDA/workspace/MK64FN1M0xxx12_Project/device" -I"/Users/martinamaspero/Desktop/labo-de-micros-tpf/Martu/micros_ANDA/workspace/MK64FN1M0xxx12_Project/CMSIS" -I"/Users/martinamaspero/Desktop/labo-de-micros-tpf/Martu/micros_ANDA/workspace/MK64FN1M0xxx12_Project/component/uart" -I"/Users/martinamaspero/Desktop/labo-de-micros-tpf/Martu/micros_ANDA/workspace/MK64FN1M0xxx12_Project/utilities" -I"/Users/martinamaspero/Desktop/labo-de-micros-tpf/Martu/micros_ANDA/workspace/MK64FN1M0xxx12_Project/component/serial_manager" -I"/Users/martinamaspero/Desktop/labo-de-micros-tpf/Martu/micros_ANDA/workspace/MK64FN1M0xxx12_Project/component/lists" -O0 -fno-common -g3 -Wall -c -ffunction-sections -fdata-sections -ffreestanding -fno-builtin -fmerge-constants -fmacro-prefix-map="../board/"=. -mcpu=cortex-m4 -mfpu=fpv4-sp-d16 -mfloat-abi=hard -mthumb -D__REDLIB__ -fstack-usage -specs=redlib.specs -MMD -MP -MF"board/board.d" -MT"board/board.o" -MT"board/board.d" -o "board/board.o" "../board/board.c"
Finished building: ../component/lists/generic_list.c
 
Building file: ../board/clock_config.c
Finished building: ../component/serial_manager/serial_manager.c
Invoking: MCU C Compiler
arm-none-eabi-gcc -D__REDLIB__ -DCPU_MK64FN1M0VLL12 -DCPU_MK64FN1M0VLL12_cm4 -DFSL_RTOS_BM -DSDK_OS_BAREMETAL -DSERIAL_PORT_TYPE_UART=1 -DSDK_DEBUGCONSOLE=0 -DCR_INTEGER_PRINTF -DPRINTF_FLOAT_ENABLE=0 -D__MCUXPRESSO -D__USE_CMSIS -DDEBUG -I"/Users/martinamaspero/Desktop/labo-de-micros-tpf/Martu/micros_ANDA/workspace/MK64FN1M0xxx12_Project/board" -I"/Users/martinamaspero/Desktop/labo-de-micros-tpf/Martu/micros_ANDA/workspace/MK64FN1M0xxx12_Project/source" -I"/Users/martinamaspero/Desktop/labo-de-micros-tpf/Martu/micros_ANDA/workspace/MK64FN1M0xxx12_Project" -I"/Users/martinamaspero/Desktop/labo-de-micros-tpf/Martu/micros_ANDA/workspace/MK64FN1M0xxx12_Project/drivers" -I"/Users/martinamaspero/Desktop/labo-de-micros-tpf/Martu/micros_ANDA/workspace/MK64FN1M0xxx12_Project/device" -I"/Users/martinamaspero/Desktop/labo-de-micros-tpf/Martu/micros_ANDA/workspace/MK64FN1M0xxx12_Project/CMSIS" -I"/Users/martinamaspero/Desktop/labo-de-micros-tpf/Martu/micros_ANDA/workspace/MK64FN1M0xxx12_Project/component/uart" -I"/Users/martinamaspero/Desktop/labo-de-micros-tpf/Martu/micros_ANDA/workspace/MK64FN1M0xxx12_Project/utilities" -I"/Users/martinamaspero/Desktop/labo-de-micros-tpf/Martu/micros_ANDA/workspace/MK64FN1M0xxx12_Project/component/serial_manager" -I"/Users/martinamaspero/Desktop/labo-de-micros-tpf/Martu/micros_ANDA/workspace/MK64FN1M0xxx12_Project/component/lists" -O0 -fno-common -g3 -Wall -c -ffunction-sections -fdata-sections -ffreestanding -fno-builtin -fmerge-constants -fmacro-prefix-map="../board/"=. -mcpu=cortex-m4 -mfpu=fpv4-sp-d16 -mfloat-abi=hard -mthumb -D__REDLIB__ -fstack-usage -specs=redlib.specs -MMD -MP -MF"board/clock_config.d" -MT"board/clock_config.o" -MT"board/clock_config.d" -o "board/clock_config.o" "../board/clock_config.c"
 
Building file: ../board/peripherals.c
Invoking: MCU C Compiler
arm-none-eabi-gcc -D__REDLIB__ -DCPU_MK64FN1M0VLL12 -DCPU_MK64FN1M0VLL12_cm4 -DFSL_RTOS_BM -DSDK_OS_BAREMETAL -DSERIAL_PORT_TYPE_UART=1 -DSDK_DEBUGCONSOLE=0 -DCR_INTEGER_PRINTF -DPRINTF_FLOAT_ENABLE=0 -D__MCUXPRESSO -D__USE_CMSIS -DDEBUG -I"/Users/martinamaspero/Desktop/labo-de-micros-tpf/Martu/micros_ANDA/workspace/MK64FN1M0xxx12_Project/board" -I"/Users/martinamaspero/Desktop/labo-de-micros-tpf/Martu/micros_ANDA/workspace/MK64FN1M0xxx12_Project/source" -I"/Users/martinamaspero/Desktop/labo-de-micros-tpf/Martu/micros_ANDA/workspace/MK64FN1M0xxx12_Project" -I"/Users/martinamaspero/Desktop/labo-de-micros-tpf/Martu/micros_ANDA/workspace/MK64FN1M0xxx12_Project/drivers" -I"/Users/martinamaspero/Desktop/labo-de-micros-tpf/Martu/micros_ANDA/workspace/MK64FN1M0xxx12_Project/device" -I"/Users/martinamaspero/Desktop/labo-de-micros-tpf/Martu/micros_ANDA/workspace/MK64FN1M0xxx12_Project/CMSIS" -I"/Users/martinamaspero/Desktop/labo-de-micros-tpf/Martu/micros_ANDA/workspace/MK64FN1M0xxx12_Project/component/uart" -I"/Users/martinamaspero/Desktop/labo-de-micros-tpf/Martu/micros_ANDA/workspace/MK64FN1M0xxx12_Project/utilities" -I"/Users/martinamaspero/Desktop/labo-de-micros-tpf/Martu/micros_ANDA/workspace/MK64FN1M0xxx12_Project/component/serial_manager" -I"/Users/martinamaspero/Desktop/labo-de-micros-tpf/Martu/micros_ANDA/workspace/MK64FN1M0xxx12_Project/component/lists" -O0 -fno-common -g3 -Wall -c -ffunction-sections -fdata-sections -ffreestanding -fno-builtin -fmerge-constants -fmacro-prefix-map="../board/"=. -mcpu=cortex-m4 -mfpu=fpv4-sp-d16 -mfloat-abi=hard -mthumb -D__REDLIB__ -fstack-usage -specs=redlib.specs -MMD -MP -MF"board/peripherals.d" -MT"board/peripherals.o" -MT"board/peripherals.d" -o "board/peripherals.o" "../board/peripherals.c"
Finished building: ../board/peripherals.c
 
Building file: ../board/pin_mux.c
Invoking: MCU C Compiler
arm-none-eabi-gcc -D__REDLIB__ -DCPU_MK64FN1M0VLL12 -DCPU_MK64FN1M0VLL12_cm4 -DFSL_RTOS_BM -DSDK_OS_BAREMETAL -DSERIAL_PORT_TYPE_UART=1 -DSDK_DEBUGCONSOLE=0 -DCR_INTEGER_PRINTF -DPRINTF_FLOAT_ENABLE=0 -D__MCUXPRESSO -D__USE_CMSIS -DDEBUG -I"/Users/martinamaspero/Desktop/labo-de-micros-tpf/Martu/micros_ANDA/workspace/MK64FN1M0xxx12_Project/board" -I"/Users/martinamaspero/Desktop/labo-de-micros-tpf/Martu/micros_ANDA/workspace/MK64FN1M0xxx12_Project/source" -I"/Users/martinamaspero/Desktop/labo-de-micros-tpf/Martu/micros_ANDA/workspace/MK64FN1M0xxx12_Project" -I"/Users/martinamaspero/Desktop/labo-de-micros-tpf/Martu/micros_ANDA/workspace/MK64FN1M0xxx12_Project/drivers" -I"/Users/martinamaspero/Desktop/labo-de-micros-tpf/Martu/micros_ANDA/workspace/MK64FN1M0xxx12_Project/device" -I"/Users/martinamaspero/Desktop/labo-de-micros-tpf/Martu/micros_ANDA/workspace/MK64FN1M0xxx12_Project/CMSIS" -I"/Users/martinamaspero/Desktop/labo-de-micros-tpf/Martu/micros_ANDA/workspace/MK64FN1M0xxx12_Project/component/uart" -I"/Users/martinamaspero/Desktop/labo-de-micros-tpf/Martu/micros_ANDA/workspace/MK64FN1M0xxx12_Project/utilities" -I"/Users/martinamaspero/Desktop/labo-de-micros-tpf/Martu/micros_ANDA/workspace/MK64FN1M0xxx12_Project/component/serial_manager" -I"/Users/martinamaspero/Desktop/labo-de-micros-tpf/Martu/micros_ANDA/workspace/MK64FN1M0xxx12_Project/component/lists" -O0 -fno-common -g3 -Wall -c -ffunction-sections -fdata-sections -ffreestanding -fno-builtin -fmerge-constants -fmacro-prefix-map="../board/"=. -mcpu=cortex-m4 -mfpu=fpv4-sp-d16 -mfloat-abi=hard -mthumb -D__REDLIB__ -fstack-usage -specs=redlib.specs -MMD -MP -MF"board/pin_mux.d" -MT"board/pin_mux.o" -MT"board/pin_mux.d" -o "board/pin_mux.o" "../board/pin_mux.c"
Finished building: ../board/board.c
 
Finished building: ../board/clock_config.c
 
Finished building: ../board/pin_mux.c
 
Building target: MK64FN1M0xxx12_Project.axf
Invoking: MCU Linker
arm-none-eabi-gcc -nostdlib -Xlinker -Map="MK64FN1M0xxx12_Project.map" -Xlinker --gc-sections -Xlinker -print-memory-usage -Xlinker --sort-section=alignment -Xlinker --cref -mcpu=cortex-m4 -mfpu=fpv4-sp-d16 -mfloat-abi=hard -mthumb -T MK64FN1M0xxx12_Project_Debug.ld -o "MK64FN1M0xxx12_Project.axf"  ./utilities/fsl_debug_console.o ./utilities/fsl_str.o  ./startup/startup_mk64f12.o  ./source/adc.o ./source/algorithm.o ./source/ecg.o ./source/fever.o ./source/gpio.o ./source/i2c_config.o ./source/o2.o ./source/pit.o ./source/semihost_hardfault.o ./source/sensores.o  ./drivers/fsl_adc16.o ./drivers/fsl_clock.o ./drivers/fsl_common.o ./drivers/fsl_gpio.o ./drivers/fsl_i2c.o ./drivers/fsl_pit.o ./drivers/fsl_smc.o ./drivers/fsl_uart.o  ./device/system_MK64F12.o  ./component/uart/uart_adapter.o  ./component/serial_manager/serial_manager.o ./component/serial_manager/serial_port_uart.o  ./component/lists/generic_list.o  ./board/board.o ./board/clock_config.o ./board/peripherals.o ./board/pin_mux.o   
Memory region         Used Size  Region Size  %age Used
   PROGRAM_FLASH:       25952 B         1 MB      2.47%
      SRAM_UPPER:       10136 B       192 KB      5.16%
      SRAM_LOWER:          0 GB        64 KB      0.00%
        FLEX_RAM:          0 GB         4 KB      0.00%
Finished building target: MK64FN1M0xxx12_Project.axf
 
make --no-print-directory post-build
Performing post-build steps
arm-none-eabi-size "MK64FN1M0xxx12_Project.axf"; # arm-none-eabi-objcopy -v -O binary "MK64FN1M0xxx12_Project.axf" "MK64FN1M0xxx12_Project.bin" ; # checksum -p MK64FN1M0xxx12 -d "MK64FN1M0xxx12_Project.bin";
   text	   data	    bss	    dec	    hex	filename
  25856	     96	  10040	  35992	   8c98	MK64FN1M0xxx12_Project.axf
 
14:36:28 **** Incremental Build of configuration Debug for project MK64FN1M0xxx12_Project ****
make -r -j3 all 
make: Nothing to be done for 'all'.
14:37:53 **** Incremental Build of configuration Debug for project MK64FN1M0xxx12_Project ****
make -r -j3 all 
make: Nothing to be done for 'all'.
14:39:06 **** Incremental Build of configuration Debug for project MK64FN1M0xxx12_Project ****
make -r -j3 all 
Building file: ../source/sensores.c
Invoking: MCU C Compiler
arm-none-eabi-gcc -D__REDLIB__ -DCPU_MK64FN1M0VLL12 -DCPU_MK64FN1M0VLL12_cm4 -DFSL_RTOS_BM -DSDK_OS_BAREMETAL -DSERIAL_PORT_TYPE_UART=1 -DSDK_DEBUGCONSOLE=0 -DCR_INTEGER_PRINTF -DPRINTF_FLOAT_ENABLE=0 -D__MCUXPRESSO -D__USE_CMSIS -DDEBUG -I"/Users/martinamaspero/Desktop/labo-de-micros-tpf/Martu/micros_ANDA/workspace/MK64FN1M0xxx12_Project/board" -I"/Users/martinamaspero/Desktop/labo-de-micros-tpf/Martu/micros_ANDA/workspace/MK64FN1M0xxx12_Project/source" -I"/Users/martinamaspero/Desktop/labo-de-micros-tpf/Martu/micros_ANDA/workspace/MK64FN1M0xxx12_Project" -I"/Users/martinamaspero/Desktop/labo-de-micros-tpf/Martu/micros_ANDA/workspace/MK64FN1M0xxx12_Project/drivers" -I"/Users/martinamaspero/Desktop/labo-de-micros-tpf/Martu/micros_ANDA/workspace/MK64FN1M0xxx12_Project/device" -I"/Users/martinamaspero/Desktop/labo-de-micros-tpf/Martu/micros_ANDA/workspace/MK64FN1M0xxx12_Project/CMSIS" -I"/Users/martinamaspero/Desktop/labo-de-micros-tpf/Martu/micros_ANDA/workspace/MK64FN1M0xxx12_Project/component/uart" -I"/Users/martinamaspero/Desktop/labo-de-micros-tpf/Martu/micros_ANDA/workspace/MK64FN1M0xxx12_Project/utilities" -I"/Users/martinamaspero/Desktop/labo-de-micros-tpf/Martu/micros_ANDA/workspace/MK64FN1M0xxx12_Project/component/serial_manager" -I"/Users/martinamaspero/Desktop/labo-de-micros-tpf/Martu/micros_ANDA/workspace/MK64FN1M0xxx12_Project/component/lists" -O0 -fno-common -g3 -Wall -c -ffunction-sections -fdata-sections -ffreestanding -fno-builtin -fmerge-constants -fmacro-prefix-map="../source/"=. -mcpu=cortex-m4 -mfpu=fpv4-sp-d16 -mfloat-abi=hard -mthumb -D__REDLIB__ -fstack-usage -specs=redlib.specs -MMD -MP -MF"source/sensores.d" -MT"source/sensores.o" -MT"source/sensores.d" -o "source/sensores.o" "../source/sensores.c"
Finished building: ../source/sensores.c
 
Building target: MK64FN1M0xxx12_Project.axf
Invoking: MCU Linker
arm-none-eabi-gcc -nostdlib -Xlinker -Map="MK64FN1M0xxx12_Project.map" -Xlinker --gc-sections -Xlinker -print-memory-usage -Xlinker --sort-section=alignment -Xlinker --cref -mcpu=cortex-m4 -mfpu=fpv4-sp-d16 -mfloat-abi=hard -mthumb -T MK64FN1M0xxx12_Project_Debug.ld -o "MK64FN1M0xxx12_Project.axf"  ./utilities/fsl_debug_console.o ./utilities/fsl_str.o  ./startup/startup_mk64f12.o  ./source/adc.o ./source/algorithm.o ./source/ecg.o ./source/fever.o ./source/gpio.o ./source/i2c_config.o ./source/o2.o ./source/pit.o ./source/semihost_hardfault.o ./source/sensores.o  ./drivers/fsl_adc16.o ./drivers/fsl_clock.o ./drivers/fsl_common.o ./drivers/fsl_gpio.o ./drivers/fsl_i2c.o ./drivers/fsl_pit.o ./drivers/fsl_smc.o ./drivers/fsl_uart.o  ./device/system_MK64F12.o  ./component/uart/uart_adapter.o  ./component/serial_manager/serial_manager.o ./component/serial_manager/serial_port_uart.o  ./component/lists/generic_list.o  ./board/board.o ./board/clock_config.o ./board/peripherals.o ./board/pin_mux.o   
Memory region         Used Size  Region Size  %age Used
   PROGRAM_FLASH:       15520 B         1 MB      1.48%
      SRAM_UPPER:        9192 B       192 KB      4.68%
      SRAM_LOWER:          0 GB        64 KB      0.00%
        FLEX_RAM:          0 GB         4 KB      0.00%
Finished building target: MK64FN1M0xxx12_Project.axf
 
make --no-print-directory post-build
Performing post-build steps
arm-none-eabi-size "MK64FN1M0xxx12_Project.axf"; # arm-none-eabi-objcopy -v -O binary "MK64FN1M0xxx12_Project.axf" "MK64FN1M0xxx12_Project.bin" ; # checksum -p MK64FN1M0xxx12 -d "MK64FN1M0xxx12_Project.bin";
   text	   data	    bss	    dec	    hex	filename
  15472	     48	   9144	  24664	   6058	MK64FN1M0xxx12_Project.axf
 
14:40:43 **** Incremental Build of configuration Debug for project MK64FN1M0xxx12_Project ****
make -r -j3 all 
make: Nothing to be done for 'all'.
14:43:07 **** Incremental Build of configuration Debug for project MK64FN1M0xxx12_Project ****
make -r -j3 all 
make: Nothing to be done for 'all'.
14:44:48 **** Incremental Build of configuration Debug for project MK64FN1M0xxx12_Project ****
make -r -j3 all 
Building file: ../source/adc.c
Invoking: MCU C Compiler
arm-none-eabi-gcc -D__REDLIB__ -DCPU_MK64FN1M0VLL12 -DCPU_MK64FN1M0VLL12_cm4 -DFSL_RTOS_BM -DSDK_OS_BAREMETAL -DSERIAL_PORT_TYPE_UART=1 -DSDK_DEBUGCONSOLE=0 -DCR_INTEGER_PRINTF -DPRINTF_FLOAT_ENABLE=0 -D__MCUXPRESSO -D__USE_CMSIS -DDEBUG -I"/Users/martinamaspero/Desktop/labo-de-micros-tpf/Martu/micros_ANDA/workspace/MK64FN1M0xxx12_Project/board" -I"/Users/martinamaspero/Desktop/labo-de-micros-tpf/Martu/micros_ANDA/workspace/MK64FN1M0xxx12_Project/source" -I"/Users/martinamaspero/Desktop/labo-de-micros-tpf/Martu/micros_ANDA/workspace/MK64FN1M0xxx12_Project" -I"/Users/martinamaspero/Desktop/labo-de-micros-tpf/Martu/micros_ANDA/workspace/MK64FN1M0xxx12_Project/drivers" -I"/Users/martinamaspero/Desktop/labo-de-micros-tpf/Martu/micros_ANDA/workspace/MK64FN1M0xxx12_Project/device" -I"/Users/martinamaspero/Desktop/labo-de-micros-tpf/Martu/micros_ANDA/workspace/MK64FN1M0xxx12_Project/CMSIS" -I"/Users/martinamaspero/Desktop/labo-de-micros-tpf/Martu/micros_ANDA/workspace/MK64FN1M0xxx12_Project/component/uart" -I"/Users/martinamaspero/Desktop/labo-de-micros-tpf/Martu/micros_ANDA/workspace/MK64FN1M0xxx12_Project/utilities" -I"/Users/martinamaspero/Desktop/labo-de-micros-tpf/Martu/micros_ANDA/workspace/MK64FN1M0xxx12_Project/component/serial_manager" -I"/Users/martinamaspero/Desktop/labo-de-micros-tpf/Martu/micros_ANDA/workspace/MK64FN1M0xxx12_Project/component/lists" -O0 -fno-common -g3 -Wall -c -ffunction-sections -fdata-sections -ffreestanding -fno-builtin -fmerge-constants -fmacro-prefix-map="../source/"=. -mcpu=cortex-m4 -mfpu=fpv4-sp-d16 -mfloat-abi=hard -mthumb -D__REDLIB__ -fstack-usage -specs=redlib.specs -MMD -MP -MF"source/adc.d" -MT"source/adc.o" -MT"source/adc.d" -o "source/adc.o" "../source/adc.c"
Finished building: ../source/adc.c
 
Building target: MK64FN1M0xxx12_Project.axf
Invoking: MCU Linker
arm-none-eabi-gcc -nostdlib -Xlinker -Map="MK64FN1M0xxx12_Project.map" -Xlinker --gc-sections -Xlinker -print-memory-usage -Xlinker --sort-section=alignment -Xlinker --cref -mcpu=cortex-m4 -mfpu=fpv4-sp-d16 -mfloat-abi=hard -mthumb -T MK64FN1M0xxx12_Project_Debug.ld -o "MK64FN1M0xxx12_Project.axf"  ./utilities/fsl_debug_console.o ./utilities/fsl_str.o  ./startup/startup_mk64f12.o  ./source/adc.o ./source/algorithm.o ./source/ecg.o ./source/fever.o ./source/gpio.o ./source/i2c_config.o ./source/o2.o ./source/pit.o ./source/semihost_hardfault.o ./source/sensores.o  ./drivers/fsl_adc16.o ./drivers/fsl_clock.o ./drivers/fsl_common.o ./drivers/fsl_gpio.o ./drivers/fsl_i2c.o ./drivers/fsl_pit.o ./drivers/fsl_smc.o ./drivers/fsl_uart.o  ./device/system_MK64F12.o  ./component/uart/uart_adapter.o  ./component/serial_manager/serial_manager.o ./component/serial_manager/serial_port_uart.o  ./component/lists/generic_list.o  ./board/board.o ./board/clock_config.o ./board/peripherals.o ./board/pin_mux.o   
Memory region         Used Size  Region Size  %age Used
   PROGRAM_FLASH:       15528 B         1 MB      1.48%
      SRAM_UPPER:        9184 B       192 KB      4.67%
      SRAM_LOWER:          0 GB        64 KB      0.00%
        FLEX_RAM:          0 GB         4 KB      0.00%
Finished building target: MK64FN1M0xxx12_Project.axf
 
make --no-print-directory post-build
Performing post-build steps
arm-none-eabi-size "MK64FN1M0xxx12_Project.axf"; # arm-none-eabi-objcopy -v -O binary "MK64FN1M0xxx12_Project.axf" "MK64FN1M0xxx12_Project.bin" ; # checksum -p MK64FN1M0xxx12 -d "MK64FN1M0xxx12_Project.bin";
   text	   data	    bss	    dec	    hex	filename
  15480	     48	   9136	  24664	   6058	MK64FN1M0xxx12_Project.axf
 
15:27:38 **** Incremental Build of configuration Debug for project MK64FN1M0xxx12_Project ****
make -r -j3 all 
Building file: ../source/ecg.c
Invoking: MCU C Compiler
arm-none-eabi-gcc -D__REDLIB__ -DCPU_MK64FN1M0VLL12 -DCPU_MK64FN1M0VLL12_cm4 -DFSL_RTOS_BM -DSDK_OS_BAREMETAL -DSERIAL_PORT_TYPE_UART=1 -DSDK_DEBUGCONSOLE=0 -DCR_INTEGER_PRINTF -DPRINTF_FLOAT_ENABLE=0 -D__MCUXPRESSO -D__USE_CMSIS -DDEBUG -I"/Users/martinamaspero/Desktop/labo-de-micros-tpf/Martu/micros_ANDA/workspace/MK64FN1M0xxx12_Project/board" -I"/Users/martinamaspero/Desktop/labo-de-micros-tpf/Martu/micros_ANDA/workspace/MK64FN1M0xxx12_Project/source" -I"/Users/martinamaspero/Desktop/labo-de-micros-tpf/Martu/micros_ANDA/workspace/MK64FN1M0xxx12_Project" -I"/Users/martinamaspero/Desktop/labo-de-micros-tpf/Martu/micros_ANDA/workspace/MK64FN1M0xxx12_Project/drivers" -I"/Users/martinamaspero/Desktop/labo-de-micros-tpf/Martu/micros_ANDA/workspace/MK64FN1M0xxx12_Project/device" -I"/Users/martinamaspero/Desktop/labo-de-micros-tpf/Martu/micros_ANDA/workspace/MK64FN1M0xxx12_Project/CMSIS" -I"/Users/martinamaspero/Desktop/labo-de-micros-tpf/Martu/micros_ANDA/workspace/MK64FN1M0xxx12_Project/component/uart" -I"/Users/martinamaspero/Desktop/labo-de-micros-tpf/Martu/micros_ANDA/workspace/MK64FN1M0xxx12_Project/utilities" -I"/Users/martinamaspero/Desktop/labo-de-micros-tpf/Martu/micros_ANDA/workspace/MK64FN1M0xxx12_Project/component/serial_manager" -I"/Users/martinamaspero/Desktop/labo-de-micros-tpf/Martu/micros_ANDA/workspace/MK64FN1M0xxx12_Project/component/lists" -O0 -fno-common -g3 -Wall -c -ffunction-sections -fdata-sections -ffreestanding -fno-builtin -fmerge-constants -fmacro-prefix-map="../source/"=. -mcpu=cortex-m4 -mfpu=fpv4-sp-d16 -mfloat-abi=hard -mthumb -D__REDLIB__ -fstack-usage -specs=redlib.specs -MMD -MP -MF"source/ecg.d" -MT"source/ecg.o" -MT"source/ecg.d" -o "source/ecg.o" "../source/ecg.c"
Finished building: ../source/ecg.c
 
Building target: MK64FN1M0xxx12_Project.axf
Invoking: MCU Linker
arm-none-eabi-gcc -nostdlib -Xlinker -Map="MK64FN1M0xxx12_Project.map" -Xlinker --gc-sections -Xlinker -print-memory-usage -Xlinker --sort-section=alignment -Xlinker --cref -mcpu=cortex-m4 -mfpu=fpv4-sp-d16 -mfloat-abi=hard -mthumb -T MK64FN1M0xxx12_Project_Debug.ld -o "MK64FN1M0xxx12_Project.axf"  ./utilities/fsl_debug_console.o ./utilities/fsl_str.o  ./startup/startup_mk64f12.o  ./source/adc.o ./source/algorithm.o ./source/ecg.o ./source/fever.o ./source/gpio.o ./source/i2c_config.o ./source/o2.o ./source/pit.o ./source/semihost_hardfault.o ./source/sensores.o  ./drivers/fsl_adc16.o ./drivers/fsl_clock.o ./drivers/fsl_common.o ./drivers/fsl_gpio.o ./drivers/fsl_i2c.o ./drivers/fsl_pit.o ./drivers/fsl_smc.o ./drivers/fsl_uart.o  ./device/system_MK64F12.o  ./component/uart/uart_adapter.o  ./component/serial_manager/serial_manager.o ./component/serial_manager/serial_port_uart.o  ./component/lists/generic_list.o  ./board/board.o ./board/clock_config.o ./board/peripherals.o ./board/pin_mux.o   
Memory region         Used Size  Region Size  %age Used
   PROGRAM_FLASH:       15592 B         1 MB      1.49%
      SRAM_UPPER:        9184 B       192 KB      4.67%
      SRAM_LOWER:          0 GB        64 KB      0.00%
        FLEX_RAM:          0 GB         4 KB      0.00%
Finished building target: MK64FN1M0xxx12_Project.axf
 
make --no-print-directory post-build
Performing post-build steps
arm-none-eabi-size "MK64FN1M0xxx12_Project.axf"; # arm-none-eabi-objcopy -v -O binary "MK64FN1M0xxx12_Project.axf" "MK64FN1M0xxx12_Project.bin" ; # checksum -p MK64FN1M0xxx12 -d "MK64FN1M0xxx12_Project.bin";
   text	   data	    bss	    dec	    hex	filename
  15544	     48	   9136	  24728	   6098	MK64FN1M0xxx12_Project.axf
 
15:36:10 **** Incremental Build of configuration Debug for project MK64FN1M0xxx12_Project ****
make -r -j3 all 
Building file: ../source/ecg.c
Building file: ../source/sensores.c
Invoking: MCU C Compiler
arm-none-eabi-gcc -D__REDLIB__ -DCPU_MK64FN1M0VLL12 -DCPU_MK64FN1M0VLL12_cm4 -DFSL_RTOS_BM -DSDK_OS_BAREMETAL -DSERIAL_PORT_TYPE_UART=1 -DSDK_DEBUGCONSOLE=0 -DCR_INTEGER_PRINTF -DPRINTF_FLOAT_ENABLE=0 -D__MCUXPRESSO -D__USE_CMSIS -DDEBUG -I"/Users/martinamaspero/Desktop/labo-de-micros-tpf/Martu/micros_ANDA/workspace/MK64FN1M0xxx12_Project/board" -I"/Users/martinamaspero/Desktop/labo-de-micros-tpf/Martu/micros_ANDA/workspace/MK64FN1M0xxx12_Project/source" -I"/Users/martinamaspero/Desktop/labo-de-micros-tpf/Martu/micros_ANDA/workspace/MK64FN1M0xxx12_Project" -I"/Users/martinamaspero/Desktop/labo-de-micros-tpf/Martu/micros_ANDA/workspace/MK64FN1M0xxx12_Project/drivers" -I"/Users/martinamaspero/Desktop/labo-de-micros-tpf/Martu/micros_ANDA/workspace/MK64FN1M0xxx12_Project/device" -I"/Users/martinamaspero/Desktop/labo-de-micros-tpf/Martu/micros_ANDA/workspace/MK64FN1M0xxx12_Project/CMSIS" -I"/Users/martinamaspero/Desktop/labo-de-micros-tpf/Martu/micros_ANDA/workspace/MK64FN1M0xxx12_Project/component/uart" -I"/Users/martinamaspero/Desktop/labo-de-micros-tpf/Martu/micros_ANDA/workspace/MK64FN1M0xxx12_Project/utilities" -I"/Users/martinamaspero/Desktop/labo-de-micros-tpf/Martu/micros_ANDA/workspace/MK64FN1M0xxx12_Project/component/serial_manager" -I"/Users/martinamaspero/Desktop/labo-de-micros-tpf/Martu/micros_ANDA/workspace/MK64FN1M0xxx12_Project/component/lists" -O0 -fno-common -g3 -Wall -c -ffunction-sections -fdata-sections -ffreestanding -fno-builtin -fmerge-constants -fmacro-prefix-map="../source/"=. -mcpu=cortex-m4 -mfpu=fpv4-sp-d16 -mfloat-abi=hard -mthumb -D__REDLIB__ -fstack-usage -specs=redlib.specs -MMD -MP -MF"source/ecg.d" -MT"source/ecg.o" -MT"source/ecg.d" -o "source/ecg.o" "../source/ecg.c"
Invoking: MCU C Compiler
arm-none-eabi-gcc -D__REDLIB__ -DCPU_MK64FN1M0VLL12 -DCPU_MK64FN1M0VLL12_cm4 -DFSL_RTOS_BM -DSDK_OS_BAREMETAL -DSERIAL_PORT_TYPE_UART=1 -DSDK_DEBUGCONSOLE=0 -DCR_INTEGER_PRINTF -DPRINTF_FLOAT_ENABLE=0 -D__MCUXPRESSO -D__USE_CMSIS -DDEBUG -I"/Users/martinamaspero/Desktop/labo-de-micros-tpf/Martu/micros_ANDA/workspace/MK64FN1M0xxx12_Project/board" -I"/Users/martinamaspero/Desktop/labo-de-micros-tpf/Martu/micros_ANDA/workspace/MK64FN1M0xxx12_Project/source" -I"/Users/martinamaspero/Desktop/labo-de-micros-tpf/Martu/micros_ANDA/workspace/MK64FN1M0xxx12_Project" -I"/Users/martinamaspero/Desktop/labo-de-micros-tpf/Martu/micros_ANDA/workspace/MK64FN1M0xxx12_Project/drivers" -I"/Users/martinamaspero/Desktop/labo-de-micros-tpf/Martu/micros_ANDA/workspace/MK64FN1M0xxx12_Project/device" -I"/Users/martinamaspero/Desktop/labo-de-micros-tpf/Martu/micros_ANDA/workspace/MK64FN1M0xxx12_Project/CMSIS" -I"/Users/martinamaspero/Desktop/labo-de-micros-tpf/Martu/micros_ANDA/workspace/MK64FN1M0xxx12_Project/component/uart" -I"/Users/martinamaspero/Desktop/labo-de-micros-tpf/Martu/micros_ANDA/workspace/MK64FN1M0xxx12_Project/utilities" -I"/Users/martinamaspero/Desktop/labo-de-micros-tpf/Martu/micros_ANDA/workspace/MK64FN1M0xxx12_Project/component/serial_manager" -I"/Users/martinamaspero/Desktop/labo-de-micros-tpf/Martu/micros_ANDA/workspace/MK64FN1M0xxx12_Project/component/lists" -O0 -fno-common -g3 -Wall -c -ffunction-sections -fdata-sections -ffreestanding -fno-builtin -fmerge-constants -fmacro-prefix-map="../source/"=. -mcpu=cortex-m4 -mfpu=fpv4-sp-d16 -mfloat-abi=hard -mthumb -D__REDLIB__ -fstack-usage -specs=redlib.specs -MMD -MP -MF"source/sensores.d" -MT"source/sensores.o" -MT"source/sensores.d" -o "source/sensores.o" "../source/sensores.c"
Finished building: ../source/ecg.c
 
Finished building: ../source/sensores.c
 
Building target: MK64FN1M0xxx12_Project.axf
Invoking: MCU Linker
arm-none-eabi-gcc -nostdlib -Xlinker -Map="MK64FN1M0xxx12_Project.map" -Xlinker --gc-sections -Xlinker -print-memory-usage -Xlinker --sort-section=alignment -Xlinker --cref -mcpu=cortex-m4 -mfpu=fpv4-sp-d16 -mfloat-abi=hard -mthumb -T MK64FN1M0xxx12_Project_Debug.ld -o "MK64FN1M0xxx12_Project.axf"  ./utilities/fsl_debug_console.o ./utilities/fsl_str.o  ./startup/startup_mk64f12.o  ./source/adc.o ./source/algorithm.o ./source/ecg.o ./source/fever.o ./source/gpio.o ./source/i2c_config.o ./source/o2.o ./source/pit.o ./source/semihost_hardfault.o ./source/sensores.o  ./drivers/fsl_adc16.o ./drivers/fsl_clock.o ./drivers/fsl_common.o ./drivers/fsl_gpio.o ./drivers/fsl_i2c.o ./drivers/fsl_pit.o ./drivers/fsl_smc.o ./drivers/fsl_uart.o  ./device/system_MK64F12.o  ./component/uart/uart_adapter.o  ./component/serial_manager/serial_manager.o ./component/serial_manager/serial_port_uart.o  ./component/lists/generic_list.o  ./board/board.o ./board/clock_config.o ./board/peripherals.o ./board/pin_mux.o   
Memory region         Used Size  Region Size  %age Used
   PROGRAM_FLASH:       15592 B         1 MB      1.49%
      SRAM_UPPER:        9560 B       192 KB      4.86%
      SRAM_LOWER:          0 GB        64 KB      0.00%
        FLEX_RAM:          0 GB         4 KB      0.00%
Finished building target: MK64FN1M0xxx12_Project.axf
 
make --no-print-directory post-build
Performing post-build steps
arm-none-eabi-size "MK64FN1M0xxx12_Project.axf"; # arm-none-eabi-objcopy -v -O binary "MK64FN1M0xxx12_Project.axf" "MK64FN1M0xxx12_Project.bin" ; # checksum -p MK64FN1M0xxx12 -d "MK64FN1M0xxx12_Project.bin";
   text	   data	    bss	    dec	    hex	filename
  15544	     48	   9512	  25104	   6210	MK64FN1M0xxx12_Project.axf
 
15:37:44 **** Clean-only build of configuration Debug for project MK64FN1M0xxx12_Project ****
make -r -j3 clean 
rm -rf  ./utilities/fsl_debug_console.o ./utilities/fsl_str.o  ./startup/startup_mk64f12.o  ./source/adc.o ./source/algorithm.o ./source/ecg.o ./source/fever.o ./source/gpio.o ./source/i2c_config.o ./source/o2.o ./source/pit.o ./source/semihost_hardfault.o ./source/sensores.o  ./drivers/fsl_adc16.o ./drivers/fsl_clock.o ./drivers/fsl_common.o ./drivers/fsl_gpio.o ./drivers/fsl_i2c.o ./drivers/fsl_pit.o ./drivers/fsl_smc.o ./drivers/fsl_uart.o  ./device/system_MK64F12.o  ./component/uart/uart_adapter.o  ./component/serial_manager/serial_manager.o ./component/serial_manager/serial_port_uart.o  ./component/lists/generic_list.o  ./board/board.o ./board/clock_config.o ./board/peripherals.o ./board/pin_mux.o  ./utilities/fsl_debug_console.d ./utilities/fsl_str.d  ./startup/startup_mk64f12.d  ./source/adc.d ./source/algorithm.d ./source/ecg.d ./source/fever.d ./source/gpio.d ./source/i2c_config.d ./source/o2.d ./source/pit.d ./source/semihost_hardfault.d ./source/sensores.d  ./drivers/fsl_adc16.d ./drivers/fsl_clock.d ./drivers/fsl_common.d ./drivers/fsl_gpio.d ./drivers/fsl_i2c.d ./drivers/fsl_pit.d ./drivers/fsl_smc.d ./drivers/fsl_uart.d  ./device/system_MK64F12.d  ./component/uart/uart_adapter.d  ./component/serial_manager/serial_manager.d ./component/serial_manager/serial_port_uart.d  ./component/lists/generic_list.d  ./board/board.d ./board/clock_config.d ./board/peripherals.d ./board/pin_mux.d  MK64FN1M0xxx12_Project.axf
 
15:38:05 **** Build of configuration Debug for project MK64FN1M0xxx12_Project ****
make -r -j3 all 
Building file: ../utilities/fsl_debug_console.c
Building file: ../utilities/fsl_str.c
Invoking: MCU C Compiler
[...]
../source/ecg.c: In function 'adc_callback':
../source/ecg.c:67:26: warning: implicit declaration of function 'ADC_getDataResult' [-Wimplicit-function-declaration]
   67 |   ecgValues[sample_ptr]= ADC_getDataResult();
      |                          ^~~~~~~~~~~~~~~~~
Finished building: ../source/ecg.c
 
Building target: MK64FN1M0xxx12_Project.axf
Invoking: MCU Linker
arm-none-eabi-gcc -nostdlib -Xlinker -Map="MK64FN1M0xxx12_Project.map" -Xlinker --gc-sections -Xlinker -print-memory-usage -Xlinker --sort-section=alignment -Xlinker --cref -mcpu=cortex-m4 -mfpu=fpv4-sp-d16 -mfloat-abi=hard -mthumb -T MK64FN1M0xxx12_Project_Debug.ld -o "MK64FN1M0xxx12_Project.axf"  ./utilities/fsl_debug_console.o ./utilities/fsl_str.o  ./startup/startup_mk64f12.o  ./source/algorithm.o ./source/ecg.o ./source/fever.o ./source/gpio.o ./source/i2c_config.o ./source/o2.o ./source/pit.o ./source/semihost_hardfault.o ./source/sensores.o  ./drivers/fsl_adc16.o ./drivers/fsl_clock.o ./drivers/fsl_common.o ./drivers/fsl_gpio.o ./drivers/fsl_i2c.o ./drivers/fsl_pit.o ./drivers/fsl_smc.o ./drivers/fsl_uart.o  ./device/system_MK64F12.o  ./component/uart/uart_adapter.o  ./component/serial_manager/serial_manager.o ./component/serial_manager/serial_port_uart.o  ./component/lists/generic_list.o  ./board/board.o ./board/clock_config.o ./board/peripherals.o ./board/pin_mux.o   
Memory region         Used Size  Region Size  %age Used
   PROGRAM_FLASH:       14952 B         1 MB      1.43%
      SRAM_UPPER:        9944 B       192 KB      5.06%
      SRAM_LOWER:          0 GB        64 KB      0.00%
        FLEX_RAM:          0 GB         4 KB      0.00%
Finished building target: MK64FN1M0xxx12_Project.axf
 
make --no-print-directory post-build
Performing post-build steps
arm-none-eabi-size "MK64FN1M0xxx12_Project.axf"; # arm-none-eabi-objcopy -v -O binary "MK64FN1M0xxx12_Project.axf" "MK64FN1M0xxx12_Project.bin" ; # checksum -p MK64FN1M0xxx12 -d "MK64FN1M0xxx12_Project.bin";
   text	   data	    bss	    dec	    hex	filename
  14912	     40	   9904	  24856	   6118	MK64FN1M0xxx12_Project.axf
 
17:26:19 **** Incremental Build of configuration Debug for project MK64FN1M0xxx12_Project ****
make -r -j3 all 
make: Nothing to be done for 'all'.
17:29:09 **** Incremental Build of configuration Debug for project MK64FN1M0xxx12_Project ****
make -r -j3 all 
make: Nothing to be done for 'all'.
17:42:13 **** Incremental Build of configuration Debug for project MK64FN1M0xxx12_Project ****
make -r -j3 all 
Building file: ../source/ecg.c
Invoking: MCU C Compiler
arm-none-eabi-gcc -D__REDLIB__ -DCPU_MK64FN1M0VLL12 -DCPU_MK64FN1M0VLL12_cm4 -DFSL_RTOS_BM -DSDK_OS_BAREMETAL -DSERIAL_PORT_TYPE_UART=1 -DSDK_DEBUGCONSOLE=0 -DCR_INTEGER_PRINTF -DPRINTF_FLOAT_ENABLE=0 -D__MCUXPRESSO -D__USE_CMSIS -DDEBUG -I"/Users/martinamaspero/Desktop/labo-de-micros-tpf/Martu/micros_ANDA/workspace/MK64FN1M0xxx12_Project/board" -I"/Users/martinamaspero/Desktop/labo-de-micros-tpf/Martu/micros_ANDA/workspace/MK64FN1M0xxx12_Project/source" -I"/Users/martinamaspero/Desktop/labo-de-micros-tpf/Martu/micros_ANDA/workspace/MK64FN1M0xxx12_Project" -I"/Users/martinamaspero/Desktop/labo-de-micros-tpf/Martu/micros_ANDA/workspace/MK64FN1M0xxx12_Project/drivers" -I"/Users/martinamaspero/Desktop/labo-de-micros-tpf/Martu/micros_ANDA/workspace/MK64FN1M0xxx12_Project/device" -I"/Users/martinamaspero/Desktop/labo-de-micros-tpf/Martu/micros_ANDA/workspace/MK64FN1M0xxx12_Project/CMSIS" -I"/Users/martinamaspero/Desktop/labo-de-micros-tpf/Martu/micros_ANDA/workspace/MK64FN1M0xxx12_Project/component/uart" -I"/Users/martinamaspero/Desktop/labo-de-micros-tpf/Martu/micros_ANDA/workspace/MK64FN1M0xxx12_Project/utilities" -I"/Users/martinamaspero/Desktop/labo-de-micros-tpf/Martu/micros_ANDA/workspace/MK64FN1M0xxx12_Project/component/serial_manager" -I"/Users/martinamaspero/Desktop/labo-de-micros-tpf/Martu/micros_ANDA/workspace/MK64FN1M0xxx12_Project/component/lists" -O0 -fno-common -g3 -Wall -c -ffunction-sections -fdata-sections -ffreestanding -fno-builtin -fmerge-constants -fmacro-prefix-map="../source/"=. -mcpu=cortex-m4 -mfpu=fpv4-sp-d16 -mfloat-abi=hard -mthumb -D__REDLIB__ -fstack-usage -specs=redlib.specs -MMD -MP -MF"source/ecg.d" -MT"source/ecg.o" -MT"source/ecg.d" -o "source/ecg.o" "../source/ecg.c"
../source/ecg.c: In function 'adc_callback':
../source/ecg.c:67:26: warning: implicit declaration of function 'ADC_getDataResult' [-Wimplicit-function-declaration]
   67 |   ecgValues[sample_ptr]= ADC_getDataResult();
      |                          ^~~~~~~~~~~~~~~~~
Finished building: ../source/ecg.c
 
Building target: MK64FN1M0xxx12_Project.axf
Invoking: MCU Linker
arm-none-eabi-gcc -nostdlib -Xlinker -Map="MK64FN1M0xxx12_Project.map" -Xlinker --gc-sections -Xlinker -print-memory-usage -Xlinker --sort-section=alignment -Xlinker --cref -mcpu=cortex-m4 -mfpu=fpv4-sp-d16 -mfloat-abi=hard -mthumb -T MK64FN1M0xxx12_Project_Debug.ld -o "MK64FN1M0xxx12_Project.axf"  ./utilities/fsl_debug_console.o ./utilities/fsl_str.o  ./startup/startup_mk64f12.o  ./source/algorithm.o ./source/ecg.o ./source/fever.o ./source/gpio.o ./source/i2c_config.o ./source/o2.o ./source/pit.o ./source/semihost_hardfault.o ./source/sensores.o  ./drivers/fsl_adc16.o ./drivers/fsl_clock.o ./drivers/fsl_common.o ./drivers/fsl_gpio.o ./drivers/fsl_i2c.o ./drivers/fsl_pit.o ./drivers/fsl_smc.o ./drivers/fsl_uart.o  ./device/system_MK64F12.o  ./component/uart/uart_adapter.o  ./component/serial_manager/serial_manager.o ./component/serial_manager/serial_port_uart.o  ./component/lists/generic_list.o  ./board/board.o ./board/clock_config.o ./board/peripherals.o ./board/pin_mux.o   
Memory region         Used Size  Region Size  %age Used
   PROGRAM_FLASH:       14904 B         1 MB      1.42%
      SRAM_UPPER:        9944 B       192 KB      5.06%
      SRAM_LOWER:          0 GB        64 KB      0.00%
        FLEX_RAM:          0 GB         4 KB      0.00%
Finished building target: MK64FN1M0xxx12_Project.axf
 
make --no-print-directory post-build
Performing post-build steps
arm-none-eabi-size "MK64FN1M0xxx12_Project.axf"; # arm-none-eabi-objcopy -v -O binary "MK64FN1M0xxx12_Project.axf" "MK64FN1M0xxx12_Project.bin" ; # checksum -p MK64FN1M0xxx12 -d "MK64FN1M0xxx12_Project.bin";
   text	   data	    bss	    dec	    hex	filename
  14864	     40	   9904	  24808	   60e8	MK64FN1M0xxx12_Project.axf
 
17:47:01 **** Incremental Build of configuration Debug for project MK64FN1M0xxx12_Project ****
make -r -j3 all 
Building file: ../source/ecg.c
Invoking: MCU C Compiler
arm-none-eabi-gcc -D__REDLIB__ -DCPU_MK64FN1M0VLL12 -DCPU_MK64FN1M0VLL12_cm4 -DFSL_RTOS_BM -DSDK_OS_BAREMETAL -DSERIAL_PORT_TYPE_UART=1 -DSDK_DEBUGCONSOLE=0 -DCR_INTEGER_PRINTF -DPRINTF_FLOAT_ENABLE=0 -D__MCUXPRESSO -D__USE_CMSIS -DDEBUG -I"/Users/martinamaspero/Desktop/labo-de-micros-tpf/Martu/micros_ANDA/workspace/MK64FN1M0xxx12_Project/board" -I"/Users/martinamaspero/Desktop/labo-de-micros-tpf/Martu/micros_ANDA/workspace/MK64FN1M0xxx12_Project/source" -I"/Users/martinamaspero/Desktop/labo-de-micros-tpf/Martu/micros_ANDA/workspace/MK64FN1M0xxx12_Project" -I"/Users/martinamaspero/Desktop/labo-de-micros-tpf/Martu/micros_ANDA/workspace/MK64FN1M0xxx12_Project/drivers" -I"/Users/martinamaspero/Desktop/labo-de-micros-tpf/Martu/micros_ANDA/workspace/MK64FN1M0xxx12_Project/device" -I"/Users/martinamaspero/Desktop/labo-de-micros-tpf/Martu/micros_ANDA/workspace/MK64FN1M0xxx12_Project/CMSIS" -I"/Users/martinamaspero/Desktop/labo-de-micros-tpf/Martu/micros_ANDA/workspace/MK64FN1M0xxx12_Project/component/uart" -I"/Users/martinamaspero/Desktop/labo-de-micros-tpf/Martu/micros_ANDA/workspace/MK64FN1M0xxx12_Project/utilities" -I"/Users/martinamaspero/Desktop/labo-de-micros-tpf/Martu/micros_ANDA/workspace/MK64FN1M0xxx12_Project/component/serial_manager" -I"/Users/martinamaspero/Desktop/labo-de-micros-tpf/Martu/micros_ANDA/workspace/MK64FN1M0xxx12_Project/component/lists" -O0 -fno-common -g3 -Wall -c -ffunction-sections -fdata-sections -ffreestanding -fno-builtin -fmerge-constants -fmacro-prefix-map="../source/"=. -mcpu=cortex-m4 -mfpu=fpv4-sp-d16 -mfloat-abi=hard -mthumb -D__REDLIB__ -fstack-usage -specs=redlib.specs -MMD -MP -MF"source/ecg.d" -MT"source/ecg.o" -MT"source/ecg.d" -o "source/ecg.o" "../source/ecg.c"
../source/ecg.c: In function 'adc_callback':
../source/ecg.c:67:26: warning: implicit declaration of function 'ADC_getDataResult' [-Wimplicit-function-declaration]
   67 |   ecgValues[sample_ptr]= ADC_getDataResult();
      |                          ^~~~~~~~~~~~~~~~~
Finished building: ../source/ecg.c
 
Building target: MK64FN1M0xxx12_Project.axf
Invoking: MCU Linker
arm-none-eabi-gcc -nostdlib -Xlinker -Map="MK64FN1M0xxx12_Project.map" -Xlinker --gc-sections -Xlinker -print-memory-usage -Xlinker --sort-section=alignment -Xlinker --cref -mcpu=cortex-m4 -mfpu=fpv4-sp-d16 -mfloat-abi=hard -mthumb -T MK64FN1M0xxx12_Project_Debug.ld -o "MK64FN1M0xxx12_Project.axf"  ./utilities/fsl_debug_console.o ./utilities/fsl_str.o  ./startup/startup_mk64f12.o  ./source/algorithm.o ./source/ecg.o ./source/fever.o ./source/gpio.o ./source/i2c_config.o ./source/o2.o ./source/pit.o ./source/semihost_hardfault.o ./source/sensores.o  ./drivers/fsl_adc16.o ./drivers/fsl_clock.o ./drivers/fsl_common.o ./drivers/fsl_gpio.o ./drivers/fsl_i2c.o ./drivers/fsl_pit.o ./drivers/fsl_smc.o ./drivers/fsl_uart.o  ./device/system_MK64F12.o  ./component/uart/uart_adapter.o  ./component/serial_manager/serial_manager.o ./component/serial_manager/serial_port_uart.o  ./component/lists/generic_list.o  ./board/board.o ./board/clock_config.o ./board/peripherals.o ./board/pin_mux.o   
Memory region         Used Size  Region Size  %age Used
   PROGRAM_FLASH:       14952 B         1 MB      1.43%
      SRAM_UPPER:        9944 B       192 KB      5.06%
      SRAM_LOWER:          0 GB        64 KB      0.00%
        FLEX_RAM:          0 GB         4 KB      0.00%
Finished building target: MK64FN1M0xxx12_Project.axf
 
make --no-print-directory post-build
Performing post-build steps
arm-none-eabi-size "MK64FN1M0xxx12_Project.axf"; # arm-none-eabi-objcopy -v -O binary "MK64FN1M0xxx12_Project.axf" "MK64FN1M0xxx12_Project.bin" ; # checksum -p MK64FN1M0xxx12 -d "MK64FN1M0xxx12_Project.bin";
   text	   data	    bss	    dec	    hex	filename
  14912	     40	   9904	  24856	   6118	MK64FN1M0xxx12_Project.axf
 
16:06:10 **** Incremental Build of configuration Debug for project MK64FN1M0xxx12_Project ****
make -r -j3 all 
Building file: ../source/ecg.c
Invoking: MCU C Compiler
arm-none-eabi-gcc -D__REDLIB__ -DCPU_MK64FN1M0VLL12 -DCPU_MK64FN1M0VLL12_cm4 -DFSL_RTOS_BM -DSDK_OS_BAREMETAL -DSERIAL_PORT_TYPE_UART=1 -DSDK_DEBUGCONSOLE=0 -DCR_INTEGER_PRINTF -DPRINTF_FLOAT_ENABLE=0 -D__MCUXPRESSO -D__USE_CMSIS -DDEBUG -I"/Users/martinamaspero/Desktop/labo-de-micros-tpf/Martu/micros_ANDA/workspace/MK64FN1M0xxx12_Project/board" -I"/Users/martinamaspero/Desktop/labo-de-micros-tpf/Martu/micros_ANDA/workspace/MK64FN1M0xxx12_Project/source" -I"/Users/martinamaspero/Desktop/labo-de-micros-tpf/Martu/micros_ANDA/workspace/MK64FN1M0xxx12_Project" -I"/Users/martinamaspero/Desktop/labo-de-micros-tpf/Martu/micros_ANDA/workspace/MK64FN1M0xxx12_Project/drivers" -I"/Users/martinamaspero/Desktop/labo-de-micros-tpf/Martu/micros_ANDA/workspace/MK64FN1M0xxx12_Project/device" -I"/Users/martinamaspero/Desktop/labo-de-micros-tpf/Martu/micros_ANDA/workspace/MK64FN1M0xxx12_Project/CMSIS" -I"/Users/martinamaspero/Desktop/labo-de-micros-tpf/Martu/micros_ANDA/workspace/MK64FN1M0xxx12_Project/component/uart" -I"/Users/martinamaspero/Desktop/labo-de-micros-tpf/Martu/micros_ANDA/workspace/MK64FN1M0xxx12_Project/utilities" -I"/Users/martinamaspero/Desktop/labo-de-micros-tpf/Martu/micros_ANDA/workspace/MK64FN1M0xxx12_Project/component/serial_manager" -I"/Users/martinamaspero/Desktop/labo-de-micros-tpf/Martu/micros_ANDA/workspace/MK64FN1M0xxx12_Project/component/lists" -O0 -fno-common -g3 -Wall -c -ffunction-sections -fdata-sections -ffreestanding -fno-builtin -fmerge-constants -fmacro-prefix-map="../source/"=. -mcpu=cortex-m4 -mfpu=fpv4-sp-d16 -mfloat-abi=hard -mthumb -D__REDLIB__ -fstack-usage -specs=redlib.specs -MMD -MP -MF"source/ecg.d" -MT"source/ecg.o" -MT"source/ecg.d" -o "source/ecg.o" "../source/ecg.c"
Finished building: ../source/ecg.c
 
Building target: MK64FN1M0xxx12_Project.axf
Invoking: MCU Linker
arm-none-eabi-gcc -nostdlib -Xlinker -Map="MK64FN1M0xxx12_Project.map" -Xlinker --gc-sections -Xlinker -print-memory-usage -Xlinker --sort-section=alignment -Xlinker --cref -mcpu=cortex-m4 -mfpu=fpv4-sp-d16 -mfloat-abi=hard -mthumb -T MK64FN1M0xxx12_Project_Debug.ld -o "MK64FN1M0xxx12_Project.axf"  ./utilities/fsl_debug_console.o ./utilities/fsl_str.o  ./startup/startup_mk64f12.o  ./source/algorithm.o ./source/ecg.o ./source/fever.o ./source/gpio.o ./source/i2c_config.o ./source/o2.o ./source/pit.o ./source/semihost_hardfault.o ./source/sensores.o  ./drivers/fsl_adc16.o ./drivers/fsl_clock.o ./drivers/fsl_common.o ./drivers/fsl_gpio.o ./drivers/fsl_i2c.o ./drivers/fsl_pit.o ./drivers/fsl_smc.o ./drivers/fsl_uart.o  ./device/system_MK64F12.o  ./component/uart/uart_adapter.o  ./component/serial_manager/serial_manager.o ./component/serial_manager/serial_port_uart.o  ./component/lists/generic_list.o  ./board/board.o ./board/clock_config.o ./board/peripherals.o ./board/pin_mux.o   
Memory region         Used Size  Region Size  %age Used
   PROGRAM_FLASH:       14992 B         1 MB      1.43%
      SRAM_UPPER:        9224 B       192 KB      4.69%
      SRAM_LOWER:          0 GB        64 KB      0.00%
        FLEX_RAM:          0 GB         4 KB      0.00%
Finished building target: MK64FN1M0xxx12_Project.axf
 
make --no-print-directory post-build
Performing post-build steps
arm-none-eabi-size "MK64FN1M0xxx12_Project.axf"; # arm-none-eabi-objcopy -v -O binary "MK64FN1M0xxx12_Project.axf" "MK64FN1M0xxx12_Project.bin" ; # checksum -p MK64FN1M0xxx12 -d "MK64FN1M0xxx12_Project.bin";
   text	   data	    bss	    dec	    hex	filename
  14952	     40	   9184	  24176	   5e70	MK64FN1M0xxx12_Project.axf
 
16:06:14 **** Build of configuration Debug for project frdmk64f_adc16_interrupt ****
make -r -j3 all 
Building target: frdmk64f_adc16_interrupt.axf
Invoking: MCU Linker
arm-none-eabi-gcc -nostdlib -Xlinker -Map="frdmk64f_adc16_interrupt.map" -Xlinker --gc-sections -Xlinker -print-memory-usage -Xlinker --sort-section=alignment -Xlinker --cref -mcpu=cortex-m4 -mfpu=fpv4-sp-d16 -mfloat-abi=hard -mthumb -T frdmk64f_adc16_interrupt_Debug.ld -o "frdmk64f_adc16_interrupt.axf"  ./utilities/fsl_assert.o ./utilities/fsl_debug_console.o ./utilities/fsl_str.o  ./startup/startup_mk64f12.o  ./source/adc16_interrupt.o ./source/semihost_hardfault.o  ./drivers/fsl_adc16.o ./drivers/fsl_clock.o ./drivers/fsl_common.o ./drivers/fsl_ftfx_cache.o ./drivers/fsl_ftfx_controller.o ./drivers/fsl_ftfx_flash.o ./drivers/fsl_ftfx_flexnvm.o ./drivers/fsl_gpio.o ./drivers/fsl_smc.o ./drivers/fsl_uart.o  ./device/system_MK64F12.o  ./component/uart/uart_adapter.o  ./component/serial_manager/serial_manager.o ./component/serial_manager/serial_port_uart.o  ./component/lists/generic_list.o  ./board/board.o ./board/clock_config.o ./board/pin_mux.o   
Memory region         Used Size  Region Size  %age Used
   PROGRAM_FLASH:       13336 B         1 MB      1.27%
      SRAM_UPPER:        8448 B       192 KB      4.30%
      SRAM_LOWER:          0 GB        64 KB      0.00%
        FLEX_RAM:          0 GB         4 KB      0.00%
Finished building target: frdmk64f_adc16_interrupt.axf
 
make --no-print-directory post-build
Performing post-build steps
arm-none-eabi-size "frdmk64f_adc16_interrupt.axf"; # arm-none-eabi-objcopy -v -O binary "frdmk64f_adc16_interrupt.axf" "frdmk64f_adc16_interrupt.bin" ; # checksum -p MK64FN1M0xxx12 -d "frdmk64f_adc16_interrupt.bin";
   text	   data	    bss	    dec	    hex	filename
  13320	     16	   8432	  21768	   5508	frdmk64f_adc16_interrupt.axf
 
16:09:47 **** Incremental Build of configuration Debug for project MK64FN1M0xxx12_Project ****
make -r -j3 all 
Building file: ../source/ecg.c
Invoking: MCU C Compiler
arm-none-eabi-gcc -D__REDLIB__ -DCPU_MK64FN1M0VLL12 -DCPU_MK64FN1M0VLL12_cm4 -DFSL_RTOS_BM -DSDK_OS_BAREMETAL -DSERIAL_PORT_TYPE_UART=1 -DSDK_DEBUGCONSOLE=0 -DCR_INTEGER_PRINTF -DPRINTF_FLOAT_ENABLE=0 -D__MCUXPRESSO -D__USE_CMSIS -DDEBUG -I"/Users/martinamaspero/Desktop/labo-de-micros-tpf/Martu/micros_ANDA/workspace/MK64FN1M0xxx12_Project/board" -I"/Users/martinamaspero/Desktop/labo-de-micros-tpf/Martu/micros_ANDA/workspace/MK64FN1M0xxx12_Project/source" -I"/Users/martinamaspero/Desktop/labo-de-micros-tpf/Martu/micros_ANDA/workspace/MK64FN1M0xxx12_Project" -I"/Users/martinamaspero/Desktop/labo-de-micros-tpf/Martu/micros_ANDA/workspace/MK64FN1M0xxx12_Project/drivers" -I"/Users/martinamaspero/Desktop/labo-de-micros-tpf/Martu/micros_ANDA/workspace/MK64FN1M0xxx12_Project/device" -I"/Users/martinamaspero/Desktop/labo-de-micros-tpf/Martu/micros_ANDA/workspace/MK64FN1M0xxx12_Project/CMSIS" -I"/Users/martinamaspero/Desktop/labo-de-micros-tpf/Martu/micros_ANDA/workspace/MK64FN1M0xxx12_Project/component/uart" -I"/Users/martinamaspero/Desktop/labo-de-micros-tpf/Martu/micros_ANDA/workspace/MK64FN1M0xxx12_Project/utilities" -I"/Users/martinamaspero/Desktop/labo-de-micros-tpf/Martu/micros_ANDA/workspace/MK64FN1M0xxx12_Project/component/serial_manager" -I"/Users/martinamaspero/Desktop/labo-de-micros-tpf/Martu/micros_ANDA/workspace/MK64FN1M0xxx12_Project/component/lists" -O0 -fno-common -g3 -Wall -c -ffunction-sections -fdata-sections -ffreestanding -fno-builtin -fmerge-constants -fmacro-prefix-map="../source/"=. -mcpu=cortex-m4 -mfpu=fpv4-sp-d16 -mfloat-abi=hard -mthumb -D__REDLIB__ -fstack-usage -specs=redlib.specs -MMD -MP -MF"source/ecg.d" -MT"source/ecg.o" -MT"source/ecg.d" -o "source/ecg.o" "../source/ecg.c"
Finished building: ../source/ecg.c
 
Building target: MK64FN1M0xxx12_Project.axf
Invoking: MCU Linker
arm-none-eabi-gcc -nostdlib -Xlinker -Map="MK64FN1M0xxx12_Project.map" -Xlinker --gc-sections -Xlinker -print-memory-usage -Xlinker --sort-section=alignment -Xlinker --cref -mcpu=cortex-m4 -mfpu=fpv4-sp-d16 -mfloat-abi=hard -mthumb -T MK64FN1M0xxx12_Project_Debug.ld -o "MK64FN1M0xxx12_Project.axf"  ./utilities/fsl_debug_console.o ./utilities/fsl_str.o  ./startup/startup_mk64f12.o  ./source/algorithm.o ./source/ecg.o ./source/fever.o ./source/gpio.o ./source/i2c_config.o ./source/o2.o ./source/pit.o ./source/semihost_hardfault.o ./source/sensores.o  ./drivers/fsl_adc16.o ./drivers/fsl_clock.o ./drivers/fsl_common.o ./drivers/fsl_gpio.o ./drivers/fsl_i2c.o ./drivers/fsl_pit.o ./drivers/fsl_smc.o ./drivers/fsl_uart.o  ./device/system_MK64F12.o  ./component/uart/uart_adapter.o  ./component/serial_manager/serial_manager.o ./component/serial_manager/serial_port_uart.o  ./component/lists/generic_list.o  ./board/board.o ./board/clock_config.o ./board/peripherals.o ./board/pin_mux.o   
Memory region         Used Size  Region Size  %age Used
   PROGRAM_FLASH:       14992 B         1 MB      1.43%
      SRAM_UPPER:        9224 B       192 KB      4.69%
      SRAM_LOWER:          0 GB        64 KB      0.00%
        FLEX_RAM:          0 GB         4 KB      0.00%
Finished building target: MK64FN1M0xxx12_Project.axf
 
make --no-print-directory post-build
Performing post-build steps
arm-none-eabi-size "MK64FN1M0xxx12_Project.axf"; # arm-none-eabi-objcopy -v -O binary "MK64FN1M0xxx12_Project.axf" "MK64FN1M0xxx12_Project.bin" ; # checksum -p MK64FN1M0xxx12 -d "MK64FN1M0xxx12_Project.bin";
   text	   data	    bss	    dec	    hex	filename
  14952	     40	   9184	  24176	   5e70	MK64FN1M0xxx12_Project.axf
 
16:09:50 **** Incremental Build of configuration Debug for project frdmk64f_adc16_interrupt ****
make -r -j3 all 
make: Nothing to be done for 'all'.
