01:06:02 **** Build of configuration Debug for project MK64FN1M0xxx12_Project ****
make -r -j3 all 
Building file: ../utilities/fsl_debug_console.c
Building file: ../utilities/fsl_str.c
Invoking: MCU C Compiler
Building file: ../startup/startup_mk64f12.c
arm-none-eabi-gcc -D__REDLIB__ -DCPU_MK64FN1M0VLL12 -DCPU_MK64FN1M0VLL12_cm4 -DFSL_RTOS_BM -DSDK_OS_BAREMETAL -DSERIAL_PORT_TYPE_UART=1 -DSDK_DEBUGCONSOLE=0 -DCR_INTEGER_PRINTF -DPRINTF_FLOAT_ENABLE=0 -D__MCUXPRESSO -D__USE_CMSIS -DDEBUG -I"/Users/martinamaspero/Desktop/micros_ANDA/workspace/MK64FN1M0xxx12_Project/board" -I"/Users/martinamaspero/Desktop/micros_ANDA/workspace/MK64FN1M0xxx12_Project/source" -I"/Users/martinamaspero/Desktop/micros_ANDA/workspace/MK64FN1M0xxx12_Project" -I"/Users/martinamaspero/Desktop/micros_ANDA/workspace/MK64FN1M0xxx12_Project/drivers" -I"/Users/martinamaspero/Desktop/micros_ANDA/workspace/MK64FN1M0xxx12_Project/device" -I"/Users/martinamaspero/Desktop/micros_ANDA/workspace/MK64FN1M0xxx12_Project/CMSIS" -I"/Users/martinamaspero/Desktop/micros_ANDA/workspace/MK64FN1M0xxx12_Project/component/uart" -I"/Users/martinamaspero/Desktop/micros_ANDA/workspace/MK64FN1M0xxx12_Project/utilities" -I"/Users/martinamaspero/Desktop/micros_ANDA/workspace/MK64FN1M0xxx12_Project/component/serial_manager" -I"/Users/martinamaspero/Desktop/micros_ANDA/workspace/MK64FN1M0xxx12_Project/component/lists" -O0 -fno-common -g3 -Wall -c -ffunction-sections -fdata-sections -ffreestanding -fno-builtin -fmerge-constants -fmacro-prefix-map="../utilities/"=. -mcpu=cortex-m4 -mfpu=fpv4-sp-d16 -mfloat-abi=hard -mthumb -D__REDLIB__ -fstack-usage -specs=redlib.specs -MMD -MP -MF"utilities/fsl_debug_console.d" -MT"utilities/fsl_debug_console.o" -MT"utilities/fsl_debug_console.d" -o "utilities/fsl_debug_console.o" "../utilities/fsl_debug_console.c"
Invoking: MCU C Compiler
arm-none-eabi-gcc -D__REDLIB__ -DCPU_MK64FN1M0VLL12 -DCPU_MK64FN1M0VLL12_cm4 -DFSL_RTOS_BM -DSDK_OS_BAREMETAL -DSERIAL_PORT_TYPE_UART=1 -DSDK_DEBUGCONSOLE=0 -DCR_INTEGER_PRINTF -DPRINTF_FLOAT_ENABLE=0 -D__MCUXPRESSO -D__USE_CMSIS -DDEBUG -I"/Users/martinamaspero/Desktop/micros_ANDA/workspace/MK64FN1M0xxx12_Project/board" -I"/Users/martinamaspero/Desktop/micros_ANDA/workspace/MK64FN1M0xxx12_Project/source" -I"/Users/martinamaspero/Desktop/micros_ANDA/workspace/MK64FN1M0xxx12_Project" -I"/Users/martinamaspero/Desktop/micros_ANDA/workspace/MK64FN1M0xxx12_Project/drivers" -I"/Users/martinamaspero/Desktop/micros_ANDA/workspace/MK64FN1M0xxx12_Project/device" -I"/Users/martinamaspero/Desktop/micros_ANDA/workspace/MK64FN1M0xxx12_Project/CMSIS" -I"/Users/martinamaspero/Desktop/micros_ANDA/workspace/MK64FN1M0xxx12_Project/component/uart" -I"/Users/martinamaspero/Desktop/micros_ANDA/workspace/MK64FN1M0xxx12_Project/utilities" -I"/Users/martinamaspero/Desktop/micros_ANDA/workspace/MK64FN1M0xxx12_Project/component/serial_manager" -I"/Users/martinamaspero/Desktop/micros_ANDA/workspace/MK64FN1M0xxx12_Project/component/lists" -O0 -fno-common -g3 -Wall -c -ffunction-sections -fdata-sections -ffreestanding -fno-builtin -fmerge-constants -fmacro-prefix-map="../utilities/"=. -mcpu=cortex-m4 -mfpu=fpv4-sp-d16 -mfloat-abi=hard -mthumb -D__REDLIB__ -fstack-usage -specs=redlib.specs -MMD -MP -MF"utilities/fsl_str.d" -MT"utilities/fsl_str.o" -MT"utilities/fsl_str.d" -o "utilities/fsl_str.o" "../utilities/fsl_str.c"
Invoking: MCU C Compiler
arm-none-eabi-gcc -D__REDLIB__ -DCPU_MK64FN1M0VLL12 -DCPU_MK64FN1M0VLL12_cm4 -DFSL_RTOS_BM -DSDK_OS_BAREMETAL -DSERIAL_PORT_TYPE_UART=1 -DSDK_DEBUGCONSOLE=0 -DCR_INTEGER_PRINTF -DPRINTF_FLOAT_ENABLE=0 -D__MCUXPRESSO -D__USE_CMSIS -DDEBUG -I"/Users/martinamaspero/Desktop/micros_ANDA/workspace/MK64FN1M0xxx12_Project/board" -I"/Users/martinamaspero/Desktop/micros_ANDA/workspace/MK64FN1M0xxx12_Project/source" -I"/Users/martinamaspero/Desktop/micros_ANDA/workspace/MK64FN1M0xxx12_Project" -I"/Users/martinamaspero/Desktop/micros_ANDA/workspace/MK64FN1M0xxx12_Project/drivers" -I"/Users/martinamaspero/Desktop/micros_ANDA/workspace/MK64FN1M0xxx12_Project/device" -I"/Users/martinamaspero/Desktop/micros_ANDA/workspace/MK64FN1M0xxx12_Project/CMSIS" -I"/Users/martinamaspero/Desktop/micros_ANDA/workspace/MK64FN1M0xxx12_Project/component/uart" -I"/Users/martinamaspero/Desktop/micros_ANDA/workspace/MK64FN1M0xxx12_Project/utilities" -I"/Users/martinamaspero/Desktop/micros_ANDA/workspace/MK64FN1M0xxx12_Project/component/serial_manager" -I"/Users/martinamaspero/Desktop/micros_ANDA/workspace/MK64FN1M0xxx12_Project/component/lists" -O0 -fno-common -g3 -Wall -c -ffunction-sections -fdata-sections -ffreestanding -fno-builtin -fmerge-constants -fmacro-prefix-map="../startup/"=. -mcpu=cortex-m4 -mfpu=fpv4-sp-d16 -mfloat-abi=hard -mthumb -D__REDLIB__ -fstack-usage -specs=redlib.specs -MMD -MP -MF"startup/startup_mk64f12.d" -MT"startup/startup_mk64f12.o" -MT"startup/startup_mk64f12.d" -o "startup/startup_mk64f12.o" "../startup/startup_mk64f12.c"
Finished building: ../startup/startup_mk64f12.c
 
Building file: ../source/algorithm.c
Invoking: MCU C Compiler
arm-none-eabi-gcc -D__REDLIB__ -DCPU_MK64FN1M0VLL12 -DCPU_MK64FN1M0VLL12_cm4 -DFSL_RTOS_BM -DSDK_OS_BAREMETAL -DSERIAL_PORT_TYPE_UART=1 -DSDK_DEBUGCONSOLE=0 -DCR_INTEGER_PRINTF -DPRINTF_FLOAT_ENABLE=0 -D__MCUXPRESSO -D__USE_CMSIS -DDEBUG -I"/Users/martinamaspero/Desktop/micros_ANDA/workspace/MK64FN1M0xxx12_Project/board" -I"/Users/martinamaspero/Desktop/micros_ANDA/workspace/MK64FN1M0xxx12_Project/source" -I"/Users/martinamaspero/Desktop/micros_ANDA/workspace/MK64FN1M0xxx12_Project" -I"/Users/martinamaspero/Desktop/micros_ANDA/workspace/MK64FN1M0xxx12_Project/drivers" -I"/Users/martinamaspero/Desktop/micros_ANDA/workspace/MK64FN1M0xxx12_Project/device" -I"/Users/martinamaspero/Desktop/micros_ANDA/workspace/MK64FN1M0xxx12_Project/CMSIS" -I"/Users/martinamaspero/Desktop/micros_ANDA/workspace/MK64FN1M0xxx12_Project/component/uart" -I"/Users/martinamaspero/Desktop/micros_ANDA/workspace/MK64FN1M0xxx12_Project/utilities" -I"/Users/martinamaspero/Desktop/micros_ANDA/workspace/MK64FN1M0xxx12_Project/component/serial_manager" -I"/Users/martinamaspero/Desktop/micros_ANDA/workspace/MK64FN1M0xxx12_Project/component/lists" -O0 -fno-common -g3 -Wall -c -ffunction-sections -fdata-sections -ffreestanding -fno-builtin -fmerge-constants -fmacro-prefix-map="../source/"=. -mcpu=cortex-m4 -mfpu=fpv4-sp-d16 -mfloat-abi=hard -mthumb -D__REDLIB__ -fstack-usage -specs=redlib.specs -MMD -MP -MF"source/algorithm.d" -MT"source/algorithm.o" -MT"source/algorithm.d" -o "source/algorithm.o" "../source/algorithm.c"
Finished building: ../utilities/fsl_debug_console.c
 
Building file: ../source/fever.c
Invoking: MCU C Compiler
arm-none-eabi-gcc -D__REDLIB__ -DCPU_MK64FN1M0VLL12 -DCPU_MK64FN1M0VLL12_cm4 -DFSL_RTOS_BM -DSDK_OS_BAREMETAL -DSERIAL_PORT_TYPE_UART=1 -DSDK_DEBUGCONSOLE=0 -DCR_INTEGER_PRINTF -DPRINTF_FLOAT_ENABLE=0 -D__MCUXPRESSO -D__USE_CMSIS -DDEBUG -I"/Users/martinamaspero/Desktop/micros_ANDA/workspace/MK64FN1M0xxx12_Project/board" -I"/Users/martinamaspero/Desktop/micros_ANDA/workspace/MK64FN1M0xxx12_Project/source" -I"/Users/martinamaspero/Desktop/micros_ANDA/workspace/MK64FN1M0xxx12_Project" -I"/Users/martinamaspero/Desktop/micros_ANDA/workspace/MK64FN1M0xxx12_Project/drivers" -I"/Users/martinamaspero/Desktop/micros_ANDA/workspace/MK64FN1M0xxx12_Project/device" -I"/Users/martinamaspero/Desktop/micros_ANDA/workspace/MK64FN1M0xxx12_Project/CMSIS" -I"/Users/martinamaspero/Desktop/micros_ANDA/workspace/MK64FN1M0xxx12_Project/component/uart" -I"/Users/martinamaspero/Desktop/micros_ANDA/workspace/MK64FN1M0xxx12_Project/utilities" -I"/Users/martinamaspero/Desktop/micros_ANDA/workspace/MK64FN1M0xxx12_Project/component/serial_manager" -I"/Users/martinamaspero/Desktop/micros_ANDA/workspace/MK64FN1M0xxx12_Project/component/lists" -O0 -fno-common -g3 -Wall -c -ffunction-sections -fdata-sections -ffreestanding -fno-builtin -fmerge-constants -fmacro-prefix-map="../source/"=. -mcpu=cortex-m4 -mfpu=fpv4-sp-d16 -mfloat-abi=hard -mthumb -D__REDLIB__ -fstack-usage -specs=redlib.specs -MMD -MP -MF"source/fever.d" -MT"source/fever.o" -MT"source/fever.d" -o "source/fever.o" "../source/fever.c"
Finished building: ../source/fever.c
 
Building file: ../source/gpio.c
Invoking: MCU C Compiler
arm-none-eabi-gcc -D__REDLIB__ -DCPU_MK64FN1M0VLL12 -DCPU_MK64FN1M0VLL12_cm4 -DFSL_RTOS_BM -DSDK_OS_BAREMETAL -DSERIAL_PORT_TYPE_UART=1 -DSDK_DEBUGCONSOLE=0 -DCR_INTEGER_PRINTF -DPRINTF_FLOAT_ENABLE=0 -D__MCUXPRESSO -D__USE_CMSIS -DDEBUG -I"/Users/martinamaspero/Desktop/micros_ANDA/workspace/MK64FN1M0xxx12_Project/board" -I"/Users/martinamaspero/Desktop/micros_ANDA/workspace/MK64FN1M0xxx12_Project/source" -I"/Users/martinamaspero/Desktop/micros_ANDA/workspace/MK64FN1M0xxx12_Project" -I"/Users/martinamaspero/Desktop/micros_ANDA/workspace/MK64FN1M0xxx12_Project/drivers" -I"/Users/martinamaspero/Desktop/micros_ANDA/workspace/MK64FN1M0xxx12_Project/device" -I"/Users/martinamaspero/Desktop/micros_ANDA/workspace/MK64FN1M0xxx12_Project/CMSIS" -I"/Users/martinamaspero/Desktop/micros_ANDA/workspace/MK64FN1M0xxx12_Project/component/uart" -I"/Users/martinamaspero/Desktop/micros_ANDA/workspace/MK64FN1M0xxx12_Project/utilities" -I"/Users/martinamaspero/Desktop/micros_ANDA/workspace/MK64FN1M0xxx12_Project/component/serial_manager" -I"/Users/martinamaspero/Desktop/micros_ANDA/workspace/MK64FN1M0xxx12_Project/component/lists" -O0 -fno-common -g3 -Wall -c -ffunction-sections -fdata-sections -ffreestanding -fno-builtin -fmerge-constants -fmacro-prefix-map="../source/"=. -mcpu=cortex-m4 -mfpu=fpv4-sp-d16 -mfloat-abi=hard -mthumb -D__REDLIB__ -fstack-usage -specs=redlib.specs -MMD -MP -MF"source/gpio.d" -MT"source/gpio.o" -MT"source/gpio.d" -o "source/gpio.o" "../source/gpio.c"
Finished building: ../source/algorithm.c
 
Building file: ../source/i2c_config.c
Invoking: MCU C Compiler
arm-none-eabi-gcc -D__REDLIB__ -DCPU_MK64FN1M0VLL12 -DCPU_MK64FN1M0VLL12_cm4 -DFSL_RTOS_BM -DSDK_OS_BAREMETAL -DSERIAL_PORT_TYPE_UART=1 -DSDK_DEBUGCONSOLE=0 -DCR_INTEGER_PRINTF -DPRINTF_FLOAT_ENABLE=0 -D__MCUXPRESSO -D__USE_CMSIS -DDEBUG -I"/Users/martinamaspero/Desktop/micros_ANDA/workspace/MK64FN1M0xxx12_Project/board" -I"/Users/martinamaspero/Desktop/micros_ANDA/workspace/MK64FN1M0xxx12_Project/source" -I"/Users/martinamaspero/Desktop/micros_ANDA/workspace/MK64FN1M0xxx12_Project" -I"/Users/martinamaspero/Desktop/micros_ANDA/workspace/MK64FN1M0xxx12_Project/drivers" -I"/Users/martinamaspero/Desktop/micros_ANDA/workspace/MK64FN1M0xxx12_Project/device" -I"/Users/martinamaspero/Desktop/micros_ANDA/workspace/MK64FN1M0xxx12_Project/CMSIS" -I"/Users/martinamaspero/Desktop/micros_ANDA/workspace/MK64FN1M0xxx12_Project/component/uart" -I"/Users/martinamaspero/Desktop/micros_ANDA/workspace/MK64FN1M0xxx12_Project/utilities" -I"/Users/martinamaspero/Desktop/micros_ANDA/workspace/MK64FN1M0xxx12_Project/component/serial_manager" -I"/Users/martinamaspero/Desktop/micros_ANDA/workspace/MK64FN1M0xxx12_Project/component/lists" -O0 -fno-common -g3 -Wall -c -ffunction-sections -fdata-sections -ffreestanding -fno-builtin -fmerge-constants -fmacro-prefix-map="../source/"=. -mcpu=cortex-m4 -mfpu=fpv4-sp-d16 -mfloat-abi=hard -mthumb -D__REDLIB__ -fstack-usage -specs=redlib.specs -MMD -MP -MF"source/i2c_config.d" -MT"source/i2c_config.o" -MT"source/i2c_config.d" -o "source/i2c_config.o" "../source/i2c_config.c"
Finished building: ../utilities/fsl_str.c
 
Building file: ../source/o2.c
Invoking: MCU C Compiler
arm-none-eabi-gcc -D__REDLIB__ -DCPU_MK64FN1M0VLL12 -DCPU_MK64FN1M0VLL12_cm4 -DFSL_RTOS_BM -DSDK_OS_BAREMETAL -DSERIAL_PORT_TYPE_UART=1 -DSDK_DEBUGCONSOLE=0 -DCR_INTEGER_PRINTF -DPRINTF_FLOAT_ENABLE=0 -D__MCUXPRESSO -D__USE_CMSIS -DDEBUG -I"/Users/martinamaspero/Desktop/micros_ANDA/workspace/MK64FN1M0xxx12_Project/board" -I"/Users/martinamaspero/Desktop/micros_ANDA/workspace/MK64FN1M0xxx12_Project/source" -I"/Users/martinamaspero/Desktop/micros_ANDA/workspace/MK64FN1M0xxx12_Project" -I"/Users/martinamaspero/Desktop/micros_ANDA/workspace/MK64FN1M0xxx12_Project/drivers" -I"/Users/martinamaspero/Desktop/micros_ANDA/workspace/MK64FN1M0xxx12_Project/device" -I"/Users/martinamaspero/Desktop/micros_ANDA/workspace/MK64FN1M0xxx12_Project/CMSIS" -I"/Users/martinamaspero/Desktop/micros_ANDA/workspace/MK64FN1M0xxx12_Project/component/uart" -I"/Users/martinamaspero/Desktop/micros_ANDA/workspace/MK64FN1M0xxx12_Project/utilities" -I"/Users/martinamaspero/Desktop/micros_ANDA/workspace/MK64FN1M0xxx12_Project/component/serial_manager" -I"/Users/martinamaspero/Desktop/micros_ANDA/workspace/MK64FN1M0xxx12_Project/component/lists" -O0 -fno-common -g3 -Wall -c -ffunction-sections -fdata-sections -ffreestanding -fno-builtin -fmerge-constants -fmacro-prefix-map="../source/"=. -mcpu=cortex-m4 -mfpu=fpv4-sp-d16 -mfloat-abi=hard -mthumb -D__REDLIB__ -fstack-usage -specs=redlib.specs -MMD -MP -MF"source/o2.d" -MT"source/o2.o" -MT"source/o2.d" -o "source/o2.o" "../source/o2.c"
Finished building: ../source/o2.c
 
Building file: ../source/pit.c
Invoking: MCU C Compiler
arm-none-eabi-gcc -D__REDLIB__ -DCPU_MK64FN1M0VLL12 -DCPU_MK64FN1M0VLL12_cm4 -DFSL_RTOS_BM -DSDK_OS_BAREMETAL -DSERIAL_PORT_TYPE_UART=1 -DSDK_DEBUGCONSOLE=0 -DCR_INTEGER_PRINTF -DPRINTF_FLOAT_ENABLE=0 -D__MCUXPRESSO -D__USE_CMSIS -DDEBUG -I"/Users/martinamaspero/Desktop/micros_ANDA/workspace/MK64FN1M0xxx12_Project/board" -I"/Users/martinamaspero/Desktop/micros_ANDA/workspace/MK64FN1M0xxx12_Project/source" -I"/Users/martinamaspero/Desktop/micros_ANDA/workspace/MK64FN1M0xxx12_Project" -I"/Users/martinamaspero/Desktop/micros_ANDA/workspace/MK64FN1M0xxx12_Project/drivers" -I"/Users/martinamaspero/Desktop/micros_ANDA/workspace/MK64FN1M0xxx12_Project/device" -I"/Users/martinamaspero/Desktop/micros_ANDA/workspace/MK64FN1M0xxx12_Project/CMSIS" -I"/Users/martinamaspero/Desktop/micros_ANDA/workspace/MK64FN1M0xxx12_Project/component/uart" -I"/Users/martinamaspero/Desktop/micros_ANDA/workspace/MK64FN1M0xxx12_Project/utilities" -I"/Users/martinamaspero/Desktop/micros_ANDA/workspace/MK64FN1M0xxx12_Project/component/serial_manager" -I"/Users/martinamaspero/Desktop/micros_ANDA/workspace/MK64FN1M0xxx12_Project/component/lists" -O0 -fno-common -g3 -Wall -c -ffunction-sections -fdata-sections -ffreestanding -fno-builtin -fmerge-constants -fmacro-prefix-map="../source/"=. -mcpu=cortex-m4 -mfpu=fpv4-sp-d16 -mfloat-abi=hard -mthumb -D__REDLIB__ -fstack-usage -specs=redlib.specs -MMD -MP -MF"source/pit.d" -MT"source/pit.o" -MT"source/pit.d" -o "source/pit.o" "../source/pit.c"
Finished building: ../source/gpio.c
 
Building file: ../source/semihost_hardfault.c
Invoking: MCU C Compiler
arm-none-eabi-gcc -D__REDLIB__ -DCPU_MK64FN1M0VLL12 -DCPU_MK64FN1M0VLL12_cm4 -DFSL_RTOS_BM -DSDK_OS_BAREMETAL -DSERIAL_PORT_TYPE_UART=1 -DSDK_DEBUGCONSOLE=0 -DCR_INTEGER_PRINTF -DPRINTF_FLOAT_ENABLE=0 -D__MCUXPRESSO -D__USE_CMSIS -DDEBUG -I"/Users/martinamaspero/Desktop/micros_ANDA/workspace/MK64FN1M0xxx12_Project/board" -I"/Users/martinamaspero/Desktop/micros_ANDA/workspace/MK64FN1M0xxx12_Project/source" -I"/Users/martinamaspero/Desktop/micros_ANDA/workspace/MK64FN1M0xxx12_Project" -I"/Users/martinamaspero/Desktop/micros_ANDA/workspace/MK64FN1M0xxx12_Project/drivers" -I"/Users/martinamaspero/Desktop/micros_ANDA/workspace/MK64FN1M0xxx12_Project/device" -I"/Users/martinamaspero/Desktop/micros_ANDA/workspace/MK64FN1M0xxx12_Project/CMSIS" -I"/Users/martinamaspero/Desktop/micros_ANDA/workspace/MK64FN1M0xxx12_Project/component/uart" -I"/Users/martinamaspero/Desktop/micros_ANDA/workspace/MK64FN1M0xxx12_Project/utilities" -I"/Users/martinamaspero/Desktop/micros_ANDA/workspace/MK64FN1M0xxx12_Project/component/serial_manager" -I"/Users/martinamaspero/Desktop/micros_ANDA/workspace/MK64FN1M0xxx12_Project/component/lists" -O0 -fno-common -g3 -Wall -c -ffunction-sections -fdata-sections -ffreestanding -fno-builtin -fmerge-constants -fmacro-prefix-map="../source/"=. -mcpu=cortex-m4 -mfpu=fpv4-sp-d16 -mfloat-abi=hard -mthumb -D__REDLIB__ -fstack-usage -specs=redlib.specs -MMD -MP -MF"source/semihost_hardfault.d" -MT"source/semihost_hardfault.o" -MT"source/semihost_hardfault.d" -o "source/semihost_hardfault.o" "../source/semihost_hardfault.c"
Finished building: ../source/semihost_hardfault.c
 
Building file: ../source/sensores.c
Invoking: MCU C Compiler
arm-none-eabi-gcc -D__REDLIB__ -DCPU_MK64FN1M0VLL12 -DCPU_MK64FN1M0VLL12_cm4 -DFSL_RTOS_BM -DSDK_OS_BAREMETAL -DSERIAL_PORT_TYPE_UART=1 -DSDK_DEBUGCONSOLE=0 -DCR_INTEGER_PRINTF -DPRINTF_FLOAT_ENABLE=0 -D__MCUXPRESSO -D__USE_CMSIS -DDEBUG -I"/Users/martinamaspero/Desktop/micros_ANDA/workspace/MK64FN1M0xxx12_Project/board" -I"/Users/martinamaspero/Desktop/micros_ANDA/workspace/MK64FN1M0xxx12_Project/source" -I"/Users/martinamaspero/Desktop/micros_ANDA/workspace/MK64FN1M0xxx12_Project" -I"/Users/martinamaspero/Desktop/micros_ANDA/workspace/MK64FN1M0xxx12_Project/drivers" -I"/Users/martinamaspero/Desktop/micros_ANDA/workspace/MK64FN1M0xxx12_Project/device" -I"/Users/martinamaspero/Desktop/micros_ANDA/workspace/MK64FN1M0xxx12_Project/CMSIS" -I"/Users/martinamaspero/Desktop/micros_ANDA/workspace/MK64FN1M0xxx12_Project/component/uart" -I"/Users/martinamaspero/Desktop/micros_ANDA/workspace/MK64FN1M0xxx12_Project/utilities" -I"/Users/martinamaspero/Desktop/micros_ANDA/workspace/MK64FN1M0xxx12_Project/component/serial_manager" -I"/Users/martinamaspero/Desktop/micros_ANDA/workspace/MK64FN1M0xxx12_Project/component/lists" -O0 -fno-common -g3 -Wall -c -ffunction-sections -fdata-sections -ffreestanding -fno-builtin -fmerge-constants -fmacro-prefix-map="../source/"=. -mcpu=cortex-m4 -mfpu=fpv4-sp-d16 -mfloat-abi=hard -mthumb -D__REDLIB__ -fstack-usage -specs=redlib.specs -MMD -MP -MF"source/sensores.d" -MT"source/sensores.o" -MT"source/sensores.d" -o "source/sensores.o" "../source/sensores.c"
Finished building: ../source/i2c_config.c
 
Building file: ../drivers/fsl_adc16.c
Invoking: MCU C Compiler
arm-none-eabi-gcc -D__REDLIB__ -DCPU_MK64FN1M0VLL12 -DCPU_MK64FN1M0VLL12_cm4 -DFSL_RTOS_BM -DSDK_OS_BAREMETAL -DSERIAL_PORT_TYPE_UART=1 -DSDK_DEBUGCONSOLE=0 -DCR_INTEGER_PRINTF -DPRINTF_FLOAT_ENABLE=0 -D__MCUXPRESSO -D__USE_CMSIS -DDEBUG -I"/Users/martinamaspero/Desktop/micros_ANDA/workspace/MK64FN1M0xxx12_Project/board" -I"/Users/martinamaspero/Desktop/micros_ANDA/workspace/MK64FN1M0xxx12_Project/source" -I"/Users/martinamaspero/Desktop/micros_ANDA/workspace/MK64FN1M0xxx12_Project" -I"/Users/martinamaspero/Desktop/micros_ANDA/workspace/MK64FN1M0xxx12_Project/drivers" -I"/Users/martinamaspero/Desktop/micros_ANDA/workspace/MK64FN1M0xxx12_Project/device" -I"/Users/martinamaspero/Desktop/micros_ANDA/workspace/MK64FN1M0xxx12_Project/CMSIS" -I"/Users/martinamaspero/Desktop/micros_ANDA/workspace/MK64FN1M0xxx12_Project/component/uart" -I"/Users/martinamaspero/Desktop/micros_ANDA/workspace/MK64FN1M0xxx12_Project/utilities" -I"/Users/martinamaspero/Desktop/micros_ANDA/workspace/MK64FN1M0xxx12_Project/component/serial_manager" -I"/Users/martinamaspero/Desktop/micros_ANDA/workspace/MK64FN1M0xxx12_Project/component/lists" -O0 -fno-common -g3 -Wall -c -ffunction-sections -fdata-sections -ffreestanding -fno-builtin -fmerge-constants -fmacro-prefix-map="../drivers/"=. -mcpu=cortex-m4 -mfpu=fpv4-sp-d16 -mfloat-abi=hard -mthumb -D__REDLIB__ -fstack-usage -specs=redlib.specs -MMD -MP -MF"drivers/fsl_adc16.d" -MT"drivers/fsl_adc16.o" -MT"drivers/fsl_adc16.d" -o "drivers/fsl_adc16.o" "../drivers/fsl_adc16.c"
Finished building: ../source/pit.c
 
Building file: ../drivers/fsl_clock.c
Invoking: MCU C Compiler
arm-none-eabi-gcc -D__REDLIB__ -DCPU_MK64FN1M0VLL12 -DCPU_MK64FN1M0VLL12_cm4 -DFSL_RTOS_BM -DSDK_OS_BAREMETAL -DSERIAL_PORT_TYPE_UART=1 -DSDK_DEBUGCONSOLE=0 -DCR_INTEGER_PRINTF -DPRINTF_FLOAT_ENABLE=0 -D__MCUXPRESSO -D__USE_CMSIS -DDEBUG -I"/Users/martinamaspero/Desktop/micros_ANDA/workspace/MK64FN1M0xxx12_Project/board" -I"/Users/martinamaspero/Desktop/micros_ANDA/workspace/MK64FN1M0xxx12_Project/source" -I"/Users/martinamaspero/Desktop/micros_ANDA/workspace/MK64FN1M0xxx12_Project" -I"/Users/martinamaspero/Desktop/micros_ANDA/workspace/MK64FN1M0xxx12_Project/drivers" -I"/Users/martinamaspero/Desktop/micros_ANDA/workspace/MK64FN1M0xxx12_Project/device" -I"/Users/martinamaspero/Desktop/micros_ANDA/workspace/MK64FN1M0xxx12_Project/CMSIS" -I"/Users/martinamaspero/Desktop/micros_ANDA/workspace/MK64FN1M0xxx12_Project/component/uart" -I"/Users/martinamaspero/Desktop/micros_ANDA/workspace/MK64FN1M0xxx12_Project/utilities" -I"/Users/martinamaspero/Desktop/micros_ANDA/workspace/MK64FN1M0xxx12_Project/component/serial_manager" -I"/Users/martinamaspero/Desktop/micros_ANDA/workspace/MK64FN1M0xxx12_Project/component/lists" -O0 -fno-common -g3 -Wall -c -ffunction-sections -fdata-sections -ffreestanding -fno-builtin -fmerge-constants -fmacro-prefix-map="../drivers/"=. -mcpu=cortex-m4 -mfpu=fpv4-sp-d16 -mfloat-abi=hard -mthumb -D__REDLIB__ -fstack-usage -specs=redlib.specs -MMD -MP -MF"drivers/fsl_clock.d" -MT"drivers/fsl_clock.o" -MT"drivers/fsl_clock.d" -o "drivers/fsl_clock.o" "../drivers/fsl_clock.c"
Finished building: ../source/sensores.c
 
Building file: ../drivers/fsl_common.c
Invoking: MCU C Compiler
arm-none-eabi-gcc -D__REDLIB__ -DCPU_MK64FN1M0VLL12 -DCPU_MK64FN1M0VLL12_cm4 -DFSL_RTOS_BM -DSDK_OS_BAREMETAL -DSERIAL_PORT_TYPE_UART=1 -DSDK_DEBUGCONSOLE=0 -DCR_INTEGER_PRINTF -DPRINTF_FLOAT_ENABLE=0 -D__MCUXPRESSO -D__USE_CMSIS -DDEBUG -I"/Users/martinamaspero/Desktop/micros_ANDA/workspace/MK64FN1M0xxx12_Project/board" -I"/Users/martinamaspero/Desktop/micros_ANDA/workspace/MK64FN1M0xxx12_Project/source" -I"/Users/martinamaspero/Desktop/micros_ANDA/workspace/MK64FN1M0xxx12_Project" -I"/Users/martinamaspero/Desktop/micros_ANDA/workspace/MK64FN1M0xxx12_Project/drivers" -I"/Users/martinamaspero/Desktop/micros_ANDA/workspace/MK64FN1M0xxx12_Project/device" -I"/Users/martinamaspero/Desktop/micros_ANDA/workspace/MK64FN1M0xxx12_Project/CMSIS" -I"/Users/martinamaspero/Desktop/micros_ANDA/workspace/MK64FN1M0xxx12_Project/component/uart" -I"/Users/martinamaspero/Desktop/micros_ANDA/workspace/MK64FN1M0xxx12_Project/utilities" -I"/Users/martinamaspero/Desktop/micros_ANDA/workspace/MK64FN1M0xxx12_Project/component/serial_manager" -I"/Users/martinamaspero/Desktop/micros_ANDA/workspace/MK64FN1M0xxx12_Project/component/lists" -O0 -fno-common -g3 -Wall -c -ffunction-sections -fdata-sections -ffreestanding -fno-builtin -fmerge-constants -fmacro-prefix-map="../drivers/"=. -mcpu=cortex-m4 -mfpu=fpv4-sp-d16 -mfloat-abi=hard -mthumb -D__REDLIB__ -fstack-usage -specs=redlib.specs -MMD -MP -MF"drivers/fsl_common.d" -MT"drivers/fsl_common.o" -MT"drivers/fsl_common.d" -o "drivers/fsl_common.o" "../drivers/fsl_common.c"
Finished building: ../drivers/fsl_adc16.c
 
Building file: ../drivers/fsl_gpio.c
Invoking: MCU C Compiler
arm-none-eabi-gcc -D__REDLIB__ -DCPU_MK64FN1M0VLL12 -DCPU_MK64FN1M0VLL12_cm4 -DFSL_RTOS_BM -DSDK_OS_BAREMETAL -DSERIAL_PORT_TYPE_UART=1 -DSDK_DEBUGCONSOLE=0 -DCR_INTEGER_PRINTF -DPRINTF_FLOAT_ENABLE=0 -D__MCUXPRESSO -D__USE_CMSIS -DDEBUG -I"/Users/martinamaspero/Desktop/micros_ANDA/workspace/MK64FN1M0xxx12_Project/board" -I"/Users/martinamaspero/Desktop/micros_ANDA/workspace/MK64FN1M0xxx12_Project/source" -I"/Users/martinamaspero/Desktop/micros_ANDA/workspace/MK64FN1M0xxx12_Project" -I"/Users/martinamaspero/Desktop/micros_ANDA/workspace/MK64FN1M0xxx12_Project/drivers" -I"/Users/martinamaspero/Desktop/micros_ANDA/workspace/MK64FN1M0xxx12_Project/device" -I"/Users/martinamaspero/Desktop/micros_ANDA/workspace/MK64FN1M0xxx12_Project/CMSIS" -I"/Users/martinamaspero/Desktop/micros_ANDA/workspace/MK64FN1M0xxx12_Project/component/uart" -I"/Users/martinamaspero/Desktop/micros_ANDA/workspace/MK64FN1M0xxx12_Project/utilities" -I"/Users/martinamaspero/Desktop/micros_ANDA/workspace/MK64FN1M0xxx12_Project/component/serial_manager" -I"/Users/martinamaspero/Desktop/micros_ANDA/workspace/MK64FN1M0xxx12_Project/component/lists" -O0 -fno-common -g3 -Wall -c -ffunction-sections -fdata-sections -ffreestanding -fno-builtin -fmerge-constants -fmacro-prefix-map="../drivers/"=. -mcpu=cortex-m4 -mfpu=fpv4-sp-d16 -mfloat-abi=hard -mthumb -D__REDLIB__ -fstack-usage -specs=redlib.specs -MMD -MP -MF"drivers/fsl_gpio.d" -MT"drivers/fsl_gpio.o" -MT"drivers/fsl_gpio.d" -o "drivers/fsl_gpio.o" "../drivers/fsl_gpio.c"
Finished building: ../drivers/fsl_common.c
 
Building file: ../drivers/fsl_i2c.c
Invoking: MCU C Compiler
arm-none-eabi-gcc -D__REDLIB__ -DCPU_MK64FN1M0VLL12 -DCPU_MK64FN1M0VLL12_cm4 -DFSL_RTOS_BM -DSDK_OS_BAREMETAL -DSERIAL_PORT_TYPE_UART=1 -DSDK_DEBUGCONSOLE=0 -DCR_INTEGER_PRINTF -DPRINTF_FLOAT_ENABLE=0 -D__MCUXPRESSO -D__USE_CMSIS -DDEBUG -I"/Users/martinamaspero/Desktop/micros_ANDA/workspace/MK64FN1M0xxx12_Project/board" -I"/Users/martinamaspero/Desktop/micros_ANDA/workspace/MK64FN1M0xxx12_Project/source" -I"/Users/martinamaspero/Desktop/micros_ANDA/workspace/MK64FN1M0xxx12_Project" -I"/Users/martinamaspero/Desktop/micros_ANDA/workspace/MK64FN1M0xxx12_Project/drivers" -I"/Users/martinamaspero/Desktop/micros_ANDA/workspace/MK64FN1M0xxx12_Project/device" -I"/Users/martinamaspero/Desktop/micros_ANDA/workspace/MK64FN1M0xxx12_Project/CMSIS" -I"/Users/martinamaspero/Desktop/micros_ANDA/workspace/MK64FN1M0xxx12_Project/component/uart" -I"/Users/martinamaspero/Desktop/micros_ANDA/workspace/MK64FN1M0xxx12_Project/utilities" -I"/Users/martinamaspero/Desktop/micros_ANDA/workspace/MK64FN1M0xxx12_Project/component/serial_manager" -I"/Users/martinamaspero/Desktop/micros_ANDA/workspace/MK64FN1M0xxx12_Project/component/lists" -O0 -fno-common -g3 -Wall -c -ffunction-sections -fdata-sections -ffreestanding -fno-builtin -fmerge-constants -fmacro-prefix-map="../drivers/"=. -mcpu=cortex-m4 -mfpu=fpv4-sp-d16 -mfloat-abi=hard -mthumb -D__REDLIB__ -fstack-usage -specs=redlib.specs -MMD -MP -MF"drivers/fsl_i2c.d" -MT"drivers/fsl_i2c.o" -MT"drivers/fsl_i2c.d" -o "drivers/fsl_i2c.o" "../drivers/fsl_i2c.c"
Finished building: ../drivers/fsl_clock.c
 
Building file: ../drivers/fsl_pit.c
Invoking: MCU C Compiler
arm-none-eabi-gcc -D__REDLIB__ -DCPU_MK64FN1M0VLL12 -DCPU_MK64FN1M0VLL12_cm4 -DFSL_RTOS_BM -DSDK_OS_BAREMETAL -DSERIAL_PORT_TYPE_UART=1 -DSDK_DEBUGCONSOLE=0 -DCR_INTEGER_PRINTF -DPRINTF_FLOAT_ENABLE=0 -D__MCUXPRESSO -D__USE_CMSIS -DDEBUG -I"/Users/martinamaspero/Desktop/micros_ANDA/workspace/MK64FN1M0xxx12_Project/board" -I"/Users/martinamaspero/Desktop/micros_ANDA/workspace/MK64FN1M0xxx12_Project/source" -I"/Users/martinamaspero/Desktop/micros_ANDA/workspace/MK64FN1M0xxx12_Project" -I"/Users/martinamaspero/Desktop/micros_ANDA/workspace/MK64FN1M0xxx12_Project/drivers" -I"/Users/martinamaspero/Desktop/micros_ANDA/workspace/MK64FN1M0xxx12_Project/device" -I"/Users/martinamaspero/Desktop/micros_ANDA/workspace/MK64FN1M0xxx12_Project/CMSIS" -I"/Users/martinamaspero/Desktop/micros_ANDA/workspace/MK64FN1M0xxx12_Project/component/uart" -I"/Users/martinamaspero/Desktop/micros_ANDA/workspace/MK64FN1M0xxx12_Project/utilities" -I"/Users/martinamaspero/Desktop/micros_ANDA/workspace/MK64FN1M0xxx12_Project/component/serial_manager" -I"/Users/martinamaspero/Desktop/micros_ANDA/workspace/MK64FN1M0xxx12_Project/component/lists" -O0 -fno-common -g3 -Wall -c -ffunction-sections -fdata-sections -ffreestanding -fno-builtin -fmerge-constants -fmacro-prefix-map="../drivers/"=. -mcpu=cortex-m4 -mfpu=fpv4-sp-d16 -mfloat-abi=hard -mthumb -D__REDLIB__ -fstack-usage -specs=redlib.specs -MMD -MP -MF"drivers/fsl_pit.d" -MT"drivers/fsl_pit.o" -MT"drivers/fsl_pit.d" -o "drivers/fsl_pit.o" "../drivers/fsl_pit.c"
Finished building: ../drivers/fsl_gpio.c
 
Building file: ../drivers/fsl_smc.c
Invoking: MCU C Compiler
arm-none-eabi-gcc -D__REDLIB__ -DCPU_MK64FN1M0VLL12 -DCPU_MK64FN1M0VLL12_cm4 -DFSL_RTOS_BM -DSDK_OS_BAREMETAL -DSERIAL_PORT_TYPE_UART=1 -DSDK_DEBUGCONSOLE=0 -DCR_INTEGER_PRINTF -DPRINTF_FLOAT_ENABLE=0 -D__MCUXPRESSO -D__USE_CMSIS -DDEBUG -I"/Users/martinamaspero/Desktop/micros_ANDA/workspace/MK64FN1M0xxx12_Project/board" -I"/Users/martinamaspero/Desktop/micros_ANDA/workspace/MK64FN1M0xxx12_Project/source" -I"/Users/martinamaspero/Desktop/micros_ANDA/workspace/MK64FN1M0xxx12_Project" -I"/Users/martinamaspero/Desktop/micros_ANDA/workspace/MK64FN1M0xxx12_Project/drivers" -I"/Users/martinamaspero/Desktop/micros_ANDA/workspace/MK64FN1M0xxx12_Project/device" -I"/Users/martinamaspero/Desktop/micros_ANDA/workspace/MK64FN1M0xxx12_Project/CMSIS" -I"/Users/martinamaspero/Desktop/micros_ANDA/workspace/MK64FN1M0xxx12_Project/component/uart" -I"/Users/martinamaspero/Desktop/micros_ANDA/workspace/MK64FN1M0xxx12_Project/utilities" -I"/Users/martinamaspero/Desktop/micros_ANDA/workspace/MK64FN1M0xxx12_Project/component/serial_manager" -I"/Users/martinamaspero/Desktop/micros_ANDA/workspace/MK64FN1M0xxx12_Project/component/lists" -O0 -fno-common -g3 -Wall -c -ffunction-sections -fdata-sections -ffreestanding -fno-builtin -fmerge-constants -fmacro-prefix-map="../drivers/"=. -mcpu=cortex-m4 -mfpu=fpv4-sp-d16 -mfloat-abi=hard -mthumb -D__REDLIB__ -fstack-usage -specs=redlib.specs -MMD -MP -MF"drivers/fsl_smc.d" -MT"drivers/fsl_smc.o" -MT"drivers/fsl_smc.d" -o "drivers/fsl_smc.o" "../drivers/fsl_smc.c"
Finished building: ../drivers/fsl_pit.c
 
Building file: ../drivers/fsl_uart.c
Invoking: MCU C Compiler
arm-none-eabi-gcc -D__REDLIB__ -DCPU_MK64FN1M0VLL12 -DCPU_MK64FN1M0VLL12_cm4 -DFSL_RTOS_BM -DSDK_OS_BAREMETAL -DSERIAL_PORT_TYPE_UART=1 -DSDK_DEBUGCONSOLE=0 -DCR_INTEGER_PRINTF -DPRINTF_FLOAT_ENABLE=0 -D__MCUXPRESSO -D__USE_CMSIS -DDEBUG -I"/Users/martinamaspero/Desktop/micros_ANDA/workspace/MK64FN1M0xxx12_Project/board" -I"/Users/martinamaspero/Desktop/micros_ANDA/workspace/MK64FN1M0xxx12_Project/source" -I"/Users/martinamaspero/Desktop/micros_ANDA/workspace/MK64FN1M0xxx12_Project" -I"/Users/martinamaspero/Desktop/micros_ANDA/workspace/MK64FN1M0xxx12_Project/drivers" -I"/Users/martinamaspero/Desktop/micros_ANDA/workspace/MK64FN1M0xxx12_Project/device" -I"/Users/martinamaspero/Desktop/micros_ANDA/workspace/MK64FN1M0xxx12_Project/CMSIS" -I"/Users/martinamaspero/Desktop/micros_ANDA/workspace/MK64FN1M0xxx12_Project/component/uart" -I"/Users/martinamaspero/Desktop/micros_ANDA/workspace/MK64FN1M0xxx12_Project/utilities" -I"/Users/martinamaspero/Desktop/micros_ANDA/workspace/MK64FN1M0xxx12_Project/component/serial_manager" -I"/Users/martinamaspero/Desktop/micros_ANDA/workspace/MK64FN1M0xxx12_Project/component/lists" -O0 -fno-common -g3 -Wall -c -ffunction-sections -fdata-sections -ffreestanding -fno-builtin -fmerge-constants -fmacro-prefix-map="../drivers/"=. -mcpu=cortex-m4 -mfpu=fpv4-sp-d16 -mfloat-abi=hard -mthumb -D__REDLIB__ -fstack-usage -specs=redlib.specs -MMD -MP -MF"drivers/fsl_uart.d" -MT"drivers/fsl_uart.o" -MT"drivers/fsl_uart.d" -o "drivers/fsl_uart.o" "../drivers/fsl_uart.c"
Finished building: ../drivers/fsl_smc.c
 
Building file: ../device/system_MK64F12.c
Invoking: MCU C Compiler
arm-none-eabi-gcc -D__REDLIB__ -DCPU_MK64FN1M0VLL12 -DCPU_MK64FN1M0VLL12_cm4 -DFSL_RTOS_BM -DSDK_OS_BAREMETAL -DSERIAL_PORT_TYPE_UART=1 -DSDK_DEBUGCONSOLE=0 -DCR_INTEGER_PRINTF -DPRINTF_FLOAT_ENABLE=0 -D__MCUXPRESSO -D__USE_CMSIS -DDEBUG -I"/Users/martinamaspero/Desktop/micros_ANDA/workspace/MK64FN1M0xxx12_Project/board" -I"/Users/martinamaspero/Desktop/micros_ANDA/workspace/MK64FN1M0xxx12_Project/source" -I"/Users/martinamaspero/Desktop/micros_ANDA/workspace/MK64FN1M0xxx12_Project" -I"/Users/martinamaspero/Desktop/micros_ANDA/workspace/MK64FN1M0xxx12_Project/drivers" -I"/Users/martinamaspero/Desktop/micros_ANDA/workspace/MK64FN1M0xxx12_Project/device" -I"/Users/martinamaspero/Desktop/micros_ANDA/workspace/MK64FN1M0xxx12_Project/CMSIS" -I"/Users/martinamaspero/Desktop/micros_ANDA/workspace/MK64FN1M0xxx12_Project/component/uart" -I"/Users/martinamaspero/Desktop/micros_ANDA/workspace/MK64FN1M0xxx12_Project/utilities" -I"/Users/martinamaspero/Desktop/micros_ANDA/workspace/MK64FN1M0xxx12_Project/component/serial_manager" -I"/Users/martinamaspero/Desktop/micros_ANDA/workspace/MK64FN1M0xxx12_Project/component/lists" -O0 -fno-common -g3 -Wall -c -ffunction-sections -fdata-sections -ffreestanding -fno-builtin -fmerge-constants -fmacro-prefix-map="../device/"=. -mcpu=cortex-m4 -mfpu=fpv4-sp-d16 -mfloat-abi=hard -mthumb -D__REDLIB__ -fstack-usage -specs=redlib.specs -MMD -MP -MF"device/system_MK64F12.d" -MT"device/system_MK64F12.o" -MT"device/system_MK64F12.d" -o "device/system_MK64F12.o" "../device/system_MK64F12.c"
Finished building: ../drivers/fsl_i2c.c
 
Building file: ../component/uart/uart_adapter.c
Invoking: MCU C Compiler
arm-none-eabi-gcc -D__REDLIB__ -DCPU_MK64FN1M0VLL12 -DCPU_MK64FN1M0VLL12_cm4 -DFSL_RTOS_BM -DSDK_OS_BAREMETAL -DSERIAL_PORT_TYPE_UART=1 -DSDK_DEBUGCONSOLE=0 -DCR_INTEGER_PRINTF -DPRINTF_FLOAT_ENABLE=0 -D__MCUXPRESSO -D__USE_CMSIS -DDEBUG -I"/Users/martinamaspero/Desktop/micros_ANDA/workspace/MK64FN1M0xxx12_Project/board" -I"/Users/martinamaspero/Desktop/micros_ANDA/workspace/MK64FN1M0xxx12_Project/source" -I"/Users/martinamaspero/Desktop/micros_ANDA/workspace/MK64FN1M0xxx12_Project" -I"/Users/martinamaspero/Desktop/micros_ANDA/workspace/MK64FN1M0xxx12_Project/drivers" -I"/Users/martinamaspero/Desktop/micros_ANDA/workspace/MK64FN1M0xxx12_Project/device" -I"/Users/martinamaspero/Desktop/micros_ANDA/workspace/MK64FN1M0xxx12_Project/CMSIS" -I"/Users/martinamaspero/Desktop/micros_ANDA/workspace/MK64FN1M0xxx12_Project/component/uart" -I"/Users/martinamaspero/Desktop/micros_ANDA/workspace/MK64FN1M0xxx12_Project/utilities" -I"/Users/martinamaspero/Desktop/micros_ANDA/workspace/MK64FN1M0xxx12_Project/component/serial_manager" -I"/Users/martinamaspero/Desktop/micros_ANDA/workspace/MK64FN1M0xxx12_Project/component/lists" -O0 -fno-common -g3 -Wall -c -ffunction-sections -fdata-sections -ffreestanding -fno-builtin -fmerge-constants -fmacro-prefix-map="../component/uart/"=. -mcpu=cortex-m4 -mfpu=fpv4-sp-d16 -mfloat-abi=hard -mthumb -D__REDLIB__ -fstack-usage -specs=redlib.specs -MMD -MP -MF"component/uart/uart_adapter.d" -MT"component/uart/uart_adapter.o" -MT"component/uart/uart_adapter.d" -o "component/uart/uart_adapter.o" "../component/uart/uart_adapter.c"
Finished building: ../device/system_MK64F12.c
 
Building file: ../component/serial_manager/serial_manager.c
Invoking: MCU C Compiler
arm-none-eabi-gcc -D__REDLIB__ -DCPU_MK64FN1M0VLL12 -DCPU_MK64FN1M0VLL12_cm4 -DFSL_RTOS_BM -DSDK_OS_BAREMETAL -DSERIAL_PORT_TYPE_UART=1 -DSDK_DEBUGCONSOLE=0 -DCR_INTEGER_PRINTF -DPRINTF_FLOAT_ENABLE=0 -D__MCUXPRESSO -D__USE_CMSIS -DDEBUG -I"/Users/martinamaspero/Desktop/micros_ANDA/workspace/MK64FN1M0xxx12_Project/board" -I"/Users/martinamaspero/Desktop/micros_ANDA/workspace/MK64FN1M0xxx12_Project/source" -I"/Users/martinamaspero/Desktop/micros_ANDA/workspace/MK64FN1M0xxx12_Project" -I"/Users/martinamaspero/Desktop/micros_ANDA/workspace/MK64FN1M0xxx12_Project/drivers" -I"/Users/martinamaspero/Desktop/micros_ANDA/workspace/MK64FN1M0xxx12_Project/device" -I"/Users/martinamaspero/Desktop/micros_ANDA/workspace/MK64FN1M0xxx12_Project/CMSIS" -I"/Users/martinamaspero/Desktop/micros_ANDA/workspace/MK64FN1M0xxx12_Project/component/uart" -I"/Users/martinamaspero/Desktop/micros_ANDA/workspace/MK64FN1M0xxx12_Project/utilities" -I"/Users/martinamaspero/Desktop/micros_ANDA/workspace/MK64FN1M0xxx12_Project/component/serial_manager" -I"/Users/martinamaspero/Desktop/micros_ANDA/workspace/MK64FN1M0xxx12_Project/component/lists" -O0 -fno-common -g3 -Wall -c -ffunction-sections -fdata-sections -ffreestanding -fno-builtin -fmerge-constants -fmacro-prefix-map="../component/serial_manager/"=. -mcpu=cortex-m4 -mfpu=fpv4-sp-d16 -mfloat-abi=hard -mthumb -D__REDLIB__ -fstack-usage -specs=redlib.specs -MMD -MP -MF"component/serial_manager/serial_manager.d" -MT"component/serial_manager/serial_manager.o" -MT"component/serial_manager/serial_manager.d" -o "component/serial_manager/serial_manager.o" "../component/serial_manager/serial_manager.c"
Finished building: ../component/uart/uart_adapter.c
 
Building file: ../component/serial_manager/serial_port_uart.c
Invoking: MCU C Compiler
arm-none-eabi-gcc -D__REDLIB__ -DCPU_MK64FN1M0VLL12 -DCPU_MK64FN1M0VLL12_cm4 -DFSL_RTOS_BM -DSDK_OS_BAREMETAL -DSERIAL_PORT_TYPE_UART=1 -DSDK_DEBUGCONSOLE=0 -DCR_INTEGER_PRINTF -DPRINTF_FLOAT_ENABLE=0 -D__MCUXPRESSO -D__USE_CMSIS -DDEBUG -I"/Users/martinamaspero/Desktop/micros_ANDA/workspace/MK64FN1M0xxx12_Project/board" -I"/Users/martinamaspero/Desktop/micros_ANDA/workspace/MK64FN1M0xxx12_Project/source" -I"/Users/martinamaspero/Desktop/micros_ANDA/workspace/MK64FN1M0xxx12_Project" -I"/Users/martinamaspero/Desktop/micros_ANDA/workspace/MK64FN1M0xxx12_Project/drivers" -I"/Users/martinamaspero/Desktop/micros_ANDA/workspace/MK64FN1M0xxx12_Project/device" -I"/Users/martinamaspero/Desktop/micros_ANDA/workspace/MK64FN1M0xxx12_Project/CMSIS" -I"/Users/martinamaspero/Desktop/micros_ANDA/workspace/MK64FN1M0xxx12_Project/component/uart" -I"/Users/martinamaspero/Desktop/micros_ANDA/workspace/MK64FN1M0xxx12_Project/utilities" -I"/Users/martinamaspero/Desktop/micros_ANDA/workspace/MK64FN1M0xxx12_Project/component/serial_manager" -I"/Users/martinamaspero/Desktop/micros_ANDA/workspace/MK64FN1M0xxx12_Project/component/lists" -O0 -fno-common -g3 -Wall -c -ffunction-sections -fdata-sections -ffreestanding -fno-builtin -fmerge-constants -fmacro-prefix-map="../component/serial_manager/"=. -mcpu=cortex-m4 -mfpu=fpv4-sp-d16 -mfloat-abi=hard -mthumb -D__REDLIB__ -fstack-usage -specs=redlib.specs -MMD -MP -MF"component/serial_manager/serial_port_uart.d" -MT"component/serial_manager/serial_port_uart.o" -MT"component/serial_manager/serial_port_uart.d" -o "component/serial_manager/serial_port_uart.o" "../component/serial_manager/serial_port_uart.c"
Finished building: ../drivers/fsl_uart.c
 
Building file: ../component/lists/generic_list.c
Invoking: MCU C Compiler
arm-none-eabi-gcc -D__REDLIB__ -DCPU_MK64FN1M0VLL12 -DCPU_MK64FN1M0VLL12_cm4 -DFSL_RTOS_BM -DSDK_OS_BAREMETAL -DSERIAL_PORT_TYPE_UART=1 -DSDK_DEBUGCONSOLE=0 -DCR_INTEGER_PRINTF -DPRINTF_FLOAT_ENABLE=0 -D__MCUXPRESSO -D__USE_CMSIS -DDEBUG -I"/Users/martinamaspero/Desktop/micros_ANDA/workspace/MK64FN1M0xxx12_Project/board" -I"/Users/martinamaspero/Desktop/micros_ANDA/workspace/MK64FN1M0xxx12_Project/source" -I"/Users/martinamaspero/Desktop/micros_ANDA/workspace/MK64FN1M0xxx12_Project" -I"/Users/martinamaspero/Desktop/micros_ANDA/workspace/MK64FN1M0xxx12_Project/drivers" -I"/Users/martinamaspero/Desktop/micros_ANDA/workspace/MK64FN1M0xxx12_Project/device" -I"/Users/martinamaspero/Desktop/micros_ANDA/workspace/MK64FN1M0xxx12_Project/CMSIS" -I"/Users/martinamaspero/Desktop/micros_ANDA/workspace/MK64FN1M0xxx12_Project/component/uart" -I"/Users/martinamaspero/Desktop/micros_ANDA/workspace/MK64FN1M0xxx12_Project/utilities" -I"/Users/martinamaspero/Desktop/micros_ANDA/workspace/MK64FN1M0xxx12_Project/component/serial_manager" -I"/Users/martinamaspero/Desktop/micros_ANDA/workspace/MK64FN1M0xxx12_Project/component/lists" -O0 -fno-common -g3 -Wall -c -ffunction-sections -fdata-sections -ffreestanding -fno-builtin -fmerge-constants -fmacro-prefix-map="../component/lists/"=. -mcpu=cortex-m4 -mfpu=fpv4-sp-d16 -mfloat-abi=hard -mthumb -D__REDLIB__ -fstack-usage -specs=redlib.specs -MMD -MP -MF"component/lists/generic_list.d" -MT"component/lists/generic_list.o" -MT"component/lists/generic_list.d" -o "component/lists/generic_list.o" "../component/lists/generic_list.c"
Finished building: ../component/serial_manager/serial_manager.c
 
Building file: ../board/board.c
Invoking: MCU C Compiler
arm-none-eabi-gcc -D__REDLIB__ -DCPU_MK64FN1M0VLL12 -DCPU_MK64FN1M0VLL12_cm4 -DFSL_RTOS_BM -DSDK_OS_BAREMETAL -DSERIAL_PORT_TYPE_UART=1 -DSDK_DEBUGCONSOLE=0 -DCR_INTEGER_PRINTF -DPRINTF_FLOAT_ENABLE=0 -D__MCUXPRESSO -D__USE_CMSIS -DDEBUG -I"/Users/martinamaspero/Desktop/micros_ANDA/workspace/MK64FN1M0xxx12_Project/board" -I"/Users/martinamaspero/Desktop/micros_ANDA/workspace/MK64FN1M0xxx12_Project/source" -I"/Users/martinamaspero/Desktop/micros_ANDA/workspace/MK64FN1M0xxx12_Project" -I"/Users/martinamaspero/Desktop/micros_ANDA/workspace/MK64FN1M0xxx12_Project/drivers" -I"/Users/martinamaspero/Desktop/micros_ANDA/workspace/MK64FN1M0xxx12_Project/device" -I"/Users/martinamaspero/Desktop/micros_ANDA/workspace/MK64FN1M0xxx12_Project/CMSIS" -I"/Users/martinamaspero/Desktop/micros_ANDA/workspace/MK64FN1M0xxx12_Project/component/uart" -I"/Users/martinamaspero/Desktop/micros_ANDA/workspace/MK64FN1M0xxx12_Project/utilities" -I"/Users/martinamaspero/Desktop/micros_ANDA/workspace/MK64FN1M0xxx12_Project/component/serial_manager" -I"/Users/martinamaspero/Desktop/micros_ANDA/workspace/MK64FN1M0xxx12_Project/component/lists" -O0 -fno-common -g3 -Wall -c -ffunction-sections -fdata-sections -ffreestanding -fno-builtin -fmerge-constants -fmacro-prefix-map="../board/"=. -mcpu=cortex-m4 -mfpu=fpv4-sp-d16 -mfloat-abi=hard -mthumb -D__REDLIB__ -fstack-usage -specs=redlib.specs -MMD -MP -MF"board/board.d" -MT"board/board.o" -MT"board/board.d" -o "board/board.o" "../board/board.c"
Finished building: ../component/serial_manager/serial_port_uart.c
 
Building file: ../board/clock_config.c
Invoking: MCU C Compiler
arm-none-eabi-gcc -D__REDLIB__ -DCPU_MK64FN1M0VLL12 -DCPU_MK64FN1M0VLL12_cm4 -DFSL_RTOS_BM -DSDK_OS_BAREMETAL -DSERIAL_PORT_TYPE_UART=1 -DSDK_DEBUGCONSOLE=0 -DCR_INTEGER_PRINTF -DPRINTF_FLOAT_ENABLE=0 -D__MCUXPRESSO -D__USE_CMSIS -DDEBUG -I"/Users/martinamaspero/Desktop/micros_ANDA/workspace/MK64FN1M0xxx12_Project/board" -I"/Users/martinamaspero/Desktop/micros_ANDA/workspace/MK64FN1M0xxx12_Project/source" -I"/Users/martinamaspero/Desktop/micros_ANDA/workspace/MK64FN1M0xxx12_Project" -I"/Users/martinamaspero/Desktop/micros_ANDA/workspace/MK64FN1M0xxx12_Project/drivers" -I"/Users/martinamaspero/Desktop/micros_ANDA/workspace/MK64FN1M0xxx12_Project/device" -I"/Users/martinamaspero/Desktop/micros_ANDA/workspace/MK64FN1M0xxx12_Project/CMSIS" -I"/Users/martinamaspero/Desktop/micros_ANDA/workspace/MK64FN1M0xxx12_Project/component/uart" -I"/Users/martinamaspero/Desktop/micros_ANDA/workspace/MK64FN1M0xxx12_Project/utilities" -I"/Users/martinamaspero/Desktop/micros_ANDA/workspace/MK64FN1M0xxx12_Project/component/serial_manager" -I"/Users/martinamaspero/Desktop/micros_ANDA/workspace/MK64FN1M0xxx12_Project/component/lists" -O0 -fno-common -g3 -Wall -c -ffunction-sections -fdata-sections -ffreestanding -fno-builtin -fmerge-constants -fmacro-prefix-map="../board/"=. -mcpu=cortex-m4 -mfpu=fpv4-sp-d16 -mfloat-abi=hard -mthumb -D__REDLIB__ -fstack-usage -specs=redlib.specs -MMD -MP -MF"board/clock_config.d" -MT"board/clock_config.o" -MT"board/clock_config.d" -o "board/clock_config.o" "../board/clock_config.c"
Finished building: ../component/lists/generic_list.c
 
Building file: ../board/peripherals.c
Invoking: MCU C Compiler
arm-none-eabi-gcc -D__REDLIB__ -DCPU_MK64FN1M0VLL12 -DCPU_MK64FN1M0VLL12_cm4 -DFSL_RTOS_BM -DSDK_OS_BAREMETAL -DSERIAL_PORT_TYPE_UART=1 -DSDK_DEBUGCONSOLE=0 -DCR_INTEGER_PRINTF -DPRINTF_FLOAT_ENABLE=0 -D__MCUXPRESSO -D__USE_CMSIS -DDEBUG -I"/Users/martinamaspero/Desktop/micros_ANDA/workspace/MK64FN1M0xxx12_Project/board" -I"/Users/martinamaspero/Desktop/micros_ANDA/workspace/MK64FN1M0xxx12_Project/source" -I"/Users/martinamaspero/Desktop/micros_ANDA/workspace/MK64FN1M0xxx12_Project" -I"/Users/martinamaspero/Desktop/micros_ANDA/workspace/MK64FN1M0xxx12_Project/drivers" -I"/Users/martinamaspero/Desktop/micros_ANDA/workspace/MK64FN1M0xxx12_Project/device" -I"/Users/martinamaspero/Desktop/micros_ANDA/workspace/MK64FN1M0xxx12_Project/CMSIS" -I"/Users/martinamaspero/Desktop/micros_ANDA/workspace/MK64FN1M0xxx12_Project/component/uart" -I"/Users/martinamaspero/Desktop/micros_ANDA/workspace/MK64FN1M0xxx12_Project/utilities" -I"/Users/martinamaspero/Desktop/micros_ANDA/workspace/MK64FN1M0xxx12_Project/component/serial_manager" -I"/Users/martinamaspero/Desktop/micros_ANDA/workspace/MK64FN1M0xxx12_Project/component/lists" -O0 -fno-common -g3 -Wall -c -ffunction-sections -fdata-sections -ffreestanding -fno-builtin -fmerge-constants -fmacro-prefix-map="../board/"=. -mcpu=cortex-m4 -mfpu=fpv4-sp-d16 -mfloat-abi=hard -mthumb -D__REDLIB__ -fstack-usage -specs=redlib.specs -MMD -MP -MF"board/peripherals.d" -MT"board/peripherals.o" -MT"board/peripherals.d" -o "board/peripherals.o" "../board/peripherals.c"
Finished building: ../board/peripherals.c
 
Building file: ../board/pin_mux.c
Invoking: MCU C Compiler
arm-none-eabi-gcc -D__REDLIB__ -DCPU_MK64FN1M0VLL12 -DCPU_MK64FN1M0VLL12_cm4 -DFSL_RTOS_BM -DSDK_OS_BAREMETAL -DSERIAL_PORT_TYPE_UART=1 -DSDK_DEBUGCONSOLE=0 -DCR_INTEGER_PRINTF -DPRINTF_FLOAT_ENABLE=0 -D__MCUXPRESSO -D__USE_CMSIS -DDEBUG -I"/Users/martinamaspero/Desktop/micros_ANDA/workspace/MK64FN1M0xxx12_Project/board" -I"/Users/martinamaspero/Desktop/micros_ANDA/workspace/MK64FN1M0xxx12_Project/source" -I"/Users/martinamaspero/Desktop/micros_ANDA/workspace/MK64FN1M0xxx12_Project" -I"/Users/martinamaspero/Desktop/micros_ANDA/workspace/MK64FN1M0xxx12_Project/drivers" -I"/Users/martinamaspero/Desktop/micros_ANDA/workspace/MK64FN1M0xxx12_Project/device" -I"/Users/martinamaspero/Desktop/micros_ANDA/workspace/MK64FN1M0xxx12_Project/CMSIS" -I"/Users/martinamaspero/Desktop/micros_ANDA/workspace/MK64FN1M0xxx12_Project/component/uart" -I"/Users/martinamaspero/Desktop/micros_ANDA/workspace/MK64FN1M0xxx12_Project/utilities" -I"/Users/martinamaspero/Desktop/micros_ANDA/workspace/MK64FN1M0xxx12_Project/component/serial_manager" -I"/Users/martinamaspero/Desktop/micros_ANDA/workspace/MK64FN1M0xxx12_Project/component/lists" -O0 -fno-common -g3 -Wall -c -ffunction-sections -fdata-sections -ffreestanding -fno-builtin -fmerge-constants -fmacro-prefix-map="../board/"=. -mcpu=cortex-m4 -mfpu=fpv4-sp-d16 -mfloat-abi=hard -mthumb -D__REDLIB__ -fstack-usage -specs=redlib.specs -MMD -MP -MF"board/pin_mux.d" -MT"board/pin_mux.o" -MT"board/pin_mux.d" -o "board/pin_mux.o" "../board/pin_mux.c"
Finished building: ../board/board.c
 
Finished building: ../board/clock_config.c
 
Finished building: ../board/pin_mux.c
 
Building target: MK64FN1M0xxx12_Project.axf
Invoking: MCU Linker
arm-none-eabi-gcc -nostdlib -Xlinker -Map="MK64FN1M0xxx12_Project.map" -Xlinker --gc-sections -Xlinker -print-memory-usage -Xlinker --sort-section=alignment -Xlinker --cref -mcpu=cortex-m4 -mfpu=fpv4-sp-d16 -mfloat-abi=hard -mthumb -T MK64FN1M0xxx12_Project_Debug.ld -o "MK64FN1M0xxx12_Project.axf"  ./utilities/fsl_debug_console.o ./utilities/fsl_str.o  ./startup/startup_mk64f12.o  ./source/algorithm.o ./source/fever.o ./source/gpio.o ./source/i2c_config.o ./source/o2.o ./source/pit.o ./source/semihost_hardfault.o ./source/sensores.o  ./drivers/fsl_adc16.o ./drivers/fsl_clock.o ./drivers/fsl_common.o ./drivers/fsl_gpio.o ./drivers/fsl_i2c.o ./drivers/fsl_pit.o ./drivers/fsl_smc.o ./drivers/fsl_uart.o  ./device/system_MK64F12.o  ./component/uart/uart_adapter.o  ./component/serial_manager/serial_manager.o ./component/serial_manager/serial_port_uart.o  ./component/lists/generic_list.o  ./board/board.o ./board/clock_config.o ./board/peripherals.o ./board/pin_mux.o   
Memory region         Used Size  Region Size  %age Used
   PROGRAM_FLASH:       24736 B         1 MB      2.36%
      SRAM_UPPER:       10064 B       192 KB      5.12%
      SRAM_LOWER:          0 GB        64 KB      0.00%
        FLEX_RAM:          0 GB         4 KB      0.00%
Finished building target: MK64FN1M0xxx12_Project.axf
 
make --no-print-directory post-build
Performing post-build steps
arm-none-eabi-size "MK64FN1M0xxx12_Project.axf"; # arm-none-eabi-objcopy -v -O binary "MK64FN1M0xxx12_Project.axf" "MK64FN1M0xxx12_Project.bin" ; # checksum -p MK64FN1M0xxx12 -d "MK64FN1M0xxx12_Project.bin";
   text	   data	    bss	    dec	    hex	filename
  24648	     88	   9976	  34712	   8798	MK64FN1M0xxx12_Project.axf
 
01:21:25 **** Incremental Build of configuration Debug for project MK64FN1M0xxx12_Project ****
make -r -j3 all 
Building file: ../source/o2.c
Invoking: MCU C Compiler
arm-none-eabi-gcc -D__REDLIB__ -DCPU_MK64FN1M0VLL12 -DCPU_MK64FN1M0VLL12_cm4 -DFSL_RTOS_BM -DSDK_OS_BAREMETAL -DSERIAL_PORT_TYPE_UART=1 -DSDK_DEBUGCONSOLE=0 -DCR_INTEGER_PRINTF -DPRINTF_FLOAT_ENABLE=0 -D__MCUXPRESSO -D__USE_CMSIS -DDEBUG -I"/Users/martinamaspero/Desktop/micros_ANDA/workspace/MK64FN1M0xxx12_Project/board" -I"/Users/martinamaspero/Desktop/micros_ANDA/workspace/MK64FN1M0xxx12_Project/source" -I"/Users/martinamaspero/Desktop/micros_ANDA/workspace/MK64FN1M0xxx12_Project" -I"/Users/martinamaspero/Desktop/micros_ANDA/workspace/MK64FN1M0xxx12_Project/drivers" -I"/Users/martinamaspero/Desktop/micros_ANDA/workspace/MK64FN1M0xxx12_Project/device" -I"/Users/martinamaspero/Desktop/micros_ANDA/workspace/MK64FN1M0xxx12_Project/CMSIS" -I"/Users/martinamaspero/Desktop/micros_ANDA/workspace/MK64FN1M0xxx12_Project/component/uart" -I"/Users/martinamaspero/Desktop/micros_ANDA/workspace/MK64FN1M0xxx12_Project/utilities" -I"/Users/martinamaspero/Desktop/micros_ANDA/workspace/MK64FN1M0xxx12_Project/component/serial_manager" -I"/Users/martinamaspero/Desktop/micros_ANDA/workspace/MK64FN1M0xxx12_Project/component/lists" -O0 -fno-common -g3 -Wall -c -ffunction-sections -fdata-sections -ffreestanding -fno-builtin -fmerge-constants -fmacro-prefix-map="../source/"=. -mcpu=cortex-m4 -mfpu=fpv4-sp-d16 -mfloat-abi=hard -mthumb -D__REDLIB__ -fstack-usage -specs=redlib.specs -MMD -MP -MF"source/o2.d" -MT"source/o2.o" -MT"source/o2.d" -o "source/o2.o" "../source/o2.c"
../source/o2.c: In function 'maxim_max30102_write_reg':
../source/o2.c:39:22: error: 'I2C_WRITE_ADDR' undeclared (first use in this function)
   39 |  i2cWriteMsgBlocking(I2C_WRITE_ADDR, &uch_data, 1, uch_addr);
      |                      ^~~~~~~~~~~~~~
../source/o2.c:39:22: note: each undeclared identifier is reported only once for each function it appears in
../source/o2.c: In function 'maxim_max30102_write_reg_blocking':
../source/o2.c:45:22: error: 'I2C_WRITE_ADDR' undeclared (first use in this function)
   45 |  i2cWriteMsgBlocking(I2C_WRITE_ADDR, &uch_data, 1, uch_addr);
      |                      ^~~~~~~~~~~~~~
../source/o2.c: In function 'maxim_max30102_read_reg':
../source/o2.c:51:13: error: 'I2C_READ_ADDR' undeclared (first use in this function)
   51 |  i2cReadMsg(I2C_READ_ADDR, puch_data, 1, uch_addr);
      |             ^~~~~~~~~~~~~
../source/o2.c: In function 'maxim_max30102_read_reg_blocking':
../source/o2.c:58:21: error: 'I2C_READ_ADDR' undeclared (first use in this function)
   58 |  i2cReadMsgBlocking(I2C_READ_ADDR, puch_data, 1, uch_addr);
      |                     ^~~~~~~~~~~~~
../source/o2.c: In function 'maxim_max30102_init':
../source/o2.c:67:36: error: 'REG_INTR_ENABLE_1' undeclared (first use in this function)
   67 |  maxim_max30102_write_reg_blocking(REG_INTR_ENABLE_1,0xc0); // INTR setting
      |                                    ^~~~~~~~~~~~~~~~~
../source/o2.c:69:36: error: 'REG_INTR_ENABLE_2' undeclared (first use in this function)
   69 |  maxim_max30102_write_reg_blocking(REG_INTR_ENABLE_2,0x00);
      |                                    ^~~~~~~~~~~~~~~~~
../source/o2.c:71:36: error: 'REG_FIFO_WR_PTR' undeclared (first use in this function)
   71 |  maxim_max30102_write_reg_blocking(REG_FIFO_WR_PTR,0x00);  //FIFO_WR_PTR[4:0]
      |                                    ^~~~~~~~~~~~~~~
../source/o2.c:73:36: error: 'REG_OVF_COUNTER' undeclared (first use in this function)
   73 |  maxim_max30102_write_reg_blocking(REG_OVF_COUNTER,0x00);  //OVF_COUNTER[4:0]
      |                                    ^~~~~~~~~~~~~~~
../source/o2.c:75:36: error: 'REG_FIFO_RD_PTR' undeclared (first use in this function)
   75 |  maxim_max30102_write_reg_blocking(REG_FIFO_RD_PTR,0x00);  //FIFO_RD_PTR[4:0]
      |                                    ^~~~~~~~~~~~~~~
../source/o2.c:77:36: error: 'REG_FIFO_CONFIG' undeclared (first use in this function)
   77 |  maxim_max30102_write_reg_blocking(REG_FIFO_CONFIG,0x4f);  //sample avg = 4, fifo rollover=false, fifo almost full = 17
      |                                    ^~~~~~~~~~~~~~~
../source/o2.c:79:36: error: 'REG_MODE_CONFIG' undeclared (first use in this function)
   79 |  maxim_max30102_write_reg_blocking(REG_MODE_CONFIG,0x03);   //0x02 for Red only, 0x03 for SpO2 mode 0x07 multimode LED
      |                                    ^~~~~~~~~~~~~~~
../source/o2.c:81:39: error: 'REG_SPO2_CONFIG' undeclared (first use in this function)
   81 |     maxim_max30102_write_reg_blocking(REG_SPO2_CONFIG,0x27);
      |                                       ^~~~~~~~~~~~~~~
../source/o2.c:87:39: error: 'REG_LED1_PA' undeclared (first use in this function)
   87 |     maxim_max30102_write_reg_blocking(REG_LED1_PA,0x24);   //Choose value for ~ 7mA for LED1
      |                                       ^~~~~~~~~~~
../source/o2.c:89:39: error: 'REG_LED2_PA' undeclared (first use in this function)
   89 |     maxim_max30102_write_reg_blocking(REG_LED2_PA,0x24);   // Choose value for ~ 7mA for LED2
      |                                       ^~~~~~~~~~~
../source/o2.c:93:39: error: 'REG_PILOT_PA' undeclared (first use in this function)
   93 |     maxim_max30102_write_reg_blocking(REG_PILOT_PA,0x7f);   // Choose value for ~ 25mA for Pilot LED
      |                                       ^~~~~~~~~~~~
../source/o2.c: In function 'maxim_max30102_reset':
../source/o2.c:150:43: error: 'REG_MODE_CONFIG' undeclared (first use in this function)
  150 |     if(!maxim_max30102_write_reg_blocking(REG_MODE_CONFIG,0x40))
      |                                           ^~~~~~~~~~~~~~~
../source/o2.c: In function 'maxim_max30102_read_fifoNB':
../source/o2.c:170:29: error: 'REG_INTR_STATUS_1' undeclared (first use in this function)
  170 |     maxim_max30102_read_reg(REG_INTR_STATUS_1, &uch_temp);
      |                             ^~~~~~~~~~~~~~~~~
../source/o2.c:183:31: error: 'REG_FIFO_DATA' undeclared (first use in this function)
  183 |     maxim_max30102_read_block(REG_FIFO_DATA, ach_i2c_data, 6);
      |                               ^~~~~~~~~~~~~
../source/o2.c: In function 'maxim_max30102_read_block':
../source/o2.c:261:13: error: 'I2C_READ_ADDR' undeclared (first use in this function)
  261 |  i2cReadMsg(I2C_READ_ADDR, puch_data, size, uch_addr);
      |             ^~~~~~~~~~~~~
../source/o2.c: In function 'maxim_max30102_reset':
../source/o2.c:154:1: warning: control reaches end of non-void function [-Wreturn-type]
  154 | }
      | ^
make: *** [source/subdir.mk:41: source/o2.o] Error 1
"make -r -j3 all" terminated with exit code 2. Build might be incomplete.
01:22:00 **** Incremental Build of configuration Debug for project MK64FN1M0xxx12_Project ****
make -r -j3 all 
Building file: ../source/o2.c
Invoking: MCU C Compiler
arm-none-eabi-gcc -D__REDLIB__ -DCPU_MK64FN1M0VLL12 -DCPU_MK64FN1M0VLL12_cm4 -DFSL_RTOS_BM -DSDK_OS_BAREMETAL -DSERIAL_PORT_TYPE_UART=1 -DSDK_DEBUGCONSOLE=0 -DCR_INTEGER_PRINTF -DPRINTF_FLOAT_ENABLE=0 -D__MCUXPRESSO -D__USE_CMSIS -DDEBUG -I"/Users/martinamaspero/Desktop/micros_ANDA/workspace/MK64FN1M0xxx12_Project/board" -I"/Users/martinamaspero/Desktop/micros_ANDA/workspace/MK64FN1M0xxx12_Project/source" -I"/Users/martinamaspero/Desktop/micros_ANDA/workspace/MK64FN1M0xxx12_Project" -I"/Users/martinamaspero/Desktop/micros_ANDA/workspace/MK64FN1M0xxx12_Project/drivers" -I"/Users/martinamaspero/Desktop/micros_ANDA/workspace/MK64FN1M0xxx12_Project/device" -I"/Users/martinamaspero/Desktop/micros_ANDA/workspace/MK64FN1M0xxx12_Project/CMSIS" -I"/Users/martinamaspero/Desktop/micros_ANDA/workspace/MK64FN1M0xxx12_Project/component/uart" -I"/Users/martinamaspero/Desktop/micros_ANDA/workspace/MK64FN1M0xxx12_Project/utilities" -I"/Users/martinamaspero/Desktop/micros_ANDA/workspace/MK64FN1M0xxx12_Project/component/serial_manager" -I"/Users/martinamaspero/Desktop/micros_ANDA/workspace/MK64FN1M0xxx12_Project/component/lists" -O0 -fno-common -g3 -Wall -c -ffunction-sections -fdata-sections -ffreestanding -fno-builtin -fmerge-constants -fmacro-prefix-map="../source/"=. -mcpu=cortex-m4 -mfpu=fpv4-sp-d16 -mfloat-abi=hard -mthumb -D__REDLIB__ -fstack-usage -specs=redlib.specs -MMD -MP -MF"source/o2.d" -MT"source/o2.o" -MT"source/o2.d" -o "source/o2.o" "../source/o2.c"
Finished building: ../source/o2.c
 
Building target: MK64FN1M0xxx12_Project.axf
Invoking: MCU Linker
arm-none-eabi-gcc -nostdlib -Xlinker -Map="MK64FN1M0xxx12_Project.map" -Xlinker --gc-sections -Xlinker -print-memory-usage -Xlinker --sort-section=alignment -Xlinker --cref -mcpu=cortex-m4 -mfpu=fpv4-sp-d16 -mfloat-abi=hard -mthumb -T MK64FN1M0xxx12_Project_Debug.ld -o "MK64FN1M0xxx12_Project.axf"  ./utilities/fsl_debug_console.o ./utilities/fsl_str.o  ./startup/startup_mk64f12.o  ./source/algorithm.o ./source/fever.o ./source/gpio.o ./source/i2c_config.o ./source/o2.o ./source/pit.o ./source/semihost_hardfault.o ./source/sensores.o  ./drivers/fsl_adc16.o ./drivers/fsl_clock.o ./drivers/fsl_common.o ./drivers/fsl_gpio.o ./drivers/fsl_i2c.o ./drivers/fsl_pit.o ./drivers/fsl_smc.o ./drivers/fsl_uart.o  ./device/system_MK64F12.o  ./component/uart/uart_adapter.o  ./component/serial_manager/serial_manager.o ./component/serial_manager/serial_port_uart.o  ./component/lists/generic_list.o  ./board/board.o ./board/clock_config.o ./board/peripherals.o ./board/pin_mux.o   
Memory region         Used Size  Region Size  %age Used
   PROGRAM_FLASH:       24072 B         1 MB      2.30%
      SRAM_UPPER:       10064 B       192 KB      5.12%
/Applications/MCUXpressoIDE_11.2.1_4149/ide/plugins/com.nxp.mcuxpresso.tools.macosx_11.2.0.202001021529/tools/bin/../lib/gcc/arm-none-eabi/9.2.1/../../../../arm-none-eabi/bin/ld: ./source/sensores.o:/Users/martinamaspero/Desktop/micros_ANDA/workspace/MK64FN1M0xxx12_Project/Debug/../source/sensores.c:60: multiple definition of `aun_ir_buffer'; ./source/o2.o:/Users/martinamaspero/Desktop/micros_ANDA/workspace/MK64FN1M0xxx12_Project/Debug/../source/o2.c:22: first defined here
      SRAM_LOWER:          0 GB        64 KB      0.00%
/Applications/MCUXpressoIDE_11.2.1_4149/ide/plugins/com.nxp.mcuxpresso.tools.macosx_11.2.0.202001021529/tools/bin/../lib/gcc/arm-none-eabi/9.2.1/../../../../arm-none-eabi/bin/ld: ./source/sensores.o:/Users/martinamaspero/Desktop/micros_ANDA/workspace/MK64FN1M0xxx12_Project/Debug/../source/sensores.c:61: multiple definition of `aun_red_buffer'; ./source/o2.o:/Users/martinamaspero/Desktop/micros_ANDA/workspace/MK64FN1M0xxx12_Project/Debug/../source/o2.c:23: first defined here
/Applications/MCUXpressoIDE_11.2.1_4149/ide/plugins/com.nxp.mcuxpresso.tools.macosx_11.2.0.202001021529/tools/bin/../lib/gcc/arm-none-eabi/9.2.1/../../../../arm-none-eabi/bin/ld: ./source/sensores.o:/Users/martinamaspero/Desktop/micros_ANDA/workspace/MK64FN1M0xxx12_Project/Debug/../source/sensores.c:62: multiple definition of `n_spo2'; ./source/o2.o:/Users/martinamaspero/Desktop/micros_ANDA/workspace/MK64FN1M0xxx12_Project/Debug/../source/o2.c:24: first defined here
/Applications/MCUXpressoIDE_11.2.1_4149/ide/plugins/com.nxp.mcuxpresso.tools.macosx_11.2.0.202001021529/tools/bin/../lib/gcc/arm-none-eabi/9.2.1/../../../../arm-none-eabi/bin/ld: ./source/sensores.o:/Users/martinamaspero/Desktop/micros_ANDA/workspace/MK64FN1M0xxx12_Project/Debug/../source/sensores.c:62: multiple definition of `ratio'; ./source/o2.o:/Users/martinamaspero/Desktop/micros_ANDA/workspace/MK64FN1M0xxx12_Project/Debug/../source/o2.c:24: first defined here
/Applications/MCUXpressoIDE_11.2.1_4149/ide/plugins/com.nxp.mcuxpresso.tools.macosx_11.2.0.202001021529/tools/bin/../lib/gcc/arm-none-eabi/9.2.1/../../../../arm-none-eabi/bin/ld: ./source/sensores.o:/Users/martinamaspero/Desktop/micros_ANDA/workspace/MK64FN1M0xxx12_Project/Debug/../source/sensores.c:62: multiple definition of `correl'; ./source/o2.o:/Users/martinamaspero/Desktop/micros_ANDA/workspace/MK64FN1M0xxx12_Project/Debug/../source/o2.c:24: first defined here
/Applications/MCUXpressoIDE_11.2.1_4149/ide/plugins/com.nxp.mcuxpresso.tools.macosx_11.2.0.202001021529/tools/bin/../lib/gcc/arm-none-eabi/9.2.1/../../../../arm-none-eabi/bin/ld: ./source/sensores.o:/Users/martinamaspero/Desktop/micros_ANDA/workspace/MK64FN1M0xxx12_Project/Debug/../source/sensores.c:63: multiple definition of `ch_spo2_valid'; ./source/o2.o:/Users/martinamaspero/Desktop/micros_ANDA/workspace/MK64FN1M0xxx12_Project/Debug/../source/o2.c:25: first defined here
/Applications/MCUXpressoIDE_11.2.1_4149/ide/plugins/com.nxp.mcuxpresso.tools.macosx_11.2.0.202001021529/tools/bin/../lib/gcc/arm-none-eabi/9.2.1/../../../../arm-none-eabi/bin/ld: ./source/sensores.o:/Users/martinamaspero/Desktop/micros_ANDA/workspace/MK64FN1M0xxx12_Project/Debug/../source/sensores.c:64: multiple definition of `n_heart_rate'; ./source/o2.o:/Users/martinamaspero/Desktop/micros_ANDA/workspace/MK64FN1M0xxx12_Project/Debug/../source/o2.c:26: first defined here
        FLEX_RAM:          0 GB         4 KB      0.00%
/Applications/MCUXpressoIDE_11.2.1_4149/ide/plugins/com.nxp.mcuxpresso.tools.macosx_11.2.0.202001021529/tools/bin/../lib/gcc/arm-none-eabi/9.2.1/../../../../arm-none-eabi/bin/ld: ./source/sensores.o:/Users/martinamaspero/Desktop/micros_ANDA/workspace/MK64FN1M0xxx12_Project/Debug/../source/sensores.c:65: multiple definition of `ch_hr_valid'; ./source/o2.o:/Users/martinamaspero/Desktop/micros_ANDA/workspace/MK64FN1M0xxx12_Project/Debug/../source/o2.c:27: first defined here
/Applications/MCUXpressoIDE_11.2.1_4149/ide/plugins/com.nxp.mcuxpresso.tools.macosx_11.2.0.202001021529/tools/bin/../lib/gcc/arm-none-eabi/9.2.1/../../../../arm-none-eabi/bin/ld: ./source/sensores.o:/Users/martinamaspero/Desktop/micros_ANDA/workspace/MK64FN1M0xxx12_Project/Debug/../source/sensores.c:66: multiple definition of `i'; ./source/o2.o:/Users/martinamaspero/Desktop/micros_ANDA/workspace/MK64FN1M0xxx12_Project/Debug/../source/o2.c:21: first defined here
/Applications/MCUXpressoIDE_11.2.1_4149/ide/plugins/com.nxp.mcuxpresso.tools.macosx_11.2.0.202001021529/tools/bin/../lib/gcc/arm-none-eabi/9.2.1/../../../../arm-none-eabi/bin/ld: ./source/sensores.o: in function `callback':
/Users/martinamaspero/Desktop/micros_ANDA/workspace/MK64FN1M0xxx12_Project/Debug/../source/sensores.c:123: undefined reference to `maxim_max30102_read_fifo'
/Applications/MCUXpressoIDE_11.2.1_4149/ide/plugins/com.nxp.mcuxpresso.tools.macosx_11.2.0.202001021529/tools/bin/../lib/gcc/arm-none-eabi/9.2.1/../../../../arm-none-eabi/bin/ld: ./source/o2.o: in function `maxim_max30102_init':
/Users/martinamaspero/Desktop/micros_ANDA/workspace/MK64FN1M0xxx12_Project/Debug/../source/o2.c:102: undefined reference to `initPins'
collect2: error: ld returned 1 exit status
make: *** [makefile:40: MK64FN1M0xxx12_Project.axf] Error 1
"make -r -j3 all" terminated with exit code 2. Build might be incomplete.
01:23:53 **** Incremental Build of configuration Debug for project MK64FN1M0xxx12_Project ****
make -r -j3 all 
Building file: ../source/o2.c
Invoking: MCU C Compiler
arm-none-eabi-gcc -D__REDLIB__ -DCPU_MK64FN1M0VLL12 -DCPU_MK64FN1M0VLL12_cm4 -DFSL_RTOS_BM -DSDK_OS_BAREMETAL -DSERIAL_PORT_TYPE_UART=1 -DSDK_DEBUGCONSOLE=0 -DCR_INTEGER_PRINTF -DPRINTF_FLOAT_ENABLE=0 -D__MCUXPRESSO -D__USE_CMSIS -DDEBUG -I"/Users/martinamaspero/Desktop/micros_ANDA/workspace/MK64FN1M0xxx12_Project/board" -I"/Users/martinamaspero/Desktop/micros_ANDA/workspace/MK64FN1M0xxx12_Project/source" -I"/Users/martinamaspero/Desktop/micros_ANDA/workspace/MK64FN1M0xxx12_Project" -I"/Users/martinamaspero/Desktop/micros_ANDA/workspace/MK64FN1M0xxx12_Project/drivers" -I"/Users/martinamaspero/Desktop/micros_ANDA/workspace/MK64FN1M0xxx12_Project/device" -I"/Users/martinamaspero/Desktop/micros_ANDA/workspace/MK64FN1M0xxx12_Project/CMSIS" -I"/Users/martinamaspero/Desktop/micros_ANDA/workspace/MK64FN1M0xxx12_Project/component/uart" -I"/Users/martinamaspero/Desktop/micros_ANDA/workspace/MK64FN1M0xxx12_Project/utilities" -I"/Users/martinamaspero/Desktop/micros_ANDA/workspace/MK64FN1M0xxx12_Project/component/serial_manager" -I"/Users/martinamaspero/Desktop/micros_ANDA/workspace/MK64FN1M0xxx12_Project/component/lists" -O0 -fno-common -g3 -Wall -c -ffunction-sections -fdata-sections -ffreestanding -fno-builtin -fmerge-constants -fmacro-prefix-map="../source/"=. -mcpu=cortex-m4 -mfpu=fpv4-sp-d16 -mfloat-abi=hard -mthumb -D__REDLIB__ -fstack-usage -specs=redlib.specs -MMD -MP -MF"source/o2.d" -MT"source/o2.o" -MT"source/o2.d" -o "source/o2.o" "../source/o2.c"
Finished building: ../source/o2.c
 
Building target: MK64FN1M0xxx12_Project.axf
Invoking: MCU Linker
arm-none-eabi-gcc -nostdlib -Xlinker -Map="MK64FN1M0xxx12_Project.map" -Xlinker --gc-sections -Xlinker -print-memory-usage -Xlinker --sort-section=alignment -Xlinker --cref -mcpu=cortex-m4 -mfpu=fpv4-sp-d16 -mfloat-abi=hard -mthumb -T MK64FN1M0xxx12_Project_Debug.ld -o "MK64FN1M0xxx12_Project.axf"  ./utilities/fsl_debug_console.o ./utilities/fsl_str.o  ./startup/startup_mk64f12.o  ./source/algorithm.o ./source/fever.o ./source/gpio.o ./source/i2c_config.o ./source/o2.o ./source/pit.o ./source/semihost_hardfault.o ./source/sensores.o  ./drivers/fsl_adc16.o ./drivers/fsl_clock.o ./drivers/fsl_common.o ./drivers/fsl_gpio.o ./drivers/fsl_i2c.o ./drivers/fsl_pit.o ./drivers/fsl_smc.o ./drivers/fsl_uart.o  ./device/system_MK64F12.o  ./component/uart/uart_adapter.o  ./component/serial_manager/serial_manager.o ./component/serial_manager/serial_port_uart.o  ./component/lists/generic_list.o  ./board/board.o ./board/clock_config.o ./board/peripherals.o ./board/pin_mux.o   
/Applications/MCUXpressoIDE_11.2.1_4149/ide/plugins/com.nxp.mcuxpresso.tools.macosx_11.2.0.202001021529/tools/bin/../lib/gcc/arm-none-eabi/9.2.1/../../../../arm-none-eabi/bin/ld: ./source/sensores.o:/Users/martinamaspero/Desktop/micros_ANDA/workspace/MK64FN1M0xxx12_Project/Debug/../source/sensores.c:60: multiple definition of `aun_ir_buffer'; ./source/o2.o:/Users/martinamaspero/Desktop/micros_ANDA/workspace/MK64FN1M0xxx12_Project/Debug/../source/o2.c:22: first defined here
Memory region         Used Size  Region Size  %age Used
/Applications/MCUXpressoIDE_11.2.1_4149/ide/plugins/com.nxp.mcuxpresso.tools.macosx_11.2.0.202001021529/tools/bin/../lib/gcc/arm-none-eabi/9.2.1/../../../../arm-none-eabi/bin/ld: ./source/sensores.o:/Users/martinamaspero/Desktop/micros_ANDA/workspace/MK64FN1M0xxx12_Project/Debug/../source/sensores.c:61: multiple definition of `aun_red_buffer'; ./source/o2.o:/Users/martinamaspero/Desktop/micros_ANDA/workspace/MK64FN1M0xxx12_Project/Debug/../source/o2.c:23: first defined here
   PROGRAM_FLASH:       24064 B         1 MB      2.29%
/Applications/MCUXpressoIDE_11.2.1_4149/ide/plugins/com.nxp.mcuxpresso.tools.macosx_11.2.0.202001021529/tools/bin/../lib/gcc/arm-none-eabi/9.2.1/../../../../arm-none-eabi/bin/ld: ./source/sensores.o:/Users/martinamaspero/Desktop/micros_ANDA/workspace/MK64FN1M0xxx12_Project/Debug/../source/sensores.c:62: multiple definition of `n_spo2'; ./source/o2.o:/Users/martinamaspero/Desktop/micros_ANDA/workspace/MK64FN1M0xxx12_Project/Debug/../source/o2.c:24: first defined here
      SRAM_UPPER:       10064 B       192 KB      5.12%
      SRAM_LOWER:          0 GB        64 KB      0.00%
/Applications/MCUXpressoIDE_11.2.1_4149/ide/plugins/com.nxp.mcuxpresso.tools.macosx_11.2.0.202001021529/tools/bin/../lib/gcc/arm-none-eabi/9.2.1/../../../../arm-none-eabi/bin/ld: ./source/sensores.o:/Users/martinamaspero/Desktop/micros_ANDA/workspace/MK64FN1M0xxx12_Project/Debug/../source/sensores.c:62: multiple definition of `ratio'; ./source/o2.o:/Users/martinamaspero/Desktop/micros_ANDA/workspace/MK64FN1M0xxx12_Project/Debug/../source/o2.c:24: first defined here
/Applications/MCUXpressoIDE_11.2.1_4149/ide/plugins/com.nxp.mcuxpresso.tools.macosx_11.2.0.202001021529/tools/bin/../lib/gcc/arm-none-eabi/9.2.1/../../../../arm-none-eabi/bin/ld: ./source/sensores.o:/Users/martinamaspero/Desktop/micros_ANDA/workspace/MK64FN1M0xxx12_Project/Debug/../source/sensores.c:62: multiple definition of `correl'; ./source/o2.o:/Users/martinamaspero/Desktop/micros_ANDA/workspace/MK64FN1M0xxx12_Project/Debug/../source/o2.c:24: first defined here
        FLEX_RAM:          0 GB         4 KB      0.00%
/Applications/MCUXpressoIDE_11.2.1_4149/ide/plugins/com.nxp.mcuxpresso.tools.macosx_11.2.0.202001021529/tools/bin/../lib/gcc/arm-none-eabi/9.2.1/../../../../arm-none-eabi/bin/ld: ./source/sensores.o:/Users/martinamaspero/Desktop/micros_ANDA/workspace/MK64FN1M0xxx12_Project/Debug/../source/sensores.c:63: multiple definition of `ch_spo2_valid'; ./source/o2.o:/Users/martinamaspero/Desktop/micros_ANDA/workspace/MK64FN1M0xxx12_Project/Debug/../source/o2.c:25: first defined here
/Applications/MCUXpressoIDE_11.2.1_4149/ide/plugins/com.nxp.mcuxpresso.tools.macosx_11.2.0.202001021529/tools/bin/../lib/gcc/arm-none-eabi/9.2.1/../../../../arm-none-eabi/bin/ld: ./source/sensores.o:/Users/martinamaspero/Desktop/micros_ANDA/workspace/MK64FN1M0xxx12_Project/Debug/../source/sensores.c:64: multiple definition of `n_heart_rate'; ./source/o2.o:/Users/martinamaspero/Desktop/micros_ANDA/workspace/MK64FN1M0xxx12_Project/Debug/../source/o2.c:26: first defined here
/Applications/MCUXpressoIDE_11.2.1_4149/ide/plugins/com.nxp.mcuxpresso.tools.macosx_11.2.0.202001021529/tools/bin/../lib/gcc/arm-none-eabi/9.2.1/../../../../arm-none-eabi/bin/ld: ./source/sensores.o:/Users/martinamaspero/Desktop/micros_ANDA/workspace/MK64FN1M0xxx12_Project/Debug/../source/sensores.c:65: multiple definition of `ch_hr_valid'; ./source/o2.o:/Users/martinamaspero/Desktop/micros_ANDA/workspace/MK64FN1M0xxx12_Project/Debug/../source/o2.c:27: first defined here
/Applications/MCUXpressoIDE_11.2.1_4149/ide/plugins/com.nxp.mcuxpresso.tools.macosx_11.2.0.202001021529/tools/bin/../lib/gcc/arm-none-eabi/9.2.1/../../../../arm-none-eabi/bin/ld: ./source/sensores.o:/Users/martinamaspero/Desktop/micros_ANDA/workspace/MK64FN1M0xxx12_Project/Debug/../source/sensores.c:66: multiple definition of `i'; ./source/o2.o:/Users/martinamaspero/Desktop/micros_ANDA/workspace/MK64FN1M0xxx12_Project/Debug/../source/o2.c:21: first defined here
/Applications/MCUXpressoIDE_11.2.1_4149/ide/plugins/com.nxp.mcuxpresso.tools.macosx_11.2.0.202001021529/tools/bin/../lib/gcc/arm-none-eabi/9.2.1/../../../../arm-none-eabi/bin/ld: ./source/sensores.o: in function `callback':
/Users/martinamaspero/Desktop/micros_ANDA/workspace/MK64FN1M0xxx12_Project/Debug/../source/sensores.c:123: undefined reference to `maxim_max30102_read_fifo'
collect2: error: ld returned 1 exit status
make: *** [makefile:40: MK64FN1M0xxx12_Project.axf] Error 1
"make -r -j3 all" terminated with exit code 2. Build might be incomplete.
01:25:18 **** Incremental Build of configuration Debug for project MK64FN1M0xxx12_Project ****
make -r -j3 all 
Building file: ../source/sensores.c
Invoking: MCU C Compiler
arm-none-eabi-gcc -D__REDLIB__ -DCPU_MK64FN1M0VLL12 -DCPU_MK64FN1M0VLL12_cm4 -DFSL_RTOS_BM -DSDK_OS_BAREMETAL -DSERIAL_PORT_TYPE_UART=1 -DSDK_DEBUGCONSOLE=0 -DCR_INTEGER_PRINTF -DPRINTF_FLOAT_ENABLE=0 -D__MCUXPRESSO -D__USE_CMSIS -DDEBUG -I"/Users/martinamaspero/Desktop/micros_ANDA/workspace/MK64FN1M0xxx12_Project/board" -I"/Users/martinamaspero/Desktop/micros_ANDA/workspace/MK64FN1M0xxx12_Project/source" -I"/Users/martinamaspero/Desktop/micros_ANDA/workspace/MK64FN1M0xxx12_Project" -I"/Users/martinamaspero/Desktop/micros_ANDA/workspace/MK64FN1M0xxx12_Project/drivers" -I"/Users/martinamaspero/Desktop/micros_ANDA/workspace/MK64FN1M0xxx12_Project/device" -I"/Users/martinamaspero/Desktop/micros_ANDA/workspace/MK64FN1M0xxx12_Project/CMSIS" -I"/Users/martinamaspero/Desktop/micros_ANDA/workspace/MK64FN1M0xxx12_Project/component/uart" -I"/Users/martinamaspero/Desktop/micros_ANDA/workspace/MK64FN1M0xxx12_Project/utilities" -I"/Users/martinamaspero/Desktop/micros_ANDA/workspace/MK64FN1M0xxx12_Project/component/serial_manager" -I"/Users/martinamaspero/Desktop/micros_ANDA/workspace/MK64FN1M0xxx12_Project/component/lists" -O0 -fno-common -g3 -Wall -c -ffunction-sections -fdata-sections -ffreestanding -fno-builtin -fmerge-constants -fmacro-prefix-map="../source/"=. -mcpu=cortex-m4 -mfpu=fpv4-sp-d16 -mfloat-abi=hard -mthumb -D__REDLIB__ -fstack-usage -specs=redlib.specs -MMD -MP -MF"source/sensores.d" -MT"source/sensores.o" -MT"source/sensores.d" -o "source/sensores.o" "../source/sensores.c"
Finished building: ../source/sensores.c
 
Building target: MK64FN1M0xxx12_Project.axf
Invoking: MCU Linker
arm-none-eabi-gcc -nostdlib -Xlinker -Map="MK64FN1M0xxx12_Project.map" -Xlinker --gc-sections -Xlinker -print-memory-usage -Xlinker --sort-section=alignment -Xlinker --cref -mcpu=cortex-m4 -mfpu=fpv4-sp-d16 -mfloat-abi=hard -mthumb -T MK64FN1M0xxx12_Project_Debug.ld -o "MK64FN1M0xxx12_Project.axf"  ./utilities/fsl_debug_console.o ./utilities/fsl_str.o  ./startup/startup_mk64f12.o  ./source/algorithm.o ./source/fever.o ./source/gpio.o ./source/i2c_config.o ./source/o2.o ./source/pit.o ./source/semihost_hardfault.o ./source/sensores.o  ./drivers/fsl_adc16.o ./drivers/fsl_clock.o ./drivers/fsl_common.o ./drivers/fsl_gpio.o ./drivers/fsl_i2c.o ./drivers/fsl_pit.o ./drivers/fsl_smc.o ./drivers/fsl_uart.o  ./device/system_MK64F12.o  ./component/uart/uart_adapter.o  ./component/serial_manager/serial_manager.o ./component/serial_manager/serial_port_uart.o  ./component/lists/generic_list.o  ./board/board.o ./board/clock_config.o ./board/peripherals.o ./board/pin_mux.o   
make: *** Deleting file 'MK64FN1M0xxx12_Project.axf'
make: *** [makefile:40: MK64FN1M0xxx12_Project.axf] Terminated: 15
Command canceled
01:25:40 **** Build of configuration Debug for project MK64FN1M0xxx12_Project ****
make -r -j3 all 
Building file: ../source/sensores.c
Invoking: MCU C Compiler
arm-none-eabi-gcc -D__REDLIB__ -DCPU_MK64FN1M0VLL12 -DCPU_MK64FN1M0VLL12_cm4 -DFSL_RTOS_BM -DSDK_OS_BAREMETAL -DSERIAL_PORT_TYPE_UART=1 -DSDK_DEBUGCONSOLE=0 -DCR_INTEGER_PRINTF -DPRINTF_FLOAT_ENABLE=0 -D__MCUXPRESSO -D__USE_CMSIS -DDEBUG -I"/Users/martinamaspero/Desktop/micros_ANDA/workspace/MK64FN1M0xxx12_Project/board" -I"/Users/martinamaspero/Desktop/micros_ANDA/workspace/MK64FN1M0xxx12_Project/source" -I"/Users/martinamaspero/Desktop/micros_ANDA/workspace/MK64FN1M0xxx12_Project" -I"/Users/martinamaspero/Desktop/micros_ANDA/workspace/MK64FN1M0xxx12_Project/drivers" -I"/Users/martinamaspero/Desktop/micros_ANDA/workspace/MK64FN1M0xxx12_Project/device" -I"/Users/martinamaspero/Desktop/micros_ANDA/workspace/MK64FN1M0xxx12_Project/CMSIS" -I"/Users/martinamaspero/Desktop/micros_ANDA/workspace/MK64FN1M0xxx12_Project/component/uart" -I"/Users/martinamaspero/Desktop/micros_ANDA/workspace/MK64FN1M0xxx12_Project/utilities" -I"/Users/martinamaspero/Desktop/micros_ANDA/workspace/MK64FN1M0xxx12_Project/component/serial_manager" -I"/Users/martinamaspero/Desktop/micros_ANDA/workspace/MK64FN1M0xxx12_Project/component/lists" -O0 -fno-common -g3 -Wall -c -ffunction-sections -fdata-sections -ffreestanding -fno-builtin -fmerge-constants -fmacro-prefix-map="../source/"=. -mcpu=cortex-m4 -mfpu=fpv4-sp-d16 -mfloat-abi=hard -mthumb -D__REDLIB__ -fstack-usage -specs=redlib.specs -MMD -MP -MF"source/sensores.d" -MT"source/sensores.o" -MT"source/sensores.d" -o "source/sensores.o" "../source/sensores.c"
Finished building: ../source/sensores.c
 
Building target: MK64FN1M0xxx12_Project.axf
Invoking: MCU Linker
arm-none-eabi-gcc -nostdlib -Xlinker -Map="MK64FN1M0xxx12_Project.map" -Xlinker --gc-sections -Xlinker -print-memory-usage -Xlinker --sort-section=alignment -Xlinker --cref -mcpu=cortex-m4 -mfpu=fpv4-sp-d16 -mfloat-abi=hard -mthumb -T MK64FN1M0xxx12_Project_Debug.ld -o "MK64FN1M0xxx12_Project.axf"  ./utilities/fsl_debug_console.o ./utilities/fsl_str.o  ./startup/startup_mk64f12.o  ./source/algorithm.o ./source/fever.o ./source/gpio.o ./source/i2c_config.o ./source/o2.o ./source/pit.o ./source/semihost_hardfault.o ./source/sensores.o  ./drivers/fsl_adc16.o ./drivers/fsl_clock.o ./drivers/fsl_common.o ./drivers/fsl_gpio.o ./drivers/fsl_i2c.o ./drivers/fsl_pit.o ./drivers/fsl_smc.o ./drivers/fsl_uart.o  ./device/system_MK64F12.o  ./component/uart/uart_adapter.o  ./component/serial_manager/serial_manager.o ./component/serial_manager/serial_port_uart.o  ./component/lists/generic_list.o  ./board/board.o ./board/clock_config.o ./board/peripherals.o ./board/pin_mux.o   
/Applications/MCUXpressoIDE_11.2.1_4149/ide/plugins/com.nxp.mcuxpresso.tools.macosx_11.2.0.202001021529/tools/bin/../lib/gcc/arm-none-eabi/9.2.1/../../../../arm-none-eabi/bin/ld: ./source/sensores.o:/Users/martinamaspero/Desktop/micros_ANDA/workspace/MK64FN1M0xxx12_Project/Debug/../source/sensores.c:63: multiple definition of `aun_ir_buffer'; ./source/o2.o:/Users/martinamaspero/Desktop/micros_ANDA/workspace/MK64FN1M0xxx12_Project/Debug/../source/o2.c:22: first defined here
/Applications/MCUXpressoIDE_11.2.1_4149/ide/plugins/com.nxp.mcuxpresso.tools.macosx_11.2.0.202001021529/tools/bin/../lib/gcc/arm-none-eabi/9.2.1/../../../../arm-none-eabi/bin/ld: ./source/sensores.o:/Users/martinamaspero/Desktop/micros_ANDA/workspace/MK64FN1M0xxx12_Project/Debug/../source/sensores.c:64: multiple definition of `aun_red_buffer'; ./source/o2.o:/Users/martinamaspero/Desktop/micros_ANDA/workspace/MK64FN1M0xxx12_Project/Debug/../source/o2.c:23: first defined here
Memory region         Used Size  Region Size  %age Used
   PROGRAM_FLASH:       24040 B         1 MB      2.29%
      SRAM_UPPER:       10064 B       192 KB      5.12%
/Applications/MCUXpressoIDE_11.2.1_4149/ide/plugins/com.nxp.mcuxpresso.tools.macosx_11.2.0.202001021529/tools/bin/../lib/gcc/arm-none-eabi/9.2.1/../../../../arm-none-eabi/bin/ld: ./source/sensores.o:/Users/martinamaspero/Desktop/micros_ANDA/workspace/MK64FN1M0xxx12_Project/Debug/../source/sensores.c:65: multiple definition of `n_spo2'; ./source/o2.o:/Users/martinamaspero/Desktop/micros_ANDA/workspace/MK64FN1M0xxx12_Project/Debug/../source/o2.c:24: first defined here
      SRAM_LOWER:          0 GB        64 KB      0.00%
/Applications/MCUXpressoIDE_11.2.1_4149/ide/plugins/com.nxp.mcuxpresso.tools.macosx_11.2.0.202001021529/tools/bin/../lib/gcc/arm-none-eabi/9.2.1/../../../../arm-none-eabi/bin/ld: ./source/sensores.o:/Users/martinamaspero/Desktop/micros_ANDA/workspace/MK64FN1M0xxx12_Project/Debug/../source/sensores.c:65: multiple definition of `ratio'; ./source/o2.o:/Users/martinamaspero/Desktop/micros_ANDA/workspace/MK64FN1M0xxx12_Project/Debug/../source/o2.c:24: first defined here
        FLEX_RAM:          0 GB         4 KB      0.00%
/Applications/MCUXpressoIDE_11.2.1_4149/ide/plugins/com.nxp.mcuxpresso.tools.macosx_11.2.0.202001021529/tools/bin/../lib/gcc/arm-none-eabi/9.2.1/../../../../arm-none-eabi/bin/ld: ./source/sensores.o:/Users/martinamaspero/Desktop/micros_ANDA/workspace/MK64FN1M0xxx12_Project/Debug/../source/sensores.c:65: multiple definition of `correl'; ./source/o2.o:/Users/martinamaspero/Desktop/micros_ANDA/workspace/MK64FN1M0xxx12_Project/Debug/../source/o2.c:24: first defined here
/Applications/MCUXpressoIDE_11.2.1_4149/ide/plugins/com.nxp.mcuxpresso.tools.macosx_11.2.0.202001021529/tools/bin/../lib/gcc/arm-none-eabi/9.2.1/../../../../arm-none-eabi/bin/ld: ./source/sensores.o:/Users/martinamaspero/Desktop/micros_ANDA/workspace/MK64FN1M0xxx12_Project/Debug/../source/sensores.c:66: multiple definition of `ch_spo2_valid'; ./source/o2.o:/Users/martinamaspero/Desktop/micros_ANDA/workspace/MK64FN1M0xxx12_Project/Debug/../source/o2.c:25: first defined here
/Applications/MCUXpressoIDE_11.2.1_4149/ide/plugins/com.nxp.mcuxpresso.tools.macosx_11.2.0.202001021529/tools/bin/../lib/gcc/arm-none-eabi/9.2.1/../../../../arm-none-eabi/bin/ld: ./source/sensores.o:/Users/martinamaspero/Desktop/micros_ANDA/workspace/MK64FN1M0xxx12_Project/Debug/../source/sensores.c:67: multiple definition of `n_heart_rate'; ./source/o2.o:/Users/martinamaspero/Desktop/micros_ANDA/workspace/MK64FN1M0xxx12_Project/Debug/../source/o2.c:26: first defined here
[...]
  494 | #define ADC_SC1_ADCH(x)                          (((uint32_t)(((uint32_t)(x)) << ADC_SC1_ADCH_SHIFT)) & ADC_SC1_ADCH_MASK)
      |                                                                           ^
make: *** [source/subdir.mk:47: source/adc.o] Error 1
make: *** Waiting for unfinished jobs....
Finished building: ../source/ecg.c
 
"make -r -j3 all" terminated with exit code 2. Build might be incomplete.
18:44:13 **** Incremental Build of configuration Debug for project frdmk64f_adc16_interrupt ****
make -r -j3 all 
make: Nothing to be done for 'all'.
18:45:12 **** Incremental Build of configuration Debug for project MK64FN1M0xxx12_Project ****
make -r -j3 all 
Building file: ../source/adc.c
Invoking: MCU C Compiler
arm-none-eabi-gcc -D__REDLIB__ -DCPU_MK64FN1M0VLL12 -DCPU_MK64FN1M0VLL12_cm4 -DFSL_RTOS_BM -DSDK_OS_BAREMETAL -DSERIAL_PORT_TYPE_UART=1 -DSDK_DEBUGCONSOLE=0 -DCR_INTEGER_PRINTF -DPRINTF_FLOAT_ENABLE=0 -D__MCUXPRESSO -D__USE_CMSIS -DDEBUG -I"/Users/martinamaspero/Desktop/labo-de-micros-tpf/Martu/micros_ANDA/workspace/MK64FN1M0xxx12_Project/board" -I"/Users/martinamaspero/Desktop/labo-de-micros-tpf/Martu/micros_ANDA/workspace/MK64FN1M0xxx12_Project/source" -I"/Users/martinamaspero/Desktop/labo-de-micros-tpf/Martu/micros_ANDA/workspace/MK64FN1M0xxx12_Project" -I"/Users/martinamaspero/Desktop/labo-de-micros-tpf/Martu/micros_ANDA/workspace/MK64FN1M0xxx12_Project/drivers" -I"/Users/martinamaspero/Desktop/labo-de-micros-tpf/Martu/micros_ANDA/workspace/MK64FN1M0xxx12_Project/device" -I"/Users/martinamaspero/Desktop/labo-de-micros-tpf/Martu/micros_ANDA/workspace/MK64FN1M0xxx12_Project/CMSIS" -I"/Users/martinamaspero/Desktop/labo-de-micros-tpf/Martu/micros_ANDA/workspace/MK64FN1M0xxx12_Project/component/uart" -I"/Users/martinamaspero/Desktop/labo-de-micros-tpf/Martu/micros_ANDA/workspace/MK64FN1M0xxx12_Project/utilities" -I"/Users/martinamaspero/Desktop/labo-de-micros-tpf/Martu/micros_ANDA/workspace/MK64FN1M0xxx12_Project/component/serial_manager" -I"/Users/martinamaspero/Desktop/labo-de-micros-tpf/Martu/micros_ANDA/workspace/MK64FN1M0xxx12_Project/component/lists" -O0 -fno-common -g3 -Wall -c -ffunction-sections -fdata-sections -ffreestanding -fno-builtin -fmerge-constants -fmacro-prefix-map="../source/"=. -mcpu=cortex-m4 -mfpu=fpv4-sp-d16 -mfloat-abi=hard -mthumb -D__REDLIB__ -fstack-usage -specs=redlib.specs -MMD -MP -MF"source/adc.d" -MT"source/adc.o" -MT"source/adc.d" -o "source/adc.o" "../source/adc.c"
Finished building: ../source/adc.c
 
Building target: MK64FN1M0xxx12_Project.axf
Invoking: MCU Linker
arm-none-eabi-gcc -nostdlib -Xlinker -Map="MK64FN1M0xxx12_Project.map" -Xlinker --gc-sections -Xlinker -print-memory-usage -Xlinker --sort-section=alignment -Xlinker --cref -mcpu=cortex-m4 -mfpu=fpv4-sp-d16 -mfloat-abi=hard -mthumb -T MK64FN1M0xxx12_Project_Debug.ld -o "MK64FN1M0xxx12_Project.axf"  ./utilities/fsl_debug_console.o ./utilities/fsl_str.o  ./startup/startup_mk64f12.o  ./source/adc.o ./source/algorithm.o ./source/ecg.o ./source/fever.o ./source/gpio.o ./source/i2c_config.o ./source/o2.o ./source/pit.o ./source/semihost_hardfault.o ./source/sensores.o  ./drivers/fsl_adc16.o ./drivers/fsl_clock.o ./drivers/fsl_common.o ./drivers/fsl_gpio.o ./drivers/fsl_i2c.o ./drivers/fsl_pit.o ./drivers/fsl_smc.o ./drivers/fsl_uart.o  ./device/system_MK64F12.o  ./component/uart/uart_adapter.o  ./component/serial_manager/serial_manager.o ./component/serial_manager/serial_port_uart.o  ./component/lists/generic_list.o  ./board/board.o ./board/clock_config.o ./board/peripherals.o ./board/pin_mux.o   
Memory region         Used Size  Region Size  %age Used
   PROGRAM_FLASH:       25024 B         1 MB      2.39%
      SRAM_UPPER:       10088 B       192 KB      5.13%
      SRAM_LOWER:          0 GB        64 KB      0.00%
        FLEX_RAM:          0 GB         4 KB      0.00%
Finished building target: MK64FN1M0xxx12_Project.axf
 
make --no-print-directory post-build
Performing post-build steps
arm-none-eabi-size "MK64FN1M0xxx12_Project.axf"; # arm-none-eabi-objcopy -v -O binary "MK64FN1M0xxx12_Project.axf" "MK64FN1M0xxx12_Project.bin" ; # checksum -p MK64FN1M0xxx12 -d "MK64FN1M0xxx12_Project.bin";
   text	   data	    bss	    dec	    hex	filename
  24936	     88	  10000	  35024	   88d0	MK64FN1M0xxx12_Project.axf
 
18:45:14 **** Incremental Build of configuration Debug for project frdmk64f_adc16_interrupt ****
make -r -j3 all 
make: Nothing to be done for 'all'.
20:51:40 **** Incremental Build of configuration Debug for project MK64FN1M0xxx12_Project ****
make -r -j3 all 
Building file: ../source/ecg.c
Invoking: MCU C Compiler
arm-none-eabi-gcc -D__REDLIB__ -DCPU_MK64FN1M0VLL12 -DCPU_MK64FN1M0VLL12_cm4 -DFSL_RTOS_BM -DSDK_OS_BAREMETAL -DSERIAL_PORT_TYPE_UART=1 -DSDK_DEBUGCONSOLE=0 -DCR_INTEGER_PRINTF -DPRINTF_FLOAT_ENABLE=0 -D__MCUXPRESSO -D__USE_CMSIS -DDEBUG -I"/Users/martinamaspero/Desktop/labo-de-micros-tpf/Martu/micros_ANDA/workspace/MK64FN1M0xxx12_Project/board" -I"/Users/martinamaspero/Desktop/labo-de-micros-tpf/Martu/micros_ANDA/workspace/MK64FN1M0xxx12_Project/source" -I"/Users/martinamaspero/Desktop/labo-de-micros-tpf/Martu/micros_ANDA/workspace/MK64FN1M0xxx12_Project" -I"/Users/martinamaspero/Desktop/labo-de-micros-tpf/Martu/micros_ANDA/workspace/MK64FN1M0xxx12_Project/drivers" -I"/Users/martinamaspero/Desktop/labo-de-micros-tpf/Martu/micros_ANDA/workspace/MK64FN1M0xxx12_Project/device" -I"/Users/martinamaspero/Desktop/labo-de-micros-tpf/Martu/micros_ANDA/workspace/MK64FN1M0xxx12_Project/CMSIS" -I"/Users/martinamaspero/Desktop/labo-de-micros-tpf/Martu/micros_ANDA/workspace/MK64FN1M0xxx12_Project/component/uart" -I"/Users/martinamaspero/Desktop/labo-de-micros-tpf/Martu/micros_ANDA/workspace/MK64FN1M0xxx12_Project/utilities" -I"/Users/martinamaspero/Desktop/labo-de-micros-tpf/Martu/micros_ANDA/workspace/MK64FN1M0xxx12_Project/component/serial_manager" -I"/Users/martinamaspero/Desktop/labo-de-micros-tpf/Martu/micros_ANDA/workspace/MK64FN1M0xxx12_Project/component/lists" -O0 -fno-common -g3 -Wall -c -ffunction-sections -fdata-sections -ffreestanding -fno-builtin -fmerge-constants -fmacro-prefix-map="../source/"=. -mcpu=cortex-m4 -mfpu=fpv4-sp-d16 -mfloat-abi=hard -mthumb -D__REDLIB__ -fstack-usage -specs=redlib.specs -MMD -MP -MF"source/ecg.d" -MT"source/ecg.o" -MT"source/ecg.d" -o "source/ecg.o" "../source/ecg.c"
../source/ecg.c: In function 'pit_func':
../source/ecg.c:36:3: warning: implicit declaration of function 'PRINTF' [-Wimplicit-function-declaration]
   36 |   PRINTF("!!!!!!!");
      |   ^~~~~~
Finished building: ../source/ecg.c
 
Building target: MK64FN1M0xxx12_Project.axf
Invoking: MCU Linker
arm-none-eabi-gcc -nostdlib -Xlinker -Map="MK64FN1M0xxx12_Project.map" -Xlinker --gc-sections -Xlinker -print-memory-usage -Xlinker --sort-section=alignment -Xlinker --cref -mcpu=cortex-m4 -mfpu=fpv4-sp-d16 -mfloat-abi=hard -mthumb -T MK64FN1M0xxx12_Project_Debug.ld -o "MK64FN1M0xxx12_Project.axf"  ./utilities/fsl_debug_console.o ./utilities/fsl_str.o  ./startup/startup_mk64f12.o  ./source/adc.o ./source/algorithm.o ./source/ecg.o ./source/fever.o ./source/gpio.o ./source/i2c_config.o ./source/o2.o ./source/pit.o ./source/semihost_hardfault.o ./source/sensores.o  ./drivers/fsl_adc16.o ./drivers/fsl_clock.o ./drivers/fsl_common.o ./drivers/fsl_gpio.o ./drivers/fsl_i2c.o ./drivers/fsl_pit.o ./drivers/fsl_smc.o ./drivers/fsl_uart.o  ./device/system_MK64F12.o  ./component/uart/uart_adapter.o  ./component/serial_manager/serial_manager.o ./component/serial_manager/serial_port_uart.o  ./component/lists/generic_list.o  ./board/board.o ./board/clock_config.o ./board/peripherals.o ./board/pin_mux.o   
Memory region         Used Size  Region Size  %age Used
   PROGRAM_FLASH:       25024 B         1 MB      2.39%
      SRAM_UPPER:       10088 B       192 KB      5.13%
      SRAM_LOWER:          0 GB        64 KB      0.00%
        FLEX_RAM:          0 GB         4 KB      0.00%
Finished building target: MK64FN1M0xxx12_Project.axf
 
make --no-print-directory post-build
Performing post-build steps
arm-none-eabi-size "MK64FN1M0xxx12_Project.axf"; # arm-none-eabi-objcopy -v -O binary "MK64FN1M0xxx12_Project.axf" "MK64FN1M0xxx12_Project.bin" ; # checksum -p MK64FN1M0xxx12 -d "MK64FN1M0xxx12_Project.bin";
   text	   data	    bss	    dec	    hex	filename
  24936	     88	  10000	  35024	   88d0	MK64FN1M0xxx12_Project.axf
 
20:51:43 **** Incremental Build of configuration Debug for project frdmk64f_adc16_interrupt ****
make -r -j3 all 
make: Nothing to be done for 'all'.
20:52:47 **** Incremental Build of configuration Debug for project MK64FN1M0xxx12_Project ****
make -r -j3 all 
Building file: ../source/ecg.c
Invoking: MCU C Compiler
arm-none-eabi-gcc -D__REDLIB__ -DCPU_MK64FN1M0VLL12 -DCPU_MK64FN1M0VLL12_cm4 -DFSL_RTOS_BM -DSDK_OS_BAREMETAL -DSERIAL_PORT_TYPE_UART=1 -DSDK_DEBUGCONSOLE=0 -DCR_INTEGER_PRINTF -DPRINTF_FLOAT_ENABLE=0 -D__MCUXPRESSO -D__USE_CMSIS -DDEBUG -I"/Users/martinamaspero/Desktop/labo-de-micros-tpf/Martu/micros_ANDA/workspace/MK64FN1M0xxx12_Project/board" -I"/Users/martinamaspero/Desktop/labo-de-micros-tpf/Martu/micros_ANDA/workspace/MK64FN1M0xxx12_Project/source" -I"/Users/martinamaspero/Desktop/labo-de-micros-tpf/Martu/micros_ANDA/workspace/MK64FN1M0xxx12_Project" -I"/Users/martinamaspero/Desktop/labo-de-micros-tpf/Martu/micros_ANDA/workspace/MK64FN1M0xxx12_Project/drivers" -I"/Users/martinamaspero/Desktop/labo-de-micros-tpf/Martu/micros_ANDA/workspace/MK64FN1M0xxx12_Project/device" -I"/Users/martinamaspero/Desktop/labo-de-micros-tpf/Martu/micros_ANDA/workspace/MK64FN1M0xxx12_Project/CMSIS" -I"/Users/martinamaspero/Desktop/labo-de-micros-tpf/Martu/micros_ANDA/workspace/MK64FN1M0xxx12_Project/component/uart" -I"/Users/martinamaspero/Desktop/labo-de-micros-tpf/Martu/micros_ANDA/workspace/MK64FN1M0xxx12_Project/utilities" -I"/Users/martinamaspero/Desktop/labo-de-micros-tpf/Martu/micros_ANDA/workspace/MK64FN1M0xxx12_Project/component/serial_manager" -I"/Users/martinamaspero/Desktop/labo-de-micros-tpf/Martu/micros_ANDA/workspace/MK64FN1M0xxx12_Project/component/lists" -O0 -fno-common -g3 -Wall -c -ffunction-sections -fdata-sections -ffreestanding -fno-builtin -fmerge-constants -fmacro-prefix-map="../source/"=. -mcpu=cortex-m4 -mfpu=fpv4-sp-d16 -mfloat-abi=hard -mthumb -D__REDLIB__ -fstack-usage -specs=redlib.specs -MMD -MP -MF"source/ecg.d" -MT"source/ecg.o" -MT"source/ecg.d" -o "source/ecg.o" "../source/ecg.c"
Finished building: ../source/ecg.c
 
Building target: MK64FN1M0xxx12_Project.axf
Invoking: MCU Linker
arm-none-eabi-gcc -nostdlib -Xlinker -Map="MK64FN1M0xxx12_Project.map" -Xlinker --gc-sections -Xlinker -print-memory-usage -Xlinker --sort-section=alignment -Xlinker --cref -mcpu=cortex-m4 -mfpu=fpv4-sp-d16 -mfloat-abi=hard -mthumb -T MK64FN1M0xxx12_Project_Debug.ld -o "MK64FN1M0xxx12_Project.axf"  ./utilities/fsl_debug_console.o ./utilities/fsl_str.o  ./startup/startup_mk64f12.o  ./source/adc.o ./source/algorithm.o ./source/ecg.o ./source/fever.o ./source/gpio.o ./source/i2c_config.o ./source/o2.o ./source/pit.o ./source/semihost_hardfault.o ./source/sensores.o  ./drivers/fsl_adc16.o ./drivers/fsl_clock.o ./drivers/fsl_common.o ./drivers/fsl_gpio.o ./drivers/fsl_i2c.o ./drivers/fsl_pit.o ./drivers/fsl_smc.o ./drivers/fsl_uart.o  ./device/system_MK64F12.o  ./component/uart/uart_adapter.o  ./component/serial_manager/serial_manager.o ./component/serial_manager/serial_port_uart.o  ./component/lists/generic_list.o  ./board/board.o ./board/clock_config.o ./board/peripherals.o ./board/pin_mux.o   
Memory region         Used Size  Region Size  %age Used
   PROGRAM_FLASH:       25024 B         1 MB      2.39%
      SRAM_UPPER:       10088 B       192 KB      5.13%
      SRAM_LOWER:          0 GB        64 KB      0.00%
        FLEX_RAM:          0 GB         4 KB      0.00%
Finished building target: MK64FN1M0xxx12_Project.axf
 
make --no-print-directory post-build
Performing post-build steps
arm-none-eabi-size "MK64FN1M0xxx12_Project.axf"; # arm-none-eabi-objcopy -v -O binary "MK64FN1M0xxx12_Project.axf" "MK64FN1M0xxx12_Project.bin" ; # checksum -p MK64FN1M0xxx12 -d "MK64FN1M0xxx12_Project.bin";
   text	   data	    bss	    dec	    hex	filename
  24936	     88	  10000	  35024	   88d0	MK64FN1M0xxx12_Project.axf
 
20:52:49 **** Incremental Build of configuration Debug for project frdmk64f_adc16_interrupt ****
make -r -j3 all 
make: Nothing to be done for 'all'.
20:54:13 **** Incremental Build of configuration Debug for project MK64FN1M0xxx12_Project ****
make -r -j3 all 
Building file: ../source/o2.c
Invoking: MCU C Compiler
arm-none-eabi-gcc -D__REDLIB__ -DCPU_MK64FN1M0VLL12 -DCPU_MK64FN1M0VLL12_cm4 -DFSL_RTOS_BM -DSDK_OS_BAREMETAL -DSERIAL_PORT_TYPE_UART=1 -DSDK_DEBUGCONSOLE=0 -DCR_INTEGER_PRINTF -DPRINTF_FLOAT_ENABLE=0 -D__MCUXPRESSO -D__USE_CMSIS -DDEBUG -I"/Users/martinamaspero/Desktop/labo-de-micros-tpf/Martu/micros_ANDA/workspace/MK64FN1M0xxx12_Project/board" -I"/Users/martinamaspero/Desktop/labo-de-micros-tpf/Martu/micros_ANDA/workspace/MK64FN1M0xxx12_Project/source" -I"/Users/martinamaspero/Desktop/labo-de-micros-tpf/Martu/micros_ANDA/workspace/MK64FN1M0xxx12_Project" -I"/Users/martinamaspero/Desktop/labo-de-micros-tpf/Martu/micros_ANDA/workspace/MK64FN1M0xxx12_Project/drivers" -I"/Users/martinamaspero/Desktop/labo-de-micros-tpf/Martu/micros_ANDA/workspace/MK64FN1M0xxx12_Project/device" -I"/Users/martinamaspero/Desktop/labo-de-micros-tpf/Martu/micros_ANDA/workspace/MK64FN1M0xxx12_Project/CMSIS" -I"/Users/martinamaspero/Desktop/labo-de-micros-tpf/Martu/micros_ANDA/workspace/MK64FN1M0xxx12_Project/component/uart" -I"/Users/martinamaspero/Desktop/labo-de-micros-tpf/Martu/micros_ANDA/workspace/MK64FN1M0xxx12_Project/utilities" -I"/Users/martinamaspero/Desktop/labo-de-micros-tpf/Martu/micros_ANDA/workspace/MK64FN1M0xxx12_Project/component/serial_manager" -I"/Users/martinamaspero/Desktop/labo-de-micros-tpf/Martu/micros_ANDA/workspace/MK64FN1M0xxx12_Project/component/lists" -O0 -fno-common -g3 -Wall -c -ffunction-sections -fdata-sections -ffreestanding -fno-builtin -fmerge-constants -fmacro-prefix-map="../source/"=. -mcpu=cortex-m4 -mfpu=fpv4-sp-d16 -mfloat-abi=hard -mthumb -D__REDLIB__ -fstack-usage -specs=redlib.specs -MMD -MP -MF"source/o2.d" -MT"source/o2.o" -MT"source/o2.d" -o "source/o2.o" "../source/o2.c"
Finished building: ../source/o2.c
 
Building target: MK64FN1M0xxx12_Project.axf
Invoking: MCU Linker
arm-none-eabi-gcc -nostdlib -Xlinker -Map="MK64FN1M0xxx12_Project.map" -Xlinker --gc-sections -Xlinker -print-memory-usage -Xlinker --sort-section=alignment -Xlinker --cref -mcpu=cortex-m4 -mfpu=fpv4-sp-d16 -mfloat-abi=hard -mthumb -T MK64FN1M0xxx12_Project_Debug.ld -o "MK64FN1M0xxx12_Project.axf"  ./utilities/fsl_debug_console.o ./utilities/fsl_str.o  ./startup/startup_mk64f12.o  ./source/adc.o ./source/algorithm.o ./source/ecg.o ./source/fever.o ./source/gpio.o ./source/i2c_config.o ./source/o2.o ./source/pit.o ./source/semihost_hardfault.o ./source/sensores.o  ./drivers/fsl_adc16.o ./drivers/fsl_clock.o ./drivers/fsl_common.o ./drivers/fsl_gpio.o ./drivers/fsl_i2c.o ./drivers/fsl_pit.o ./drivers/fsl_smc.o ./drivers/fsl_uart.o  ./device/system_MK64F12.o  ./component/uart/uart_adapter.o  ./component/serial_manager/serial_manager.o ./component/serial_manager/serial_port_uart.o  ./component/lists/generic_list.o  ./board/board.o ./board/clock_config.o ./board/peripherals.o ./board/pin_mux.o   
Memory region         Used Size  Region Size  %age Used
   PROGRAM_FLASH:       25024 B         1 MB      2.39%
      SRAM_UPPER:       10088 B       192 KB      5.13%
      SRAM_LOWER:          0 GB        64 KB      0.00%
        FLEX_RAM:          0 GB         4 KB      0.00%
Finished building target: MK64FN1M0xxx12_Project.axf
 
make --no-print-directory post-build
Performing post-build steps
arm-none-eabi-size "MK64FN1M0xxx12_Project.axf"; # arm-none-eabi-objcopy -v -O binary "MK64FN1M0xxx12_Project.axf" "MK64FN1M0xxx12_Project.bin" ; # checksum -p MK64FN1M0xxx12 -d "MK64FN1M0xxx12_Project.bin";
   text	   data	    bss	    dec	    hex	filename
  24936	     88	  10000	  35024	   88d0	MK64FN1M0xxx12_Project.axf
 
20:55:52 **** Incremental Build of configuration Debug for project MK64FN1M0xxx12_Project ****
make -r -j3 all 
Building file: ../source/o2.c
Invoking: MCU C Compiler
arm-none-eabi-gcc -D__REDLIB__ -DCPU_MK64FN1M0VLL12 -DCPU_MK64FN1M0VLL12_cm4 -DFSL_RTOS_BM -DSDK_OS_BAREMETAL -DSERIAL_PORT_TYPE_UART=1 -DSDK_DEBUGCONSOLE=0 -DCR_INTEGER_PRINTF -DPRINTF_FLOAT_ENABLE=0 -D__MCUXPRESSO -D__USE_CMSIS -DDEBUG -I"/Users/martinamaspero/Desktop/labo-de-micros-tpf/Martu/micros_ANDA/workspace/MK64FN1M0xxx12_Project/board" -I"/Users/martinamaspero/Desktop/labo-de-micros-tpf/Martu/micros_ANDA/workspace/MK64FN1M0xxx12_Project/source" -I"/Users/martinamaspero/Desktop/labo-de-micros-tpf/Martu/micros_ANDA/workspace/MK64FN1M0xxx12_Project" -I"/Users/martinamaspero/Desktop/labo-de-micros-tpf/Martu/micros_ANDA/workspace/MK64FN1M0xxx12_Project/drivers" -I"/Users/martinamaspero/Desktop/labo-de-micros-tpf/Martu/micros_ANDA/workspace/MK64FN1M0xxx12_Project/device" -I"/Users/martinamaspero/Desktop/labo-de-micros-tpf/Martu/micros_ANDA/workspace/MK64FN1M0xxx12_Project/CMSIS" -I"/Users/martinamaspero/Desktop/labo-de-micros-tpf/Martu/micros_ANDA/workspace/MK64FN1M0xxx12_Project/component/uart" -I"/Users/martinamaspero/Desktop/labo-de-micros-tpf/Martu/micros_ANDA/workspace/MK64FN1M0xxx12_Project/utilities" -I"/Users/martinamaspero/Desktop/labo-de-micros-tpf/Martu/micros_ANDA/workspace/MK64FN1M0xxx12_Project/component/serial_manager" -I"/Users/martinamaspero/Desktop/labo-de-micros-tpf/Martu/micros_ANDA/workspace/MK64FN1M0xxx12_Project/component/lists" -O0 -fno-common -g3 -Wall -c -ffunction-sections -fdata-sections -ffreestanding -fno-builtin -fmerge-constants -fmacro-prefix-map="../source/"=. -mcpu=cortex-m4 -mfpu=fpv4-sp-d16 -mfloat-abi=hard -mthumb -D__REDLIB__ -fstack-usage -specs=redlib.specs -MMD -MP -MF"source/o2.d" -MT"source/o2.o" -MT"source/o2.d" -o "source/o2.o" "../source/o2.c"
Finished building: ../source/o2.c
 
Building target: MK64FN1M0xxx12_Project.axf
Invoking: MCU Linker
arm-none-eabi-gcc -nostdlib -Xlinker -Map="MK64FN1M0xxx12_Project.map" -Xlinker --gc-sections -Xlinker -print-memory-usage -Xlinker --sort-section=alignment -Xlinker --cref -mcpu=cortex-m4 -mfpu=fpv4-sp-d16 -mfloat-abi=hard -mthumb -T MK64FN1M0xxx12_Project_Debug.ld -o "MK64FN1M0xxx12_Project.axf"  ./utilities/fsl_debug_console.o ./utilities/fsl_str.o  ./startup/startup_mk64f12.o  ./source/adc.o ./source/algorithm.o ./source/ecg.o ./source/fever.o ./source/gpio.o ./source/i2c_config.o ./source/o2.o ./source/pit.o ./source/semihost_hardfault.o ./source/sensores.o  ./drivers/fsl_adc16.o ./drivers/fsl_clock.o ./drivers/fsl_common.o ./drivers/fsl_gpio.o ./drivers/fsl_i2c.o ./drivers/fsl_pit.o ./drivers/fsl_smc.o ./drivers/fsl_uart.o  ./device/system_MK64F12.o  ./component/uart/uart_adapter.o  ./component/serial_manager/serial_manager.o ./component/serial_manager/serial_port_uart.o  ./component/lists/generic_list.o  ./board/board.o ./board/clock_config.o ./board/peripherals.o ./board/pin_mux.o   
Memory region         Used Size  Region Size  %age Used
   PROGRAM_FLASH:       25024 B         1 MB      2.39%
      SRAM_UPPER:       10088 B       192 KB      5.13%
      SRAM_LOWER:          0 GB        64 KB      0.00%
        FLEX_RAM:          0 GB         4 KB      0.00%
Finished building target: MK64FN1M0xxx12_Project.axf
 
make --no-print-directory post-build
Performing post-build steps
arm-none-eabi-size "MK64FN1M0xxx12_Project.axf"; # arm-none-eabi-objcopy -v -O binary "MK64FN1M0xxx12_Project.axf" "MK64FN1M0xxx12_Project.bin" ; # checksum -p MK64FN1M0xxx12 -d "MK64FN1M0xxx12_Project.bin";
   text	   data	    bss	    dec	    hex	filename
  24936	     88	  10000	  35024	   88d0	MK64FN1M0xxx12_Project.axf
 
