
Discarded input sections

 .group         0x00000000        0xc ./source/App.o
 .group         0x00000000        0xc ./source/App.o
 .group         0x00000000        0xc ./source/App.o
 .group         0x00000000        0xc ./source/App.o
 .group         0x00000000        0xc ./source/App.o
 .group         0x00000000        0xc ./source/App.o
 .group         0x00000000        0xc ./source/App.o
 .group         0x00000000        0xc ./source/App.o
 .group         0x00000000        0xc ./source/App.o
 .group         0x00000000        0xc ./source/App.o
 .group         0x00000000        0xc ./source/App.o
 .group         0x00000000        0xc ./source/App.o
 .group         0x00000000        0xc ./source/App.o
 .group         0x00000000        0xc ./source/App.o
 .group         0x00000000        0xc ./source/App.o
 .text          0x00000000        0x0 ./source/App.o
 .data          0x00000000        0x0 ./source/App.o
 .bss           0x00000000        0x0 ./source/App.o
 .group         0x00000000        0xc ./source/DMA.o
 .group         0x00000000        0xc ./source/DMA.o
 .group         0x00000000        0xc ./source/DMA.o
 .group         0x00000000        0xc ./source/DMA.o
 .group         0x00000000        0xc ./source/DMA.o
 .group         0x00000000        0xc ./source/DMA.o
 .group         0x00000000        0xc ./source/DMA.o
 .group         0x00000000        0xc ./source/DMA.o
 .group         0x00000000        0xc ./source/DMA.o
 .group         0x00000000        0xc ./source/DMA.o
 .group         0x00000000        0xc ./source/DMA.o
 .group         0x00000000        0xc ./source/DMA.o
 .group         0x00000000        0xc ./source/DMA.o
 .group         0x00000000        0xc ./source/DMA.o
 .group         0x00000000        0xc ./source/DMA.o
 .text          0x00000000        0x0 ./source/DMA.o
 .data          0x00000000        0x0 ./source/DMA.o
 .bss           0x00000000        0x0 ./source/DMA.o
 .text.DMA0_ConfigPingPongBuffer
                0x00000000      0x154 ./source/DMA.o
 .text.DMA0_DisableRequest
                0x00000000       0x44 ./source/DMA.o
 .text.DMA0_GenerateRequest
                0x00000000       0x30 ./source/DMA.o
 .debug_macro   0x00000000      0xa5a ./source/DMA.o
 .debug_macro   0x00000000      0x34e ./source/DMA.o
 .debug_macro   0x00000000       0x22 ./source/DMA.o
 .debug_macro   0x00000000       0x10 ./source/DMA.o
 .debug_macro   0x00000000       0x5c ./source/DMA.o
 .debug_macro   0x00000000       0x1c ./source/DMA.o
 .debug_macro   0x00000000       0x22 ./source/DMA.o
 .debug_macro   0x00000000       0xdf ./source/DMA.o
 .debug_macro   0x00000000      0xecf ./source/DMA.o
 .debug_macro   0x00000000       0x48 ./source/DMA.o
 .debug_macro   0x00000000     0xe07b ./source/DMA.o
 .debug_macro   0x00000000     0x122b ./source/DMA.o
 .debug_macro   0x00000000       0x16 ./source/DMA.o
 .group         0x00000000        0xc ./source/i2s.o
 .group         0x00000000        0xc ./source/i2s.o
 .group         0x00000000        0xc ./source/i2s.o
 .group         0x00000000        0xc ./source/i2s.o
 .group         0x00000000        0xc ./source/i2s.o
 .group         0x00000000        0xc ./source/i2s.o
 .group         0x00000000        0xc ./source/i2s.o
 .group         0x00000000        0xc ./source/i2s.o
 .group         0x00000000        0xc ./source/i2s.o
 .group         0x00000000        0xc ./source/i2s.o
 .group         0x00000000        0xc ./source/i2s.o
 .group         0x00000000        0xc ./source/i2s.o
 .group         0x00000000        0xc ./source/i2s.o
 .group         0x00000000        0xc ./source/i2s.o
 .group         0x00000000        0xc ./source/i2s.o
 .text          0x00000000        0x0 ./source/i2s.o
 .data          0x00000000        0x0 ./source/i2s.o
 .bss           0x00000000        0x0 ./source/i2s.o
 .text.isFIFOFull
                0x00000000       0x72 ./source/i2s.o
 .text.i2s_get_transfer_fifo_reg_address
                0x00000000       0x18 ./source/i2s.o
 .text.i2s_send_data
                0x00000000       0x34 ./source/i2s.o
 .debug_macro   0x00000000      0xa5a ./source/i2s.o
 .debug_macro   0x00000000      0x34e ./source/i2s.o
 .debug_macro   0x00000000       0x22 ./source/i2s.o
 .debug_macro   0x00000000       0x3a ./source/i2s.o
 .debug_macro   0x00000000       0x34 ./source/i2s.o
 .debug_macro   0x00000000       0x5c ./source/i2s.o
 .debug_macro   0x00000000       0x1c ./source/i2s.o
 .debug_macro   0x00000000       0x22 ./source/i2s.o
 .debug_macro   0x00000000       0xdf ./source/i2s.o
 .debug_macro   0x00000000      0xecf ./source/i2s.o
 .debug_macro   0x00000000       0x48 ./source/i2s.o
 .debug_macro   0x00000000     0xe07b ./source/i2s.o
 .debug_macro   0x00000000       0x10 ./source/i2s.o
 .debug_macro   0x00000000     0x122b ./source/i2s.o
 .debug_macro   0x00000000       0x16 ./source/i2s.o
 .group         0x00000000        0xc ./source/i2s_regedit.o
 .group         0x00000000        0xc ./source/i2s_regedit.o
 .group         0x00000000        0xc ./source/i2s_regedit.o
 .group         0x00000000        0xc ./source/i2s_regedit.o
 .group         0x00000000        0xc ./source/i2s_regedit.o
 .group         0x00000000        0xc ./source/i2s_regedit.o
 .group         0x00000000        0xc ./source/i2s_regedit.o
 .group         0x00000000        0xc ./source/i2s_regedit.o
 .group         0x00000000        0xc ./source/i2s_regedit.o
 .group         0x00000000        0xc ./source/i2s_regedit.o
 .group         0x00000000        0xc ./source/i2s_regedit.o
 .group         0x00000000        0xc ./source/i2s_regedit.o
 .text          0x00000000        0x0 ./source/i2s_regedit.o
 .data          0x00000000        0x0 ./source/i2s_regedit.o
 .bss           0x00000000        0x0 ./source/i2s_regedit.o
 .debug_macro   0x00000000      0xa5a ./source/i2s_regedit.o
 .debug_macro   0x00000000      0x34e ./source/i2s_regedit.o
 .debug_macro   0x00000000       0x22 ./source/i2s_regedit.o
 .debug_macro   0x00000000       0x3a ./source/i2s_regedit.o
 .debug_macro   0x00000000       0x34 ./source/i2s_regedit.o
 .debug_macro   0x00000000       0x5c ./source/i2s_regedit.o
 .debug_macro   0x00000000       0x1c ./source/i2s_regedit.o
 .debug_macro   0x00000000       0x22 ./source/i2s_regedit.o
 .debug_macro   0x00000000       0xdf ./source/i2s_regedit.o
 .debug_macro   0x00000000      0xecf ./source/i2s_regedit.o
 .debug_macro   0x00000000       0x48 ./source/i2s_regedit.o
 .debug_macro   0x00000000     0xe07b ./source/i2s_regedit.o
 .group         0x00000000        0xc ./SDK/startup/hardware.o
 .group         0x00000000        0xc ./SDK/startup/hardware.o
 .group         0x00000000        0xc ./SDK/startup/hardware.o
 .group         0x00000000        0xc ./SDK/startup/hardware.o
 .group         0x00000000        0xc ./SDK/startup/hardware.o
 .group         0x00000000        0xc ./SDK/startup/hardware.o
 .group         0x00000000        0xc ./SDK/startup/hardware.o
 .group         0x00000000        0xc ./SDK/startup/hardware.o
 .group         0x00000000        0xc ./SDK/startup/hardware.o
 .group         0x00000000        0xc ./SDK/startup/hardware.o
 .group         0x00000000        0xc ./SDK/startup/hardware.o
 .group         0x00000000        0xc ./SDK/startup/hardware.o
 .group         0x00000000        0xc ./SDK/startup/hardware.o
 .text          0x00000000        0x0 ./SDK/startup/hardware.o
 .data          0x00000000        0x0 ./SDK/startup/hardware.o
 .bss           0x00000000        0x0 ./SDK/startup/hardware.o
 .debug_macro   0x00000000      0xa5a ./SDK/startup/hardware.o
 .debug_macro   0x00000000      0x34e ./SDK/startup/hardware.o
 .debug_macro   0x00000000       0x22 ./SDK/startup/hardware.o
 .debug_macro   0x00000000       0x10 ./SDK/startup/hardware.o
 .debug_macro   0x00000000       0x5c ./SDK/startup/hardware.o
 .debug_macro   0x00000000       0x1c ./SDK/startup/hardware.o
 .debug_macro   0x00000000       0x22 ./SDK/startup/hardware.o
 .debug_macro   0x00000000       0xdf ./SDK/startup/hardware.o
 .debug_macro   0x00000000      0xecf ./SDK/startup/hardware.o
 .debug_macro   0x00000000       0x48 ./SDK/startup/hardware.o
 .debug_macro   0x00000000     0xe07b ./SDK/startup/hardware.o
 .debug_macro   0x00000000     0x122b ./SDK/startup/hardware.o
 .debug_macro   0x00000000       0x16 ./SDK/startup/hardware.o
 .group         0x00000000        0xc ./SDK/startup/main.o
 .group         0x00000000        0xc ./SDK/startup/main.o
 .group         0x00000000        0xc ./SDK/startup/main.o
 .group         0x00000000        0xc ./SDK/startup/main.o
 .group         0x00000000        0xc ./SDK/startup/main.o
 .group         0x00000000        0xc ./SDK/startup/main.o
 .group         0x00000000        0xc ./SDK/startup/main.o
 .group         0x00000000        0xc ./SDK/startup/main.o
 .group         0x00000000        0xc ./SDK/startup/main.o
 .group         0x00000000        0xc ./SDK/startup/main.o
 .group         0x00000000        0xc ./SDK/startup/main.o
 .group         0x00000000        0xc ./SDK/startup/main.o
 .group         0x00000000        0xc ./SDK/startup/main.o
 .text          0x00000000        0x0 ./SDK/startup/main.o
 .data          0x00000000        0x0 ./SDK/startup/main.o
 .bss           0x00000000        0x0 ./SDK/startup/main.o
 .debug_macro   0x00000000      0xa5a ./SDK/startup/main.o
 .debug_macro   0x00000000      0x34e ./SDK/startup/main.o
 .debug_macro   0x00000000       0x22 ./SDK/startup/main.o
 .debug_macro   0x00000000       0x10 ./SDK/startup/main.o
 .debug_macro   0x00000000       0x5c ./SDK/startup/main.o
 .debug_macro   0x00000000       0x1c ./SDK/startup/main.o
 .debug_macro   0x00000000       0x22 ./SDK/startup/main.o
 .debug_macro   0x00000000       0xdf ./SDK/startup/main.o
 .debug_macro   0x00000000      0xecf ./SDK/startup/main.o
 .debug_macro   0x00000000       0x48 ./SDK/startup/main.o
 .debug_macro   0x00000000     0xe07b ./SDK/startup/main.o
 .debug_macro   0x00000000     0x122b ./SDK/startup/main.o
 .debug_macro   0x00000000       0x16 ./SDK/startup/main.o
 .group         0x00000000        0xc ./SDK/startup/semihost_hardfault.o
 .text          0x00000000        0x0 ./SDK/startup/semihost_hardfault.o
 .data          0x00000000        0x0 ./SDK/startup/semihost_hardfault.o
 .bss           0x00000000        0x0 ./SDK/startup/semihost_hardfault.o
 .debug_macro   0x00000000      0xa5a ./SDK/startup/semihost_hardfault.o
 .group         0x00000000        0xc ./SDK/startup/startup_mk64f12.o
 .text          0x00000000        0x0 ./SDK/startup/startup_mk64f12.o
 .data          0x00000000        0x0 ./SDK/startup/startup_mk64f12.o
 .bss           0x00000000        0x0 ./SDK/startup/startup_mk64f12.o
 .text.DMA0_IRQHandler
                0x00000000        0x8 ./SDK/startup/startup_mk64f12.o
 .text.I2S0_Tx_IRQHandler
                0x00000000        0x8 ./SDK/startup/startup_mk64f12.o
 .debug_macro   0x00000000      0xa5a ./SDK/startup/startup_mk64f12.o
 .group         0x00000000        0xc ./SDK/CMSIS/system_MK64F12.o
 .group         0x00000000        0xc ./SDK/CMSIS/system_MK64F12.o
 .group         0x00000000        0xc ./SDK/CMSIS/system_MK64F12.o
 .group         0x00000000        0xc ./SDK/CMSIS/system_MK64F12.o
 .group         0x00000000        0xc ./SDK/CMSIS/system_MK64F12.o
 .group         0x00000000        0xc ./SDK/CMSIS/system_MK64F12.o
 .group         0x00000000        0xc ./SDK/CMSIS/system_MK64F12.o
 .group         0x00000000        0xc ./SDK/CMSIS/system_MK64F12.o
 .group         0x00000000        0xc ./SDK/CMSIS/system_MK64F12.o
 .group         0x00000000        0xc ./SDK/CMSIS/system_MK64F12.o
 .group         0x00000000        0xc ./SDK/CMSIS/system_MK64F12.o
 .text          0x00000000        0x0 ./SDK/CMSIS/system_MK64F12.o
 .data          0x00000000        0x0 ./SDK/CMSIS/system_MK64F12.o
 .bss           0x00000000        0x0 ./SDK/CMSIS/system_MK64F12.o
 .data.SystemCoreClock
                0x00000000        0x4 ./SDK/CMSIS/system_MK64F12.o
 .text.SystemCoreClockUpdate
                0x00000000      0x278 ./SDK/CMSIS/system_MK64F12.o
 .debug_macro   0x00000000      0xa5a ./SDK/CMSIS/system_MK64F12.o
 .debug_macro   0x00000000      0x34e ./SDK/CMSIS/system_MK64F12.o
 .debug_macro   0x00000000       0x10 ./SDK/CMSIS/system_MK64F12.o
 .debug_macro   0x00000000       0x5c ./SDK/CMSIS/system_MK64F12.o
 .debug_macro   0x00000000       0x1c ./SDK/CMSIS/system_MK64F12.o
 .debug_macro   0x00000000       0x22 ./SDK/CMSIS/system_MK64F12.o
 .debug_macro   0x00000000       0xdf ./SDK/CMSIS/system_MK64F12.o
 .debug_macro   0x00000000      0xecf ./SDK/CMSIS/system_MK64F12.o
 .debug_macro   0x00000000       0x48 ./SDK/CMSIS/system_MK64F12.o
 .debug_macro   0x00000000     0xe07b ./SDK/CMSIS/system_MK64F12.o
 .debug_macro   0x00000000     0x122b ./SDK/CMSIS/system_MK64F12.o
 .group         0x00000000        0xc C:/labo-de-micros-tpf/I2S/projects/blink-example/source/gpio.o
 .group         0x00000000        0xc C:/labo-de-micros-tpf/I2S/projects/blink-example/source/gpio.o
 .group         0x00000000        0xc C:/labo-de-micros-tpf/I2S/projects/blink-example/source/gpio.o
 .group         0x00000000        0xc C:/labo-de-micros-tpf/I2S/projects/blink-example/source/gpio.o
 .group         0x00000000        0xc C:/labo-de-micros-tpf/I2S/projects/blink-example/source/gpio.o
 .group         0x00000000        0xc C:/labo-de-micros-tpf/I2S/projects/blink-example/source/gpio.o
 .group         0x00000000        0xc C:/labo-de-micros-tpf/I2S/projects/blink-example/source/gpio.o
 .group         0x00000000        0xc C:/labo-de-micros-tpf/I2S/projects/blink-example/source/gpio.o
 .group         0x00000000        0xc C:/labo-de-micros-tpf/I2S/projects/blink-example/source/gpio.o
 .group         0x00000000        0xc C:/labo-de-micros-tpf/I2S/projects/blink-example/source/gpio.o
 .group         0x00000000        0xc C:/labo-de-micros-tpf/I2S/projects/blink-example/source/gpio.o
 .group         0x00000000        0xc C:/labo-de-micros-tpf/I2S/projects/blink-example/source/gpio.o
 .group         0x00000000        0xc C:/labo-de-micros-tpf/I2S/projects/blink-example/source/gpio.o
 .group         0x00000000        0xc C:/labo-de-micros-tpf/I2S/projects/blink-example/source/gpio.o
 .text          0x00000000        0x0 C:/labo-de-micros-tpf/I2S/projects/blink-example/source/gpio.o
 .data          0x00000000        0x0 C:/labo-de-micros-tpf/I2S/projects/blink-example/source/gpio.o
 .bss           0x00000000        0x0 C:/labo-de-micros-tpf/I2S/projects/blink-example/source/gpio.o
 .rodata.portPtrList
                0x00000000       0x14 C:/labo-de-micros-tpf/I2S/projects/blink-example/source/gpio.o
 .rodata.gpioPtrList
                0x00000000       0x14 C:/labo-de-micros-tpf/I2S/projects/blink-example/source/gpio.o
 .rodata.mode2pcr
                0x00000000       0x10 C:/labo-de-micros-tpf/I2S/projects/blink-example/source/gpio.o
 .text.gpioMode
                0x00000000       0x98 C:/labo-de-micros-tpf/I2S/projects/blink-example/source/gpio.o
 .text.gpioWrite
                0x00000000       0x5c C:/labo-de-micros-tpf/I2S/projects/blink-example/source/gpio.o
 .text.gpioToggle
                0x00000000       0x48 C:/labo-de-micros-tpf/I2S/projects/blink-example/source/gpio.o
 .text.gpioRead
                0x00000000       0x68 C:/labo-de-micros-tpf/I2S/projects/blink-example/source/gpio.o
 .text.parsePin
                0x00000000       0x42 C:/labo-de-micros-tpf/I2S/projects/blink-example/source/gpio.o
 .debug_info    0x00000000      0x48c C:/labo-de-micros-tpf/I2S/projects/blink-example/source/gpio.o
 .debug_abbrev  0x00000000      0x162 C:/labo-de-micros-tpf/I2S/projects/blink-example/source/gpio.o
 .debug_aranges
                0x00000000       0x40 C:/labo-de-micros-tpf/I2S/projects/blink-example/source/gpio.o
 .debug_ranges  0x00000000       0x60 C:/labo-de-micros-tpf/I2S/projects/blink-example/source/gpio.o
 .debug_macro   0x00000000       0xd5 C:/labo-de-micros-tpf/I2S/projects/blink-example/source/gpio.o
 .debug_macro   0x00000000      0xa5a C:/labo-de-micros-tpf/I2S/projects/blink-example/source/gpio.o
 .debug_macro   0x00000000      0x34e C:/labo-de-micros-tpf/I2S/projects/blink-example/source/gpio.o
 .debug_macro   0x00000000       0x22 C:/labo-de-micros-tpf/I2S/projects/blink-example/source/gpio.o
 .debug_macro   0x00000000       0x3a C:/labo-de-micros-tpf/I2S/projects/blink-example/source/gpio.o
 .debug_macro   0x00000000       0x10 C:/labo-de-micros-tpf/I2S/projects/blink-example/source/gpio.o
 .debug_macro   0x00000000       0x5c C:/labo-de-micros-tpf/I2S/projects/blink-example/source/gpio.o
 .debug_macro   0x00000000       0x1c C:/labo-de-micros-tpf/I2S/projects/blink-example/source/gpio.o
 .debug_macro   0x00000000       0x22 C:/labo-de-micros-tpf/I2S/projects/blink-example/source/gpio.o
 .debug_macro   0x00000000       0xdf C:/labo-de-micros-tpf/I2S/projects/blink-example/source/gpio.o
 .debug_macro   0x00000000      0xecf C:/labo-de-micros-tpf/I2S/projects/blink-example/source/gpio.o
 .debug_macro   0x00000000       0x48 C:/labo-de-micros-tpf/I2S/projects/blink-example/source/gpio.o
 .debug_macro   0x00000000     0xe07b C:/labo-de-micros-tpf/I2S/projects/blink-example/source/gpio.o
 .debug_macro   0x00000000     0x122b C:/labo-de-micros-tpf/I2S/projects/blink-example/source/gpio.o
 .debug_macro   0x00000000       0x16 C:/labo-de-micros-tpf/I2S/projects/blink-example/source/gpio.o
 .debug_line    0x00000000      0x1ec C:/labo-de-micros-tpf/I2S/projects/blink-example/source/gpio.o
 .debug_str     0x00000000    0x772d6 C:/labo-de-micros-tpf/I2S/projects/blink-example/source/gpio.o
 .comment       0x00000000       0x7f C:/labo-de-micros-tpf/I2S/projects/blink-example/source/gpio.o
 .debug_frame   0x00000000       0xc8 C:/labo-de-micros-tpf/I2S/projects/blink-example/source/gpio.o
 .ARM.attributes
                0x00000000       0x39 C:/labo-de-micros-tpf/I2S/projects/blink-example/source/gpio.o

Memory Configuration

Name             Origin             Length             Attributes
PROGRAM_FLASH    0x00000000         0x00100000         xr
SRAM_UPPER       0x20000000         0x00030000         xrw
SRAM_LOWER       0x1fff0000         0x00010000         xrw
FLEX_RAM         0x14000000         0x00001000         xrw
*default*        0x00000000         0xffffffff

Linker script and memory map

LOAD ./source/App.o
LOAD ./source/DMA.o
LOAD ./source/i2s.o
LOAD ./source/i2s_regedit.o
LOAD ./SDK/startup/hardware.o
LOAD ./SDK/startup/main.o
LOAD ./SDK/startup/semihost_hardfault.o
LOAD ./SDK/startup/startup_mk64f12.o
LOAD ./SDK/CMSIS/system_MK64F12.o
LOAD C:/labo-de-micros-tpf/I2S/projects/blink-example/source/gpio.o
START GROUP
LOAD c:/nxp/mcuxpressoide_10.2.0_759/ide/tools/bin/../lib/gcc/arm-none-eabi/7.2.1/../../../../arm-none-eabi/lib/thumb/v7e-m/fpv4-sp/hard\libcr_c.a
LOAD c:/nxp/mcuxpressoide_10.2.0_759/ide/tools/bin/../lib/gcc/arm-none-eabi/7.2.1/thumb/v7e-m/fpv4-sp/hard\libcr_eabihelpers.a
END GROUP
                0x00000000                __base_PROGRAM_FLASH = 0x0
                0x00000000                __base_Flash = 0x0
                0x00100000                __top_PROGRAM_FLASH = 0x100000
                0x00100000                __top_Flash = 0x100000
                0x20000000                __base_SRAM_UPPER = 0x20000000
                0x20000000                __base_RAM = 0x20000000
                0x20030000                __top_SRAM_UPPER = 0x20030000
                0x20030000                __top_RAM = 0x20030000
                0x1fff0000                __base_SRAM_LOWER = 0x1fff0000
                0x1fff0000                __base_RAM2 = 0x1fff0000
                0x20000000                __top_SRAM_LOWER = 0x20000000
                0x20000000                __top_RAM2 = 0x20000000
                0x14000000                __base_FLEX_RAM = 0x14000000
                0x14000000                __base_RAM3 = 0x14000000
                0x14001000                __top_FLEX_RAM = 0x14001000
                0x14001000                __top_RAM3 = 0x14001000

.text           0x00000000     0x12d8
 FILL mask 0xff
                0x00000000                __vectors_start__ = ABSOLUTE (.)
 *(SORT_BY_ALIGNMENT(.isr_vector))
 .isr_vector    0x00000000      0x198 ./SDK/startup/startup_mk64f12.o
                0x00000000                g_pfnVectors
                0x00000000                __Vectors
                0x00000198                . = ALIGN (0x4)
                0x00000198                __section_table_start = .
                0x00000198                __data_section_table = .
                0x00000198        0x4 LONG 0x12d8 LOADADDR (.data)
                0x0000019c        0x4 LONG 0x20000000 ADDR (.data)
                0x000001a0        0x4 LONG 0x30 SIZEOF (.data)
                0x000001a4        0x4 LONG 0x12d8 LOADADDR (.data_RAM2)
                0x000001a8        0x4 LONG 0x1fff0000 ADDR (.data_RAM2)
                0x000001ac        0x4 LONG 0x0 SIZEOF (.data_RAM2)
                0x000001b0        0x4 LONG 0x12d8 LOADADDR (.data_RAM3)
                0x000001b4        0x4 LONG 0x14000000 ADDR (.data_RAM3)
                0x000001b8        0x4 LONG 0x0 SIZEOF (.data_RAM3)
                0x000001bc                __data_section_table_end = .
                0x000001bc                __bss_section_table = .
                0x000001bc        0x4 LONG 0x20000400 ADDR (.bss)
                0x000001c0        0x4 LONG 0xd0 SIZEOF (.bss)
                0x000001c4        0x4 LONG 0x1fff0000 ADDR (.bss_RAM2)
                0x000001c8        0x4 LONG 0x0 SIZEOF (.bss_RAM2)
                0x000001cc        0x4 LONG 0x14000000 ADDR (.bss_RAM3)
                0x000001d0        0x4 LONG 0x0 SIZEOF (.bss_RAM3)
                0x000001d4                __bss_section_table_end = .
                0x000001d4                __section_table_end = .
 *(SORT_BY_ALIGNMENT(.after_vectors*))
 .after_vectors.reset
                0x000001d4       0x4c ./SDK/startup/startup_mk64f12.o
                0x000001d4                ResetISR
 .after_vectors.init_data
                0x00000220       0x1e ./SDK/startup/startup_mk64f12.o
                0x00000220                data_init
 .after_vectors.init_bss
                0x0000023e       0x12 ./SDK/startup/startup_mk64f12.o
                0x0000023e                bss_init
 .after_vectors
                0x00000250       0x14 ./SDK/startup/startup_mk64f12.o
                0x00000250                NMI_Handler
                0x00000254                MemManage_Handler
                0x00000256                BusFault_Handler
                0x00000258                UsageFault_Handler
                0x0000025a                SVC_Handler
                0x0000025c                DebugMon_Handler
                0x0000025e                PendSV_Handler
                0x00000260                SysTick_Handler
                0x00000262                DMA_Error_DriverIRQHandler
                0x00000262                LPTMR0_DriverIRQHandler
                0x00000262                FTM1_DriverIRQHandler
                0x00000262                FTM2_DriverIRQHandler
                0x00000262                PIT2_DriverIRQHandler
                0x00000262                SDHC_DriverIRQHandler
                0x00000262                I2S0_Tx_DriverIRQHandler
                0x00000262                RTC_Seconds_DriverIRQHandler
                0x00000262                DMA6_DriverIRQHandler
                0x00000262                LLWU_DriverIRQHandler
                0x00000262                MCM_DriverIRQHandler
                0x00000262                MCG_DriverIRQHandler
                0x00000262                ENET_1588_Timer_DriverIRQHandler
                0x00000262                I2C2_DriverIRQHandler
                0x00000262                DAC1_DriverIRQHandler
                0x00000262                SPI1_DriverIRQHandler
                0x00000262                CMP1_DriverIRQHandler
                0x00000262                UART5_RX_TX_DriverIRQHandler
                0x00000262                FTM0_DriverIRQHandler
                0x00000262                IntDefaultHandler
                0x00000262                USB0_DriverIRQHandler
                0x00000262                UART5_ERR_DriverIRQHandler
                0x00000262                PORTC_DriverIRQHandler
                0x00000262                DMA11_DriverIRQHandler
                0x00000262                DAC0_DriverIRQHandler
                0x00000262                DMA10_DriverIRQHandler
                0x00000262                CMP2_DriverIRQHandler
                0x00000262                UART2_ERR_DriverIRQHandler
                0x00000262                SPI2_DriverIRQHandler
                0x00000262                LVD_LVW_DriverIRQHandler
                0x00000262                PIT0_DriverIRQHandler
                0x00000262                RNG_DriverIRQHandler
                0x00000262                DMA12_DriverIRQHandler
                0x00000262                DMA4_DriverIRQHandler
                0x00000262                UART2_RX_TX_DriverIRQHandler
                0x00000262                USBDCD_DriverIRQHandler
                0x00000262                UART3_ERR_DriverIRQHandler
                0x00000262                DMA3_DriverIRQHandler
                0x00000262                DMA8_DriverIRQHandler
                0x00000262                DMA9_DriverIRQHandler
                0x00000262                UART0_ERR_DriverIRQHandler
                0x00000262                CMT_DriverIRQHandler
                0x00000262                Reserved71_DriverIRQHandler
                0x00000262                ADC1_DriverIRQHandler
                0x00000262                PORTA_DriverIRQHandler
                0x00000262                DMA14_DriverIRQHandler
                0x00000262                PIT3_DriverIRQHandler
                0x00000262                PIT1_DriverIRQHandler
                0x00000262                WDOG_EWM_DriverIRQHandler
                0x00000262                PDB0_DriverIRQHandler
                0x00000262                RTC_DriverIRQHandler
                0x00000262                I2S0_Rx_DriverIRQHandler
                0x00000262                Read_Collision_DriverIRQHandler
                0x00000262                SWI_DriverIRQHandler
                0x00000262                UART4_RX_TX_DriverIRQHandler
                0x00000262                UART4_ERR_DriverIRQHandler
                0x00000262                PORTB_DriverIRQHandler
                0x00000262                UART0_LON_DriverIRQHandler
                0x00000262                DMA0_DriverIRQHandler
                0x00000262                DMA1_DriverIRQHandler
                0x00000262                I2C1_DriverIRQHandler
                0x00000262                UART3_RX_TX_DriverIRQHandler
                0x00000262                ENET_Receive_DriverIRQHandler
                0x00000262                DMA13_DriverIRQHandler
                0x00000262                ENET_Error_DriverIRQHandler
                0x00000262                DMA15_DriverIRQHandler
                0x00000262                UART0_RX_TX_DriverIRQHandler
                0x00000262                SPI0_DriverIRQHandler
                0x00000262                ADC0_DriverIRQHandler
                0x00000262                CMP0_DriverIRQHandler
                0x00000262                CAN0_DriverIRQHandler
                0x00000262                FTM3_DriverIRQHandler
                0x00000262                DMA5_DriverIRQHandler
                0x00000262                UART1_ERR_DriverIRQHandler
                0x00000262                DMA2_DriverIRQHandler
                0x00000262                ENET_Transmit_DriverIRQHandler
                0x00000262                PORTD_DriverIRQHandler
                0x00000262                PORTE_DriverIRQHandler
                0x00000262                FTFE_DriverIRQHandler
                0x00000262                I2C0_DriverIRQHandler
                0x00000262                DMA7_DriverIRQHandler
                0x00000262                UART1_RX_TX_DriverIRQHandler
                0x00000400                . = 0x400
 *fill*         0x00000264      0x19c ff
                0x00000400                PROVIDE (__FLASH_CONFIG_START__, .)
 *(SORT_BY_ALIGNMENT(.FlashConfig))
 .FlashConfig   0x00000400       0x10 ./SDK/startup/startup_mk64f12.o
                0x00000400                Flash_Config
                0x00000410                PROVIDE (__FLASH_CONFIG_END__, .)
                0x00000001                ASSERT (! ((__FLASH_CONFIG_START__ == __FLASH_CONFIG_END__)), Linker Flash Config Support Enabled, but no .FlashConfig section provided within application)
 *(SORT_BY_ALIGNMENT(.text*))
 .text.App_Init
                0x00000410       0x30 ./source/App.o
                0x00000410                App_Init
 .text.__NVIC_EnableIRQ
                0x00000440       0x3c ./source/DMA.o
 .text.__NVIC_ClearPendingIRQ
                0x0000047c       0x3c ./source/DMA.o
 .text.DMA0_Config
                0x000004b8       0x58 ./source/DMA.o
                0x000004b8                DMA0_Config
 .text.DMA0_ConfigClassic
                0x00000510      0x118 ./source/DMA.o
                0x00000510                DMA0_ConfigClassic
 .text.DMA0_EnableRequest
                0x00000628       0x50 ./source/DMA.o
                0x00000628                DMA0_EnableRequest
 .text.DMA0_IRQHandler
                0x00000678       0xb0 ./source/DMA.o
                0x00000678                DMA0_IRQHandler
 .text.__NVIC_EnableIRQ
                0x00000728       0x3c ./source/i2s.o
 .text.I2S0_Tx_IRQHandler
                0x00000764       0xf8 ./source/i2s.o
                0x00000764                I2S0_Tx_IRQHandler
 .text.i2s_set_pin
                0x0000085c       0xd8 ./source/i2s.o
                0x0000085c                i2s_set_pin
 .text.i2s_init
                0x00000934      0x1bc ./source/i2s.o
                0x00000934                i2s_init
 .text.tx_set_reg_0
                0x00000af0       0xcc ./source/i2s_regedit.o
                0x00000af0                tx_set_reg_0
 .text.tx_set_reg_1
                0x00000bbc       0x38 ./source/i2s_regedit.o
                0x00000bbc                tx_set_reg_1
 .text.tx_set_reg_2
                0x00000bf4       0x7c ./source/i2s_regedit.o
                0x00000bf4                tx_set_reg_2
 .text.tx_set_reg_3
                0x00000c70       0x40 ./source/i2s_regedit.o
                0x00000c70                tx_set_reg_3
 .text.tx_set_reg_4
                0x00000cb0       0x74 ./source/i2s_regedit.o
                0x00000cb0                tx_set_reg_4
 .text.tx_set_reg_5
                0x00000d24       0x54 ./source/i2s_regedit.o
                0x00000d24                tx_set_reg_5
 .text.hw_Init  0x00000d78      0x10c ./SDK/startup/hardware.o
                0x00000d78                hw_Init
 .text.hw_EnableInterrupts
                0x00000e84       0x30 ./SDK/startup/hardware.o
                0x00000e84                hw_EnableInterrupts
 .text.hw_DisableInterrupts
                0x00000eb4       0x20 ./SDK/startup/hardware.o
                0x00000eb4                hw_DisableInterrupts
 .text.SystemInit
                0x00000ed4       0x3c ./SDK/CMSIS/system_MK64F12.o
                0x00000ed4                SystemInit
 .text.process  0x00000f10        0xe ./source/App.o
                0x00000f10                process
 .text.App_Run  0x00000f1e        0xe ./source/App.o
                0x00000f1e                App_Run
 .text.isWordStartFlag
                0x00000f2c       0x24 ./source/i2s.o
                0x00000f2c                isWordStartFlag
 .text.isSyncErrorFlag
                0x00000f50       0x24 ./source/i2s.o
                0x00000f50                isSyncErrorFlag
 .text.isFIFOErrorFlag
                0x00000f74       0x24 ./source/i2s.o
                0x00000f74                isFIFOErrorFlag
 .text.isFIFOWarningFlag
                0x00000f98       0x24 ./source/i2s.o
                0x00000f98                isFIFOWarningFlag
 .text.isFIFORequestFlag
                0x00000fbc       0x24 ./source/i2s.o
                0x00000fbc                isFIFORequestFlag
 .text.main     0x00000fe0       0x1a ./SDK/startup/main.o
                0x00000fe0                main
 .text.HardFault_Handler
                0x00000ffa       0x2c ./SDK/startup/semihost_hardfault.o
                0x00000ffa                HardFault_Handler
 .text.DMA1_IRQHandler
                0x00001026        0x8 ./SDK/startup/startup_mk64f12.o
                0x00001026                DMA1_IRQHandler
 .text.DMA2_IRQHandler
                0x0000102e        0x8 ./SDK/startup/startup_mk64f12.o
                0x0000102e                DMA2_IRQHandler
 .text.DMA3_IRQHandler
                0x00001036        0x8 ./SDK/startup/startup_mk64f12.o
                0x00001036                DMA3_IRQHandler
 .text.DMA4_IRQHandler
                0x0000103e        0x8 ./SDK/startup/startup_mk64f12.o
                0x0000103e                DMA4_IRQHandler
 .text.DMA5_IRQHandler
                0x00001046        0x8 ./SDK/startup/startup_mk64f12.o
                0x00001046                DMA5_IRQHandler
 .text.DMA6_IRQHandler
                0x0000104e        0x8 ./SDK/startup/startup_mk64f12.o
                0x0000104e                DMA6_IRQHandler
 .text.DMA7_IRQHandler
                0x00001056        0x8 ./SDK/startup/startup_mk64f12.o
                0x00001056                DMA7_IRQHandler
 .text.DMA8_IRQHandler
                0x0000105e        0x8 ./SDK/startup/startup_mk64f12.o
                0x0000105e                DMA8_IRQHandler
 .text.DMA9_IRQHandler
                0x00001066        0x8 ./SDK/startup/startup_mk64f12.o
                0x00001066                DMA9_IRQHandler
 .text.DMA10_IRQHandler
                0x0000106e        0x8 ./SDK/startup/startup_mk64f12.o
                0x0000106e                DMA10_IRQHandler
 .text.DMA11_IRQHandler
                0x00001076        0x8 ./SDK/startup/startup_mk64f12.o
                0x00001076                DMA11_IRQHandler
 .text.DMA12_IRQHandler
                0x0000107e        0x8 ./SDK/startup/startup_mk64f12.o
                0x0000107e                DMA12_IRQHandler
 .text.DMA13_IRQHandler
                0x00001086        0x8 ./SDK/startup/startup_mk64f12.o
                0x00001086                DMA13_IRQHandler
 .text.DMA14_IRQHandler
                0x0000108e        0x8 ./SDK/startup/startup_mk64f12.o
                0x0000108e                DMA14_IRQHandler
 .text.DMA15_IRQHandler
                0x00001096        0x8 ./SDK/startup/startup_mk64f12.o
                0x00001096                DMA15_IRQHandler
 .text.DMA_Error_IRQHandler
                0x0000109e        0x8 ./SDK/startup/startup_mk64f12.o
                0x0000109e                DMA_Error_IRQHandler
 .text.MCM_IRQHandler
                0x000010a6        0x8 ./SDK/startup/startup_mk64f12.o
                0x000010a6                MCM_IRQHandler
 .text.FTFE_IRQHandler
                0x000010ae        0x8 ./SDK/startup/startup_mk64f12.o
                0x000010ae                FTFE_IRQHandler
 .text.Read_Collision_IRQHandler
                0x000010b6        0x8 ./SDK/startup/startup_mk64f12.o
                0x000010b6                Read_Collision_IRQHandler
 .text.LVD_LVW_IRQHandler
                0x000010be        0x8 ./SDK/startup/startup_mk64f12.o
                0x000010be                LVD_LVW_IRQHandler
 .text.LLWU_IRQHandler
                0x000010c6        0x8 ./SDK/startup/startup_mk64f12.o
                0x000010c6                LLWU_IRQHandler
 .text.WDOG_EWM_IRQHandler
                0x000010ce        0x8 ./SDK/startup/startup_mk64f12.o
                0x000010ce                WDOG_EWM_IRQHandler
 .text.RNG_IRQHandler
                0x000010d6        0x8 ./SDK/startup/startup_mk64f12.o
                0x000010d6                RNG_IRQHandler
 .text.I2C0_IRQHandler
                0x000010de        0x8 ./SDK/startup/startup_mk64f12.o
                0x000010de                I2C0_IRQHandler
 .text.I2C1_IRQHandler
                0x000010e6        0x8 ./SDK/startup/startup_mk64f12.o
                0x000010e6                I2C1_IRQHandler
 .text.SPI0_IRQHandler
                0x000010ee        0x8 ./SDK/startup/startup_mk64f12.o
                0x000010ee                SPI0_IRQHandler
 .text.SPI1_IRQHandler
                0x000010f6        0x8 ./SDK/startup/startup_mk64f12.o
                0x000010f6                SPI1_IRQHandler
 .text.I2S0_Rx_IRQHandler
                0x000010fe        0x8 ./SDK/startup/startup_mk64f12.o
                0x000010fe                I2S0_Rx_IRQHandler
 .text.UART0_LON_IRQHandler
                0x00001106        0x8 ./SDK/startup/startup_mk64f12.o
                0x00001106                UART0_LON_IRQHandler
 .text.UART0_RX_TX_IRQHandler
                0x0000110e        0x8 ./SDK/startup/startup_mk64f12.o
                0x0000110e                UART0_RX_TX_IRQHandler
 .text.UART0_ERR_IRQHandler
                0x00001116        0x8 ./SDK/startup/startup_mk64f12.o
                0x00001116                UART0_ERR_IRQHandler
 .text.UART1_RX_TX_IRQHandler
                0x0000111e        0x8 ./SDK/startup/startup_mk64f12.o
                0x0000111e                UART1_RX_TX_IRQHandler
 .text.UART1_ERR_IRQHandler
                0x00001126        0x8 ./SDK/startup/startup_mk64f12.o
                0x00001126                UART1_ERR_IRQHandler
 .text.UART2_RX_TX_IRQHandler
                0x0000112e        0x8 ./SDK/startup/startup_mk64f12.o
                0x0000112e                UART2_RX_TX_IRQHandler
 .text.UART2_ERR_IRQHandler
                0x00001136        0x8 ./SDK/startup/startup_mk64f12.o
                0x00001136                UART2_ERR_IRQHandler
 .text.UART3_RX_TX_IRQHandler
                0x0000113e        0x8 ./SDK/startup/startup_mk64f12.o
                0x0000113e                UART3_RX_TX_IRQHandler
 .text.UART3_ERR_IRQHandler
                0x00001146        0x8 ./SDK/startup/startup_mk64f12.o
                0x00001146                UART3_ERR_IRQHandler
 .text.ADC0_IRQHandler
                0x0000114e        0x8 ./SDK/startup/startup_mk64f12.o
                0x0000114e                ADC0_IRQHandler
 .text.CMP0_IRQHandler
                0x00001156        0x8 ./SDK/startup/startup_mk64f12.o
                0x00001156                CMP0_IRQHandler
 .text.CMP1_IRQHandler
                0x0000115e        0x8 ./SDK/startup/startup_mk64f12.o
                0x0000115e                CMP1_IRQHandler
 .text.FTM0_IRQHandler
                0x00001166        0x8 ./SDK/startup/startup_mk64f12.o
                0x00001166                FTM0_IRQHandler
 .text.FTM1_IRQHandler
                0x0000116e        0x8 ./SDK/startup/startup_mk64f12.o
                0x0000116e                FTM1_IRQHandler
 .text.FTM2_IRQHandler
                0x00001176        0x8 ./SDK/startup/startup_mk64f12.o
                0x00001176                FTM2_IRQHandler
 .text.CMT_IRQHandler
                0x0000117e        0x8 ./SDK/startup/startup_mk64f12.o
                0x0000117e                CMT_IRQHandler
 .text.RTC_IRQHandler
                0x00001186        0x8 ./SDK/startup/startup_mk64f12.o
                0x00001186                RTC_IRQHandler
 .text.RTC_Seconds_IRQHandler
                0x0000118e        0x8 ./SDK/startup/startup_mk64f12.o
                0x0000118e                RTC_Seconds_IRQHandler
 .text.PIT0_IRQHandler
                0x00001196        0x8 ./SDK/startup/startup_mk64f12.o
                0x00001196                PIT0_IRQHandler
 .text.PIT1_IRQHandler
                0x0000119e        0x8 ./SDK/startup/startup_mk64f12.o
                0x0000119e                PIT1_IRQHandler
 .text.PIT2_IRQHandler
                0x000011a6        0x8 ./SDK/startup/startup_mk64f12.o
                0x000011a6                PIT2_IRQHandler
 .text.PIT3_IRQHandler
                0x000011ae        0x8 ./SDK/startup/startup_mk64f12.o
                0x000011ae                PIT3_IRQHandler
 .text.PDB0_IRQHandler
                0x000011b6        0x8 ./SDK/startup/startup_mk64f12.o
                0x000011b6                PDB0_IRQHandler
 .text.USB0_IRQHandler
                0x000011be        0x8 ./SDK/startup/startup_mk64f12.o
                0x000011be                USB0_IRQHandler
 .text.USBDCD_IRQHandler
                0x000011c6        0x8 ./SDK/startup/startup_mk64f12.o
                0x000011c6                USBDCD_IRQHandler
 .text.Reserved71_IRQHandler
                0x000011ce        0x8 ./SDK/startup/startup_mk64f12.o
                0x000011ce                Reserved71_IRQHandler
 .text.DAC0_IRQHandler
                0x000011d6        0x8 ./SDK/startup/startup_mk64f12.o
                0x000011d6                DAC0_IRQHandler
 .text.MCG_IRQHandler
                0x000011de        0x8 ./SDK/startup/startup_mk64f12.o
                0x000011de                MCG_IRQHandler
 .text.LPTMR0_IRQHandler
                0x000011e6        0x8 ./SDK/startup/startup_mk64f12.o
                0x000011e6                LPTMR0_IRQHandler
 .text.PORTA_IRQHandler
                0x000011ee        0x8 ./SDK/startup/startup_mk64f12.o
                0x000011ee                PORTA_IRQHandler
 .text.PORTB_IRQHandler
                0x000011f6        0x8 ./SDK/startup/startup_mk64f12.o
                0x000011f6                PORTB_IRQHandler
 .text.PORTC_IRQHandler
                0x000011fe        0x8 ./SDK/startup/startup_mk64f12.o
                0x000011fe                PORTC_IRQHandler
 .text.PORTD_IRQHandler
                0x00001206        0x8 ./SDK/startup/startup_mk64f12.o
                0x00001206                PORTD_IRQHandler
 .text.PORTE_IRQHandler
                0x0000120e        0x8 ./SDK/startup/startup_mk64f12.o
                0x0000120e                PORTE_IRQHandler
 .text.SWI_IRQHandler
                0x00001216        0x8 ./SDK/startup/startup_mk64f12.o
                0x00001216                SWI_IRQHandler
 .text.SPI2_IRQHandler
                0x0000121e        0x8 ./SDK/startup/startup_mk64f12.o
                0x0000121e                SPI2_IRQHandler
 .text.UART4_RX_TX_IRQHandler
                0x00001226        0x8 ./SDK/startup/startup_mk64f12.o
                0x00001226                UART4_RX_TX_IRQHandler
 .text.UART4_ERR_IRQHandler
                0x0000122e        0x8 ./SDK/startup/startup_mk64f12.o
                0x0000122e                UART4_ERR_IRQHandler
 .text.UART5_RX_TX_IRQHandler
                0x00001236        0x8 ./SDK/startup/startup_mk64f12.o
                0x00001236                UART5_RX_TX_IRQHandler
 .text.UART5_ERR_IRQHandler
                0x0000123e        0x8 ./SDK/startup/startup_mk64f12.o
                0x0000123e                UART5_ERR_IRQHandler
 .text.CMP2_IRQHandler
                0x00001246        0x8 ./SDK/startup/startup_mk64f12.o
                0x00001246                CMP2_IRQHandler
 .text.FTM3_IRQHandler
                0x0000124e        0x8 ./SDK/startup/startup_mk64f12.o
                0x0000124e                FTM3_IRQHandler
 .text.DAC1_IRQHandler
                0x00001256        0x8 ./SDK/startup/startup_mk64f12.o
                0x00001256                DAC1_IRQHandler
 .text.ADC1_IRQHandler
                0x0000125e        0x8 ./SDK/startup/startup_mk64f12.o
                0x0000125e                ADC1_IRQHandler
 .text.I2C2_IRQHandler
                0x00001266        0x8 ./SDK/startup/startup_mk64f12.o
                0x00001266                I2C2_IRQHandler
 .text.CAN0_ORed_Message_buffer_IRQHandler
                0x0000126e        0x8 ./SDK/startup/startup_mk64f12.o
                0x0000126e                CAN0_ORed_Message_buffer_IRQHandler
 .text.CAN0_Bus_Off_IRQHandler
                0x00001276        0x8 ./SDK/startup/startup_mk64f12.o
                0x00001276                CAN0_Bus_Off_IRQHandler
 .text.CAN0_Error_IRQHandler
                0x0000127e        0x8 ./SDK/startup/startup_mk64f12.o
                0x0000127e                CAN0_Error_IRQHandler
 .text.CAN0_Tx_Warning_IRQHandler
                0x00001286        0x8 ./SDK/startup/startup_mk64f12.o
                0x00001286                CAN0_Tx_Warning_IRQHandler
 .text.CAN0_Rx_Warning_IRQHandler
                0x0000128e        0x8 ./SDK/startup/startup_mk64f12.o
                0x0000128e                CAN0_Rx_Warning_IRQHandler
 .text.CAN0_Wake_Up_IRQHandler
                0x00001296        0x8 ./SDK/startup/startup_mk64f12.o
                0x00001296                CAN0_Wake_Up_IRQHandler
 .text.SDHC_IRQHandler
                0x0000129e        0x8 ./SDK/startup/startup_mk64f12.o
                0x0000129e                SDHC_IRQHandler
 .text.ENET_1588_Timer_IRQHandler
                0x000012a6        0x8 ./SDK/startup/startup_mk64f12.o
                0x000012a6                ENET_1588_Timer_IRQHandler
 .text.ENET_Transmit_IRQHandler
                0x000012ae        0x8 ./SDK/startup/startup_mk64f12.o
                0x000012ae                ENET_Transmit_IRQHandler
 .text.ENET_Receive_IRQHandler
                0x000012b6        0x8 ./SDK/startup/startup_mk64f12.o
                0x000012b6                ENET_Receive_IRQHandler
 .text.ENET_Error_IRQHandler
                0x000012be        0x8 ./SDK/startup/startup_mk64f12.o
                0x000012be                ENET_Error_IRQHandler
 .text.SystemInitHook
                0x000012c6        0xe ./SDK/CMSIS/system_MK64F12.o
                0x000012c6                SystemInitHook
 *(SORT_BY_ALIGNMENT(.rodata) SORT_BY_ALIGNMENT(.rodata.*) SORT_BY_ALIGNMENT(.constdata) SORT_BY_ALIGNMENT(.constdata.*))
                0x000012d8                . = ALIGN (0x8)
 *fill*         0x000012d4        0x4 ff

.glue_7         0x000012d8        0x0
 .glue_7        0x000012d8        0x0 linker stubs

.glue_7t        0x000012d8        0x0
 .glue_7t       0x000012d8        0x0 linker stubs

.vfp11_veneer   0x000012d8        0x0
 .vfp11_veneer  0x000012d8        0x0 linker stubs

.v4_bx          0x000012d8        0x0
 .v4_bx         0x000012d8        0x0 linker stubs

.iplt           0x000012d8        0x0
 .iplt          0x000012d8        0x0 ./source/App.o

.rel.dyn        0x000012d8        0x0
 .rel.iplt      0x000012d8        0x0 ./source/App.o

.ARM.extab
 *(SORT_BY_ALIGNMENT(.ARM.extab*) SORT_BY_ALIGNMENT(.gnu.linkonce.armextab.*))
                0x000012d8                __exidx_start = .

.ARM.exidx
 *(SORT_BY_ALIGNMENT(.ARM.exidx*) SORT_BY_ALIGNMENT(.gnu.linkonce.armexidx.*))
                0x000012d8                __exidx_end = .
                0x000012d8                _etext = .

.m_usb_data
 *(SORT_BY_ALIGNMENT(m_usb_bdt))

.data_RAM2      0x1fff0000        0x0 load address 0x000012d8
 FILL mask 0xff
                [!provide]                PROVIDE (__start_data_RAM2, .)
 *(SORT_BY_ALIGNMENT(.ramfunc.$RAM2))
 *(SORT_BY_ALIGNMENT(.ramfunc.$SRAM_LOWER))
 *(SORT_BY_ALIGNMENT(.data.$RAM2*))
 *(SORT_BY_ALIGNMENT(.data.$SRAM_LOWER*))
                0x1fff0000                . = ALIGN (0x8)
                [!provide]                PROVIDE (__end_data_RAM2, .)

.data_RAM3      0x14000000        0x0 load address 0x000012d8
 FILL mask 0xff
                [!provide]                PROVIDE (__start_data_RAM3, .)
 *(SORT_BY_ALIGNMENT(.ramfunc.$RAM3))
 *(SORT_BY_ALIGNMENT(.ramfunc.$FLEX_RAM))
 *(SORT_BY_ALIGNMENT(.data.$RAM3*))
 *(SORT_BY_ALIGNMENT(.data.$FLEX_RAM*))
                0x14000000                . = ALIGN (0x8)
                [!provide]                PROVIDE (__end_data_RAM3, .)

.uninit_RESERVED
                0x20000000        0x0
 *(SORT_BY_ALIGNMENT(.bss.$RESERVED*))
                0x20000000                . = ALIGN (0x4)
                0x20000000                _end_uninit_RESERVED = .

.data           0x20000000       0x30 load address 0x000012d8
 FILL mask 0xff
                0x20000000                _data = .
 *(SORT_BY_ALIGNMENT(vtable))
 *(SORT_BY_ALIGNMENT(.ramfunc*))
 *(SORT_BY_ALIGNMENT(.data*))
 .data.data     0x20000000       0x10 ./source/App.o
 .data.i2s_ptr  0x20000010        0x4 ./source/i2s.o
 .data.sim_ptr  0x20000014        0x4 ./source/i2s.o
 .data.portPointers
                0x20000018       0x14 ./source/i2s.o
 .data.i2s_ptr  0x2000002c        0x4 ./source/i2s_regedit.o
                0x20000030                . = ALIGN (0x8)
                0x20000030                _edata = .

.igot.plt       0x20000030        0x0 load address 0x00001308
 .igot.plt      0x20000030        0x0 ./source/App.o

.bss_RAM2       0x1fff0000        0x0
                [!provide]                PROVIDE (__start_bss_RAM2, .)
 *(SORT_BY_ALIGNMENT(.bss.$RAM2*))
 *(SORT_BY_ALIGNMENT(.bss.$SRAM_LOWER*))
                0x1fff0000                . = ALIGN ((. != 0x0)?0x8:0x1)
                [!provide]                PROVIDE (__end_bss_RAM2, .)

.bss_RAM3       0x14000000        0x0
                [!provide]                PROVIDE (__start_bss_RAM3, .)
 *(SORT_BY_ALIGNMENT(.bss.$RAM3*))
 *(SORT_BY_ALIGNMENT(.bss.$FLEX_RAM*))
                0x14000000                . = ALIGN ((. != 0x0)?0x8:0x1)
                [!provide]                PROVIDE (__end_bss_RAM3, .)

.bss            0x20000400       0xd0
                0x20000400                _bss = .
 *(SORT_BY_ALIGNMENT(.bss*))
 .bss.dst       0x20000400       0xc8 ./source/App.o
                0x20000400                dst
 .bss.processData
                0x200004c8        0x4 ./source/DMA.o
                0x200004c8                processData
 .bss.__LDM_interruptDisableCount
                0x200004cc        0x4 ./SDK/startup/hardware.o
 *(SORT_BY_ALIGNMENT(COMMON))
                0x200004d0                . = ALIGN (0x8)
                0x200004d0                _ebss = .
                [!provide]                PROVIDE (end, .)

.noinit_RAM2    0x1fff0000        0x0
 *(SORT_BY_ALIGNMENT(.noinit.$RAM2*))
 *(SORT_BY_ALIGNMENT(.noinit.$SRAM_LOWER*))
                0x1fff0000                . = ALIGN (0x8)

.noinit_RAM3    0x14000000        0x0
 *(SORT_BY_ALIGNMENT(.noinit.$RAM3*))
 *(SORT_BY_ALIGNMENT(.noinit.$FLEX_RAM*))
                0x14000000                . = ALIGN (0x8)

.noinit         0x200004d0        0x0
                0x200004d0                _noinit = .
 *(SORT_BY_ALIGNMENT(.noinit*))
                0x200004d0                . = ALIGN (0x8)
                0x200004d0                _end_noinit = .
                0x00001000                _HeapSize = 0x1000

.heap           0x200004d0     0x1000
                0x200004d0                _pvHeapStart = .
                0x200014d0                . = (. + _HeapSize)
 *fill*         0x200004d0     0x1000 
                0x200014d0                . = ALIGN (0x8)
                0x200014d0                _pvHeapLimit = .
                0x00001000                _StackSize = 0x1000

.heap2stackfill
                0x200014d0     0x1000
                0x200024d0                . = (. + _StackSize)
 *fill*         0x200014d0     0x1000 

.stack          0x2002f000        0x0
                0x2002f000                _vStackBase = .
                0x2002f000                . = ALIGN (0x8)
                0x20030000                _vStackTop = (. + _StackSize)
                0x00000000                _image_start = LOADADDR (.text)
                0x00001308                _image_end = (LOADADDR (.data) + SIZEOF (.data))
                0x00001308                _image_size = (_image_end - _image_start)
OUTPUT(Blink.axf elf32-littlearm)

.debug_info     0x00000000     0x3a6e
 .debug_info    0x00000000      0x120 ./source/App.o
 .debug_info    0x00000120      0xb2a ./source/DMA.o
 .debug_info    0x00000c4a     0x1212 ./source/i2s.o
 .debug_info    0x00001e5c      0x5ff ./source/i2s_regedit.o
 .debug_info    0x0000245b      0x675 ./SDK/startup/hardware.o
 .debug_info    0x00002ad0       0xb7 ./SDK/startup/main.o
 .debug_info    0x00002b87       0x3b ./SDK/startup/semihost_hardfault.o
 .debug_info    0x00002bc2      0x8b0 ./SDK/startup/startup_mk64f12.o
 .debug_info    0x00003472      0x5fc ./SDK/CMSIS/system_MK64F12.o

.debug_abbrev   0x00000000      0xad1
 .debug_abbrev  0x00000000       0xc8 ./source/App.o
 .debug_abbrev  0x000000c8      0x230 ./source/DMA.o
 .debug_abbrev  0x000002f8      0x23a ./source/i2s.o
 .debug_abbrev  0x00000532      0x120 ./source/i2s_regedit.o
 .debug_abbrev  0x00000652      0x138 ./SDK/startup/hardware.o
 .debug_abbrev  0x0000078a       0x7d ./SDK/startup/main.o
 .debug_abbrev  0x00000807       0x2f ./SDK/startup/semihost_hardfault.o
 .debug_abbrev  0x00000836      0x15c ./SDK/startup/startup_mk64f12.o
 .debug_abbrev  0x00000992      0x13f ./SDK/CMSIS/system_MK64F12.o

.debug_aranges  0x00000000      0x520
 .debug_aranges
                0x00000000       0x30 ./source/App.o
 .debug_aranges
                0x00000030       0x60 ./source/DMA.o
 .debug_aranges
                0x00000090       0x78 ./source/i2s.o
 .debug_aranges
                0x00000108       0x48 ./source/i2s_regedit.o
 .debug_aranges
                0x00000150       0x30 ./SDK/startup/hardware.o
 .debug_aranges
                0x00000180       0x20 ./SDK/startup/main.o
 .debug_aranges
                0x000001a0       0x20 ./SDK/startup/semihost_hardfault.o
 .debug_aranges
                0x000001c0      0x330 ./SDK/startup/startup_mk64f12.o
 .debug_aranges
                0x000004f0       0x30 ./SDK/CMSIS/system_MK64F12.o

.debug_ranges   0x00000000      0x490
 .debug_ranges  0x00000000       0x20 ./source/App.o
 .debug_ranges  0x00000020       0x50 ./source/DMA.o
 .debug_ranges  0x00000070       0x68 ./source/i2s.o
 .debug_ranges  0x000000d8       0x38 ./source/i2s_regedit.o
 .debug_ranges  0x00000110       0x20 ./SDK/startup/hardware.o
 .debug_ranges  0x00000130       0x10 ./SDK/startup/main.o
 .debug_ranges  0x00000140       0x10 ./SDK/startup/semihost_hardfault.o
 .debug_ranges  0x00000150      0x320 ./SDK/startup/startup_mk64f12.o
 .debug_ranges  0x00000470       0x20 ./SDK/CMSIS/system_MK64F12.o

.debug_macro    0x00000000    0x11705
 .debug_macro   0x00000000       0xdc ./source/App.o
 .debug_macro   0x000000dc      0xa5a ./source/App.o
 .debug_macro   0x00000b36      0x34e ./source/App.o
 .debug_macro   0x00000e84       0x22 ./source/App.o
 .debug_macro   0x00000ea6       0x3a ./source/App.o
 .debug_macro   0x00000ee0       0x34 ./source/App.o
 .debug_macro   0x00000f14       0x5c ./source/App.o
 .debug_macro   0x00000f70       0x1c ./source/App.o
 .debug_macro   0x00000f8c       0x22 ./source/App.o
 .debug_macro   0x00000fae       0xdf ./source/App.o
 .debug_macro   0x0000108d      0xecf ./source/App.o
 .debug_macro   0x00001f5c       0x48 ./source/App.o
 .debug_macro   0x00001fa4     0xe07b ./source/App.o
 .debug_macro   0x0001001f       0x10 ./source/App.o
 .debug_macro   0x0001002f     0x122b ./source/App.o
 .debug_macro   0x0001125a       0x16 ./source/App.o
 .debug_macro   0x00011270       0xb8 ./source/DMA.o
 .debug_macro   0x00011328       0x40 ./source/DMA.o
 .debug_macro   0x00011368       0x3a ./source/DMA.o
 .debug_macro   0x000113a2       0xd2 ./source/i2s.o
 .debug_macro   0x00011474       0x9f ./source/i2s_regedit.o
 .debug_macro   0x00011513       0x9c ./SDK/startup/hardware.o
 .debug_macro   0x000115af       0x9c ./SDK/startup/main.o
 .debug_macro   0x0001164b       0x11 ./SDK/startup/semihost_hardfault.o
 .debug_macro   0x0001165c       0x29 ./SDK/startup/startup_mk64f12.o
 .debug_macro   0x00011685       0x80 ./SDK/CMSIS/system_MK64F12.o

.debug_line     0x00000000     0x1555
 .debug_line    0x00000000      0x1d5 ./source/App.o
 .debug_line    0x000001d5      0x276 ./source/DMA.o
 .debug_line    0x0000044b      0x2d8 ./source/i2s.o
 .debug_line    0x00000723      0x1f1 ./source/i2s_regedit.o
 .debug_line    0x00000914      0x1d4 ./SDK/startup/hardware.o
 .debug_line    0x00000ae8      0x175 ./SDK/startup/main.o
 .debug_line    0x00000c5d       0x59 ./SDK/startup/semihost_hardfault.o
 .debug_line    0x00000cb6      0x6d8 ./SDK/startup/startup_mk64f12.o
 .debug_line    0x0000138e      0x1c7 ./SDK/CMSIS/system_MK64F12.o

.debug_str      0x00000000    0x78a0a
 .debug_str     0x00000000    0x77010 ./source/App.o
                              0x77193 (size before relaxing)
 .debug_str     0x00077010      0x892 ./source/DMA.o
                              0x77a33 (size before relaxing)
 .debug_str     0x000778a2      0x693 ./source/i2s.o
                              0x77f93 (size before relaxing)
 .debug_str     0x00077f35       0x9c ./source/i2s_regedit.o
                              0x70ab7 (size before relaxing)
 .debug_str     0x00077fd1      0x16f ./SDK/startup/hardware.o
                              0x771e7 (size before relaxing)
 .debug_str     0x00078140       0x1b ./SDK/startup/main.o
                              0x76fbb (size before relaxing)
 .debug_str     0x0007815b       0x36 ./SDK/startup/semihost_hardfault.o
                               0x2d21 (size before relaxing)
 .debug_str     0x00078191      0x817 ./SDK/startup/startup_mk64f12.o
                               0x358f (size before relaxing)
 .debug_str     0x000789a8       0x62 ./SDK/CMSIS/system_MK64F12.o
                              0x770f6 (size before relaxing)

.comment        0x00000000       0x7e
 .comment       0x00000000       0x7e ./source/App.o
                                 0x7f (size before relaxing)
 .comment       0x0000007e       0x7f ./source/DMA.o
 .comment       0x0000007e       0x7f ./source/i2s.o
 .comment       0x0000007e       0x7f ./source/i2s_regedit.o
 .comment       0x0000007e       0x7f ./SDK/startup/hardware.o
 .comment       0x0000007e       0x7f ./SDK/startup/main.o
 .comment       0x0000007e       0x7f ./SDK/startup/semihost_hardfault.o
 .comment       0x0000007e       0x7f ./SDK/startup/startup_mk64f12.o
 .comment       0x0000007e       0x7f ./SDK/CMSIS/system_MK64F12.o

.ARM.attributes
                0x00000000       0x39
 .ARM.attributes
                0x00000000       0x39 ./source/App.o
 .ARM.attributes
                0x00000039       0x39 ./source/DMA.o
 .ARM.attributes
                0x00000072       0x39 ./source/i2s.o
 .ARM.attributes
                0x000000ab       0x39 ./source/i2s_regedit.o
 .ARM.attributes
                0x000000e4       0x39 ./SDK/startup/hardware.o
 .ARM.attributes
                0x0000011d       0x39 ./SDK/startup/main.o
 .ARM.attributes
                0x00000156       0x39 ./SDK/startup/semihost_hardfault.o
 .ARM.attributes
                0x0000018f       0x39 ./SDK/startup/startup_mk64f12.o
 .ARM.attributes
                0x000001c8       0x39 ./SDK/CMSIS/system_MK64F12.o

.debug_frame    0x00000000      0xee8
 .debug_frame   0x00000000       0x6c ./source/App.o
 .debug_frame   0x0000006c      0x160 ./source/DMA.o
 .debug_frame   0x000001cc      0x1e8 ./source/i2s.o
 .debug_frame   0x000003b4      0x100 ./source/i2s_regedit.o
 .debug_frame   0x000004b4       0x70 ./SDK/startup/hardware.o
 .debug_frame   0x00000524       0x2c ./SDK/startup/main.o
 .debug_frame   0x00000550       0x20 ./SDK/startup/semihost_hardfault.o
 .debug_frame   0x00000570      0x904 ./SDK/startup/startup_mk64f12.o
 .debug_frame   0x00000e74       0x74 ./SDK/CMSIS/system_MK64F12.o
